V "4.8.15.0"
R
U 0
U 0
U 0
U 0
C 383
R
U 0
U 0
U 0
U 0
C 383
R
C 384
M "SimpleExample"
R
P 0000000000000000
C 7
= 000001FBE42ACE88
R
P 000001FBE42ACE88
U 2
C 370
R
P 000001FBE42ACE88
C 380
R
P 000001FBE42ACE88
C 8
R
C 3
= 000001FBE4257278
R
P 000001FBE4257278
S "model"
S "true"
C 5
R
P 000001FBE4257278
C 7
= 000001FBE42ACE88
R
P 000001FBE4257278
C 4
R
P 000001FBE42ACE88
U 2
C 370
R
P 000001FBE42ACE88
C 380
R
P 000001FBE42ACE88
C 592
= 000001FBE424EAF8
R
P 000001FBE42ACE88
C 380
R
P 000001FBE42ACE88
P 000001FBE424EAF8
C 593
R
P 000001FBE42ACE88
C 380
R
P 000001FBE42ACE88
C 33
= 000001FBE42A9078
R
P 000001FBE42ACE88
C 380
R
P 000001FBE42ACE88
P 000001FBE42A9078
C 293
R
P 000001FBE42ACE88
C 380
R
P 000001FBE42ACE88
P 000001FBE42A9078
C 9
R
P 000001FBE42ACE88
C 380
R
P 000001FBE42ACE88
S "x"
C 30
R
P 000001FBE42ACE88
C 380
R
P 000001FBE42ACE88
$ |x|
C 237
R
P 000001FBE42ACE88
C 380
R
P 000001FBE42ACE88
$ |x|
P 000001FBE42A9078
C 51
= 000001FBE42A9918
R
P 000001FBE42ACE88
C 380
R
P 000001FBE42ACE88
P 000001FBE42A9918
C 293
R
P 000001FBE42ACE88
C 380
R
P 000001FBE42ACE88
P 000001FBE42A9918
C 290
= 000001FBE42A9078
R
P 000001FBE42ACE88
C 380
R
P 000001FBE42ACE88
P 000001FBE42A9078
C 244
R
P 000001FBE42ACE88
C 380
R
P 000001FBE42ACE88
P 000001FBE42A9918
C 296
R
P 000001FBE42ACE88
C 380
R
P 000001FBE42ACE88
P 000001FBE42A9918
C 295
R
P 000001FBE42ACE88
C 380
R
P 000001FBE42ACE88
P 000001FBE42A9918
C 294
R
P 000001FBE42ACE88
C 380
R
P 000001FBE42ACE88
P 000001FBE42A9918
C 9
R
P 000001FBE42ACE88
C 380
R
P 000001FBE42ACE88
S "y"
C 30
R
P 000001FBE42ACE88
C 380
R
P 000001FBE42ACE88
$ |y|
C 237
R
P 000001FBE42ACE88
C 380
R
P 000001FBE42ACE88
$ |y|
P 000001FBE42A9078
C 51
= 000001FBE42A9938
R
P 000001FBE42ACE88
C 380
R
P 000001FBE42ACE88
P 000001FBE42A9938
C 293
R
P 000001FBE42ACE88
C 380
R
P 000001FBE42ACE88
P 000001FBE42A9938
C 290
= 000001FBE42A9078
R
P 000001FBE42ACE88
C 380
R
P 000001FBE42ACE88
P 000001FBE42A9078
C 244
R
P 000001FBE42ACE88
C 380
R
P 000001FBE42ACE88
P 000001FBE42A9938
C 296
R
P 000001FBE42ACE88
C 380
R
P 000001FBE42ACE88
P 000001FBE42A9938
C 295
R
P 000001FBE42ACE88
C 380
R
P 000001FBE42ACE88
P 000001FBE42A9938
C 294
R
P 000001FBE42ACE88
C 380
R
P 000001FBE42ACE88
P 000001FBE42A9938
C 9
R
P 000001FBE42ACE88
C 380
R
P 000001FBE42ACE88
U 2
P 000001FBE42A9918
P 000001FBE42A9938
p 2
C 67
= 000001FBE42A5468
R
P 000001FBE42ACE88
C 380
R
P 000001FBE42ACE88
P 000001FBE42A5468
C 293
R
P 000001FBE42ACE88
C 380
R
P 000001FBE42ACE88
P 000001FBE42A5468
C 290
= 000001FBE42A9078
R
P 000001FBE42ACE88
C 380
R
P 000001FBE42ACE88
P 000001FBE42A9078
C 244
R
P 000001FBE42ACE88
C 380
R
P 000001FBE42ACE88
P 000001FBE42A5468
C 296
R
P 000001FBE42ACE88
C 380
R
P 000001FBE42ACE88
P 000001FBE42A5468
C 295
R
P 000001FBE42ACE88
C 380
R
P 000001FBE42ACE88
P 000001FBE42A5468
C 294
R
P 000001FBE42ACE88
C 380
R
P 000001FBE42ACE88
P 000001FBE42A5468
C 9
R
P 000001FBE42ACE88
C 380
R
P 000001FBE42ACE88
I 10
P 000001FBE42A9078
C 154
= 000001FBE42A9958
R
P 000001FBE42ACE88
C 380
R
P 000001FBE42ACE88
P 000001FBE42A9958
C 294
R
P 000001FBE42ACE88
C 380
R
P 000001FBE42ACE88
P 000001FBE42A9958
C 9
R
P 000001FBE42ACE88
C 380
R
P 000001FBE42ACE88
P 000001FBE42A5468
P 000001FBE42A9958
C 58
= 000001FBE42A54A0
R
P 000001FBE42ACE88
C 380
R
P 000001FBE42ACE88
P 000001FBE42A54A0
C 294
R
P 000001FBE42ACE88
C 380
R
P 000001FBE42ACE88
P 000001FBE42A54A0
C 9
R
P 000001FBE42ACE88
C 380
R
P 000001FBE42ACE88
I 0
P 000001FBE42A9078
C 154
= 000001FBE42A9978
R
P 000001FBE42ACE88
C 380
R
P 000001FBE42ACE88
P 000001FBE42A9978
C 294
R
P 000001FBE42ACE88
C 380
R
P 000001FBE42ACE88
P 000001FBE42A9978
C 9
R
P 000001FBE42ACE88
C 380
R
P 000001FBE42ACE88
P 000001FBE42A9918
P 000001FBE42A9978
C 78
= 000001FBE42A54D8
R
P 000001FBE42ACE88
C 380
R
P 000001FBE42ACE88
P 000001FBE42A54D8
C 294
R
P 000001FBE42ACE88
C 380
R
P 000001FBE42ACE88
P 000001FBE42A54D8
C 9
R
P 000001FBE42ACE88
C 380
R
P 000001FBE42ACE88
I 0
P 000001FBE42A9078
C 154
= 000001FBE42A9978
R
P 000001FBE42ACE88
C 380
R
P 000001FBE42ACE88
P 000001FBE42A9978
C 294
R
P 000001FBE42ACE88
C 380
R
P 000001FBE42ACE88
P 000001FBE42A9978
C 9
R
P 000001FBE42ACE88
C 380
R
P 000001FBE42ACE88
P 000001FBE42A9938
P 000001FBE42A9978
C 78
= 000001FBE42A5510
R
P 000001FBE42ACE88
C 380
R
P 000001FBE42ACE88
P 000001FBE42A5510
C 294
R
P 000001FBE42ACE88
C 380
R
P 000001FBE42ACE88
P 000001FBE42A5510
C 9
R
P 000001FBE42ACE88
C 380
R
P 000001FBE42ACE88
P 000001FBE424EAF8
P 000001FBE42A54A0
C 595
R
P 000001FBE42ACE88
C 380
R
P 000001FBE42ACE88
P 000001FBE424EAF8
P 000001FBE42A54D8
C 595
R
P 000001FBE42ACE88
C 380
R
P 000001FBE42ACE88
P 000001FBE424EAF8
P 000001FBE42A5510
C 595
R
P 000001FBE42ACE88
C 380
R
P 000001FBE42ACE88
P 000001FBE424EAF8
P 000001FBE42A9918
C 598
R
P 000001FBE42ACE88
C 380
R
P 000001FBE42ACE88
P 000001FBE424EAF8
P 000001FBE42A9938
C 598
R
P 000001FBE42ACE88
C 380
R
P 000001FBE42ACE88
P 000001FBE424EAF8
U 0
p 0
C 602
R
P 000001FBE42ACE88
C 380
R
P 000001FBE42ACE88
P 000001FBE424EAF8
U 0
C 608
= 000001FBE42A9958
R
P 000001FBE42ACE88
C 380
R
P 000001FBE42ACE88
P 000001FBE42A9958
C 293
R
P 000001FBE42ACE88
C 380
R
P 000001FBE42ACE88
P 000001FBE42A9958
C 290
= 000001FBE42A9078
R
P 000001FBE42ACE88
C 380
R
P 000001FBE42ACE88
P 000001FBE42A9078
C 244
R
P 000001FBE42ACE88
C 380
R
P 000001FBE42ACE88
P 000001FBE42A9958
C 296
R
P 000001FBE42ACE88
C 380
R
P 000001FBE42ACE88
P 000001FBE42A9958
C 295
R
P 000001FBE42ACE88
C 380
R
P 000001FBE42ACE88
P 000001FBE42A9958
C 294
R
P 000001FBE42ACE88
C 380
R
P 000001FBE42ACE88
P 000001FBE42A9958
C 9
R
P 000001FBE42ACE88
C 380
R
P 000001FBE42ACE88
P 000001FBE42A9958
C 299
R
P 000001FBE42ACE88
C 380
R
P 000001FBE42ACE88
P 000001FBE424EAF8
U 1
C 608
= 000001FBE42A9978
R
P 000001FBE42ACE88
C 380
R
P 000001FBE42ACE88
P 000001FBE42A9978
C 293
R
P 000001FBE42ACE88
C 380
R
P 000001FBE42ACE88
P 000001FBE42A9978
C 290
= 000001FBE42A9078
R
P 000001FBE42ACE88
C 380
R
P 000001FBE42ACE88
P 000001FBE42A9078
C 244
R
P 000001FBE42ACE88
C 380
R
P 000001FBE42ACE88
P 000001FBE42A9978
C 296
R
P 000001FBE42ACE88
C 380
R
P 000001FBE42ACE88
P 000001FBE42A9978
C 295
R
P 000001FBE42ACE88
C 380
R
P 000001FBE42ACE88
P 000001FBE42A9978
C 294
R
P 000001FBE42ACE88
C 380
R
P 000001FBE42ACE88
P 000001FBE42A9978
C 9
R
P 000001FBE42ACE88
C 380
R
P 000001FBE42ACE88
P 000001FBE42A9978
C 299
R
P 000001FBE42ACE88
C 380
R
P 000001FBE42ACE88
S "f"
C 30
R
P 000001FBE42ACE88
C 380
R
P 000001FBE42ACE88
$ |f|
C 237
R
P 000001FBE42ACE88
C 380
R
P 000001FBE42ACE88
S "x"
C 30
R
P 000001FBE42ACE88
C 380
R
P 000001FBE42ACE88
$ |x|
C 237
R
P 000001FBE42ACE88
C 380
R
P 000001FBE42ACE88
S "y"
C 30
R
P 000001FBE42ACE88
C 380
R
P 000001FBE42ACE88
$ |y|
C 237
R
P 000001FBE42ACE88
C 380
R
P 000001FBE42ACE88
C 32
= 000001FBE42A8FB8
R
P 000001FBE42ACE88
C 380
R
P 000001FBE42ACE88
P 000001FBE42A8FB8
C 293
R
P 000001FBE42ACE88
C 380
R
P 000001FBE42ACE88
P 000001FBE42A8FB8
C 9
R
P 000001FBE42ACE88
C 380
R
P 000001FBE42ACE88
$ |f|
U 2
P 000001FBE42A8FB8
P 000001FBE42A8FB8
p 2
P 000001FBE42A8FB8
C 49
= 000001FBE42A3888
R
P 000001FBE42ACE88
C 380
R
P 000001FBE42ACE88
P 000001FBE42A3888
C 293
R
P 000001FBE42ACE88
C 380
R
P 000001FBE42ACE88
P 000001FBE42A3888
C 9
R
P 000001FBE42ACE88
C 380
R
P 000001FBE42ACE88
$ |x|
P 000001FBE42A8FB8
C 51
= 000001FBE42A9D78
R
P 000001FBE42ACE88
C 380
R
P 000001FBE42ACE88
P 000001FBE42A9D78
C 293
R
P 000001FBE42ACE88
C 380
R
P 000001FBE42ACE88
P 000001FBE42A9D78
C 290
= 000001FBE42A8FB8
R
P 000001FBE42ACE88
C 380
R
P 000001FBE42ACE88
P 000001FBE42A8FB8
C 244
R
P 000001FBE42ACE88
C 380
R
P 000001FBE42ACE88
P 000001FBE42A9D78
C 296
R
P 000001FBE42ACE88
C 380
R
P 000001FBE42ACE88
P 000001FBE42A9D78
C 295
R
P 000001FBE42ACE88
C 380
R
P 000001FBE42ACE88
P 000001FBE42A9D78
C 294
R
P 000001FBE42ACE88
C 380
R
P 000001FBE42ACE88
P 000001FBE42A9D78
C 9
R
P 000001FBE42ACE88
C 380
R
P 000001FBE42ACE88
$ |y|
P 000001FBE42A8FB8
C 51
= 000001FBE42A9D98
R
P 000001FBE42ACE88
C 380
R
P 000001FBE42ACE88
P 000001FBE42A9D98
C 293
R
P 000001FBE42ACE88
C 380
R
P 000001FBE42ACE88
P 000001FBE42A9D98
C 290
= 000001FBE42A8FB8
R
P 000001FBE42ACE88
C 380
R
P 000001FBE42ACE88
P 000001FBE42A8FB8
C 244
R
P 000001FBE42ACE88
C 380
R
P 000001FBE42ACE88
P 000001FBE42A9D98
C 296
R
P 000001FBE42ACE88
C 380
R
P 000001FBE42ACE88
P 000001FBE42A9D98
C 295
R
P 000001FBE42ACE88
C 380
R
P 000001FBE42ACE88
P 000001FBE42A9D98
C 294
R
P 000001FBE42ACE88
C 380
R
P 000001FBE42ACE88
P 000001FBE42A9D98
C 9
R
P 000001FBE42ACE88
C 380
R
P 000001FBE42ACE88
P 000001FBE42A3888
U 2
P 000001FBE42A9D78
P 000001FBE42A9D98
p 2
C 50
= 000001FBE42A58C8
R
P 000001FBE42ACE88
C 380
R
P 000001FBE42ACE88
P 000001FBE42A58C8
C 293
R
P 000001FBE42ACE88
C 380
R
P 000001FBE42ACE88
P 000001FBE42A58C8
C 290
= 000001FBE42A8FB8
R
P 000001FBE42ACE88
C 380
R
P 000001FBE42ACE88
P 000001FBE42A8FB8
C 244
R
P 000001FBE42ACE88
C 380
R
P 000001FBE42ACE88
P 000001FBE42A58C8
C 296
R
P 000001FBE42ACE88
C 380
R
P 000001FBE42ACE88
P 000001FBE42A58C8
C 295
R
P 000001FBE42ACE88
C 380
R
P 000001FBE42ACE88
P 000001FBE42A58C8
C 294
R
P 000001FBE42ACE88
C 380
R
P 000001FBE42ACE88
P 000001FBE42A58C8
C 9
R
P 000001FBE42ACE88
C 380
R
P 000001FBE42ACE88
S "cp"
P 000001FBE42A8FB8
C 53
= 000001FBE42A9D58
R
P 000001FBE42ACE88
C 380
R
P 000001FBE42ACE88
P 000001FBE42A9D58
C 293
R
P 000001FBE42ACE88
C 380
R
P 000001FBE42ACE88
P 000001FBE42A9D58
C 290
= 000001FBE42A8FB8
R
P 000001FBE42ACE88
C 380
R
P 000001FBE42ACE88
P 000001FBE42A8FB8
C 244
R
P 000001FBE42ACE88
C 380
R
P 000001FBE42ACE88
P 000001FBE42A9D58
C 296
R
P 000001FBE42ACE88
C 380
R
P 000001FBE42ACE88
P 000001FBE42A9D58
C 295
R
P 000001FBE42ACE88
C 380
R
P 000001FBE42ACE88
P 000001FBE42A9D58
C 294
R
P 000001FBE42ACE88
C 380
R
P 000001FBE42ACE88
P 000001FBE42A9D58
C 9
R
P 000001FBE42ACE88
C 380
R
P 000001FBE42ACE88
S "fp"
U 1
P 000001FBE42A8FB8
p 1
P 000001FBE42A8FB8
C 52
= 000001FBE42A5900
R
P 000001FBE42ACE88
C 380
R
P 000001FBE42ACE88
P 000001FBE42A5900
C 293
R
P 000001FBE42ACE88
C 380
R
P 000001FBE42ACE88
P 000001FBE42A5900
C 9
R
P 000001FBE42ACE88
C 380
R
P 000001FBE42ACE88
P 000001FBE42A5900
U 1
P 000001FBE42A9D58
p 1
C 50
= 000001FBE42A1218
R
P 000001FBE42ACE88
C 380
R
P 000001FBE42ACE88
P 000001FBE42A1218
C 293
R
P 000001FBE42ACE88
C 380
R
P 000001FBE42ACE88
P 000001FBE42A1218
C 290
= 000001FBE42A8FB8
R
P 000001FBE42ACE88
C 380
R
P 000001FBE42ACE88
P 000001FBE42A8FB8
C 244
R
P 000001FBE42ACE88
C 380
R
P 000001FBE42ACE88
P 000001FBE42A1218
C 296
R
P 000001FBE42ACE88
C 380
R
P 000001FBE42ACE88
P 000001FBE42A1218
C 295
R
P 000001FBE42ACE88
C 380
R
P 000001FBE42ACE88
P 000001FBE42A1218
C 294
R
P 000001FBE42ACE88
C 380
R
P 000001FBE42ACE88
P 000001FBE42A1218
C 9
R
P 000001FBE42ACE88
C 380
R
P 000001FBE42ACE88
P 000001FBE42A58C8
P 000001FBE42A58C8
C 58
= 000001FBE42A5938
R
P 000001FBE42ACE88
C 380
R
P 000001FBE42ACE88
P 000001FBE42A5938
C 294
R
P 000001FBE42ACE88
C 380
R
P 000001FBE42ACE88
P 000001FBE42A5938
C 9
R
P 000001FBE42ACE88
C 380
R
P 000001FBE42ACE88
P 000001FBE42A58C8
P 000001FBE42A1218
C 58
= 000001FBE42A5970
R
P 000001FBE42ACE88
C 380
R
P 000001FBE42ACE88
P 000001FBE42A5970
C 294
R
P 000001FBE42ACE88
C 380
R
P 000001FBE42ACE88
P 000001FBE42A5970
C 9
R
P 000001FBE42ACE88
C 380
R
P 000001FBE42ACE88
I 1
I 0
I 0
C 389
= 000001FBE5545EB8
R
P 000001FBE42ACE88
C 380
R
P 000001FBE42ACE88
P 000001FBE5545EB8
C 390
R
P 000001FBE42ACE88
C 380
R
P 000001FBE42ACE88
P 000001FBE5545EB8
P 000001FBE42A5938
C 393
R
P 000001FBE42ACE88
C 380
R
P 000001FBE42ACE88
P 000001FBE5545EB8
P 000001FBE42A5970
C 393
R
P 000001FBE42ACE88
C 380
R
P 000001FBE42ACE88
P 000001FBE5545EB8
C 404
R
P 000001FBE42ACE88
C 380
R
P 000001FBE42ACE88
C 450
= 000001FBE5507778
R
P 000001FBE42ACE88
C 380
R
P 000001FBE42ACE88
P 000001FBE5507778
C 459
R
P 000001FBE42ACE88
C 380
R
P 000001FBE42ACE88
P 000001FBE5545EB8
C 397
R
P 000001FBE42ACE88
C 380
R
P 000001FBE42ACE88
P 000001FBE5545EB8
U 0
C 398
= 000001FBE42A5938
R
P 000001FBE42ACE88
C 380
R
P 000001FBE42ACE88
P 000001FBE42A5938
C 293
R
P 000001FBE42ACE88
C 380
R
P 000001FBE42ACE88
P 000001FBE42A5938
C 290
= 000001FBE42A8FB8
R
P 000001FBE42ACE88
C 380
R
P 000001FBE42ACE88
P 000001FBE42A8FB8
C 244
R
P 000001FBE42ACE88
C 380
R
P 000001FBE42ACE88
P 000001FBE42A5938
C 296
R
P 000001FBE42ACE88
C 380
R
P 000001FBE42ACE88
P 000001FBE42A5938
C 295
R
P 000001FBE42ACE88
C 380
R
P 000001FBE42ACE88
P 000001FBE42A5938
C 294
R
P 000001FBE42ACE88
C 380
R
P 000001FBE42ACE88
P 000001FBE42A5938
C 9
R
P 000001FBE42ACE88
C 380
R
P 000001FBE42ACE88
P 000001FBE5545EB8
U 1
C 398
= 000001FBE42A5970
R
P 000001FBE42ACE88
C 380
R
P 000001FBE42ACE88
P 000001FBE42A5970
C 293
R
P 000001FBE42ACE88
C 380
R
P 000001FBE42ACE88
P 000001FBE42A5970
C 290
= 000001FBE42A8FB8
R
P 000001FBE42ACE88
C 380
R
P 000001FBE42ACE88
P 000001FBE42A8FB8
C 244
R
P 000001FBE42ACE88
C 380
R
P 000001FBE42ACE88
P 000001FBE42A5970
C 296
R
P 000001FBE42ACE88
C 380
R
P 000001FBE42ACE88
P 000001FBE42A5970
C 295
R
P 000001FBE42ACE88
C 380
R
P 000001FBE42ACE88
P 000001FBE42A5970
C 294
R
P 000001FBE42ACE88
C 380
R
P 000001FBE42ACE88
P 000001FBE42A5970
C 9
R
P 000001FBE42ACE88
C 380
R
P 000001FBE42ACE88
P 000001FBE5507778
P 000001FBE42A5938
C 466
R
P 000001FBE42ACE88
C 380
R
P 000001FBE42ACE88
P 000001FBE5507778
P 000001FBE42A5970
C 466
R
P 000001FBE42ACE88
C 380
R
P 000001FBE42ACE88
P 000001FBE5507778
C 479
R
P 000001FBE42ACE88
C 380
R
P 000001FBE42ACE88
S "simplify"
C 406
= 000001FBE57F5978
R
P 000001FBE42ACE88
C 380
R
P 000001FBE42ACE88
P 000001FBE57F5978
C 407
R
P 000001FBE42ACE88
C 380
R
P 000001FBE42ACE88
P 000001FBE5545EB8
C 404
R
P 000001FBE42ACE88
C 380
R
P 000001FBE42ACE88
P 000001FBE57F5978
P 000001FBE5545EB8
C 443
= 000001FBE557AEA8
R
P 000001FBE42ACE88
C 380
R
P 000001FBE42ACE88
P 000001FBE557AEA8
C 445
R
P 000001FBE42ACE88
C 380
R
P 000001FBE42ACE88
P 000001FBE557AEA8
C 447
R
P 000001FBE42ACE88
C 380
R
P 000001FBE42ACE88
P 000001FBE557AEA8
C 448
R
P 000001FBE42ACE88
C 380
R
P 000001FBE42ACE88
P 000001FBE557AEA8
U 0
C 449
= 000001FBE57F53A8
R
P 000001FBE42ACE88
C 380
R
P 000001FBE42ACE88
P 000001FBE57F53A8
C 390
R
P 000001FBE42ACE88
C 380
R
P 000001FBE42ACE88
P 000001FBE57F53A8
C 400
R
P 000001FBE42ACE88
C 380
R
P 000001FBE42ACE88
P 000001FBE57F53A8
C 401
R
P 000001FBE42ACE88
C 380
R
P 000001FBE42ACE88
P 000001FBE557AEA8
C 448
R
P 000001FBE42ACE88
C 380
R
P 000001FBE42ACE88
P 000001FBE557AEA8
C 448
R
P 000001FBE42ACE88
C 380
R
P 000001FBE42ACE88
P 000001FBE557AEA8
U 0
C 449
= 000001FBE57F5408
R
P 000001FBE42ACE88
C 380
R
P 000001FBE42ACE88
P 000001FBE57F5408
C 390
R
P 000001FBE42ACE88
C 380
R
P 000001FBE42ACE88
P 000001FBE57F5408
C 400
R
P 000001FBE42ACE88
C 380
R
P 000001FBE42ACE88
P 000001FBE557AEA8
C 448
R
P 000001FBE42ACE88
C 380
R
P 000001FBE42ACE88
P 000001FBE557AEA8
U 0
C 449
= 000001FBE57F5E28
R
P 000001FBE42ACE88
C 380
R
P 000001FBE42ACE88
P 000001FBE57F5E28
C 390
R
P 000001FBE42ACE88
C 380
R
P 000001FBE42ACE88
P 000001FBE57F5E28
C 401
R
P 000001FBE42ACE88
C 380
R
P 000001FBE42ACE88
S "smt"
C 406
= 000001FBE57F5EB8
R
P 000001FBE42ACE88
C 380
R
P 000001FBE42ACE88
P 000001FBE57F5EB8
C 407
R
P 000001FBE42ACE88
C 380
R
P 000001FBE42ACE88
P 000001FBE5545EB8
C 404
R
P 000001FBE42ACE88
C 380
R
P 000001FBE42ACE88
P 000001FBE57F5EB8
P 000001FBE5545EB8
C 443
= 000001FBE557C638
R
P 000001FBE42ACE88
C 380
R
P 000001FBE42ACE88
P 000001FBE557C638
C 445
R
P 000001FBE42ACE88
C 380
R
P 000001FBE42ACE88
P 000001FBE557C638
C 447
R
P 000001FBE42ACE88
C 380
R
P 000001FBE42ACE88
P 000001FBE557C638
C 448
R
P 000001FBE42ACE88
C 380
R
P 000001FBE42ACE88
P 000001FBE557C638
U 0
C 449
= 000001FBE55EE0B8
R
P 000001FBE42ACE88
C 380
R
P 000001FBE42ACE88
P 000001FBE55EE0B8
C 390
R
P 000001FBE42ACE88
C 380
R
P 000001FBE42ACE88
P 000001FBE55EE0B8
C 400
R
P 000001FBE42ACE88
C 380
R
P 000001FBE42ACE88
P 000001FBE557C638
C 448
R
P 000001FBE42ACE88
C 380
R
P 000001FBE42ACE88
P 000001FBE557C638
C 448
R
P 000001FBE42ACE88
C 380
R
P 000001FBE42ACE88
P 000001FBE557C638
U 0
C 449
= 000001FBE55EDF68
R
P 000001FBE42ACE88
C 380
R
P 000001FBE42ACE88
P 000001FBE55EDF68
C 390
R
P 000001FBE42ACE88
C 380
R
P 000001FBE42ACE88
P 000001FBE55EDF68
C 400
R
P 000001FBE42ACE88
C 380
R
P 000001FBE42ACE88
U 32
C 35
= 000001FBE42A94B8
R
P 000001FBE42ACE88
C 380
R
P 000001FBE42ACE88
P 000001FBE42A94B8
C 293
R
P 000001FBE42ACE88
C 380
R
P 000001FBE42ACE88
P 000001FBE42A94B8
C 9
R
P 000001FBE42ACE88
C 380
R
P 000001FBE42ACE88
I 1
P 000001FBE42A94B8
C 154
= 000001FBE42A9DD8
R
P 000001FBE42ACE88
C 380
R
P 000001FBE42ACE88
P 000001FBE42A9DD8
C 293
R
P 000001FBE42ACE88
C 380
R
P 000001FBE42ACE88
P 000001FBE42A9DD8
C 290
= 000001FBE42A94B8
R
P 000001FBE42ACE88
C 380
R
P 000001FBE42ACE88
P 000001FBE42A94B8
C 244
R
P 000001FBE42ACE88
C 380
R
P 000001FBE42ACE88
P 000001FBE42A9DD8
C 296
R
P 000001FBE42ACE88
C 380
R
P 000001FBE42ACE88
P 000001FBE42A9DD8
C 295
R
P 000001FBE42ACE88
C 380
R
P 000001FBE42ACE88
P 000001FBE42A9DD8
C 294
R
P 000001FBE42ACE88
C 380
R
P 000001FBE42ACE88
P 000001FBE42A9DD8
C 9
R
P 000001FBE42ACE88
C 380
R
P 000001FBE42ACE88
U 32
C 35
= 000001FBE42A94B8
R
P 000001FBE42ACE88
C 380
R
P 000001FBE42ACE88
P 000001FBE42A94B8
C 293
R
P 000001FBE42ACE88
C 380
R
P 000001FBE42ACE88
P 000001FBE42A94B8
C 9
R
P 000001FBE42ACE88
C 380
R
P 000001FBE42ACE88
I 2
P 000001FBE42A94B8
C 154
= 000001FBE42A9E38
R
P 000001FBE42ACE88
C 380
R
P 000001FBE42ACE88
P 000001FBE42A9E38
C 293
R
P 000001FBE42ACE88
C 380
R
P 000001FBE42ACE88
P 000001FBE42A9E38
C 290
= 000001FBE42A94B8
R
P 000001FBE42ACE88
C 380
R
P 000001FBE42ACE88
P 000001FBE42A94B8
C 244
R
P 000001FBE42ACE88
C 380
R
P 000001FBE42ACE88
P 000001FBE42A9E38
C 296
R
P 000001FBE42ACE88
C 380
R
P 000001FBE42ACE88
P 000001FBE42A9E38
C 295
R
P 000001FBE42ACE88
C 380
R
P 000001FBE42ACE88
P 000001FBE42A9E38
C 294
R
P 000001FBE42ACE88
C 380
R
P 000001FBE42ACE88
P 000001FBE42A9E38
C 9
R
P 000001FBE42ACE88
C 380
R
P 000001FBE42ACE88
P 000001FBE42A9DD8
P 000001FBE42A9E38
C 58
= 000001FBE42A59A8
R
P 000001FBE42ACE88
C 380
R
P 000001FBE42ACE88
P 000001FBE42A59A8
C 294
R
P 000001FBE42ACE88
C 380
R
P 000001FBE42ACE88
P 000001FBE42A59A8
C 9
R
P 000001FBE42ACE88
C 380
R
P 000001FBE42ACE88
P 000001FBE5545EB8
P 000001FBE42A59A8
C 393
R
P 000001FBE42ACE88
C 380
R
P 000001FBE42ACE88
S "smt"
C 406
= 000001FBE55EE328
R
P 000001FBE42ACE88
C 380
R
P 000001FBE42ACE88
P 000001FBE55EE328
C 407
R
P 000001FBE42ACE88
C 380
R
P 000001FBE42ACE88
P 000001FBE5545EB8
C 404
R
P 000001FBE42ACE88
C 380
R
P 000001FBE42ACE88
P 000001FBE55EE328
P 000001FBE5545EB8
C 443
= 000001FBE59399A8
R
P 000001FBE42ACE88
C 380
R
P 000001FBE42ACE88
P 000001FBE59399A8
C 445
R
P 000001FBE42ACE88
C 380
R
P 000001FBE42ACE88
P 000001FBE59399A8
C 447
R
P 000001FBE42ACE88
C 380
R
P 000001FBE42ACE88
P 000001FBE59399A8
C 448
R
P 000001FBE42ACE88
C 380
R
P 000001FBE42ACE88
P 000001FBE59399A8
U 0
C 449
= 000001FBE5656A58
R
P 000001FBE42ACE88
C 380
R
P 000001FBE42ACE88
P 000001FBE5656A58
C 390
R
P 000001FBE42ACE88
C 380
R
P 000001FBE42ACE88
P 000001FBE5656A58
C 400
R
P 000001FBE42ACE88
C 380
R
P 000001FBE42ACE88
P 000001FBE5656A58
C 401
R
P 000001FBE42ACE88
C 380
R
P 000001FBE42ACE88
P 000001FBE59399A8
C 448
R
P 000001FBE42ACE88
C 380
R
P 000001FBE42ACE88
P 000001FBE59399A8
C 448
R
P 000001FBE42ACE88
C 380
R
P 000001FBE42ACE88
P 000001FBE59399A8
U 0
C 449
= 000001FBE5656A88
R
P 000001FBE42ACE88
C 380
R
P 000001FBE42ACE88
P 000001FBE5656A88
C 390
R
P 000001FBE42ACE88
C 380
R
P 000001FBE42ACE88
P 000001FBE5656A88
C 401
R
P 000001FBE42ACE88
C 380
R
P 000001FBE42ACE88
I 1
I 1
I 0
C 389
= 000001FBE5656638
R
P 000001FBE42ACE88
C 380
R
P 000001FBE42ACE88
P 000001FBE5656638
C 390
R
P 000001FBE42ACE88
C 380
R
P 000001FBE42ACE88
S "smt"
C 406
= 000001FBE5656578
R
P 000001FBE42ACE88
C 380
R
P 000001FBE42ACE88
P 000001FBE5656578
C 407
R
P 000001FBE42ACE88
C 380
R
P 000001FBE42ACE88
P 000001FBE5656638
C 404
R
P 000001FBE42ACE88
C 380
R
P 000001FBE42ACE88
P 000001FBE5656578
P 000001FBE5656638
C 443
= 000001FBE5939188
R
P 000001FBE42ACE88
C 380
R
P 000001FBE42ACE88
P 000001FBE5939188
C 445
R
P 000001FBE42ACE88
C 380
R
P 000001FBE42ACE88
P 000001FBE5939188
C 447
R
P 000001FBE42ACE88
C 380
R
P 000001FBE42ACE88
P 000001FBE5939188
C 448
R
P 000001FBE42ACE88
C 380
R
P 000001FBE42ACE88
P 000001FBE5939188
U 0
C 449
= 000001FBE57F5EE8
R
P 000001FBE42ACE88
C 380
R
P 000001FBE42ACE88
P 000001FBE57F5EE8
C 390
R
P 000001FBE42ACE88
C 380
R
P 000001FBE42ACE88
P 000001FBE57F5EE8
C 400
R
P 000001FBE42ACE88
C 380
R
P 000001FBE42ACE88
P 000001FBE5939188
C 448
R
P 000001FBE42ACE88
C 380
R
P 000001FBE42ACE88
P 000001FBE5939188
C 448
R
P 000001FBE42ACE88
C 380
R
P 000001FBE42ACE88
P 000001FBE5939188
U 0
C 449
= 000001FBE57F5FD8
R
P 000001FBE42ACE88
C 380
R
P 000001FBE42ACE88
P 000001FBE57F5FD8
C 390
R
P 000001FBE42ACE88
C 380
R
P 000001FBE42ACE88
P 000001FBE57F5FD8
C 400
R
P 000001FBE42ACE88
C 380
R
P 000001FBE42ACE88
I 1
I 1
I 0
C 389
= 000001FBE57F67B8
R
P 000001FBE42ACE88
C 380
R
P 000001FBE42ACE88
P 000001FBE57F67B8
C 390
R
P 000001FBE42ACE88
C 380
R
P 000001FBE42ACE88
C 57
= 000001FBE42A9038
R
P 000001FBE42ACE88
C 380
R
P 000001FBE42ACE88
P 000001FBE42A9038
C 294
R
P 000001FBE42ACE88
C 380
R
P 000001FBE42ACE88
P 000001FBE42A9038
C 9
R
P 000001FBE42ACE88
C 380
R
P 000001FBE42ACE88
P 000001FBE57F67B8
P 000001FBE42A9038
C 393
R
P 000001FBE42ACE88
C 380
R
P 000001FBE42ACE88
S "smt"
C 406
= 000001FBE57F60F8
R
P 000001FBE42ACE88
C 380
R
P 000001FBE42ACE88
P 000001FBE57F60F8
C 407
R
P 000001FBE42ACE88
C 380
R
P 000001FBE42ACE88
P 000001FBE57F67B8
C 404
R
P 000001FBE42ACE88
C 380
R
P 000001FBE42ACE88
P 000001FBE57F60F8
P 000001FBE57F67B8
C 443
= 000001FBE5939258
R
P 000001FBE42ACE88
C 380
R
P 000001FBE42ACE88
P 000001FBE5939258
C 445
R
P 000001FBE42ACE88
C 380
R
P 000001FBE42ACE88
P 000001FBE5939258
C 447
R
P 000001FBE42ACE88
C 380
R
P 000001FBE42ACE88
P 000001FBE5939258
C 448
R
P 000001FBE42ACE88
C 380
R
P 000001FBE42ACE88
P 000001FBE5939258
U 0
C 449
= 000001FBE5681D18
R
P 000001FBE42ACE88
C 380
R
P 000001FBE42ACE88
P 000001FBE5681D18
C 390
R
P 000001FBE42ACE88
C 380
R
P 000001FBE42ACE88
P 000001FBE5681D18
C 400
R
P 000001FBE42ACE88
C 380
R
P 000001FBE42ACE88
P 000001FBE5681D18
C 401
R
P 000001FBE42ACE88
C 380
R
P 000001FBE42ACE88
P 000001FBE5939258
C 448
R
P 000001FBE42ACE88
C 380
R
P 000001FBE42ACE88
P 000001FBE5939258
C 448
R
P 000001FBE42ACE88
C 380
R
P 000001FBE42ACE88
P 000001FBE5939258
U 0
C 449
= 000001FBE5681B68
R
P 000001FBE42ACE88
C 380
R
P 000001FBE42ACE88
P 000001FBE5681B68
C 390
R
P 000001FBE42ACE88
C 380
R
P 000001FBE42ACE88
P 000001FBE5681B68
C 401
R
P 000001FBE42ACE88
C 380
R
P 000001FBE42ACE88
I 1
I 1
I 0
C 389
= 000001FBE5681C88
R
P 000001FBE42ACE88
C 380
R
P 000001FBE42ACE88
P 000001FBE5681C88
C 390
R
P 000001FBE42ACE88
C 380
R
P 000001FBE42ACE88
S "x"
C 30
R
P 000001FBE42ACE88
C 380
R
P 000001FBE42ACE88
$ |x|
C 237
R
P 000001FBE42ACE88
C 380
R
P 000001FBE42ACE88
$ |x|
P 000001FBE42A9078
C 51
= 000001FBE42A9918
R
P 000001FBE42ACE88
C 380
R
P 000001FBE42ACE88
P 000001FBE42A9918
C 293
R
P 000001FBE42ACE88
C 380
R
P 000001FBE42ACE88
P 000001FBE42A9918
C 290
= 000001FBE42A9078
R
P 000001FBE42ACE88
C 380
R
P 000001FBE42ACE88
P 000001FBE42A9078
C 244
R
P 000001FBE42ACE88
C 380
R
P 000001FBE42ACE88
P 000001FBE42A9918
C 296
R
P 000001FBE42ACE88
C 380
R
P 000001FBE42ACE88
P 000001FBE42A9918
C 295
R
P 000001FBE42ACE88
C 380
R
P 000001FBE42ACE88
P 000001FBE42A9918
C 294
R
P 000001FBE42ACE88
C 380
R
P 000001FBE42ACE88
P 000001FBE42A9918
C 9
R
P 000001FBE42ACE88
C 380
R
P 000001FBE42ACE88
S "y"
C 30
R
P 000001FBE42ACE88
C 380
R
P 000001FBE42ACE88
$ |y|
C 237
R
P 000001FBE42ACE88
C 380
R
P 000001FBE42ACE88
$ |y|
P 000001FBE42A9078
C 51
= 000001FBE42A9938
R
P 000001FBE42ACE88
C 380
R
P 000001FBE42ACE88
P 000001FBE42A9938
C 293
R
P 000001FBE42ACE88
C 380
R
P 000001FBE42ACE88
P 000001FBE42A9938
C 290
= 000001FBE42A9078
R
P 000001FBE42ACE88
C 380
R
P 000001FBE42ACE88
P 000001FBE42A9078
C 244
R
P 000001FBE42ACE88
C 380
R
P 000001FBE42ACE88
P 000001FBE42A9938
C 296
R
P 000001FBE42ACE88
C 380
R
P 000001FBE42ACE88
P 000001FBE42A9938
C 295
R
P 000001FBE42ACE88
C 380
R
P 000001FBE42ACE88
P 000001FBE42A9938
C 294
R
P 000001FBE42ACE88
C 380
R
P 000001FBE42ACE88
P 000001FBE42A9938
C 9
R
P 000001FBE42ACE88
C 380
R
P 000001FBE42ACE88
I 1
P 000001FBE42A9078
C 154
= 000001FBE42A9BD8
R
P 000001FBE42ACE88
C 380
R
P 000001FBE42ACE88
P 000001FBE42A9BD8
C 293
R
P 000001FBE42ACE88
C 380
R
P 000001FBE42ACE88
P 000001FBE42A9BD8
C 290
= 000001FBE42A9078
R
P 000001FBE42ACE88
C 380
R
P 000001FBE42ACE88
P 000001FBE42A9078
C 244
R
P 000001FBE42ACE88
C 380
R
P 000001FBE42ACE88
P 000001FBE42A9BD8
C 296
R
P 000001FBE42ACE88
C 380
R
P 000001FBE42ACE88
P 000001FBE42A9BD8
C 295
R
P 000001FBE42ACE88
C 380
R
P 000001FBE42ACE88
P 000001FBE42A9BD8
C 294
R
P 000001FBE42ACE88
C 380
R
P 000001FBE42ACE88
P 000001FBE42A9BD8
C 9
R
P 000001FBE42ACE88
C 380
R
P 000001FBE42ACE88
P 000001FBE42A9918
P 000001FBE42A9BD8
C 58
= 000001FBE42A59E0
R
P 000001FBE42ACE88
C 380
R
P 000001FBE42ACE88
P 000001FBE42A59E0
C 294
R
P 000001FBE42ACE88
C 380
R
P 000001FBE42ACE88
P 000001FBE42A59E0
C 9
R
P 000001FBE42ACE88
C 380
R
P 000001FBE42ACE88
P 000001FBE5681C88
P 000001FBE42A59E0
C 393
R
P 000001FBE42ACE88
C 380
R
P 000001FBE42ACE88
I 2
P 000001FBE42A9078
C 154
= 000001FBE42A9E58
R
P 000001FBE42ACE88
C 380
R
P 000001FBE42ACE88
P 000001FBE42A9E58
C 293
R
P 000001FBE42ACE88
C 380
R
P 000001FBE42ACE88
P 000001FBE42A9E58
C 290
= 000001FBE42A9078
R
P 000001FBE42ACE88
C 380
R
P 000001FBE42ACE88
P 000001FBE42A9078
C 244
R
P 000001FBE42ACE88
C 380
R
P 000001FBE42ACE88
P 000001FBE42A9E58
C 296
R
P 000001FBE42ACE88
C 380
R
P 000001FBE42ACE88
P 000001FBE42A9E58
C 295
R
P 000001FBE42ACE88
C 380
R
P 000001FBE42ACE88
P 000001FBE42A9E58
C 294
R
P 000001FBE42ACE88
C 380
R
P 000001FBE42ACE88
P 000001FBE42A9E58
C 9
R
P 000001FBE42ACE88
C 380
R
P 000001FBE42ACE88
P 000001FBE42A9938
P 000001FBE42A9E58
C 58
= 000001FBE42A5A18
R
P 000001FBE42ACE88
C 380
R
P 000001FBE42ACE88
P 000001FBE42A5A18
C 294
R
P 000001FBE42ACE88
C 380
R
P 000001FBE42ACE88
P 000001FBE42A5A18
C 9
R
P 000001FBE42ACE88
C 380
R
P 000001FBE42ACE88
P 000001FBE5681C88
P 000001FBE42A5A18
C 393
R
P 000001FBE42ACE88
C 380
R
P 000001FBE42ACE88
P 000001FBE42A9918
P 000001FBE42A9938
C 58
= 000001FBE42A5A50
R
P 000001FBE42ACE88
C 380
R
P 000001FBE42ACE88
P 000001FBE42A5A50
C 294
R
P 000001FBE42ACE88
C 380
R
P 000001FBE42ACE88
P 000001FBE42A5A50
C 9
R
P 000001FBE42ACE88
C 380
R
P 000001FBE42ACE88
P 000001FBE5681C88
P 000001FBE42A5A50
C 393
R
P 000001FBE42ACE88
C 380
R
P 000001FBE42ACE88
S "smt"
C 406
= 000001FBE5682288
R
P 000001FBE42ACE88
C 380
R
P 000001FBE42ACE88
P 000001FBE5682288
C 407
R
P 000001FBE42ACE88
C 380
R
P 000001FBE42ACE88
P 000001FBE5681C88
C 404
R
P 000001FBE42ACE88
C 380
R
P 000001FBE42ACE88
P 000001FBE5682288
P 000001FBE5681C88
C 443
= 000001FBE593AF98
R
P 000001FBE42ACE88
C 380
R
P 000001FBE42ACE88
P 000001FBE593AF98
C 445
R
P 000001FBE42ACE88
C 380
R
P 000001FBE42ACE88
P 000001FBE593AF98
C 447
R
P 000001FBE42ACE88
C 380
R
P 000001FBE42ACE88
P 000001FBE593AF98
C 448
R
P 000001FBE42ACE88
C 380
R
P 000001FBE42ACE88
P 000001FBE593AF98
U 0
C 449
= 000001FBE5656848
R
P 000001FBE42ACE88
C 380
R
P 000001FBE42ACE88
P 000001FBE5656848
C 390
R
P 000001FBE42ACE88
C 380
R
P 000001FBE42ACE88
P 000001FBE5656848
C 400
R
P 000001FBE42ACE88
C 380
R
P 000001FBE42ACE88
P 000001FBE5656848
C 401
R
P 000001FBE42ACE88
C 380
R
P 000001FBE42ACE88
P 000001FBE593AF98
C 448
R
P 000001FBE42ACE88
C 380
R
P 000001FBE42ACE88
P 000001FBE593AF98
C 448
R
P 000001FBE42ACE88
C 380
R
P 000001FBE42ACE88
P 000001FBE593AF98
U 0
C 449
= 000001FBE5656878
R
P 000001FBE42ACE88
C 380
R
P 000001FBE42ACE88
P 000001FBE5656878
C 390
R
P 000001FBE42ACE88
C 380
R
P 000001FBE42ACE88
P 000001FBE5656878
C 401
R
P 000001FBE42ACE88
C 380
R
P 000001FBE42ACE88
S "x"
C 30
R
P 000001FBE42ACE88
C 380
R
P 000001FBE42ACE88
$ |x|
C 237
R
P 000001FBE42ACE88
C 380
R
P 000001FBE42ACE88
C 34
= 000001FBE42A9058
R
P 000001FBE42ACE88
C 380
R
P 000001FBE42ACE88
P 000001FBE42A9058
C 293
R
P 000001FBE42ACE88
C 380
R
P 000001FBE42ACE88
P 000001FBE42A9058
C 9
R
P 000001FBE42ACE88
C 380
R
P 000001FBE42ACE88
$ |x|
P 000001FBE42A9058
C 51
= 000001FBE42A9ED8
R
P 000001FBE42ACE88
C 380
R
P 000001FBE42ACE88
P 000001FBE42A9ED8
C 293
R
P 000001FBE42ACE88
C 380
R
P 000001FBE42ACE88
P 000001FBE42A9ED8
C 290
= 000001FBE42A9058
R
P 000001FBE42ACE88
C 380
R
P 000001FBE42ACE88
P 000001FBE42A9058
C 244
R
P 000001FBE42ACE88
C 380
R
P 000001FBE42ACE88
P 000001FBE42A9ED8
C 296
R
P 000001FBE42ACE88
C 380
R
P 000001FBE42ACE88
P 000001FBE42A9ED8
C 295
R
P 000001FBE42ACE88
C 380
R
P 000001FBE42ACE88
P 000001FBE42A9ED8
C 294
R
P 000001FBE42ACE88
C 380
R
P 000001FBE42ACE88
P 000001FBE42A9ED8
C 9
R
P 000001FBE42ACE88
C 380
R
P 000001FBE42ACE88
S "y"
C 30
R
P 000001FBE42ACE88
C 380
R
P 000001FBE42ACE88
$ |y|
C 237
R
P 000001FBE42ACE88
C 380
R
P 000001FBE42ACE88
C 34
= 000001FBE42A9058
R
P 000001FBE42ACE88
C 380
R
P 000001FBE42ACE88
P 000001FBE42A9058
C 293
R
P 000001FBE42ACE88
C 380
R
P 000001FBE42ACE88
P 000001FBE42A9058
C 9
R
P 000001FBE42ACE88
C 380
R
P 000001FBE42ACE88
$ |y|
P 000001FBE42A9058
C 51
= 000001FBE42A9EF8
R
P 000001FBE42ACE88
C 380
R
P 000001FBE42ACE88
P 000001FBE42A9EF8
C 293
R
P 000001FBE42ACE88
C 380
R
P 000001FBE42ACE88
P 000001FBE42A9EF8
C 290
= 000001FBE42A9058
R
P 000001FBE42ACE88
C 380
R
P 000001FBE42ACE88
P 000001FBE42A9058
C 244
R
P 000001FBE42ACE88
C 380
R
P 000001FBE42ACE88
P 000001FBE42A9EF8
C 296
R
P 000001FBE42ACE88
C 380
R
P 000001FBE42ACE88
P 000001FBE42A9EF8
C 295
R
P 000001FBE42ACE88
C 380
R
P 000001FBE42ACE88
P 000001FBE42A9EF8
C 294
R
P 000001FBE42ACE88
C 380
R
P 000001FBE42ACE88
P 000001FBE42A9EF8
C 9
R
P 000001FBE42ACE88
C 380
R
P 000001FBE42ACE88
I 1
I 0
I 0
C 389
= 000001FBE5656398
R
P 000001FBE42ACE88
C 380
R
P 000001FBE42ACE88
P 000001FBE5656398
C 390
R
P 000001FBE42ACE88
C 380
R
P 000001FBE42ACE88
I 10
I 1
C 153
= 000001FBE42A9F18
R
P 000001FBE42ACE88
C 380
R
P 000001FBE42ACE88
P 000001FBE42A9F18
C 294
R
P 000001FBE42ACE88
C 380
R
P 000001FBE42ACE88
P 000001FBE42A9F18
C 9
R
P 000001FBE42ACE88
C 380
R
P 000001FBE42ACE88
P 000001FBE42A9ED8
P 000001FBE42A9F18
C 77
= 000001FBE42A5A88
R
P 000001FBE42ACE88
C 380
R
P 000001FBE42ACE88
P 000001FBE42A5A88
C 294
R
P 000001FBE42ACE88
C 380
R
P 000001FBE42ACE88
P 000001FBE42A5A88
C 9
R
P 000001FBE42ACE88
C 380
R
P 000001FBE42ACE88
P 000001FBE5656398
P 000001FBE42A5A88
C 393
R
P 000001FBE42ACE88
C 380
R
P 000001FBE42ACE88
I 1
I 1
C 153
= 000001FBE42A9D38
R
P 000001FBE42ACE88
C 380
R
P 000001FBE42ACE88
P 000001FBE42A9D38
C 294
R
P 000001FBE42ACE88
C 380
R
P 000001FBE42ACE88
P 000001FBE42A9D38
C 9
R
P 000001FBE42ACE88
C 380
R
P 000001FBE42ACE88
U 2
P 000001FBE42A9ED8
P 000001FBE42A9D38
p 2
C 67
= 000001FBE42A5AC0
R
P 000001FBE42ACE88
C 380
R
P 000001FBE42ACE88
P 000001FBE42A5AC0
C 293
R
P 000001FBE42ACE88
C 380
R
P 000001FBE42ACE88
P 000001FBE42A5AC0
C 290
= 000001FBE42A9058
R
P 000001FBE42ACE88
C 380
R
P 000001FBE42ACE88
P 000001FBE42A9058
C 244
R
P 000001FBE42ACE88
C 380
R
P 000001FBE42ACE88
P 000001FBE42A5AC0
C 296
R
P 000001FBE42ACE88
C 380
R
P 000001FBE42ACE88
P 000001FBE42A5AC0
C 295
R
P 000001FBE42ACE88
C 380
R
P 000001FBE42ACE88
P 000001FBE42A5AC0
C 294
R
P 000001FBE42ACE88
C 380
R
P 000001FBE42ACE88
P 000001FBE42A5AC0
C 9
R
P 000001FBE42ACE88
C 380
R
P 000001FBE42ACE88
P 000001FBE42A9EF8
P 000001FBE42A5AC0
C 58
= 000001FBE42A5CF0
R
P 000001FBE42ACE88
C 380
R
P 000001FBE42ACE88
P 000001FBE42A5CF0
C 294
R
P 000001FBE42ACE88
C 380
R
P 000001FBE42ACE88
P 000001FBE42A5CF0
C 9
R
P 000001FBE42ACE88
C 380
R
P 000001FBE42ACE88
P 000001FBE5656398
P 000001FBE42A5CF0
C 393
R
P 000001FBE42ACE88
C 380
R
P 000001FBE42ACE88
I 1
I 1
C 153
= 000001FBE42A9D38
R
P 000001FBE42ACE88
C 380
R
P 000001FBE42ACE88
P 000001FBE42A9D38
C 294
R
P 000001FBE42ACE88
C 380
R
P 000001FBE42ACE88
P 000001FBE42A9D38
C 9
R
P 000001FBE42ACE88
C 380
R
P 000001FBE42ACE88
P 000001FBE42A9EF8
P 000001FBE42A9D38
C 77
= 000001FBE42A5D28
R
P 000001FBE42ACE88
C 380
R
P 000001FBE42ACE88
P 000001FBE42A5D28
C 294
R
P 000001FBE42ACE88
C 380
R
P 000001FBE42ACE88
P 000001FBE42A5D28
C 9
R
P 000001FBE42ACE88
C 380
R
P 000001FBE42ACE88
P 000001FBE5656398
P 000001FBE42A5D28
C 393
R
P 000001FBE42ACE88
C 380
R
P 000001FBE42ACE88
S "simplify"
C 406
= 000001FBE5656C38
R
P 000001FBE42ACE88
C 380
R
P 000001FBE42ACE88
P 000001FBE5656C38
C 407
R
P 000001FBE42ACE88
C 380
R
P 000001FBE42ACE88
P 000001FBE5656398
C 404
R
P 000001FBE42ACE88
C 380
R
P 000001FBE42ACE88
P 000001FBE5656C38
P 000001FBE5656398
C 443
= 000001FBE59398D8
R
P 000001FBE42ACE88
C 380
R
P 000001FBE42ACE88
P 000001FBE59398D8
C 445
R
P 000001FBE42ACE88
C 380
R
P 000001FBE42ACE88
P 000001FBE59398D8
C 447
R
P 000001FBE42ACE88
C 380
R
P 000001FBE42ACE88
P 000001FBE59398D8
C 448
R
P 000001FBE42ACE88
C 380
R
P 000001FBE42ACE88
P 000001FBE59398D8
U 0
C 449
= 000001FBE566F908
R
P 000001FBE42ACE88
C 380
R
P 000001FBE42ACE88
P 000001FBE566F908
C 390
R
P 000001FBE42ACE88
C 380
R
P 000001FBE42ACE88
P 000001FBE566F908
C 400
R
P 000001FBE42ACE88
C 380
R
P 000001FBE42ACE88
P 000001FBE566F908
C 401
R
P 000001FBE42ACE88
C 380
R
P 000001FBE42ACE88
P 000001FBE59398D8
C 448
R
P 000001FBE42ACE88
C 380
R
P 000001FBE42ACE88
P 000001FBE59398D8
C 448
R
P 000001FBE42ACE88
C 380
R
P 000001FBE42ACE88
P 000001FBE59398D8
U 0
C 449
= 000001FBE566F818
R
P 000001FBE42ACE88
C 380
R
P 000001FBE42ACE88
P 000001FBE566F818
C 390
R
P 000001FBE42ACE88
C 380
R
P 000001FBE42ACE88
P 000001FBE566F818
C 400
R
P 000001FBE42ACE88
C 380
R
P 000001FBE42ACE88
P 000001FBE59398D8
C 448
R
P 000001FBE42ACE88
C 380
R
P 000001FBE42ACE88
P 000001FBE59398D8
U 0
C 449
= 000001FBE566F968
R
P 000001FBE42ACE88
C 380
R
P 000001FBE42ACE88
P 000001FBE566F968
C 390
R
P 000001FBE42ACE88
C 380
R
P 000001FBE42ACE88
P 000001FBE566F968
C 401
R
P 000001FBE42ACE88
C 380
R
P 000001FBE42ACE88
S "simplify"
C 406
= 000001FBE566F548
R
P 000001FBE42ACE88
C 380
R
P 000001FBE42ACE88
P 000001FBE566F548
C 407
R
P 000001FBE42ACE88
C 380
R
P 000001FBE42ACE88
S "solve-eqs"
C 406
= 000001FBE566F7E8
R
P 000001FBE42ACE88
C 380
R
P 000001FBE42ACE88
P 000001FBE566F7E8
C 407
R
P 000001FBE42ACE88
C 380
R
P 000001FBE42ACE88
P 000001FBE566F548
P 000001FBE566F7E8
C 412
= 000001FBE566FEA8
R
P 000001FBE42ACE88
C 380
R
P 000001FBE42ACE88
P 000001FBE566FEA8
C 407
R
P 000001FBE42ACE88
C 380
R
P 000001FBE42ACE88
P 000001FBE5656398
C 404
R
P 000001FBE42ACE88
C 380
R
P 000001FBE42ACE88
P 000001FBE566FEA8
P 000001FBE5656398
C 443
= 000001FBE5939668
R
P 000001FBE42ACE88
C 380
R
P 000001FBE42ACE88
P 000001FBE5939668
C 445
R
P 000001FBE42ACE88
C 380
R
P 000001FBE42ACE88
P 000001FBE5939668
C 447
R
P 000001FBE42ACE88
C 380
R
P 000001FBE42ACE88
P 000001FBE5939668
C 448
R
P 000001FBE42ACE88
C 380
R
P 000001FBE42ACE88
P 000001FBE5939668
U 0
C 449
= 000001FBE57F6308
R
P 000001FBE42ACE88
C 380
R
P 000001FBE42ACE88
P 000001FBE57F6308
C 390
R
P 000001FBE42ACE88
C 380
R
P 000001FBE42ACE88
P 000001FBE57F6308
C 400
R
P 000001FBE42ACE88
C 380
R
P 000001FBE42ACE88
P 000001FBE57F6308
C 401
R
P 000001FBE42ACE88
C 380
R
P 000001FBE42ACE88
P 000001FBE5939668
C 448
R
P 000001FBE42ACE88
C 380
R
P 000001FBE42ACE88
P 000001FBE5939668
C 448
R
P 000001FBE42ACE88
C 380
R
P 000001FBE42ACE88
P 000001FBE5939668
U 0
C 449
= 000001FBE57F63F8
R
P 000001FBE42ACE88
C 380
R
P 000001FBE42ACE88
P 000001FBE57F63F8
C 390
R
P 000001FBE42ACE88
C 380
R
P 000001FBE42ACE88
P 000001FBE57F63F8
C 400
R
P 000001FBE42ACE88
C 380
R
P 000001FBE42ACE88
P 000001FBE5939668
C 448
R
P 000001FBE42ACE88
C 380
R
P 000001FBE42ACE88
P 000001FBE5939668
U 0
C 449
= 000001FBE57F6488
R
P 000001FBE42ACE88
C 380
R
P 000001FBE42ACE88
P 000001FBE57F6488
C 390
R
P 000001FBE42ACE88
C 380
R
P 000001FBE42ACE88
P 000001FBE57F6488
C 401
R
P 000001FBE42ACE88
C 380
R
P 000001FBE42ACE88
C 450
= 000001FBE55062D8
R
P 000001FBE42ACE88
C 380
R
P 000001FBE42ACE88
P 000001FBE55062D8
C 459
R
P 000001FBE42ACE88
C 380
R
P 000001FBE42ACE88
P 000001FBE5939668
C 448
R
P 000001FBE42ACE88
C 380
R
P 000001FBE42ACE88
P 000001FBE5939668
U 0
C 449
= 000001FBE57F64B8
R
P 000001FBE42ACE88
C 380
R
P 000001FBE42ACE88
P 000001FBE57F64B8
C 390
R
P 000001FBE42ACE88
C 380
R
P 000001FBE42ACE88
P 000001FBE57F64B8
C 397
R
P 000001FBE42ACE88
C 380
R
P 000001FBE42ACE88
P 000001FBE57F64B8
U 0
C 398
= 000001FBE42A18A8
R
P 000001FBE42ACE88
C 380
R
P 000001FBE42ACE88
P 000001FBE42A18A8
C 293
R
P 000001FBE42ACE88
C 380
R
P 000001FBE42ACE88
P 000001FBE42A18A8
C 290
= 000001FBE42A8FB8
R
P 000001FBE42ACE88
C 380
R
P 000001FBE42ACE88
P 000001FBE42A8FB8
C 244
R
P 000001FBE42ACE88
C 380
R
P 000001FBE42ACE88
P 000001FBE42A18A8
C 296
R
P 000001FBE42ACE88
C 380
R
P 000001FBE42ACE88
P 000001FBE42A18A8
C 295
R
P 000001FBE42ACE88
C 380
R
P 000001FBE42ACE88
P 000001FBE42A18A8
C 294
R
P 000001FBE42ACE88
C 380
R
P 000001FBE42ACE88
P 000001FBE42A18A8
C 9
R
P 000001FBE42ACE88
C 380
R
P 000001FBE42ACE88
P 000001FBE57F64B8
U 1
C 398
= 000001FBE42A1908
R
P 000001FBE42ACE88
C 380
R
P 000001FBE42ACE88
P 000001FBE42A1908
C 293
R
P 000001FBE42ACE88
C 380
R
P 000001FBE42ACE88
P 000001FBE42A1908
C 290
= 000001FBE42A8FB8
R
P 000001FBE42ACE88
C 380
R
P 000001FBE42ACE88
P 000001FBE42A8FB8
C 244
R
P 000001FBE42ACE88
C 380
R
P 000001FBE42ACE88
P 000001FBE42A1908
C 296
R
P 000001FBE42ACE88
C 380
R
P 000001FBE42ACE88
P 000001FBE42A1908
C 295
R
P 000001FBE42ACE88
C 380
R
P 000001FBE42ACE88
P 000001FBE42A1908
C 294
R
P 000001FBE42ACE88
C 380
R
P 000001FBE42ACE88
P 000001FBE42A1908
C 9
R
P 000001FBE42ACE88
C 380
R
P 000001FBE42ACE88
P 000001FBE55062D8
P 000001FBE42A18A8
C 466
R
P 000001FBE42ACE88
C 380
R
P 000001FBE42ACE88
P 000001FBE55062D8
P 000001FBE42A1908
C 466
R
P 000001FBE42ACE88
C 380
R
P 000001FBE42ACE88
P 000001FBE55062D8
C 479
R
P 000001FBE42ACE88
C 380
R
P 000001FBE42ACE88
P 000001FBE55062D8
C 484
= 000001FBE5ACABC8
R
P 000001FBE42ACE88
C 380
R
P 000001FBE42ACE88
P 000001FBE5ACABC8
C 338
R
P 000001FBE42ACE88
C 380
R
P 000001FBE42ACE88
P 000001FBE5ACABC8
C 375
R
P 000001FBE42ACE88
C 380
R
P 000001FBE42ACE88
I 42
I 43
C 153
= 000001FBE42A9F98
R
P 000001FBE42ACE88
C 380
R
P 000001FBE42ACE88
P 000001FBE42A9F98
C 294
R
P 000001FBE42ACE88
C 380
R
P 000001FBE42ACE88
P 000001FBE42A9F98
C 9
R
P 000001FBE42ACE88
C 380
R
P 000001FBE42ACE88
P 000001FBE42A9F98
C 303
= 000001FBE42A9FB8
R
P 000001FBE42ACE88
C 380
R
P 000001FBE42ACE88
P 000001FBE42A9FB8
C 294
R
P 000001FBE42ACE88
C 380
R
P 000001FBE42ACE88
P 000001FBE42A9FB8
C 9
R
P 000001FBE42ACE88
C 380
R
P 000001FBE42ACE88
P 000001FBE42A9F98
C 304
= 000001FBE42A9FD8
R
P 000001FBE42ACE88
C 380
R
P 000001FBE42ACE88
P 000001FBE42A9FD8
C 294
R
P 000001FBE42ACE88
C 380
R
P 000001FBE42ACE88
P 000001FBE42A9FD8
C 9
R
P 000001FBE42ACE88
C 380
R
P 000001FBE42ACE88
P 000001FBE42A9FB8
C 299
R
P 000001FBE42ACE88
C 380
R
P 000001FBE42ACE88
P 000001FBE42A9FD8
C 299
R
P 000001FBE42ACE88
C 380
R
P 000001FBE42ACE88
P 000001FBE42A9FB8
C 299
R
P 000001FBE42ACE88
C 380
R
P 000001FBE42ACE88
P 000001FBE42A9FD8
C 299
R
P 000001FBE42ACE88
C 380
R
P 000001FBE42ACE88
P 000001FBE42A9F98
U 3
C 301
R
P 000001FBE42ACE88
C 380
R
P 000001FBE42ACE88
C 34
= 000001FBE42A9058
R
P 000001FBE42ACE88
C 380
R
P 000001FBE42ACE88
P 000001FBE42A9058
C 293
R
P 000001FBE42ACE88
C 380
R
P 000001FBE42ACE88
P 000001FBE42A9058
C 9
R
P 000001FBE42ACE88
C 380
R
P 000001FBE42ACE88
S "-1231231232/234234333"
P 000001FBE42A9058
C 152
= 000001FBE42A9FF8
R
P 000001FBE42ACE88
C 380
R
P 000001FBE42ACE88
P 000001FBE42A9FF8
C 294
R
P 000001FBE42ACE88
C 380
R
P 000001FBE42ACE88
P 000001FBE42A9FF8
C 9
R
P 000001FBE42ACE88
C 380
R
P 000001FBE42ACE88
P 000001FBE42A9FF8
C 303
= 000001FBE42AA018
R
P 000001FBE42ACE88
C 380
R
P 000001FBE42ACE88
P 000001FBE42AA018
C 294
R
P 000001FBE42ACE88
C 380
R
P 000001FBE42ACE88
P 000001FBE42AA018
C 9
R
P 000001FBE42ACE88
C 380
R
P 000001FBE42ACE88
P 000001FBE42AA018
C 299
R
P 000001FBE42ACE88
C 380
R
P 000001FBE42ACE88
P 000001FBE42A9FF8
C 304
= 000001FBE42AA038
R
P 000001FBE42ACE88
C 380
R
P 000001FBE42ACE88
P 000001FBE42AA038
C 294
R
P 000001FBE42ACE88
C 380
R
P 000001FBE42ACE88
P 000001FBE42AA038
C 9
R
P 000001FBE42ACE88
C 380
R
P 000001FBE42ACE88
P 000001FBE42AA038
C 299
R
P 000001FBE42ACE88
C 380
R
P 000001FBE42ACE88
S "-123123234234234234231232/234234333"
P 000001FBE42A9058
C 152
= 000001FBE42AA058
R
P 000001FBE42ACE88
C 380
R
P 000001FBE42ACE88
P 000001FBE42AA058
C 294
R
P 000001FBE42ACE88
C 380
R
P 000001FBE42ACE88
P 000001FBE42AA058
C 9
R
P 000001FBE42ACE88
C 380
R
P 000001FBE42ACE88
P 000001FBE42AA058
C 303
= 000001FBE42AA078
R
P 000001FBE42ACE88
C 380
R
P 000001FBE42ACE88
P 000001FBE42AA078
C 294
R
P 000001FBE42ACE88
C 380
R
P 000001FBE42ACE88
P 000001FBE42AA078
C 9
R
P 000001FBE42ACE88
C 380
R
P 000001FBE42ACE88
P 000001FBE42AA078
C 299
R
P 000001FBE42ACE88
C 380
R
P 000001FBE42ACE88
P 000001FBE42AA058
C 304
= 000001FBE42AA038
R
P 000001FBE42ACE88
C 380
R
P 000001FBE42ACE88
P 000001FBE42AA038
C 294
R
P 000001FBE42ACE88
C 380
R
P 000001FBE42ACE88
P 000001FBE42AA038
C 9
R
P 000001FBE42ACE88
C 380
R
P 000001FBE42ACE88
P 000001FBE42AA038
C 299
R
P 000001FBE42ACE88
C 380
R
P 000001FBE42ACE88
S "-234234333"
P 000001FBE42A9058
C 152
= 000001FBE42AA098
R
P 000001FBE42ACE88
C 380
R
P 000001FBE42ACE88
P 000001FBE42AA098
C 294
R
P 000001FBE42ACE88
C 380
R
P 000001FBE42ACE88
P 000001FBE42AA098
C 9
R
P 000001FBE42ACE88
C 380
R
P 000001FBE42ACE88
P 000001FBE42AA098
C 303
= 000001FBE42AA0B8
R
P 000001FBE42ACE88
C 380
R
P 000001FBE42ACE88
P 000001FBE42AA0B8
C 294
R
P 000001FBE42ACE88
C 380
R
P 000001FBE42ACE88
P 000001FBE42AA0B8
C 9
R
P 000001FBE42ACE88
C 380
R
P 000001FBE42ACE88
P 000001FBE42AA0B8
C 299
R
P 000001FBE42ACE88
C 380
R
P 000001FBE42ACE88
P 000001FBE42AA098
C 304
= 000001FBE42A9BD8
R
P 000001FBE42ACE88
C 380
R
P 000001FBE42ACE88
P 000001FBE42A9BD8
C 294
R
P 000001FBE42ACE88
C 380
R
P 000001FBE42ACE88
P 000001FBE42A9BD8
C 9
R
P 000001FBE42ACE88
C 380
R
P 000001FBE42ACE88
P 000001FBE42A9BD8
C 299
R
P 000001FBE42ACE88
C 380
R
P 000001FBE42ACE88
S "234234333/2"
P 000001FBE42A9058
C 152
= 000001FBE42AA0D8
R
P 000001FBE42ACE88
C 380
R
P 000001FBE42ACE88
P 000001FBE42AA0D8
C 294
R
P 000001FBE42ACE88
C 380
R
P 000001FBE42ACE88
P 000001FBE42AA0D8
C 9
R
P 000001FBE42ACE88
C 380
R
P 000001FBE42ACE88
P 000001FBE42AA0D8
C 303
= 000001FBE42AA038
R
P 000001FBE42ACE88
C 380
R
P 000001FBE42ACE88
P 000001FBE42AA038
C 294
R
P 000001FBE42ACE88
C 380
R
P 000001FBE42ACE88
P 000001FBE42AA038
C 9
R
P 000001FBE42ACE88
C 380
R
P 000001FBE42ACE88
P 000001FBE42AA038
C 299
R
P 000001FBE42ACE88
C 380
R
P 000001FBE42ACE88
P 000001FBE42AA0D8
C 304
= 000001FBE42A9E58
R
P 000001FBE42ACE88
C 380
R
P 000001FBE42ACE88
P 000001FBE42A9E58
C 294
R
P 000001FBE42ACE88
C 380
R
P 000001FBE42ACE88
P 000001FBE42A9E58
C 9
R
P 000001FBE42ACE88
C 380
R
P 000001FBE42ACE88
P 000001FBE42A9E58
C 299
R
P 000001FBE42ACE88
C 380
R
P 000001FBE42ACE88
S "1234567890987654321"
P 000001FBE42A9078
C 152
= 000001FBE42AA0F8
R
P 000001FBE42ACE88
C 380
R
P 000001FBE42ACE88
P 000001FBE42AA0F8
C 294
R
P 000001FBE42ACE88
C 380
R
P 000001FBE42ACE88
P 000001FBE42AA0F8
C 9
R
P 000001FBE42ACE88
C 380
R
P 000001FBE42ACE88
P 000001FBE42AA0F8
C 299
R
P 000001FBE42ACE88
C 380
R
P 000001FBE42ACE88
U 128
C 35
= 000001FBE42AA118
R
P 000001FBE42ACE88
C 380
R
P 000001FBE42ACE88
P 000001FBE42AA118
C 293
R
P 000001FBE42ACE88
C 380
R
P 000001FBE42ACE88
P 000001FBE42AA118
C 9
R
P 000001FBE42ACE88
C 380
R
P 000001FBE42ACE88
S "1234567890987654321"
P 000001FBE42AA118
C 152
= 000001FBE42AA138
R
P 000001FBE42ACE88
C 380
R
P 000001FBE42ACE88
P 000001FBE42AA138
C 293
R
P 000001FBE42ACE88
C 380
R
P 000001FBE42ACE88
P 000001FBE42AA138
C 290
= 000001FBE42AA118
R
P 000001FBE42ACE88
C 380
R
P 000001FBE42ACE88
P 000001FBE42AA118
C 244
R
P 000001FBE42ACE88
C 380
R
P 000001FBE42ACE88
P 000001FBE42AA138
C 296
R
P 000001FBE42ACE88
C 380
R
P 000001FBE42ACE88
P 000001FBE42AA138
C 295
R
P 000001FBE42ACE88
C 380
R
P 000001FBE42ACE88
P 000001FBE42AA138
C 294
R
P 000001FBE42ACE88
C 380
R
P 000001FBE42ACE88
P 000001FBE42AA138
C 9
R
P 000001FBE42ACE88
C 380
R
P 000001FBE42ACE88
P 000001FBE42AA138
C 299
R
P 000001FBE42ACE88
C 380
R
P 000001FBE42ACE88
U 32
C 35
= 000001FBE42A94B8
R
P 000001FBE42ACE88
C 380
R
P 000001FBE42ACE88
P 000001FBE42A94B8
C 293
R
P 000001FBE42ACE88
C 380
R
P 000001FBE42ACE88
P 000001FBE42A94B8
C 9
R
P 000001FBE42ACE88
C 380
R
P 000001FBE42ACE88
S "1234567890987654321"
P 000001FBE42A94B8
C 152
= 000001FBE42AA158
R
P 000001FBE42ACE88
C 380
R
P 000001FBE42ACE88
P 000001FBE42AA158
C 293
R
P 000001FBE42ACE88
C 380
R
P 000001FBE42ACE88
P 000001FBE42AA158
C 290
= 000001FBE42A94B8
R
P 000001FBE42ACE88
C 380
R
P 000001FBE42ACE88
P 000001FBE42A94B8
C 244
R
P 000001FBE42ACE88
C 380
R
P 000001FBE42ACE88
P 000001FBE42AA158
C 296
R
P 000001FBE42ACE88
C 380
R
P 000001FBE42ACE88
P 000001FBE42AA158
C 295
R
P 000001FBE42ACE88
C 380
R
P 000001FBE42ACE88
P 000001FBE42AA158
C 294
R
P 000001FBE42ACE88
C 380
R
P 000001FBE42ACE88
P 000001FBE42AA158
C 9
R
P 000001FBE42ACE88
C 380
R
P 000001FBE42ACE88
P 000001FBE42AA158
C 299
R
P 000001FBE42ACE88
C 380
R
P 000001FBE42ACE88
S "1/2"
P 000001FBE42A9078
C 152
R
P 000001FBE42ACE88
C 380
R
P 000001FBE42ACE88
U 12
C 382
R
P 000001FBE42ACE88
C 32
= 000001FBE42A8FB8
R
P 000001FBE42ACE88
C 380
R
P 000001FBE42ACE88
P 000001FBE42A8FB8
C 293
R
P 000001FBE42ACE88
C 380
R
P 000001FBE42ACE88
P 000001FBE42A8FB8
C 9
R
P 000001FBE42ACE88
C 380
R
P 000001FBE42ACE88
S "f"
C 30
R
P 000001FBE42ACE88
C 380
R
P 000001FBE42ACE88
$ |f|
C 237
R
P 000001FBE42ACE88
C 380
R
P 000001FBE42ACE88
$ |f|
U 2
P 000001FBE42A8FB8
P 000001FBE42A8FB8
p 2
P 000001FBE42A8FB8
C 49
= 000001FBE42A3888
R
P 000001FBE42ACE88
C 380
R
P 000001FBE42ACE88
P 000001FBE42A3888
C 293
R
P 000001FBE42ACE88
C 380
R
P 000001FBE42ACE88
P 000001FBE42A3888
C 9
R
P 000001FBE42ACE88
C 380
R
P 000001FBE42ACE88
S "q"
C 30
R
P 000001FBE42ACE88
C 380
R
P 000001FBE42ACE88
$ |q|
C 237
R
P 000001FBE42ACE88
C 380
R
P 000001FBE42ACE88
$ |q|
U 2
P 000001FBE42A8FB8
P 000001FBE42A8FB8
p 2
P 000001FBE42A8FB8
C 49
= 000001FBE42A3988
R
P 000001FBE42ACE88
C 380
R
P 000001FBE42ACE88
P 000001FBE42A3988
C 293
R
P 000001FBE42ACE88
C 380
R
P 000001FBE42ACE88
P 000001FBE42A3988
C 9
R
P 000001FBE42ACE88
C 380
R
P 000001FBE42ACE88
I 42
C 29
R
P 000001FBE42ACE88
C 380
R
P 000001FBE42ACE88
# 42
C 237
R
P 000001FBE42ACE88
C 380
R
P 000001FBE42ACE88
S "abc"
C 30
R
P 000001FBE42ACE88
C 380
R
P 000001FBE42ACE88
$ |abc|
C 237
R
P 000001FBE42ACE88
C 380
R
P 000001FBE42ACE88
U 32
C 35
= 000001FBE42A94B8
R
P 000001FBE42ACE88
C 380
R
P 000001FBE42ACE88
P 000001FBE42A94B8
C 293
R
P 000001FBE42ACE88
C 380
R
P 000001FBE42ACE88
P 000001FBE42A94B8
C 9
R
P 000001FBE42ACE88
C 380
R
P 000001FBE42ACE88
P 000001FBE42A94B8
C 245
R
P 000001FBE42ACE88
C 380
R
P 000001FBE42ACE88
I 1
P 000001FBE42A9078
C 154
= 000001FBE42A9BD8
R
P 000001FBE42ACE88
C 380
R
P 000001FBE42ACE88
P 000001FBE42A9BD8
C 294
R
P 000001FBE42ACE88
C 380
R
P 000001FBE42ACE88
P 000001FBE42A9BD8
C 9
R
P 000001FBE42ACE88
C 380
R
P 000001FBE42ACE88
I 2
P 000001FBE42A9078
C 154
= 000001FBE42A9E58
R
P 000001FBE42ACE88
C 380
R
P 000001FBE42ACE88
P 000001FBE42A9E58
C 294
R
P 000001FBE42ACE88
C 380
R
P 000001FBE42ACE88
P 000001FBE42A9E58
C 9
R
P 000001FBE42ACE88
C 380
R
P 000001FBE42ACE88
U 2
P 000001FBE42A9BD8
P 000001FBE42A9E58
p 2
C 67
= 000001FBE42A5E78
R
P 000001FBE42ACE88
C 380
R
P 000001FBE42ACE88
P 000001FBE42A5E78
C 293
R
P 000001FBE42ACE88
C 380
R
P 000001FBE42ACE88
P 000001FBE42A5E78
C 290
= 000001FBE42A9078
R
P 000001FBE42ACE88
C 380
R
P 000001FBE42ACE88
P 000001FBE42A9078
C 244
R
P 000001FBE42ACE88
C 380
R
P 000001FBE42ACE88
P 000001FBE42A5E78
C 296
R
P 000001FBE42ACE88
C 380
R
P 000001FBE42ACE88
P 000001FBE42A5E78
C 295
R
P 000001FBE42ACE88
C 380
R
P 000001FBE42ACE88
P 000001FBE42A5E78
C 294
R
P 000001FBE42ACE88
C 380
R
P 000001FBE42ACE88
P 000001FBE42A5E78
C 9
R
P 000001FBE42ACE88
C 380
R
P 000001FBE42ACE88
P 000001FBE42A5E78
C 285
R
P 000001FBE42ACE88
C 380
R
P 000001FBE42ACE88
P 000001FBE42A5E78
U 0
C 286
= 000001FBE42A9BD8
R
P 000001FBE42ACE88
C 380
R
P 000001FBE42ACE88
P 000001FBE42A9BD8
C 293
R
P 000001FBE42ACE88
C 380
R
P 000001FBE42ACE88
P 000001FBE42A9BD8
C 290
= 000001FBE42A9078
R
P 000001FBE42ACE88
C 380
R
P 000001FBE42ACE88
P 000001FBE42A9078
C 244
R
P 000001FBE42ACE88
C 380
R
P 000001FBE42ACE88
P 000001FBE42A9BD8
C 296
R
P 000001FBE42ACE88
C 380
R
P 000001FBE42ACE88
P 000001FBE42A9BD8
C 295
R
P 000001FBE42ACE88
C 380
R
P 000001FBE42ACE88
P 000001FBE42A9BD8
C 294
R
P 000001FBE42ACE88
C 380
R
P 000001FBE42ACE88
P 000001FBE42A9BD8
C 9
R
P 000001FBE42ACE88
C 380
R
P 000001FBE42ACE88
P 000001FBE42A5E78
U 1
C 286
= 000001FBE42A9E58
R
P 000001FBE42ACE88
C 380
R
P 000001FBE42ACE88
P 000001FBE42A9E58
C 293
R
P 000001FBE42ACE88
C 380
R
P 000001FBE42ACE88
P 000001FBE42A9E58
C 290
= 000001FBE42A9078
R
P 000001FBE42ACE88
C 380
R
P 000001FBE42ACE88
P 000001FBE42A9078
C 244
R
P 000001FBE42ACE88
C 380
R
P 000001FBE42ACE88
P 000001FBE42A9E58
C 296
R
P 000001FBE42ACE88
C 380
R
P 000001FBE42ACE88
P 000001FBE42A9E58
C 295
R
P 000001FBE42ACE88
C 380
R
P 000001FBE42ACE88
P 000001FBE42A9E58
C 294
R
P 000001FBE42ACE88
C 380
R
P 000001FBE42ACE88
P 000001FBE42A9E58
C 9
R
P 000001FBE42ACE88
C 380
R
P 000001FBE42ACE88
P 000001FBE42A9E58
C 290
= 000001FBE42A9078
R
P 000001FBE42ACE88
C 380
R
P 000001FBE42ACE88
P 000001FBE42A9078
C 244
R
P 000001FBE42ACE88
C 380
R
P 000001FBE42ACE88
P 000001FBE42A9078
C 293
R
P 000001FBE42ACE88
C 380
R
P 000001FBE42ACE88
P 000001FBE42A9078
C 9
R
P 000001FBE42ACE88
C 380
R
P 000001FBE42ACE88
I 42
P 000001FBE42A9078
C 154
= 000001FBE42A9FB8
R
P 000001FBE42ACE88
C 380
R
P 000001FBE42ACE88
P 000001FBE42A9FB8
C 294
R
P 000001FBE42ACE88
C 380
R
P 000001FBE42ACE88
P 000001FBE42A9FB8
C 9
R
P 000001FBE42ACE88
C 380
R
P 000001FBE42ACE88
C 56
= 000001FBE42A9018
R
P 000001FBE42ACE88
C 380
R
P 000001FBE42ACE88
P 000001FBE42A9018
C 294
R
P 000001FBE42ACE88
C 380
R
P 000001FBE42ACE88
P 000001FBE42A9018
C 9
R
P 000001FBE42ACE88
C 380
R
P 000001FBE42ACE88
C 56
= 000001FBE42A9018
R
P 000001FBE42ACE88
C 380
R
P 000001FBE42ACE88
P 000001FBE42A9018
C 294
R
P 000001FBE42ACE88
C 380
R
P 000001FBE42ACE88
P 000001FBE42A9018
C 9
R
P 000001FBE42ACE88
C 380
R
P 000001FBE42ACE88
C 57
= 000001FBE42A9038
R
P 000001FBE42ACE88
C 380
R
P 000001FBE42ACE88
P 000001FBE42A9038
C 294
R
P 000001FBE42ACE88
C 380
R
P 000001FBE42ACE88
P 000001FBE42A9038
C 9
R
P 000001FBE42ACE88
C 380
R
P 000001FBE42ACE88
C 57
= 000001FBE42A9038
R
P 000001FBE42ACE88
C 380
R
P 000001FBE42ACE88
P 000001FBE42A9038
C 294
R
P 000001FBE42ACE88
C 380
R
P 000001FBE42ACE88
P 000001FBE42A9038
C 9
R
P 000001FBE42ACE88
C 380
R
P 000001FBE42ACE88
P 000001FBE42A9018
C 60
= 000001FBE42A1C08
R
P 000001FBE42ACE88
C 380
R
P 000001FBE42ACE88
P 000001FBE42A1C08
C 294
R
P 000001FBE42ACE88
C 380
R
P 000001FBE42ACE88
P 000001FBE42A1C08
C 9
R
P 000001FBE42ACE88
C 380
R
P 000001FBE42ACE88
P 000001FBE42A9018
C 60
= 000001FBE42A1C08
R
P 000001FBE42ACE88
C 380
R
P 000001FBE42ACE88
P 000001FBE42A1C08
C 294
R
P 000001FBE42ACE88
C 380
R
P 000001FBE42ACE88
P 000001FBE42A1C08
C 9
R
P 000001FBE42ACE88
C 380
R
P 000001FBE42ACE88
P 000001FBE42A9038
C 60
= 000001FBE42A1C38
R
P 000001FBE42ACE88
C 380
R
P 000001FBE42ACE88
P 000001FBE42A1C38
C 294
R
P 000001FBE42ACE88
C 380
R
P 000001FBE42ACE88
P 000001FBE42A1C38
C 9
R
P 000001FBE42ACE88
C 380
R
P 000001FBE42ACE88
P 000001FBE42A9038
C 60
= 000001FBE42A1C38
R
P 000001FBE42ACE88
C 380
R
P 000001FBE42ACE88
P 000001FBE42A1C38
C 294
R
P 000001FBE42ACE88
C 380
R
P 000001FBE42ACE88
P 000001FBE42A1C38
C 9
R
P 000001FBE42ACE88
C 380
M "SudokuExample"
R
P 000001FBE42ACE88
S "x_1_1"
C 30
R
P 000001FBE42ACE88
C 380
R
P 000001FBE42ACE88
$ |x_1_1|
C 237
R
P 000001FBE42ACE88
C 380
R
P 000001FBE42ACE88
$ |x_1_1|
P 000001FBE42A9078
C 51
= 000001FBE42AA178
R
P 000001FBE42ACE88
C 380
R
P 000001FBE42ACE88
P 000001FBE42AA178
C 293
R
P 000001FBE42ACE88
C 380
R
P 000001FBE42ACE88
P 000001FBE42AA178
C 290
= 000001FBE42A9078
R
P 000001FBE42ACE88
C 380
R
P 000001FBE42ACE88
P 000001FBE42A9078
C 244
R
P 000001FBE42ACE88
C 380
R
P 000001FBE42ACE88
P 000001FBE42AA178
C 296
R
P 000001FBE42ACE88
C 380
R
P 000001FBE42ACE88
P 000001FBE42AA178
C 295
R
P 000001FBE42ACE88
C 380
R
P 000001FBE42ACE88
P 000001FBE42AA178
C 294
R
P 000001FBE42ACE88
C 380
R
P 000001FBE42ACE88
P 000001FBE42AA178
C 9
R
P 000001FBE42ACE88
C 380
R
P 000001FBE42ACE88
S "x_1_2"
C 30
R
P 000001FBE42ACE88
C 380
R
P 000001FBE42ACE88
$ |x_1_2|
C 237
R
P 000001FBE42ACE88
C 380
R
P 000001FBE42ACE88
$ |x_1_2|
P 000001FBE42A9078
C 51
= 000001FBE42AA198
R
P 000001FBE42ACE88
C 380
R
P 000001FBE42ACE88
P 000001FBE42AA198
C 293
R
P 000001FBE42ACE88
C 380
R
P 000001FBE42ACE88
P 000001FBE42AA198
C 290
= 000001FBE42A9078
R
P 000001FBE42ACE88
C 380
R
P 000001FBE42ACE88
P 000001FBE42A9078
C 244
R
P 000001FBE42ACE88
C 380
R
P 000001FBE42ACE88
P 000001FBE42AA198
C 296
R
P 000001FBE42ACE88
C 380
R
P 000001FBE42ACE88
P 000001FBE42AA198
C 295
R
P 000001FBE42ACE88
C 380
R
P 000001FBE42ACE88
P 000001FBE42AA198
C 294
R
P 000001FBE42ACE88
C 380
R
P 000001FBE42ACE88
P 000001FBE42AA198
C 9
R
P 000001FBE42ACE88
C 380
R
P 000001FBE42ACE88
S "x_1_3"
C 30
R
P 000001FBE42ACE88
C 380
R
P 000001FBE42ACE88
$ |x_1_3|
C 237
R
P 000001FBE42ACE88
C 380
R
P 000001FBE42ACE88
$ |x_1_3|
P 000001FBE42A9078
C 51
= 000001FBE42AA1B8
R
P 000001FBE42ACE88
C 380
R
P 000001FBE42ACE88
P 000001FBE42AA1B8
C 293
R
P 000001FBE42ACE88
C 380
R
P 000001FBE42ACE88
P 000001FBE42AA1B8
C 290
= 000001FBE42A9078
R
P 000001FBE42ACE88
C 380
R
P 000001FBE42ACE88
P 000001FBE42A9078
C 244
R
P 000001FBE42ACE88
C 380
R
P 000001FBE42ACE88
P 000001FBE42AA1B8
C 296
R
P 000001FBE42ACE88
C 380
R
P 000001FBE42ACE88
P 000001FBE42AA1B8
C 295
R
P 000001FBE42ACE88
C 380
R
P 000001FBE42ACE88
P 000001FBE42AA1B8
C 294
R
P 000001FBE42ACE88
C 380
R
P 000001FBE42ACE88
P 000001FBE42AA1B8
C 9
R
P 000001FBE42ACE88
C 380
R
P 000001FBE42ACE88
S "x_1_4"
C 30
R
P 000001FBE42ACE88
C 380
R
P 000001FBE42ACE88
$ |x_1_4|
C 237
R
P 000001FBE42ACE88
C 380
R
P 000001FBE42ACE88
$ |x_1_4|
P 000001FBE42A9078
C 51
= 000001FBE42AA1D8
R
P 000001FBE42ACE88
C 380
R
P 000001FBE42ACE88
P 000001FBE42AA1D8
C 293
R
P 000001FBE42ACE88
C 380
R
P 000001FBE42ACE88
P 000001FBE42AA1D8
C 290
= 000001FBE42A9078
R
P 000001FBE42ACE88
C 380
R
P 000001FBE42ACE88
P 000001FBE42A9078
C 244
R
P 000001FBE42ACE88
C 380
R
P 000001FBE42ACE88
P 000001FBE42AA1D8
C 296
R
P 000001FBE42ACE88
C 380
R
P 000001FBE42ACE88
P 000001FBE42AA1D8
C 295
R
P 000001FBE42ACE88
C 380
R
P 000001FBE42ACE88
P 000001FBE42AA1D8
C 294
R
P 000001FBE42ACE88
C 380
R
P 000001FBE42ACE88
P 000001FBE42AA1D8
C 9
R
P 000001FBE42ACE88
C 380
R
P 000001FBE42ACE88
S "x_1_5"
C 30
R
P 000001FBE42ACE88
C 380
R
P 000001FBE42ACE88
$ |x_1_5|
C 237
R
P 000001FBE42ACE88
C 380
R
P 000001FBE42ACE88
$ |x_1_5|
P 000001FBE42A9078
C 51
= 000001FBE42AA1F8
R
P 000001FBE42ACE88
C 380
R
P 000001FBE42ACE88
P 000001FBE42AA1F8
C 293
R
P 000001FBE42ACE88
C 380
R
P 000001FBE42ACE88
P 000001FBE42AA1F8
C 290
= 000001FBE42A9078
R
P 000001FBE42ACE88
C 380
R
P 000001FBE42ACE88
P 000001FBE42A9078
C 244
R
P 000001FBE42ACE88
C 380
R
P 000001FBE42ACE88
P 000001FBE42AA1F8
C 296
R
P 000001FBE42ACE88
C 380
R
P 000001FBE42ACE88
P 000001FBE42AA1F8
C 295
R
P 000001FBE42ACE88
C 380
R
P 000001FBE42ACE88
P 000001FBE42AA1F8
C 294
R
P 000001FBE42ACE88
C 380
R
P 000001FBE42ACE88
P 000001FBE42AA1F8
C 9
R
P 000001FBE42ACE88
C 380
R
P 000001FBE42ACE88
S "x_1_6"
C 30
R
P 000001FBE42ACE88
C 380
R
P 000001FBE42ACE88
$ |x_1_6|
C 237
R
P 000001FBE42ACE88
C 380
R
P 000001FBE42ACE88
$ |x_1_6|
P 000001FBE42A9078
C 51
= 000001FBE42AA218
R
P 000001FBE42ACE88
C 380
R
P 000001FBE42ACE88
P 000001FBE42AA218
C 293
R
P 000001FBE42ACE88
C 380
R
P 000001FBE42ACE88
P 000001FBE42AA218
C 290
= 000001FBE42A9078
R
P 000001FBE42ACE88
C 380
R
P 000001FBE42ACE88
P 000001FBE42A9078
C 244
R
P 000001FBE42ACE88
C 380
R
P 000001FBE42ACE88
P 000001FBE42AA218
C 296
R
P 000001FBE42ACE88
C 380
R
P 000001FBE42ACE88
P 000001FBE42AA218
C 295
R
P 000001FBE42ACE88
C 380
R
P 000001FBE42ACE88
P 000001FBE42AA218
C 294
R
P 000001FBE42ACE88
C 380
R
P 000001FBE42ACE88
P 000001FBE42AA218
C 9
R
P 000001FBE42ACE88
C 380
R
P 000001FBE42ACE88
S "x_1_7"
C 30
R
P 000001FBE42ACE88
C 380
R
P 000001FBE42ACE88
$ |x_1_7|
C 237
R
P 000001FBE42ACE88
C 380
R
P 000001FBE42ACE88
$ |x_1_7|
P 000001FBE42A9078
C 51
= 000001FBE42AA238
R
P 000001FBE42ACE88
C 380
R
P 000001FBE42ACE88
P 000001FBE42AA238
C 293
R
P 000001FBE42ACE88
C 380
R
P 000001FBE42ACE88
P 000001FBE42AA238
C 290
= 000001FBE42A9078
R
P 000001FBE42ACE88
C 380
R
P 000001FBE42ACE88
P 000001FBE42A9078
C 244
R
P 000001FBE42ACE88
C 380
R
P 000001FBE42ACE88
P 000001FBE42AA238
C 296
R
P 000001FBE42ACE88
C 380
R
P 000001FBE42ACE88
P 000001FBE42AA238
C 295
R
P 000001FBE42ACE88
C 380
R
P 000001FBE42ACE88
P 000001FBE42AA238
C 294
R
P 000001FBE42ACE88
C 380
R
P 000001FBE42ACE88
P 000001FBE42AA238
C 9
R
P 000001FBE42ACE88
C 380
R
P 000001FBE42ACE88
S "x_1_8"
C 30
R
P 000001FBE42ACE88
C 380
R
P 000001FBE42ACE88
$ |x_1_8|
C 237
R
P 000001FBE42ACE88
C 380
R
P 000001FBE42ACE88
$ |x_1_8|
P 000001FBE42A9078
C 51
= 000001FBE42AA258
R
P 000001FBE42ACE88
C 380
R
P 000001FBE42ACE88
P 000001FBE42AA258
C 293
R
P 000001FBE42ACE88
C 380
R
P 000001FBE42ACE88
P 000001FBE42AA258
C 290
= 000001FBE42A9078
R
P 000001FBE42ACE88
C 380
R
P 000001FBE42ACE88
P 000001FBE42A9078
C 244
R
P 000001FBE42ACE88
C 380
R
P 000001FBE42ACE88
P 000001FBE42AA258
C 296
R
P 000001FBE42ACE88
C 380
R
P 000001FBE42ACE88
P 000001FBE42AA258
C 295
R
P 000001FBE42ACE88
C 380
R
P 000001FBE42ACE88
P 000001FBE42AA258
C 294
R
P 000001FBE42ACE88
C 380
R
P 000001FBE42ACE88
P 000001FBE42AA258
C 9
R
P 000001FBE42ACE88
C 380
R
P 000001FBE42ACE88
S "x_1_9"
C 30
R
P 000001FBE42ACE88
C 380
R
P 000001FBE42ACE88
$ |x_1_9|
C 237
R
P 000001FBE42ACE88
C 380
R
P 000001FBE42ACE88
$ |x_1_9|
P 000001FBE42A9078
C 51
= 000001FBE42AA278
R
P 000001FBE42ACE88
C 380
R
P 000001FBE42ACE88
P 000001FBE42AA278
C 293
R
P 000001FBE42ACE88
C 380
R
P 000001FBE42ACE88
P 000001FBE42AA278
C 290
= 000001FBE42A9078
R
P 000001FBE42ACE88
C 380
R
P 000001FBE42ACE88
P 000001FBE42A9078
C 244
R
P 000001FBE42ACE88
C 380
R
P 000001FBE42ACE88
P 000001FBE42AA278
C 296
R
P 000001FBE42ACE88
C 380
R
P 000001FBE42ACE88
P 000001FBE42AA278
C 295
R
P 000001FBE42ACE88
C 380
R
P 000001FBE42ACE88
P 000001FBE42AA278
C 294
R
P 000001FBE42ACE88
C 380
R
P 000001FBE42ACE88
P 000001FBE42AA278
C 9
R
P 000001FBE42ACE88
C 380
R
P 000001FBE42ACE88
S "x_2_1"
C 30
R
P 000001FBE42ACE88
C 380
R
P 000001FBE42ACE88
$ |x_2_1|
C 237
R
P 000001FBE42ACE88
C 380
R
P 000001FBE42ACE88
$ |x_2_1|
P 000001FBE42A9078
C 51
= 000001FBE42AA298
R
P 000001FBE42ACE88
C 380
R
P 000001FBE42ACE88
P 000001FBE42AA298
C 293
R
P 000001FBE42ACE88
C 380
R
P 000001FBE42ACE88
P 000001FBE42AA298
C 290
= 000001FBE42A9078
R
P 000001FBE42ACE88
C 380
R
P 000001FBE42ACE88
P 000001FBE42A9078
C 244
R
P 000001FBE42ACE88
C 380
R
P 000001FBE42ACE88
P 000001FBE42AA298
C 296
R
P 000001FBE42ACE88
C 380
R
P 000001FBE42ACE88
P 000001FBE42AA298
C 295
R
P 000001FBE42ACE88
C 380
R
P 000001FBE42ACE88
P 000001FBE42AA298
C 294
R
P 000001FBE42ACE88
C 380
R
P 000001FBE42ACE88
P 000001FBE42AA298
C 9
R
P 000001FBE42ACE88
C 380
R
P 000001FBE42ACE88
S "x_2_2"
C 30
R
P 000001FBE42ACE88
C 380
R
P 000001FBE42ACE88
$ |x_2_2|
C 237
R
P 000001FBE42ACE88
C 380
R
P 000001FBE42ACE88
$ |x_2_2|
P 000001FBE42A9078
C 51
= 000001FBE42AA2B8
R
P 000001FBE42ACE88
C 380
R
P 000001FBE42ACE88
P 000001FBE42AA2B8
C 293
R
P 000001FBE42ACE88
C 380
R
P 000001FBE42ACE88
P 000001FBE42AA2B8
C 290
= 000001FBE42A9078
R
P 000001FBE42ACE88
C 380
R
P 000001FBE42ACE88
P 000001FBE42A9078
C 244
R
P 000001FBE42ACE88
C 380
R
P 000001FBE42ACE88
P 000001FBE42AA2B8
C 296
R
P 000001FBE42ACE88
C 380
R
P 000001FBE42ACE88
P 000001FBE42AA2B8
C 295
R
P 000001FBE42ACE88
C 380
R
P 000001FBE42ACE88
P 000001FBE42AA2B8
C 294
R
P 000001FBE42ACE88
C 380
R
P 000001FBE42ACE88
P 000001FBE42AA2B8
C 9
R
P 000001FBE42ACE88
C 380
R
P 000001FBE42ACE88
S "x_2_3"
C 30
R
P 000001FBE42ACE88
C 380
R
P 000001FBE42ACE88
$ |x_2_3|
C 237
R
P 000001FBE42ACE88
C 380
R
P 000001FBE42ACE88
$ |x_2_3|
P 000001FBE42A9078
C 51
= 000001FBE42AA2D8
R
P 000001FBE42ACE88
C 380
R
P 000001FBE42ACE88
P 000001FBE42AA2D8
C 293
R
P 000001FBE42ACE88
C 380
R
P 000001FBE42ACE88
P 000001FBE42AA2D8
C 290
= 000001FBE42A9078
R
P 000001FBE42ACE88
C 380
R
P 000001FBE42ACE88
P 000001FBE42A9078
C 244
R
P 000001FBE42ACE88
C 380
R
P 000001FBE42ACE88
P 000001FBE42AA2D8
C 296
R
P 000001FBE42ACE88
C 380
R
P 000001FBE42ACE88
P 000001FBE42AA2D8
C 295
R
P 000001FBE42ACE88
C 380
R
P 000001FBE42ACE88
P 000001FBE42AA2D8
C 294
R
P 000001FBE42ACE88
C 380
R
P 000001FBE42ACE88
P 000001FBE42AA2D8
C 9
R
P 000001FBE42ACE88
C 380
R
P 000001FBE42ACE88
S "x_2_4"
C 30
R
P 000001FBE42ACE88
C 380
R
P 000001FBE42ACE88
$ |x_2_4|
C 237
R
P 000001FBE42ACE88
C 380
R
P 000001FBE42ACE88
$ |x_2_4|
P 000001FBE42A9078
C 51
= 000001FBE42AA2F8
R
P 000001FBE42ACE88
C 380
R
P 000001FBE42ACE88
P 000001FBE42AA2F8
C 293
R
P 000001FBE42ACE88
C 380
R
P 000001FBE42ACE88
P 000001FBE42AA2F8
C 290
= 000001FBE42A9078
R
P 000001FBE42ACE88
C 380
R
P 000001FBE42ACE88
P 000001FBE42A9078
C 244
R
P 000001FBE42ACE88
C 380
R
P 000001FBE42ACE88
P 000001FBE42AA2F8
C 296
R
P 000001FBE42ACE88
C 380
R
P 000001FBE42ACE88
P 000001FBE42AA2F8
C 295
R
P 000001FBE42ACE88
C 380
R
P 000001FBE42ACE88
P 000001FBE42AA2F8
C 294
R
P 000001FBE42ACE88
C 380
R
P 000001FBE42ACE88
P 000001FBE42AA2F8
C 9
R
P 000001FBE42ACE88
C 380
R
P 000001FBE42ACE88
S "x_2_5"
C 30
R
P 000001FBE42ACE88
C 380
R
P 000001FBE42ACE88
$ |x_2_5|
C 237
R
P 000001FBE42ACE88
C 380
R
P 000001FBE42ACE88
$ |x_2_5|
P 000001FBE42A9078
C 51
= 000001FBE42AA318
R
P 000001FBE42ACE88
C 380
R
P 000001FBE42ACE88
P 000001FBE42AA318
C 293
R
P 000001FBE42ACE88
C 380
R
P 000001FBE42ACE88
P 000001FBE42AA318
C 290
= 000001FBE42A9078
R
P 000001FBE42ACE88
C 380
R
P 000001FBE42ACE88
P 000001FBE42A9078
C 244
R
P 000001FBE42ACE88
C 380
R
P 000001FBE42ACE88
P 000001FBE42AA318
C 296
R
P 000001FBE42ACE88
C 380
R
P 000001FBE42ACE88
P 000001FBE42AA318
C 295
R
P 000001FBE42ACE88
C 380
R
P 000001FBE42ACE88
P 000001FBE42AA318
C 294
R
P 000001FBE42ACE88
C 380
R
P 000001FBE42ACE88
P 000001FBE42AA318
C 9
R
P 000001FBE42ACE88
C 380
R
P 000001FBE42ACE88
S "x_2_6"
C 30
R
P 000001FBE42ACE88
C 380
R
P 000001FBE42ACE88
$ |x_2_6|
C 237
R
P 000001FBE42ACE88
C 380
R
P 000001FBE42ACE88
$ |x_2_6|
P 000001FBE42A9078
C 51
= 000001FBE42AA338
R
P 000001FBE42ACE88
C 380
R
P 000001FBE42ACE88
P 000001FBE42AA338
C 293
R
P 000001FBE42ACE88
C 380
R
P 000001FBE42ACE88
P 000001FBE42AA338
C 290
= 000001FBE42A9078
R
P 000001FBE42ACE88
C 380
R
P 000001FBE42ACE88
P 000001FBE42A9078
C 244
R
P 000001FBE42ACE88
C 380
R
P 000001FBE42ACE88
P 000001FBE42AA338
C 296
R
P 000001FBE42ACE88
C 380
R
P 000001FBE42ACE88
P 000001FBE42AA338
C 295
R
P 000001FBE42ACE88
C 380
R
P 000001FBE42ACE88
P 000001FBE42AA338
C 294
R
P 000001FBE42ACE88
C 380
R
P 000001FBE42ACE88
P 000001FBE42AA338
C 9
R
P 000001FBE42ACE88
C 380
R
P 000001FBE42ACE88
S "x_2_7"
C 30
R
P 000001FBE42ACE88
C 380
R
P 000001FBE42ACE88
$ |x_2_7|
C 237
R
P 000001FBE42ACE88
C 380
R
P 000001FBE42ACE88
$ |x_2_7|
P 000001FBE42A9078
C 51
= 000001FBE42AA358
R
P 000001FBE42ACE88
C 380
R
P 000001FBE42ACE88
P 000001FBE42AA358
C 293
R
P 000001FBE42ACE88
C 380
R
P 000001FBE42ACE88
P 000001FBE42AA358
C 290
= 000001FBE42A9078
R
P 000001FBE42ACE88
C 380
R
P 000001FBE42ACE88
P 000001FBE42A9078
C 244
R
P 000001FBE42ACE88
C 380
R
P 000001FBE42ACE88
P 000001FBE42AA358
C 296
R
P 000001FBE42ACE88
C 380
R
P 000001FBE42ACE88
P 000001FBE42AA358
C 295
R
P 000001FBE42ACE88
C 380
R
P 000001FBE42ACE88
P 000001FBE42AA358
C 294
R
P 000001FBE42ACE88
C 380
R
P 000001FBE42ACE88
P 000001FBE42AA358
C 9
R
P 000001FBE42ACE88
C 380
R
P 000001FBE42ACE88
S "x_2_8"
C 30
R
P 000001FBE42ACE88
C 380
R
P 000001FBE42ACE88
$ |x_2_8|
C 237
R
P 000001FBE42ACE88
C 380
R
P 000001FBE42ACE88
$ |x_2_8|
P 000001FBE42A9078
C 51
= 000001FBE42AA378
R
P 000001FBE42ACE88
C 380
R
P 000001FBE42ACE88
P 000001FBE42AA378
C 293
R
P 000001FBE42ACE88
C 380
R
P 000001FBE42ACE88
P 000001FBE42AA378
C 290
= 000001FBE42A9078
R
P 000001FBE42ACE88
C 380
R
P 000001FBE42ACE88
P 000001FBE42A9078
C 244
R
P 000001FBE42ACE88
C 380
R
P 000001FBE42ACE88
P 000001FBE42AA378
C 296
R
P 000001FBE42ACE88
C 380
R
P 000001FBE42ACE88
P 000001FBE42AA378
C 295
R
P 000001FBE42ACE88
C 380
R
P 000001FBE42ACE88
P 000001FBE42AA378
C 294
R
P 000001FBE42ACE88
C 380
R
P 000001FBE42ACE88
P 000001FBE42AA378
C 9
R
P 000001FBE42ACE88
C 380
R
P 000001FBE42ACE88
S "x_2_9"
C 30
R
P 000001FBE42ACE88
C 380
R
P 000001FBE42ACE88
$ |x_2_9|
C 237
R
P 000001FBE42ACE88
C 380
R
P 000001FBE42ACE88
$ |x_2_9|
P 000001FBE42A9078
C 51
= 000001FBE42AA398
R
P 000001FBE42ACE88
C 380
R
P 000001FBE42ACE88
P 000001FBE42AA398
C 293
R
P 000001FBE42ACE88
C 380
R
P 000001FBE42ACE88
P 000001FBE42AA398
C 290
= 000001FBE42A9078
R
P 000001FBE42ACE88
C 380
R
P 000001FBE42ACE88
P 000001FBE42A9078
C 244
R
P 000001FBE42ACE88
C 380
R
P 000001FBE42ACE88
P 000001FBE42AA398
C 296
R
P 000001FBE42ACE88
C 380
R
P 000001FBE42ACE88
P 000001FBE42AA398
C 295
R
P 000001FBE42ACE88
C 380
R
P 000001FBE42ACE88
P 000001FBE42AA398
C 294
R
P 000001FBE42ACE88
C 380
R
P 000001FBE42ACE88
P 000001FBE42AA398
C 9
R
P 000001FBE42ACE88
C 380
R
P 000001FBE42ACE88
S "x_3_1"
C 30
R
P 000001FBE42ACE88
C 380
R
P 000001FBE42ACE88
$ |x_3_1|
C 237
R
P 000001FBE42ACE88
C 380
R
P 000001FBE42ACE88
$ |x_3_1|
P 000001FBE42A9078
C 51
= 000001FBE42AA3B8
R
P 000001FBE42ACE88
C 380
R
P 000001FBE42ACE88
P 000001FBE42AA3B8
C 293
R
P 000001FBE42ACE88
C 380
R
P 000001FBE42ACE88
P 000001FBE42AA3B8
C 290
= 000001FBE42A9078
R
P 000001FBE42ACE88
C 380
R
P 000001FBE42ACE88
P 000001FBE42A9078
C 244
R
P 000001FBE42ACE88
C 380
R
P 000001FBE42ACE88
P 000001FBE42AA3B8
C 296
R
P 000001FBE42ACE88
C 380
R
P 000001FBE42ACE88
P 000001FBE42AA3B8
C 295
R
P 000001FBE42ACE88
C 380
R
P 000001FBE42ACE88
P 000001FBE42AA3B8
C 294
R
P 000001FBE42ACE88
C 380
R
P 000001FBE42ACE88
P 000001FBE42AA3B8
C 9
R
P 000001FBE42ACE88
C 380
R
P 000001FBE42ACE88
S "x_3_2"
C 30
R
P 000001FBE42ACE88
C 380
R
P 000001FBE42ACE88
$ |x_3_2|
C 237
R
P 000001FBE42ACE88
C 380
R
P 000001FBE42ACE88
$ |x_3_2|
P 000001FBE42A9078
C 51
= 000001FBE42AA3D8
R
P 000001FBE42ACE88
C 380
R
P 000001FBE42ACE88
P 000001FBE42AA3D8
C 293
R
P 000001FBE42ACE88
C 380
R
P 000001FBE42ACE88
P 000001FBE42AA3D8
C 290
= 000001FBE42A9078
R
P 000001FBE42ACE88
C 380
R
P 000001FBE42ACE88
P 000001FBE42A9078
C 244
R
P 000001FBE42ACE88
C 380
R
P 000001FBE42ACE88
P 000001FBE42AA3D8
C 296
R
P 000001FBE42ACE88
C 380
R
P 000001FBE42ACE88
P 000001FBE42AA3D8
C 295
R
P 000001FBE42ACE88
C 380
R
P 000001FBE42ACE88
P 000001FBE42AA3D8
C 294
R
P 000001FBE42ACE88
C 380
R
P 000001FBE42ACE88
P 000001FBE42AA3D8
C 9
R
P 000001FBE42ACE88
C 380
R
P 000001FBE42ACE88
S "x_3_3"
C 30
R
P 000001FBE42ACE88
C 380
R
P 000001FBE42ACE88
$ |x_3_3|
C 237
R
P 000001FBE42ACE88
C 380
R
P 000001FBE42ACE88
$ |x_3_3|
P 000001FBE42A9078
C 51
= 000001FBE42AA3F8
R
P 000001FBE42ACE88
C 380
R
P 000001FBE42ACE88
P 000001FBE42AA3F8
C 293
R
P 000001FBE42ACE88
C 380
R
P 000001FBE42ACE88
P 000001FBE42AA3F8
C 290
= 000001FBE42A9078
R
P 000001FBE42ACE88
C 380
R
P 000001FBE42ACE88
P 000001FBE42A9078
C 244
R
P 000001FBE42ACE88
C 380
R
P 000001FBE42ACE88
P 000001FBE42AA3F8
C 296
R
P 000001FBE42ACE88
C 380
R
P 000001FBE42ACE88
P 000001FBE42AA3F8
C 295
R
P 000001FBE42ACE88
C 380
R
P 000001FBE42ACE88
P 000001FBE42AA3F8
C 294
R
P 000001FBE42ACE88
C 380
R
P 000001FBE42ACE88
P 000001FBE42AA3F8
C 9
R
P 000001FBE42ACE88
C 380
R
P 000001FBE42ACE88
S "x_3_4"
C 30
R
P 000001FBE42ACE88
C 380
R
P 000001FBE42ACE88
$ |x_3_4|
C 237
R
P 000001FBE42ACE88
C 380
R
P 000001FBE42ACE88
$ |x_3_4|
P 000001FBE42A9078
C 51
= 000001FBE42AA418
R
P 000001FBE42ACE88
C 380
R
P 000001FBE42ACE88
P 000001FBE42AA418
C 293
R
P 000001FBE42ACE88
C 380
R
P 000001FBE42ACE88
P 000001FBE42AA418
C 290
= 000001FBE42A9078
R
P 000001FBE42ACE88
C 380
R
P 000001FBE42ACE88
P 000001FBE42A9078
C 244
R
P 000001FBE42ACE88
C 380
R
P 000001FBE42ACE88
P 000001FBE42AA418
C 296
R
P 000001FBE42ACE88
C 380
R
P 000001FBE42ACE88
P 000001FBE42AA418
C 295
R
P 000001FBE42ACE88
C 380
R
P 000001FBE42ACE88
P 000001FBE42AA418
C 294
R
P 000001FBE42ACE88
C 380
R
P 000001FBE42ACE88
P 000001FBE42AA418
C 9
R
P 000001FBE42ACE88
C 380
R
P 000001FBE42ACE88
S "x_3_5"
C 30
R
P 000001FBE42ACE88
C 380
R
P 000001FBE42ACE88
$ |x_3_5|
C 237
R
P 000001FBE42ACE88
C 380
R
P 000001FBE42ACE88
$ |x_3_5|
P 000001FBE42A9078
C 51
= 000001FBE42AA438
R
P 000001FBE42ACE88
C 380
R
P 000001FBE42ACE88
P 000001FBE42AA438
C 293
R
P 000001FBE42ACE88
C 380
R
P 000001FBE42ACE88
P 000001FBE42AA438
C 290
= 000001FBE42A9078
R
P 000001FBE42ACE88
C 380
R
P 000001FBE42ACE88
P 000001FBE42A9078
C 244
R
P 000001FBE42ACE88
C 380
R
P 000001FBE42ACE88
P 000001FBE42AA438
C 296
R
P 000001FBE42ACE88
C 380
R
P 000001FBE42ACE88
P 000001FBE42AA438
C 295
R
P 000001FBE42ACE88
C 380
R
P 000001FBE42ACE88
P 000001FBE42AA438
C 294
R
P 000001FBE42ACE88
C 380
R
P 000001FBE42ACE88
P 000001FBE42AA438
C 9
R
P 000001FBE42ACE88
C 380
R
P 000001FBE42ACE88
S "x_3_6"
C 30
R
P 000001FBE42ACE88
C 380
R
P 000001FBE42ACE88
$ |x_3_6|
C 237
R
P 000001FBE42ACE88
C 380
R
P 000001FBE42ACE88
$ |x_3_6|
P 000001FBE42A9078
C 51
= 000001FBE42AA458
R
P 000001FBE42ACE88
C 380
R
P 000001FBE42ACE88
P 000001FBE42AA458
C 293
R
P 000001FBE42ACE88
C 380
R
P 000001FBE42ACE88
P 000001FBE42AA458
C 290
= 000001FBE42A9078
R
P 000001FBE42ACE88
C 380
R
P 000001FBE42ACE88
P 000001FBE42A9078
C 244
R
P 000001FBE42ACE88
C 380
R
P 000001FBE42ACE88
P 000001FBE42AA458
C 296
R
P 000001FBE42ACE88
C 380
R
P 000001FBE42ACE88
P 000001FBE42AA458
C 295
R
P 000001FBE42ACE88
C 380
R
P 000001FBE42ACE88
P 000001FBE42AA458
C 294
R
P 000001FBE42ACE88
C 380
R
P 000001FBE42ACE88
P 000001FBE42AA458
C 9
R
P 000001FBE42ACE88
C 380
R
P 000001FBE42ACE88
S "x_3_7"
C 30
R
P 000001FBE42ACE88
C 380
R
P 000001FBE42ACE88
$ |x_3_7|
C 237
R
P 000001FBE42ACE88
C 380
R
P 000001FBE42ACE88
$ |x_3_7|
P 000001FBE42A9078
C 51
= 000001FBE42AA478
R
P 000001FBE42ACE88
C 380
R
P 000001FBE42ACE88
P 000001FBE42AA478
C 293
R
P 000001FBE42ACE88
C 380
R
P 000001FBE42ACE88
P 000001FBE42AA478
C 290
= 000001FBE42A9078
R
P 000001FBE42ACE88
C 380
R
P 000001FBE42ACE88
P 000001FBE42A9078
C 244
R
P 000001FBE42ACE88
C 380
R
P 000001FBE42ACE88
P 000001FBE42AA478
C 296
R
P 000001FBE42ACE88
C 380
R
P 000001FBE42ACE88
P 000001FBE42AA478
C 295
R
P 000001FBE42ACE88
C 380
R
P 000001FBE42ACE88
P 000001FBE42AA478
C 294
R
P 000001FBE42ACE88
C 380
R
P 000001FBE42ACE88
P 000001FBE42AA478
C 9
R
P 000001FBE42ACE88
C 380
R
P 000001FBE42ACE88
S "x_3_8"
C 30
R
P 000001FBE42ACE88
C 380
R
P 000001FBE42ACE88
$ |x_3_8|
C 237
R
P 000001FBE42ACE88
C 380
R
P 000001FBE42ACE88
$ |x_3_8|
P 000001FBE42A9078
C 51
= 000001FBE42AA498
R
P 000001FBE42ACE88
C 380
R
P 000001FBE42ACE88
P 000001FBE42AA498
C 293
R
P 000001FBE42ACE88
C 380
R
P 000001FBE42ACE88
P 000001FBE42AA498
C 290
= 000001FBE42A9078
R
P 000001FBE42ACE88
C 380
R
P 000001FBE42ACE88
P 000001FBE42A9078
C 244
R
P 000001FBE42ACE88
C 380
R
P 000001FBE42ACE88
P 000001FBE42AA498
C 296
R
P 000001FBE42ACE88
C 380
R
P 000001FBE42ACE88
P 000001FBE42AA498
C 295
R
P 000001FBE42ACE88
C 380
R
P 000001FBE42ACE88
P 000001FBE42AA498
C 294
R
P 000001FBE42ACE88
C 380
R
P 000001FBE42ACE88
P 000001FBE42AA498
C 9
R
P 000001FBE42ACE88
C 380
R
P 000001FBE42ACE88
S "x_3_9"
C 30
R
P 000001FBE42ACE88
C 380
R
P 000001FBE42ACE88
$ |x_3_9|
C 237
R
P 000001FBE42ACE88
C 380
R
P 000001FBE42ACE88
$ |x_3_9|
P 000001FBE42A9078
C 51
= 000001FBE42AA4B8
R
P 000001FBE42ACE88
C 380
R
P 000001FBE42ACE88
P 000001FBE42AA4B8
C 293
R
P 000001FBE42ACE88
C 380
R
P 000001FBE42ACE88
P 000001FBE42AA4B8
C 290
= 000001FBE42A9078
R
P 000001FBE42ACE88
C 380
R
P 000001FBE42ACE88
P 000001FBE42A9078
C 244
R
P 000001FBE42ACE88
C 380
R
P 000001FBE42ACE88
P 000001FBE42AA4B8
C 296
R
P 000001FBE42ACE88
C 380
R
P 000001FBE42ACE88
P 000001FBE42AA4B8
C 295
R
P 000001FBE42ACE88
C 380
R
P 000001FBE42ACE88
P 000001FBE42AA4B8
C 294
R
P 000001FBE42ACE88
C 380
R
P 000001FBE42ACE88
P 000001FBE42AA4B8
C 9
R
P 000001FBE42ACE88
C 380
R
P 000001FBE42ACE88
S "x_4_1"
C 30
R
P 000001FBE42ACE88
C 380
R
P 000001FBE42ACE88
$ |x_4_1|
C 237
R
P 000001FBE42ACE88
C 380
R
P 000001FBE42ACE88
$ |x_4_1|
P 000001FBE42A9078
C 51
= 000001FBE42AA4D8
R
P 000001FBE42ACE88
C 380
R
P 000001FBE42ACE88
P 000001FBE42AA4D8
C 293
R
P 000001FBE42ACE88
C 380
R
P 000001FBE42ACE88
P 000001FBE42AA4D8
C 290
= 000001FBE42A9078
R
P 000001FBE42ACE88
C 380
R
P 000001FBE42ACE88
P 000001FBE42A9078
C 244
R
P 000001FBE42ACE88
C 380
R
P 000001FBE42ACE88
P 000001FBE42AA4D8
C 296
R
P 000001FBE42ACE88
C 380
R
P 000001FBE42ACE88
P 000001FBE42AA4D8
C 295
R
P 000001FBE42ACE88
C 380
R
P 000001FBE42ACE88
P 000001FBE42AA4D8
C 294
R
P 000001FBE42ACE88
C 380
R
P 000001FBE42ACE88
P 000001FBE42AA4D8
C 9
R
P 000001FBE42ACE88
C 380
R
P 000001FBE42ACE88
S "x_4_2"
C 30
R
P 000001FBE42ACE88
C 380
R
P 000001FBE42ACE88
$ |x_4_2|
C 237
R
P 000001FBE42ACE88
C 380
R
P 000001FBE42ACE88
$ |x_4_2|
P 000001FBE42A9078
C 51
= 000001FBE42AA4F8
R
P 000001FBE42ACE88
C 380
R
P 000001FBE42ACE88
P 000001FBE42AA4F8
C 293
R
P 000001FBE42ACE88
C 380
R
P 000001FBE42ACE88
P 000001FBE42AA4F8
C 290
= 000001FBE42A9078
R
P 000001FBE42ACE88
C 380
R
P 000001FBE42ACE88
P 000001FBE42A9078
C 244
R
P 000001FBE42ACE88
C 380
R
P 000001FBE42ACE88
P 000001FBE42AA4F8
C 296
R
P 000001FBE42ACE88
C 380
R
P 000001FBE42ACE88
P 000001FBE42AA4F8
C 295
R
P 000001FBE42ACE88
C 380
R
P 000001FBE42ACE88
P 000001FBE42AA4F8
C 294
R
P 000001FBE42ACE88
C 380
R
P 000001FBE42ACE88
P 000001FBE42AA4F8
C 9
R
P 000001FBE42ACE88
C 380
R
P 000001FBE42ACE88
S "x_4_3"
C 30
R
P 000001FBE42ACE88
C 380
R
P 000001FBE42ACE88
$ |x_4_3|
C 237
R
P 000001FBE42ACE88
C 380
R
P 000001FBE42ACE88
$ |x_4_3|
P 000001FBE42A9078
C 51
= 000001FBE42AA518
R
P 000001FBE42ACE88
C 380
R
P 000001FBE42ACE88
P 000001FBE42AA518
C 293
R
P 000001FBE42ACE88
C 380
R
P 000001FBE42ACE88
P 000001FBE42AA518
C 290
= 000001FBE42A9078
R
P 000001FBE42ACE88
C 380
R
P 000001FBE42ACE88
P 000001FBE42A9078
C 244
R
P 000001FBE42ACE88
C 380
R
P 000001FBE42ACE88
P 000001FBE42AA518
C 296
R
P 000001FBE42ACE88
C 380
R
P 000001FBE42ACE88
P 000001FBE42AA518
C 295
R
P 000001FBE42ACE88
C 380
R
P 000001FBE42ACE88
P 000001FBE42AA518
C 294
R
P 000001FBE42ACE88
C 380
R
P 000001FBE42ACE88
P 000001FBE42AA518
C 9
R
P 000001FBE42ACE88
C 380
R
P 000001FBE42ACE88
S "x_4_4"
C 30
R
P 000001FBE42ACE88
C 380
R
P 000001FBE42ACE88
$ |x_4_4|
C 237
R
P 000001FBE42ACE88
C 380
R
P 000001FBE42ACE88
$ |x_4_4|
P 000001FBE42A9078
C 51
= 000001FBE42AA538
R
P 000001FBE42ACE88
C 380
R
P 000001FBE42ACE88
P 000001FBE42AA538
C 293
R
P 000001FBE42ACE88
C 380
R
P 000001FBE42ACE88
P 000001FBE42AA538
C 290
= 000001FBE42A9078
R
P 000001FBE42ACE88
C 380
R
P 000001FBE42ACE88
P 000001FBE42A9078
C 244
R
P 000001FBE42ACE88
C 380
R
P 000001FBE42ACE88
P 000001FBE42AA538
C 296
R
P 000001FBE42ACE88
C 380
R
P 000001FBE42ACE88
P 000001FBE42AA538
C 295
R
P 000001FBE42ACE88
C 380
R
P 000001FBE42ACE88
P 000001FBE42AA538
C 294
R
P 000001FBE42ACE88
C 380
R
P 000001FBE42ACE88
P 000001FBE42AA538
C 9
R
P 000001FBE42ACE88
C 380
R
P 000001FBE42ACE88
S "x_4_5"
C 30
R
P 000001FBE42ACE88
C 380
R
P 000001FBE42ACE88
$ |x_4_5|
C 237
R
P 000001FBE42ACE88
C 380
R
P 000001FBE42ACE88
$ |x_4_5|
P 000001FBE42A9078
C 51
= 000001FBE42AA558
R
P 000001FBE42ACE88
C 380
R
P 000001FBE42ACE88
P 000001FBE42AA558
C 293
R
P 000001FBE42ACE88
C 380
R
P 000001FBE42ACE88
P 000001FBE42AA558
C 290
= 000001FBE42A9078
R
P 000001FBE42ACE88
C 380
R
P 000001FBE42ACE88
P 000001FBE42A9078
C 244
R
P 000001FBE42ACE88
C 380
R
P 000001FBE42ACE88
P 000001FBE42AA558
C 296
R
P 000001FBE42ACE88
C 380
R
P 000001FBE42ACE88
P 000001FBE42AA558
C 295
R
P 000001FBE42ACE88
C 380
R
P 000001FBE42ACE88
P 000001FBE42AA558
C 294
R
P 000001FBE42ACE88
C 380
R
P 000001FBE42ACE88
P 000001FBE42AA558
C 9
R
P 000001FBE42ACE88
C 380
R
P 000001FBE42ACE88
S "x_4_6"
C 30
R
P 000001FBE42ACE88
C 380
R
P 000001FBE42ACE88
$ |x_4_6|
C 237
R
P 000001FBE42ACE88
C 380
R
P 000001FBE42ACE88
$ |x_4_6|
P 000001FBE42A9078
C 51
= 000001FBE42AA578
R
P 000001FBE42ACE88
C 380
R
P 000001FBE42ACE88
P 000001FBE42AA578
C 293
R
P 000001FBE42ACE88
C 380
R
P 000001FBE42ACE88
P 000001FBE42AA578
C 290
= 000001FBE42A9078
R
P 000001FBE42ACE88
C 380
R
P 000001FBE42ACE88
P 000001FBE42A9078
C 244
R
P 000001FBE42ACE88
C 380
R
P 000001FBE42ACE88
P 000001FBE42AA578
C 296
R
P 000001FBE42ACE88
C 380
R
P 000001FBE42ACE88
P 000001FBE42AA578
C 295
R
P 000001FBE42ACE88
C 380
R
P 000001FBE42ACE88
P 000001FBE42AA578
C 294
R
P 000001FBE42ACE88
C 380
R
P 000001FBE42ACE88
P 000001FBE42AA578
C 9
R
P 000001FBE42ACE88
C 380
R
P 000001FBE42ACE88
S "x_4_7"
C 30
R
P 000001FBE42ACE88
C 380
R
P 000001FBE42ACE88
$ |x_4_7|
C 237
R
P 000001FBE42ACE88
C 380
R
P 000001FBE42ACE88
$ |x_4_7|
P 000001FBE42A9078
C 51
= 000001FBE42AA598
R
P 000001FBE42ACE88
C 380
R
P 000001FBE42ACE88
P 000001FBE42AA598
C 293
R
P 000001FBE42ACE88
C 380
R
P 000001FBE42ACE88
P 000001FBE42AA598
C 290
= 000001FBE42A9078
R
P 000001FBE42ACE88
C 380
R
P 000001FBE42ACE88
P 000001FBE42A9078
C 244
R
P 000001FBE42ACE88
C 380
R
P 000001FBE42ACE88
P 000001FBE42AA598
C 296
R
P 000001FBE42ACE88
C 380
R
P 000001FBE42ACE88
P 000001FBE42AA598
C 295
R
P 000001FBE42ACE88
C 380
R
P 000001FBE42ACE88
P 000001FBE42AA598
C 294
R
P 000001FBE42ACE88
C 380
R
P 000001FBE42ACE88
P 000001FBE42AA598
C 9
R
P 000001FBE42ACE88
C 380
R
P 000001FBE42ACE88
S "x_4_8"
C 30
R
P 000001FBE42ACE88
C 380
R
P 000001FBE42ACE88
$ |x_4_8|
C 237
R
P 000001FBE42ACE88
C 380
R
P 000001FBE42ACE88
$ |x_4_8|
P 000001FBE42A9078
C 51
= 000001FBE42AA5B8
R
P 000001FBE42ACE88
C 380
R
P 000001FBE42ACE88
P 000001FBE42AA5B8
C 293
R
P 000001FBE42ACE88
C 380
R
P 000001FBE42ACE88
P 000001FBE42AA5B8
C 290
= 000001FBE42A9078
R
P 000001FBE42ACE88
C 380
R
P 000001FBE42ACE88
P 000001FBE42A9078
C 244
R
P 000001FBE42ACE88
C 380
R
P 000001FBE42ACE88
P 000001FBE42AA5B8
C 296
R
P 000001FBE42ACE88
C 380
R
P 000001FBE42ACE88
P 000001FBE42AA5B8
C 295
R
P 000001FBE42ACE88
C 380
R
P 000001FBE42ACE88
P 000001FBE42AA5B8
C 294
R
P 000001FBE42ACE88
C 380
R
P 000001FBE42ACE88
P 000001FBE42AA5B8
C 9
R
P 000001FBE42ACE88
C 380
R
P 000001FBE42ACE88
S "x_4_9"
C 30
R
P 000001FBE42ACE88
C 380
R
P 000001FBE42ACE88
$ |x_4_9|
C 237
R
P 000001FBE42ACE88
C 380
R
P 000001FBE42ACE88
$ |x_4_9|
P 000001FBE42A9078
C 51
= 000001FBE42AA5D8
R
P 000001FBE42ACE88
C 380
R
P 000001FBE42ACE88
P 000001FBE42AA5D8
C 293
R
P 000001FBE42ACE88
C 380
R
P 000001FBE42ACE88
P 000001FBE42AA5D8
C 290
= 000001FBE42A9078
R
P 000001FBE42ACE88
C 380
R
P 000001FBE42ACE88
P 000001FBE42A9078
C 244
R
P 000001FBE42ACE88
C 380
R
P 000001FBE42ACE88
P 000001FBE42AA5D8
C 296
R
P 000001FBE42ACE88
C 380
R
P 000001FBE42ACE88
P 000001FBE42AA5D8
C 295
R
P 000001FBE42ACE88
C 380
R
P 000001FBE42ACE88
P 000001FBE42AA5D8
C 294
R
P 000001FBE42ACE88
C 380
R
P 000001FBE42ACE88
P 000001FBE42AA5D8
C 9
R
P 000001FBE42ACE88
C 380
R
P 000001FBE42ACE88
S "x_5_1"
C 30
R
P 000001FBE42ACE88
C 380
R
P 000001FBE42ACE88
$ |x_5_1|
C 237
R
P 000001FBE42ACE88
C 380
R
P 000001FBE42ACE88
$ |x_5_1|
P 000001FBE42A9078
C 51
= 000001FBE42AA5F8
R
P 000001FBE42ACE88
C 380
R
P 000001FBE42ACE88
P 000001FBE42AA5F8
C 293
R
P 000001FBE42ACE88
C 380
R
P 000001FBE42ACE88
P 000001FBE42AA5F8
C 290
= 000001FBE42A9078
R
P 000001FBE42ACE88
C 380
R
P 000001FBE42ACE88
P 000001FBE42A9078
C 244
R
P 000001FBE42ACE88
C 380
R
P 000001FBE42ACE88
P 000001FBE42AA5F8
C 296
R
P 000001FBE42ACE88
C 380
R
P 000001FBE42ACE88
P 000001FBE42AA5F8
C 295
R
P 000001FBE42ACE88
C 380
R
P 000001FBE42ACE88
P 000001FBE42AA5F8
C 294
R
P 000001FBE42ACE88
C 380
R
P 000001FBE42ACE88
P 000001FBE42AA5F8
C 9
R
P 000001FBE42ACE88
C 380
R
P 000001FBE42ACE88
S "x_5_2"
C 30
R
P 000001FBE42ACE88
C 380
R
P 000001FBE42ACE88
$ |x_5_2|
C 237
R
P 000001FBE42ACE88
C 380
R
P 000001FBE42ACE88
$ |x_5_2|
P 000001FBE42A9078
C 51
= 000001FBE42AA618
R
P 000001FBE42ACE88
C 380
R
P 000001FBE42ACE88
P 000001FBE42AA618
C 293
R
P 000001FBE42ACE88
C 380
R
P 000001FBE42ACE88
P 000001FBE42AA618
C 290
= 000001FBE42A9078
R
P 000001FBE42ACE88
C 380
R
P 000001FBE42ACE88
P 000001FBE42A9078
C 244
R
P 000001FBE42ACE88
C 380
R
P 000001FBE42ACE88
P 000001FBE42AA618
C 296
R
P 000001FBE42ACE88
C 380
R
P 000001FBE42ACE88
P 000001FBE42AA618
C 295
R
P 000001FBE42ACE88
C 380
R
P 000001FBE42ACE88
P 000001FBE42AA618
C 294
R
P 000001FBE42ACE88
C 380
R
P 000001FBE42ACE88
P 000001FBE42AA618
C 9
R
P 000001FBE42ACE88
C 380
R
P 000001FBE42ACE88
S "x_5_3"
C 30
R
P 000001FBE42ACE88
C 380
R
P 000001FBE42ACE88
$ |x_5_3|
C 237
R
P 000001FBE42ACE88
C 380
R
P 000001FBE42ACE88
$ |x_5_3|
P 000001FBE42A9078
C 51
= 000001FBE42AA638
R
P 000001FBE42ACE88
C 380
R
P 000001FBE42ACE88
P 000001FBE42AA638
C 293
R
P 000001FBE42ACE88
C 380
R
P 000001FBE42ACE88
P 000001FBE42AA638
C 290
= 000001FBE42A9078
R
P 000001FBE42ACE88
C 380
R
P 000001FBE42ACE88
P 000001FBE42A9078
C 244
R
P 000001FBE42ACE88
C 380
R
P 000001FBE42ACE88
P 000001FBE42AA638
C 296
R
P 000001FBE42ACE88
C 380
R
P 000001FBE42ACE88
P 000001FBE42AA638
C 295
R
P 000001FBE42ACE88
C 380
R
P 000001FBE42ACE88
P 000001FBE42AA638
C 294
R
P 000001FBE42ACE88
C 380
R
P 000001FBE42ACE88
P 000001FBE42AA638
C 9
R
P 000001FBE42ACE88
C 380
R
P 000001FBE42ACE88
S "x_5_4"
C 30
R
P 000001FBE42ACE88
C 380
R
P 000001FBE42ACE88
$ |x_5_4|
C 237
R
P 000001FBE42ACE88
C 380
R
P 000001FBE42ACE88
$ |x_5_4|
P 000001FBE42A9078
C 51
= 000001FBE42AA658
R
P 000001FBE42ACE88
C 380
R
P 000001FBE42ACE88
P 000001FBE42AA658
C 293
R
P 000001FBE42ACE88
C 380
R
P 000001FBE42ACE88
P 000001FBE42AA658
C 290
= 000001FBE42A9078
R
P 000001FBE42ACE88
C 380
R
P 000001FBE42ACE88
P 000001FBE42A9078
C 244
R
P 000001FBE42ACE88
C 380
R
P 000001FBE42ACE88
P 000001FBE42AA658
C 296
R
P 000001FBE42ACE88
C 380
R
P 000001FBE42ACE88
P 000001FBE42AA658
C 295
R
P 000001FBE42ACE88
C 380
R
P 000001FBE42ACE88
P 000001FBE42AA658
C 294
R
P 000001FBE42ACE88
C 380
R
P 000001FBE42ACE88
P 000001FBE42AA658
C 9
R
P 000001FBE42ACE88
C 380
R
P 000001FBE42ACE88
S "x_5_5"
C 30
R
P 000001FBE42ACE88
C 380
R
P 000001FBE42ACE88
$ |x_5_5|
C 237
R
P 000001FBE42ACE88
C 380
R
P 000001FBE42ACE88
$ |x_5_5|
P 000001FBE42A9078
C 51
= 000001FBE42AA678
R
P 000001FBE42ACE88
C 380
R
P 000001FBE42ACE88
P 000001FBE42AA678
C 293
R
P 000001FBE42ACE88
C 380
R
P 000001FBE42ACE88
P 000001FBE42AA678
C 290
= 000001FBE42A9078
R
P 000001FBE42ACE88
C 380
R
P 000001FBE42ACE88
P 000001FBE42A9078
C 244
R
P 000001FBE42ACE88
C 380
R
P 000001FBE42ACE88
P 000001FBE42AA678
C 296
R
P 000001FBE42ACE88
C 380
R
P 000001FBE42ACE88
P 000001FBE42AA678
C 295
R
P 000001FBE42ACE88
C 380
R
P 000001FBE42ACE88
P 000001FBE42AA678
C 294
R
P 000001FBE42ACE88
C 380
R
P 000001FBE42ACE88
P 000001FBE42AA678
C 9
R
P 000001FBE42ACE88
C 380
R
P 000001FBE42ACE88
S "x_5_6"
C 30
R
P 000001FBE42ACE88
C 380
R
P 000001FBE42ACE88
$ |x_5_6|
C 237
R
P 000001FBE42ACE88
C 380
R
P 000001FBE42ACE88
$ |x_5_6|
P 000001FBE42A9078
C 51
= 000001FBE42AA698
R
P 000001FBE42ACE88
C 380
R
P 000001FBE42ACE88
P 000001FBE42AA698
C 293
R
P 000001FBE42ACE88
C 380
R
P 000001FBE42ACE88
P 000001FBE42AA698
C 290
= 000001FBE42A9078
R
P 000001FBE42ACE88
C 380
R
P 000001FBE42ACE88
P 000001FBE42A9078
C 244
R
P 000001FBE42ACE88
C 380
R
P 000001FBE42ACE88
P 000001FBE42AA698
C 296
R
P 000001FBE42ACE88
C 380
R
P 000001FBE42ACE88
P 000001FBE42AA698
C 295
R
P 000001FBE42ACE88
C 380
R
P 000001FBE42ACE88
P 000001FBE42AA698
C 294
R
P 000001FBE42ACE88
C 380
R
P 000001FBE42ACE88
P 000001FBE42AA698
C 9
R
P 000001FBE42ACE88
C 380
R
P 000001FBE42ACE88
S "x_5_7"
C 30
R
P 000001FBE42ACE88
C 380
R
P 000001FBE42ACE88
$ |x_5_7|
C 237
R
P 000001FBE42ACE88
C 380
R
P 000001FBE42ACE88
$ |x_5_7|
P 000001FBE42A9078
C 51
= 000001FBE42AA6B8
R
P 000001FBE42ACE88
C 380
R
P 000001FBE42ACE88
P 000001FBE42AA6B8
C 293
R
P 000001FBE42ACE88
C 380
R
P 000001FBE42ACE88
P 000001FBE42AA6B8
C 290
= 000001FBE42A9078
R
P 000001FBE42ACE88
C 380
R
P 000001FBE42ACE88
P 000001FBE42A9078
C 244
R
P 000001FBE42ACE88
C 380
R
P 000001FBE42ACE88
P 000001FBE42AA6B8
C 296
R
P 000001FBE42ACE88
C 380
R
P 000001FBE42ACE88
P 000001FBE42AA6B8
C 295
R
P 000001FBE42ACE88
C 380
R
P 000001FBE42ACE88
P 000001FBE42AA6B8
C 294
R
P 000001FBE42ACE88
C 380
R
P 000001FBE42ACE88
P 000001FBE42AA6B8
C 9
R
P 000001FBE42ACE88
C 380
R
P 000001FBE42ACE88
S "x_5_8"
C 30
R
P 000001FBE42ACE88
C 380
R
P 000001FBE42ACE88
$ |x_5_8|
C 237
R
P 000001FBE42ACE88
C 380
R
P 000001FBE42ACE88
$ |x_5_8|
P 000001FBE42A9078
C 51
= 000001FBE42AA6D8
R
P 000001FBE42ACE88
C 380
R
P 000001FBE42ACE88
P 000001FBE42AA6D8
C 293
R
P 000001FBE42ACE88
C 380
R
P 000001FBE42ACE88
P 000001FBE42AA6D8
C 290
= 000001FBE42A9078
R
P 000001FBE42ACE88
C 380
R
P 000001FBE42ACE88
P 000001FBE42A9078
C 244
R
P 000001FBE42ACE88
C 380
R
P 000001FBE42ACE88
P 000001FBE42AA6D8
C 296
R
P 000001FBE42ACE88
C 380
R
P 000001FBE42ACE88
P 000001FBE42AA6D8
C 295
R
P 000001FBE42ACE88
C 380
R
P 000001FBE42ACE88
P 000001FBE42AA6D8
C 294
R
P 000001FBE42ACE88
C 380
R
P 000001FBE42ACE88
P 000001FBE42AA6D8
C 9
R
P 000001FBE42ACE88
C 380
R
P 000001FBE42ACE88
S "x_5_9"
C 30
R
P 000001FBE42ACE88
C 380
R
P 000001FBE42ACE88
$ |x_5_9|
C 237
R
P 000001FBE42ACE88
C 380
R
P 000001FBE42ACE88
$ |x_5_9|
P 000001FBE42A9078
C 51
= 000001FBE42AA6F8
R
P 000001FBE42ACE88
C 380
R
P 000001FBE42ACE88
P 000001FBE42AA6F8
C 293
R
P 000001FBE42ACE88
C 380
R
P 000001FBE42ACE88
P 000001FBE42AA6F8
C 290
= 000001FBE42A9078
R
P 000001FBE42ACE88
C 380
R
P 000001FBE42ACE88
P 000001FBE42A9078
C 244
R
P 000001FBE42ACE88
C 380
R
P 000001FBE42ACE88
P 000001FBE42AA6F8
C 296
R
P 000001FBE42ACE88
C 380
R
P 000001FBE42ACE88
P 000001FBE42AA6F8
C 295
R
P 000001FBE42ACE88
C 380
R
P 000001FBE42ACE88
P 000001FBE42AA6F8
C 294
R
P 000001FBE42ACE88
C 380
R
P 000001FBE42ACE88
P 000001FBE42AA6F8
C 9
R
P 000001FBE42ACE88
C 380
R
P 000001FBE42ACE88
S "x_6_1"
C 30
R
P 000001FBE42ACE88
C 380
R
P 000001FBE42ACE88
$ |x_6_1|
C 237
R
P 000001FBE42ACE88
C 380
R
P 000001FBE42ACE88
$ |x_6_1|
P 000001FBE42A9078
C 51
= 000001FBE42AA718
R
P 000001FBE42ACE88
C 380
R
P 000001FBE42ACE88
P 000001FBE42AA718
C 293
R
P 000001FBE42ACE88
C 380
R
P 000001FBE42ACE88
P 000001FBE42AA718
C 290
= 000001FBE42A9078
R
P 000001FBE42ACE88
C 380
R
P 000001FBE42ACE88
P 000001FBE42A9078
C 244
R
P 000001FBE42ACE88
C 380
R
P 000001FBE42ACE88
P 000001FBE42AA718
C 296
R
P 000001FBE42ACE88
C 380
R
P 000001FBE42ACE88
P 000001FBE42AA718
C 295
R
P 000001FBE42ACE88
C 380
R
P 000001FBE42ACE88
P 000001FBE42AA718
C 294
R
P 000001FBE42ACE88
C 380
R
P 000001FBE42ACE88
P 000001FBE42AA718
C 9
R
P 000001FBE42ACE88
C 380
R
P 000001FBE42ACE88
S "x_6_2"
C 30
R
P 000001FBE42ACE88
C 380
R
P 000001FBE42ACE88
$ |x_6_2|
C 237
R
P 000001FBE42ACE88
C 380
R
P 000001FBE42ACE88
$ |x_6_2|
P 000001FBE42A9078
C 51
= 000001FBE42AA738
R
P 000001FBE42ACE88
C 380
R
P 000001FBE42ACE88
P 000001FBE42AA738
C 293
R
P 000001FBE42ACE88
C 380
R
P 000001FBE42ACE88
P 000001FBE42AA738
C 290
= 000001FBE42A9078
R
P 000001FBE42ACE88
C 380
R
P 000001FBE42ACE88
P 000001FBE42A9078
C 244
R
P 000001FBE42ACE88
C 380
R
P 000001FBE42ACE88
P 000001FBE42AA738
C 296
R
P 000001FBE42ACE88
C 380
R
P 000001FBE42ACE88
P 000001FBE42AA738
C 295
R
P 000001FBE42ACE88
C 380
R
P 000001FBE42ACE88
P 000001FBE42AA738
C 294
R
P 000001FBE42ACE88
C 380
R
P 000001FBE42ACE88
P 000001FBE42AA738
C 9
R
P 000001FBE42ACE88
C 380
R
P 000001FBE42ACE88
S "x_6_3"
C 30
R
P 000001FBE42ACE88
C 380
R
P 000001FBE42ACE88
$ |x_6_3|
C 237
R
P 000001FBE42ACE88
C 380
R
P 000001FBE42ACE88
$ |x_6_3|
P 000001FBE42A9078
C 51
= 000001FBE42AA758
R
P 000001FBE42ACE88
C 380
R
P 000001FBE42ACE88
P 000001FBE42AA758
C 293
R
P 000001FBE42ACE88
C 380
R
P 000001FBE42ACE88
P 000001FBE42AA758
C 290
= 000001FBE42A9078
R
P 000001FBE42ACE88
C 380
R
P 000001FBE42ACE88
P 000001FBE42A9078
C 244
R
P 000001FBE42ACE88
C 380
R
P 000001FBE42ACE88
P 000001FBE42AA758
C 296
R
P 000001FBE42ACE88
C 380
R
P 000001FBE42ACE88
P 000001FBE42AA758
C 295
R
P 000001FBE42ACE88
C 380
R
P 000001FBE42ACE88
P 000001FBE42AA758
C 294
R
P 000001FBE42ACE88
C 380
R
P 000001FBE42ACE88
P 000001FBE42AA758
C 9
R
P 000001FBE42ACE88
C 380
R
P 000001FBE42ACE88
S "x_6_4"
C 30
R
P 000001FBE42ACE88
C 380
R
P 000001FBE42ACE88
$ |x_6_4|
C 237
R
P 000001FBE42ACE88
C 380
R
P 000001FBE42ACE88
$ |x_6_4|
P 000001FBE42A9078
C 51
= 000001FBE42AA778
R
P 000001FBE42ACE88
C 380
R
P 000001FBE42ACE88
P 000001FBE42AA778
C 293
R
P 000001FBE42ACE88
C 380
R
P 000001FBE42ACE88
P 000001FBE42AA778
C 290
= 000001FBE42A9078
R
P 000001FBE42ACE88
C 380
R
P 000001FBE42ACE88
P 000001FBE42A9078
C 244
R
P 000001FBE42ACE88
C 380
R
P 000001FBE42ACE88
P 000001FBE42AA778
C 296
R
P 000001FBE42ACE88
C 380
R
P 000001FBE42ACE88
P 000001FBE42AA778
C 295
R
P 000001FBE42ACE88
C 380
R
P 000001FBE42ACE88
P 000001FBE42AA778
C 294
R
P 000001FBE42ACE88
C 380
R
P 000001FBE42ACE88
P 000001FBE42AA778
C 9
R
P 000001FBE42ACE88
C 380
R
P 000001FBE42ACE88
S "x_6_5"
C 30
R
P 000001FBE42ACE88
C 380
R
P 000001FBE42ACE88
$ |x_6_5|
C 237
R
P 000001FBE42ACE88
C 380
R
P 000001FBE42ACE88
$ |x_6_5|
P 000001FBE42A9078
C 51
= 000001FBE42AA798
R
P 000001FBE42ACE88
C 380
R
P 000001FBE42ACE88
P 000001FBE42AA798
C 293
R
P 000001FBE42ACE88
C 380
R
P 000001FBE42ACE88
P 000001FBE42AA798
C 290
= 000001FBE42A9078
R
P 000001FBE42ACE88
C 380
R
P 000001FBE42ACE88
P 000001FBE42A9078
C 244
R
P 000001FBE42ACE88
C 380
R
P 000001FBE42ACE88
P 000001FBE42AA798
C 296
R
P 000001FBE42ACE88
C 380
R
P 000001FBE42ACE88
P 000001FBE42AA798
C 295
R
P 000001FBE42ACE88
C 380
R
P 000001FBE42ACE88
P 000001FBE42AA798
C 294
R
P 000001FBE42ACE88
C 380
R
P 000001FBE42ACE88
P 000001FBE42AA798
C 9
R
P 000001FBE42ACE88
C 380
R
P 000001FBE42ACE88
S "x_6_6"
C 30
R
P 000001FBE42ACE88
C 380
R
P 000001FBE42ACE88
$ |x_6_6|
C 237
R
P 000001FBE42ACE88
C 380
R
P 000001FBE42ACE88
$ |x_6_6|
P 000001FBE42A9078
C 51
= 000001FBE42AA7B8
R
P 000001FBE42ACE88
C 380
R
P 000001FBE42ACE88
P 000001FBE42AA7B8
C 293
R
P 000001FBE42ACE88
C 380
R
P 000001FBE42ACE88
P 000001FBE42AA7B8
C 290
= 000001FBE42A9078
R
P 000001FBE42ACE88
C 380
R
P 000001FBE42ACE88
P 000001FBE42A9078
C 244
R
P 000001FBE42ACE88
C 380
R
P 000001FBE42ACE88
P 000001FBE42AA7B8
C 296
R
P 000001FBE42ACE88
C 380
R
P 000001FBE42ACE88
P 000001FBE42AA7B8
C 295
R
P 000001FBE42ACE88
C 380
R
P 000001FBE42ACE88
P 000001FBE42AA7B8
C 294
R
P 000001FBE42ACE88
C 380
R
P 000001FBE42ACE88
P 000001FBE42AA7B8
C 9
R
P 000001FBE42ACE88
C 380
R
P 000001FBE42ACE88
S "x_6_7"
C 30
R
P 000001FBE42ACE88
C 380
R
P 000001FBE42ACE88
$ |x_6_7|
C 237
R
P 000001FBE42ACE88
C 380
R
P 000001FBE42ACE88
$ |x_6_7|
P 000001FBE42A9078
C 51
= 000001FBE42AA7D8
R
P 000001FBE42ACE88
C 380
R
P 000001FBE42ACE88
P 000001FBE42AA7D8
C 293
R
P 000001FBE42ACE88
C 380
R
P 000001FBE42ACE88
P 000001FBE42AA7D8
C 290
= 000001FBE42A9078
R
P 000001FBE42ACE88
C 380
R
P 000001FBE42ACE88
P 000001FBE42A9078
C 244
R
P 000001FBE42ACE88
C 380
R
P 000001FBE42ACE88
P 000001FBE42AA7D8
C 296
R
P 000001FBE42ACE88
C 380
R
P 000001FBE42ACE88
P 000001FBE42AA7D8
C 295
R
P 000001FBE42ACE88
C 380
R
P 000001FBE42ACE88
P 000001FBE42AA7D8
C 294
R
P 000001FBE42ACE88
C 380
R
P 000001FBE42ACE88
P 000001FBE42AA7D8
C 9
R
P 000001FBE42ACE88
C 380
R
P 000001FBE42ACE88
S "x_6_8"
C 30
R
P 000001FBE42ACE88
C 380
R
P 000001FBE42ACE88
$ |x_6_8|
C 237
R
P 000001FBE42ACE88
C 380
R
P 000001FBE42ACE88
$ |x_6_8|
P 000001FBE42A9078
C 51
= 000001FBE42AA7F8
R
P 000001FBE42ACE88
C 380
R
P 000001FBE42ACE88
P 000001FBE42AA7F8
C 293
R
P 000001FBE42ACE88
C 380
R
P 000001FBE42ACE88
P 000001FBE42AA7F8
C 290
= 000001FBE42A9078
R
P 000001FBE42ACE88
C 380
R
P 000001FBE42ACE88
P 000001FBE42A9078
C 244
R
P 000001FBE42ACE88
C 380
R
P 000001FBE42ACE88
P 000001FBE42AA7F8
C 296
R
P 000001FBE42ACE88
C 380
R
P 000001FBE42ACE88
P 000001FBE42AA7F8
C 295
R
P 000001FBE42ACE88
C 380
R
P 000001FBE42ACE88
P 000001FBE42AA7F8
C 294
R
P 000001FBE42ACE88
C 380
R
P 000001FBE42ACE88
P 000001FBE42AA7F8
C 9
R
P 000001FBE42ACE88
C 380
R
P 000001FBE42ACE88
S "x_6_9"
C 30
R
P 000001FBE42ACE88
C 380
R
P 000001FBE42ACE88
$ |x_6_9|
C 237
R
P 000001FBE42ACE88
C 380
R
P 000001FBE42ACE88
$ |x_6_9|
P 000001FBE42A9078
C 51
= 000001FBE42AA818
R
P 000001FBE42ACE88
C 380
R
P 000001FBE42ACE88
P 000001FBE42AA818
C 293
R
P 000001FBE42ACE88
C 380
R
P 000001FBE42ACE88
P 000001FBE42AA818
C 290
= 000001FBE42A9078
R
P 000001FBE42ACE88
C 380
R
P 000001FBE42ACE88
P 000001FBE42A9078
C 244
R
P 000001FBE42ACE88
C 380
R
P 000001FBE42ACE88
P 000001FBE42AA818
C 296
R
P 000001FBE42ACE88
C 380
R
P 000001FBE42ACE88
P 000001FBE42AA818
C 295
R
P 000001FBE42ACE88
C 380
R
P 000001FBE42ACE88
P 000001FBE42AA818
C 294
R
P 000001FBE42ACE88
C 380
R
P 000001FBE42ACE88
P 000001FBE42AA818
C 9
R
P 000001FBE42ACE88
C 380
R
P 000001FBE42ACE88
S "x_7_1"
C 30
R
P 000001FBE42ACE88
C 380
R
P 000001FBE42ACE88
$ |x_7_1|
C 237
R
P 000001FBE42ACE88
C 380
R
P 000001FBE42ACE88
$ |x_7_1|
P 000001FBE42A9078
C 51
= 000001FBE42AA838
R
P 000001FBE42ACE88
C 380
R
P 000001FBE42ACE88
P 000001FBE42AA838
C 293
R
P 000001FBE42ACE88
C 380
R
P 000001FBE42ACE88
P 000001FBE42AA838
C 290
= 000001FBE42A9078
R
P 000001FBE42ACE88
C 380
R
P 000001FBE42ACE88
P 000001FBE42A9078
C 244
R
P 000001FBE42ACE88
C 380
R
P 000001FBE42ACE88
P 000001FBE42AA838
C 296
R
P 000001FBE42ACE88
C 380
R
P 000001FBE42ACE88
P 000001FBE42AA838
C 295
R
P 000001FBE42ACE88
C 380
R
P 000001FBE42ACE88
P 000001FBE42AA838
C 294
R
P 000001FBE42ACE88
C 380
R
P 000001FBE42ACE88
P 000001FBE42AA838
C 9
R
P 000001FBE42ACE88
C 380
R
P 000001FBE42ACE88
S "x_7_2"
C 30
R
P 000001FBE42ACE88
C 380
R
P 000001FBE42ACE88
$ |x_7_2|
C 237
R
P 000001FBE42ACE88
C 380
R
P 000001FBE42ACE88
$ |x_7_2|
P 000001FBE42A9078
C 51
= 000001FBE42AA858
R
P 000001FBE42ACE88
C 380
R
P 000001FBE42ACE88
P 000001FBE42AA858
C 293
R
P 000001FBE42ACE88
C 380
R
P 000001FBE42ACE88
P 000001FBE42AA858
C 290
= 000001FBE42A9078
R
P 000001FBE42ACE88
C 380
R
P 000001FBE42ACE88
P 000001FBE42A9078
C 244
R
P 000001FBE42ACE88
C 380
R
P 000001FBE42ACE88
P 000001FBE42AA858
C 296
R
P 000001FBE42ACE88
C 380
R
P 000001FBE42ACE88
P 000001FBE42AA858
C 295
R
P 000001FBE42ACE88
C 380
R
P 000001FBE42ACE88
P 000001FBE42AA858
C 294
R
P 000001FBE42ACE88
C 380
R
P 000001FBE42ACE88
P 000001FBE42AA858
C 9
R
P 000001FBE42ACE88
C 380
R
P 000001FBE42ACE88
S "x_7_3"
C 30
R
P 000001FBE42ACE88
C 380
R
P 000001FBE42ACE88
$ |x_7_3|
C 237
R
P 000001FBE42ACE88
C 380
R
P 000001FBE42ACE88
$ |x_7_3|
P 000001FBE42A9078
C 51
= 000001FBE42AA878
R
P 000001FBE42ACE88
C 380
R
P 000001FBE42ACE88
P 000001FBE42AA878
C 293
R
P 000001FBE42ACE88
C 380
R
P 000001FBE42ACE88
P 000001FBE42AA878
C 290
= 000001FBE42A9078
R
P 000001FBE42ACE88
C 380
R
P 000001FBE42ACE88
P 000001FBE42A9078
C 244
R
P 000001FBE42ACE88
C 380
R
P 000001FBE42ACE88
P 000001FBE42AA878
C 296
R
P 000001FBE42ACE88
C 380
R
P 000001FBE42ACE88
P 000001FBE42AA878
C 295
R
P 000001FBE42ACE88
C 380
R
P 000001FBE42ACE88
P 000001FBE42AA878
C 294
R
P 000001FBE42ACE88
C 380
R
P 000001FBE42ACE88
P 000001FBE42AA878
C 9
R
P 000001FBE42ACE88
C 380
R
P 000001FBE42ACE88
S "x_7_4"
C 30
R
P 000001FBE42ACE88
C 380
R
P 000001FBE42ACE88
$ |x_7_4|
C 237
R
P 000001FBE42ACE88
C 380
R
P 000001FBE42ACE88
$ |x_7_4|
P 000001FBE42A9078
C 51
= 000001FBE42AA898
R
P 000001FBE42ACE88
C 380
R
P 000001FBE42ACE88
P 000001FBE42AA898
C 293
R
P 000001FBE42ACE88
C 380
R
P 000001FBE42ACE88
P 000001FBE42AA898
C 290
= 000001FBE42A9078
R
P 000001FBE42ACE88
C 380
R
P 000001FBE42ACE88
P 000001FBE42A9078
C 244
R
P 000001FBE42ACE88
C 380
R
P 000001FBE42ACE88
P 000001FBE42AA898
C 296
R
P 000001FBE42ACE88
C 380
R
P 000001FBE42ACE88
P 000001FBE42AA898
C 295
R
P 000001FBE42ACE88
C 380
R
P 000001FBE42ACE88
P 000001FBE42AA898
C 294
R
P 000001FBE42ACE88
C 380
R
P 000001FBE42ACE88
P 000001FBE42AA898
C 9
R
P 000001FBE42ACE88
C 380
R
P 000001FBE42ACE88
S "x_7_5"
C 30
R
P 000001FBE42ACE88
C 380
R
P 000001FBE42ACE88
$ |x_7_5|
C 237
R
P 000001FBE42ACE88
C 380
R
P 000001FBE42ACE88
$ |x_7_5|
P 000001FBE42A9078
C 51
= 000001FBE42AA8B8
R
P 000001FBE42ACE88
C 380
R
P 000001FBE42ACE88
P 000001FBE42AA8B8
C 293
R
P 000001FBE42ACE88
C 380
R
P 000001FBE42ACE88
P 000001FBE42AA8B8
C 290
= 000001FBE42A9078
R
P 000001FBE42ACE88
C 380
R
P 000001FBE42ACE88
P 000001FBE42A9078
C 244
R
P 000001FBE42ACE88
C 380
R
P 000001FBE42ACE88
P 000001FBE42AA8B8
C 296
R
P 000001FBE42ACE88
C 380
R
P 000001FBE42ACE88
P 000001FBE42AA8B8
C 295
R
P 000001FBE42ACE88
C 380
R
P 000001FBE42ACE88
P 000001FBE42AA8B8
C 294
R
P 000001FBE42ACE88
C 380
R
P 000001FBE42ACE88
P 000001FBE42AA8B8
C 9
R
P 000001FBE42ACE88
C 380
R
P 000001FBE42ACE88
S "x_7_6"
C 30
R
P 000001FBE42ACE88
C 380
R
P 000001FBE42ACE88
$ |x_7_6|
C 237
R
P 000001FBE42ACE88
C 380
R
P 000001FBE42ACE88
$ |x_7_6|
P 000001FBE42A9078
C 51
= 000001FBE42AA8D8
R
P 000001FBE42ACE88
C 380
R
P 000001FBE42ACE88
P 000001FBE42AA8D8
C 293
R
P 000001FBE42ACE88
C 380
R
P 000001FBE42ACE88
P 000001FBE42AA8D8
C 290
= 000001FBE42A9078
R
P 000001FBE42ACE88
C 380
R
P 000001FBE42ACE88
P 000001FBE42A9078
C 244
R
P 000001FBE42ACE88
C 380
R
P 000001FBE42ACE88
P 000001FBE42AA8D8
C 296
R
P 000001FBE42ACE88
C 380
R
P 000001FBE42ACE88
P 000001FBE42AA8D8
C 295
R
P 000001FBE42ACE88
C 380
R
P 000001FBE42ACE88
P 000001FBE42AA8D8
C 294
R
P 000001FBE42ACE88
C 380
R
P 000001FBE42ACE88
P 000001FBE42AA8D8
C 9
R
P 000001FBE42ACE88
C 380
R
P 000001FBE42ACE88
S "x_7_7"
C 30
R
P 000001FBE42ACE88
C 380
R
P 000001FBE42ACE88
$ |x_7_7|
C 237
R
P 000001FBE42ACE88
C 380
R
P 000001FBE42ACE88
$ |x_7_7|
P 000001FBE42A9078
C 51
= 000001FBE42AA8F8
R
P 000001FBE42ACE88
C 380
R
P 000001FBE42ACE88
P 000001FBE42AA8F8
C 293
R
P 000001FBE42ACE88
C 380
R
P 000001FBE42ACE88
P 000001FBE42AA8F8
C 290
= 000001FBE42A9078
R
P 000001FBE42ACE88
C 380
R
P 000001FBE42ACE88
P 000001FBE42A9078
C 244
R
P 000001FBE42ACE88
C 380
R
P 000001FBE42ACE88
P 000001FBE42AA8F8
C 296
R
P 000001FBE42ACE88
C 380
R
P 000001FBE42ACE88
P 000001FBE42AA8F8
C 295
R
P 000001FBE42ACE88
C 380
R
P 000001FBE42ACE88
P 000001FBE42AA8F8
C 294
R
P 000001FBE42ACE88
C 380
R
P 000001FBE42ACE88
P 000001FBE42AA8F8
C 9
R
P 000001FBE42ACE88
C 380
R
P 000001FBE42ACE88
S "x_7_8"
C 30
R
P 000001FBE42ACE88
C 380
R
P 000001FBE42ACE88
$ |x_7_8|
C 237
R
P 000001FBE42ACE88
C 380
R
P 000001FBE42ACE88
$ |x_7_8|
P 000001FBE42A9078
C 51
= 000001FBE42AA918
R
P 000001FBE42ACE88
C 380
R
P 000001FBE42ACE88
P 000001FBE42AA918
C 293
R
P 000001FBE42ACE88
C 380
R
P 000001FBE42ACE88
P 000001FBE42AA918
C 290
= 000001FBE42A9078
R
P 000001FBE42ACE88
C 380
R
P 000001FBE42ACE88
P 000001FBE42A9078
C 244
R
P 000001FBE42ACE88
C 380
R
P 000001FBE42ACE88
P 000001FBE42AA918
C 296
R
P 000001FBE42ACE88
C 380
R
P 000001FBE42ACE88
P 000001FBE42AA918
C 295
R
P 000001FBE42ACE88
C 380
R
P 000001FBE42ACE88
P 000001FBE42AA918
C 294
R
P 000001FBE42ACE88
C 380
R
P 000001FBE42ACE88
P 000001FBE42AA918
C 9
R
P 000001FBE42ACE88
C 380
R
P 000001FBE42ACE88
S "x_7_9"
C 30
R
P 000001FBE42ACE88
C 380
R
P 000001FBE42ACE88
$ |x_7_9|
C 237
R
P 000001FBE42ACE88
C 380
R
P 000001FBE42ACE88
$ |x_7_9|
P 000001FBE42A9078
C 51
= 000001FBE42AA938
R
P 000001FBE42ACE88
C 380
R
P 000001FBE42ACE88
P 000001FBE42AA938
C 293
R
P 000001FBE42ACE88
C 380
R
P 000001FBE42ACE88
P 000001FBE42AA938
C 290
= 000001FBE42A9078
R
P 000001FBE42ACE88
C 380
R
P 000001FBE42ACE88
P 000001FBE42A9078
C 244
R
P 000001FBE42ACE88
C 380
R
P 000001FBE42ACE88
P 000001FBE42AA938
C 296
R
P 000001FBE42ACE88
C 380
R
P 000001FBE42ACE88
P 000001FBE42AA938
C 295
R
P 000001FBE42ACE88
C 380
R
P 000001FBE42ACE88
P 000001FBE42AA938
C 294
R
P 000001FBE42ACE88
C 380
R
P 000001FBE42ACE88
P 000001FBE42AA938
C 9
R
P 000001FBE42ACE88
C 380
R
P 000001FBE42ACE88
S "x_8_1"
C 30
R
P 000001FBE42ACE88
C 380
R
P 000001FBE42ACE88
$ |x_8_1|
C 237
R
P 000001FBE42ACE88
C 380
R
P 000001FBE42ACE88
$ |x_8_1|
P 000001FBE42A9078
C 51
= 000001FBE42AA958
R
P 000001FBE42ACE88
C 380
R
P 000001FBE42ACE88
P 000001FBE42AA958
C 293
R
P 000001FBE42ACE88
C 380
R
P 000001FBE42ACE88
P 000001FBE42AA958
C 290
= 000001FBE42A9078
R
P 000001FBE42ACE88
C 380
R
P 000001FBE42ACE88
P 000001FBE42A9078
C 244
R
P 000001FBE42ACE88
C 380
R
P 000001FBE42ACE88
P 000001FBE42AA958
C 296
R
P 000001FBE42ACE88
C 380
R
P 000001FBE42ACE88
P 000001FBE42AA958
C 295
R
P 000001FBE42ACE88
C 380
R
P 000001FBE42ACE88
P 000001FBE42AA958
C 294
R
P 000001FBE42ACE88
C 380
R
P 000001FBE42ACE88
P 000001FBE42AA958
C 9
R
P 000001FBE42ACE88
C 380
R
P 000001FBE42ACE88
S "x_8_2"
C 30
R
P 000001FBE42ACE88
C 380
R
P 000001FBE42ACE88
$ |x_8_2|
C 237
R
P 000001FBE42ACE88
C 380
R
P 000001FBE42ACE88
$ |x_8_2|
P 000001FBE42A9078
C 51
= 000001FBE42AA978
R
P 000001FBE42ACE88
C 380
R
P 000001FBE42ACE88
P 000001FBE42AA978
C 293
R
P 000001FBE42ACE88
C 380
R
P 000001FBE42ACE88
P 000001FBE42AA978
C 290
= 000001FBE42A9078
R
P 000001FBE42ACE88
C 380
R
P 000001FBE42ACE88
P 000001FBE42A9078
C 244
R
P 000001FBE42ACE88
C 380
R
P 000001FBE42ACE88
P 000001FBE42AA978
C 296
R
P 000001FBE42ACE88
C 380
R
P 000001FBE42ACE88
P 000001FBE42AA978
C 295
R
P 000001FBE42ACE88
C 380
R
P 000001FBE42ACE88
P 000001FBE42AA978
C 294
R
P 000001FBE42ACE88
C 380
R
P 000001FBE42ACE88
P 000001FBE42AA978
C 9
R
P 000001FBE42ACE88
C 380
R
P 000001FBE42ACE88
S "x_8_3"
C 30
R
P 000001FBE42ACE88
C 380
R
P 000001FBE42ACE88
$ |x_8_3|
C 237
R
P 000001FBE42ACE88
C 380
R
P 000001FBE42ACE88
$ |x_8_3|
P 000001FBE42A9078
C 51
= 000001FBE42AA998
R
P 000001FBE42ACE88
C 380
R
P 000001FBE42ACE88
P 000001FBE42AA998
C 293
R
P 000001FBE42ACE88
C 380
R
P 000001FBE42ACE88
P 000001FBE42AA998
C 290
= 000001FBE42A9078
R
P 000001FBE42ACE88
C 380
R
P 000001FBE42ACE88
P 000001FBE42A9078
C 244
R
P 000001FBE42ACE88
C 380
R
P 000001FBE42ACE88
P 000001FBE42AA998
C 296
R
P 000001FBE42ACE88
C 380
R
P 000001FBE42ACE88
P 000001FBE42AA998
C 295
R
P 000001FBE42ACE88
C 380
R
P 000001FBE42ACE88
P 000001FBE42AA998
C 294
R
P 000001FBE42ACE88
C 380
R
P 000001FBE42ACE88
P 000001FBE42AA998
C 9
R
P 000001FBE42ACE88
C 380
R
P 000001FBE42ACE88
S "x_8_4"
C 30
R
P 000001FBE42ACE88
C 380
R
P 000001FBE42ACE88
$ |x_8_4|
C 237
R
P 000001FBE42ACE88
C 380
R
P 000001FBE42ACE88
$ |x_8_4|
P 000001FBE42A9078
C 51
= 000001FBE42AA9B8
R
P 000001FBE42ACE88
C 380
R
P 000001FBE42ACE88
P 000001FBE42AA9B8
C 293
R
P 000001FBE42ACE88
C 380
R
P 000001FBE42ACE88
P 000001FBE42AA9B8
C 290
= 000001FBE42A9078
R
P 000001FBE42ACE88
C 380
R
P 000001FBE42ACE88
P 000001FBE42A9078
C 244
R
P 000001FBE42ACE88
C 380
R
P 000001FBE42ACE88
P 000001FBE42AA9B8
C 296
R
P 000001FBE42ACE88
C 380
R
P 000001FBE42ACE88
P 000001FBE42AA9B8
C 295
R
P 000001FBE42ACE88
C 380
R
P 000001FBE42ACE88
P 000001FBE42AA9B8
C 294
R
P 000001FBE42ACE88
C 380
R
P 000001FBE42ACE88
P 000001FBE42AA9B8
C 9
R
P 000001FBE42ACE88
C 380
R
P 000001FBE42ACE88
S "x_8_5"
C 30
R
P 000001FBE42ACE88
C 380
R
P 000001FBE42ACE88
$ |x_8_5|
C 237
R
P 000001FBE42ACE88
C 380
R
P 000001FBE42ACE88
$ |x_8_5|
P 000001FBE42A9078
C 51
= 000001FBE42AA9D8
R
P 000001FBE42ACE88
C 380
R
P 000001FBE42ACE88
P 000001FBE42AA9D8
C 293
R
P 000001FBE42ACE88
C 380
R
P 000001FBE42ACE88
P 000001FBE42AA9D8
C 290
= 000001FBE42A9078
R
P 000001FBE42ACE88
C 380
R
P 000001FBE42ACE88
P 000001FBE42A9078
C 244
R
P 000001FBE42ACE88
C 380
R
P 000001FBE42ACE88
P 000001FBE42AA9D8
C 296
R
P 000001FBE42ACE88
C 380
R
P 000001FBE42ACE88
P 000001FBE42AA9D8
C 295
R
P 000001FBE42ACE88
C 380
R
P 000001FBE42ACE88
P 000001FBE42AA9D8
C 294
R
P 000001FBE42ACE88
C 380
R
P 000001FBE42ACE88
P 000001FBE42AA9D8
C 9
R
P 000001FBE42ACE88
C 380
R
P 000001FBE42ACE88
S "x_8_6"
C 30
R
P 000001FBE42ACE88
C 380
R
P 000001FBE42ACE88
$ |x_8_6|
C 237
R
P 000001FBE42ACE88
C 380
R
P 000001FBE42ACE88
$ |x_8_6|
P 000001FBE42A9078
C 51
= 000001FBE42AA9F8
R
P 000001FBE42ACE88
C 380
R
P 000001FBE42ACE88
P 000001FBE42AA9F8
C 293
R
P 000001FBE42ACE88
C 380
R
P 000001FBE42ACE88
P 000001FBE42AA9F8
C 290
= 000001FBE42A9078
R
P 000001FBE42ACE88
C 380
R
P 000001FBE42ACE88
P 000001FBE42A9078
C 244
R
P 000001FBE42ACE88
C 380
R
P 000001FBE42ACE88
P 000001FBE42AA9F8
C 296
R
P 000001FBE42ACE88
C 380
R
P 000001FBE42ACE88
P 000001FBE42AA9F8
C 295
R
P 000001FBE42ACE88
C 380
R
P 000001FBE42ACE88
P 000001FBE42AA9F8
C 294
R
P 000001FBE42ACE88
C 380
R
P 000001FBE42ACE88
P 000001FBE42AA9F8
C 9
R
P 000001FBE42ACE88
C 380
R
P 000001FBE42ACE88
S "x_8_7"
C 30
R
P 000001FBE42ACE88
C 380
R
P 000001FBE42ACE88
$ |x_8_7|
C 237
R
P 000001FBE42ACE88
C 380
R
P 000001FBE42ACE88
$ |x_8_7|
P 000001FBE42A9078
C 51
= 000001FBE42AAA18
R
P 000001FBE42ACE88
C 380
R
P 000001FBE42ACE88
P 000001FBE42AAA18
C 293
R
P 000001FBE42ACE88
C 380
R
P 000001FBE42ACE88
P 000001FBE42AAA18
C 290
= 000001FBE42A9078
R
P 000001FBE42ACE88
C 380
R
P 000001FBE42ACE88
P 000001FBE42A9078
C 244
R
P 000001FBE42ACE88
C 380
R
P 000001FBE42ACE88
P 000001FBE42AAA18
C 296
R
P 000001FBE42ACE88
C 380
R
P 000001FBE42ACE88
P 000001FBE42AAA18
C 295
R
P 000001FBE42ACE88
C 380
R
P 000001FBE42ACE88
P 000001FBE42AAA18
C 294
R
P 000001FBE42ACE88
C 380
R
P 000001FBE42ACE88
P 000001FBE42AAA18
C 9
R
P 000001FBE42ACE88
C 380
R
P 000001FBE42ACE88
S "x_8_8"
C 30
R
P 000001FBE42ACE88
C 380
R
P 000001FBE42ACE88
$ |x_8_8|
C 237
R
P 000001FBE42ACE88
C 380
R
P 000001FBE42ACE88
$ |x_8_8|
P 000001FBE42A9078
C 51
= 000001FBE42AAA38
R
P 000001FBE42ACE88
C 380
R
P 000001FBE42ACE88
P 000001FBE42AAA38
C 293
R
P 000001FBE42ACE88
C 380
R
P 000001FBE42ACE88
P 000001FBE42AAA38
C 290
= 000001FBE42A9078
R
P 000001FBE42ACE88
C 380
R
P 000001FBE42ACE88
P 000001FBE42A9078
C 244
R
P 000001FBE42ACE88
C 380
R
P 000001FBE42ACE88
P 000001FBE42AAA38
C 296
R
P 000001FBE42ACE88
C 380
R
P 000001FBE42ACE88
P 000001FBE42AAA38
C 295
R
P 000001FBE42ACE88
C 380
R
P 000001FBE42ACE88
P 000001FBE42AAA38
C 294
R
P 000001FBE42ACE88
C 380
R
P 000001FBE42ACE88
P 000001FBE42AAA38
C 9
R
P 000001FBE42ACE88
C 380
R
P 000001FBE42ACE88
S "x_8_9"
C 30
R
P 000001FBE42ACE88
C 380
R
P 000001FBE42ACE88
$ |x_8_9|
C 237
R
P 000001FBE42ACE88
C 380
R
P 000001FBE42ACE88
$ |x_8_9|
P 000001FBE42A9078
C 51
= 000001FBE42AAA58
R
P 000001FBE42ACE88
C 380
R
P 000001FBE42ACE88
P 000001FBE42AAA58
C 293
R
P 000001FBE42ACE88
C 380
R
P 000001FBE42ACE88
P 000001FBE42AAA58
C 290
= 000001FBE42A9078
R
P 000001FBE42ACE88
C 380
R
P 000001FBE42ACE88
P 000001FBE42A9078
C 244
R
P 000001FBE42ACE88
C 380
R
P 000001FBE42ACE88
P 000001FBE42AAA58
C 296
R
P 000001FBE42ACE88
C 380
R
P 000001FBE42ACE88
P 000001FBE42AAA58
C 295
R
P 000001FBE42ACE88
C 380
R
P 000001FBE42ACE88
P 000001FBE42AAA58
C 294
R
P 000001FBE42ACE88
C 380
R
P 000001FBE42ACE88
P 000001FBE42AAA58
C 9
R
P 000001FBE42ACE88
C 380
R
P 000001FBE42ACE88
S "x_9_1"
C 30
R
P 000001FBE42ACE88
C 380
R
P 000001FBE42ACE88
$ |x_9_1|
C 237
R
P 000001FBE42ACE88
C 380
R
P 000001FBE42ACE88
$ |x_9_1|
P 000001FBE42A9078
C 51
= 000001FBE42AAA78
R
P 000001FBE42ACE88
C 380
R
P 000001FBE42ACE88
P 000001FBE42AAA78
C 293
R
P 000001FBE42ACE88
C 380
R
P 000001FBE42ACE88
P 000001FBE42AAA78
C 290
= 000001FBE42A9078
R
P 000001FBE42ACE88
C 380
R
P 000001FBE42ACE88
P 000001FBE42A9078
C 244
R
P 000001FBE42ACE88
C 380
R
P 000001FBE42ACE88
P 000001FBE42AAA78
C 296
R
P 000001FBE42ACE88
C 380
R
P 000001FBE42ACE88
P 000001FBE42AAA78
C 295
R
P 000001FBE42ACE88
C 380
R
P 000001FBE42ACE88
P 000001FBE42AAA78
C 294
R
P 000001FBE42ACE88
C 380
R
P 000001FBE42ACE88
P 000001FBE42AAA78
C 9
R
P 000001FBE42ACE88
C 380
R
P 000001FBE42ACE88
S "x_9_2"
C 30
R
P 000001FBE42ACE88
C 380
R
P 000001FBE42ACE88
$ |x_9_2|
C 237
R
P 000001FBE42ACE88
C 380
R
P 000001FBE42ACE88
$ |x_9_2|
P 000001FBE42A9078
C 51
= 000001FBE42AAA98
R
P 000001FBE42ACE88
C 380
R
P 000001FBE42ACE88
P 000001FBE42AAA98
C 293
R
P 000001FBE42ACE88
C 380
R
P 000001FBE42ACE88
P 000001FBE42AAA98
C 290
= 000001FBE42A9078
R
P 000001FBE42ACE88
C 380
R
P 000001FBE42ACE88
P 000001FBE42A9078
C 244
R
P 000001FBE42ACE88
C 380
R
P 000001FBE42ACE88
P 000001FBE42AAA98
C 296
R
P 000001FBE42ACE88
C 380
R
P 000001FBE42ACE88
P 000001FBE42AAA98
C 295
R
P 000001FBE42ACE88
C 380
R
P 000001FBE42ACE88
P 000001FBE42AAA98
C 294
R
P 000001FBE42ACE88
C 380
R
P 000001FBE42ACE88
P 000001FBE42AAA98
C 9
R
P 000001FBE42ACE88
C 380
R
P 000001FBE42ACE88
S "x_9_3"
C 30
R
P 000001FBE42ACE88
C 380
R
P 000001FBE42ACE88
$ |x_9_3|
C 237
R
P 000001FBE42ACE88
C 380
R
P 000001FBE42ACE88
$ |x_9_3|
P 000001FBE42A9078
C 51
= 000001FBE42AAAB8
R
P 000001FBE42ACE88
C 380
R
P 000001FBE42ACE88
P 000001FBE42AAAB8
C 293
R
P 000001FBE42ACE88
C 380
R
P 000001FBE42ACE88
P 000001FBE42AAAB8
C 290
= 000001FBE42A9078
R
P 000001FBE42ACE88
C 380
R
P 000001FBE42ACE88
P 000001FBE42A9078
C 244
R
P 000001FBE42ACE88
C 380
R
P 000001FBE42ACE88
P 000001FBE42AAAB8
C 296
R
P 000001FBE42ACE88
C 380
R
P 000001FBE42ACE88
P 000001FBE42AAAB8
C 295
R
P 000001FBE42ACE88
C 380
R
P 000001FBE42ACE88
P 000001FBE42AAAB8
C 294
R
P 000001FBE42ACE88
C 380
R
P 000001FBE42ACE88
P 000001FBE42AAAB8
C 9
R
P 000001FBE42ACE88
C 380
R
P 000001FBE42ACE88
S "x_9_4"
C 30
R
P 000001FBE42ACE88
C 380
R
P 000001FBE42ACE88
$ |x_9_4|
C 237
R
P 000001FBE42ACE88
C 380
R
P 000001FBE42ACE88
$ |x_9_4|
P 000001FBE42A9078
C 51
= 000001FBE42AAAD8
R
P 000001FBE42ACE88
C 380
R
P 000001FBE42ACE88
P 000001FBE42AAAD8
C 293
R
P 000001FBE42ACE88
C 380
R
P 000001FBE42ACE88
P 000001FBE42AAAD8
C 290
= 000001FBE42A9078
R
P 000001FBE42ACE88
C 380
R
P 000001FBE42ACE88
P 000001FBE42A9078
C 244
R
P 000001FBE42ACE88
C 380
R
P 000001FBE42ACE88
P 000001FBE42AAAD8
C 296
R
P 000001FBE42ACE88
C 380
R
P 000001FBE42ACE88
P 000001FBE42AAAD8
C 295
R
P 000001FBE42ACE88
C 380
R
P 000001FBE42ACE88
P 000001FBE42AAAD8
C 294
R
P 000001FBE42ACE88
C 380
R
P 000001FBE42ACE88
P 000001FBE42AAAD8
C 9
R
P 000001FBE42ACE88
C 380
R
P 000001FBE42ACE88
S "x_9_5"
C 30
R
P 000001FBE42ACE88
C 380
R
P 000001FBE42ACE88
$ |x_9_5|
C 237
R
P 000001FBE42ACE88
C 380
R
P 000001FBE42ACE88
$ |x_9_5|
P 000001FBE42A9078
C 51
= 000001FBE42AAAF8
R
P 000001FBE42ACE88
C 380
R
P 000001FBE42ACE88
P 000001FBE42AAAF8
C 293
R
P 000001FBE42ACE88
C 380
R
P 000001FBE42ACE88
P 000001FBE42AAAF8
C 290
= 000001FBE42A9078
R
P 000001FBE42ACE88
C 380
R
P 000001FBE42ACE88
P 000001FBE42A9078
C 244
R
P 000001FBE42ACE88
C 380
R
P 000001FBE42ACE88
P 000001FBE42AAAF8
C 296
R
P 000001FBE42ACE88
C 380
R
P 000001FBE42ACE88
P 000001FBE42AAAF8
C 295
R
P 000001FBE42ACE88
C 380
R
P 000001FBE42ACE88
P 000001FBE42AAAF8
C 294
R
P 000001FBE42ACE88
C 380
R
P 000001FBE42ACE88
P 000001FBE42AAAF8
C 9
R
P 000001FBE42ACE88
C 380
R
P 000001FBE42ACE88
S "x_9_6"
C 30
R
P 000001FBE42ACE88
C 380
R
P 000001FBE42ACE88
$ |x_9_6|
C 237
R
P 000001FBE42ACE88
C 380
R
P 000001FBE42ACE88
$ |x_9_6|
P 000001FBE42A9078
C 51
= 000001FBE42AAB18
R
P 000001FBE42ACE88
C 380
R
P 000001FBE42ACE88
P 000001FBE42AAB18
C 293
R
P 000001FBE42ACE88
C 380
R
P 000001FBE42ACE88
P 000001FBE42AAB18
C 290
= 000001FBE42A9078
R
P 000001FBE42ACE88
C 380
R
P 000001FBE42ACE88
P 000001FBE42A9078
C 244
R
P 000001FBE42ACE88
C 380
R
P 000001FBE42ACE88
P 000001FBE42AAB18
C 296
R
P 000001FBE42ACE88
C 380
R
P 000001FBE42ACE88
P 000001FBE42AAB18
C 295
R
P 000001FBE42ACE88
C 380
R
P 000001FBE42ACE88
P 000001FBE42AAB18
C 294
R
P 000001FBE42ACE88
C 380
R
P 000001FBE42ACE88
P 000001FBE42AAB18
C 9
R
P 000001FBE42ACE88
C 380
R
P 000001FBE42ACE88
S "x_9_7"
C 30
R
P 000001FBE42ACE88
C 380
R
P 000001FBE42ACE88
$ |x_9_7|
C 237
R
P 000001FBE42ACE88
C 380
R
P 000001FBE42ACE88
$ |x_9_7|
P 000001FBE42A9078
C 51
= 000001FBE42AAB38
R
P 000001FBE42ACE88
C 380
R
P 000001FBE42ACE88
P 000001FBE42AAB38
C 293
R
P 000001FBE42ACE88
C 380
R
P 000001FBE42ACE88
P 000001FBE42AAB38
C 290
= 000001FBE42A9078
R
P 000001FBE42ACE88
C 380
R
P 000001FBE42ACE88
P 000001FBE42A9078
C 244
R
P 000001FBE42ACE88
C 380
R
P 000001FBE42ACE88
P 000001FBE42AAB38
C 296
R
P 000001FBE42ACE88
C 380
R
P 000001FBE42ACE88
P 000001FBE42AAB38
C 295
R
P 000001FBE42ACE88
C 380
R
P 000001FBE42ACE88
P 000001FBE42AAB38
C 294
R
P 000001FBE42ACE88
C 380
R
P 000001FBE42ACE88
P 000001FBE42AAB38
C 9
R
P 000001FBE42ACE88
C 380
R
P 000001FBE42ACE88
S "x_9_8"
C 30
R
P 000001FBE42ACE88
C 380
R
P 000001FBE42ACE88
$ |x_9_8|
C 237
R
P 000001FBE42ACE88
C 380
R
P 000001FBE42ACE88
$ |x_9_8|
P 000001FBE42A9078
C 51
= 000001FBE42AAB58
R
P 000001FBE42ACE88
C 380
R
P 000001FBE42ACE88
P 000001FBE42AAB58
C 293
R
P 000001FBE42ACE88
C 380
R
P 000001FBE42ACE88
P 000001FBE42AAB58
C 290
= 000001FBE42A9078
R
P 000001FBE42ACE88
C 380
R
P 000001FBE42ACE88
P 000001FBE42A9078
C 244
R
P 000001FBE42ACE88
C 380
R
P 000001FBE42ACE88
P 000001FBE42AAB58
C 296
R
P 000001FBE42ACE88
C 380
R
P 000001FBE42ACE88
P 000001FBE42AAB58
C 295
R
P 000001FBE42ACE88
C 380
R
P 000001FBE42ACE88
P 000001FBE42AAB58
C 294
R
P 000001FBE42ACE88
C 380
R
P 000001FBE42ACE88
P 000001FBE42AAB58
C 9
R
P 000001FBE42ACE88
C 380
R
P 000001FBE42ACE88
S "x_9_9"
C 30
R
P 000001FBE42ACE88
C 380
R
P 000001FBE42ACE88
$ |x_9_9|
C 237
R
P 000001FBE42ACE88
C 380
R
P 000001FBE42ACE88
$ |x_9_9|
P 000001FBE42A9078
C 51
= 000001FBE42AAB78
R
P 000001FBE42ACE88
C 380
R
P 000001FBE42ACE88
P 000001FBE42AAB78
C 293
R
P 000001FBE42ACE88
C 380
R
P 000001FBE42ACE88
P 000001FBE42AAB78
C 290
= 000001FBE42A9078
R
P 000001FBE42ACE88
C 380
R
P 000001FBE42ACE88
P 000001FBE42A9078
C 244
R
P 000001FBE42ACE88
C 380
R
P 000001FBE42ACE88
P 000001FBE42AAB78
C 296
R
P 000001FBE42ACE88
C 380
R
P 000001FBE42ACE88
P 000001FBE42AAB78
C 295
R
P 000001FBE42ACE88
C 380
R
P 000001FBE42ACE88
P 000001FBE42AAB78
C 294
R
P 000001FBE42ACE88
C 380
R
P 000001FBE42ACE88
P 000001FBE42AAB78
C 9
R
P 000001FBE42ACE88
C 380
R
P 000001FBE42ACE88
I 1
P 000001FBE42A9078
C 154
= 000001FBE42A9BD8
R
P 000001FBE42ACE88
C 380
R
P 000001FBE42ACE88
P 000001FBE42A9BD8
C 294
R
P 000001FBE42ACE88
C 380
R
P 000001FBE42ACE88
P 000001FBE42A9BD8
C 9
R
P 000001FBE42ACE88
C 380
R
P 000001FBE42ACE88
P 000001FBE42A9BD8
P 000001FBE42AA178
C 76
= 000001FBE42A5EB0
R
P 000001FBE42ACE88
C 380
R
P 000001FBE42ACE88
P 000001FBE42A5EB0
C 294
R
P 000001FBE42ACE88
C 380
R
P 000001FBE42ACE88
P 000001FBE42A5EB0
C 9
R
P 000001FBE42ACE88
C 380
R
P 000001FBE42ACE88
I 9
P 000001FBE42A9078
C 154
= 000001FBE42AAB98
R
P 000001FBE42ACE88
C 380
R
P 000001FBE42ACE88
P 000001FBE42AAB98
C 294
R
P 000001FBE42ACE88
C 380
R
P 000001FBE42ACE88
P 000001FBE42AAB98
C 9
R
P 000001FBE42ACE88
C 380
R
P 000001FBE42ACE88
P 000001FBE42AA178
P 000001FBE42AAB98
C 76
= 000001FBE42A5EE8
R
P 000001FBE42ACE88
C 380
R
P 000001FBE42ACE88
P 000001FBE42A5EE8
C 294
R
P 000001FBE42ACE88
C 380
R
P 000001FBE42ACE88
P 000001FBE42A5EE8
C 9
R
P 000001FBE42ACE88
C 380
R
P 000001FBE42ACE88
U 2
P 000001FBE42A5EB0
P 000001FBE42A5EE8
p 2
C 65
= 000001FBE42A5F20
R
P 000001FBE42ACE88
C 380
R
P 000001FBE42ACE88
P 000001FBE42A5F20
C 294
R
P 000001FBE42ACE88
C 380
R
P 000001FBE42ACE88
P 000001FBE42A5F20
C 9
R
P 000001FBE42ACE88
C 380
R
P 000001FBE42ACE88
I 1
P 000001FBE42A9078
C 154
= 000001FBE42A9BD8
R
P 000001FBE42ACE88
C 380
R
P 000001FBE42ACE88
P 000001FBE42A9BD8
C 294
R
P 000001FBE42ACE88
C 380
R
P 000001FBE42ACE88
P 000001FBE42A9BD8
C 9
R
P 000001FBE42ACE88
C 380
R
P 000001FBE42ACE88
P 000001FBE42A9BD8
P 000001FBE42AA198
C 76
= 000001FBE42A5F58
R
P 000001FBE42ACE88
C 380
R
P 000001FBE42ACE88
P 000001FBE42A5F58
C 294
R
P 000001FBE42ACE88
C 380
R
P 000001FBE42ACE88
P 000001FBE42A5F58
C 9
R
P 000001FBE42ACE88
C 380
R
P 000001FBE42ACE88
I 9
P 000001FBE42A9078
C 154
= 000001FBE42AAB98
R
P 000001FBE42ACE88
C 380
R
P 000001FBE42ACE88
P 000001FBE42AAB98
C 294
R
P 000001FBE42ACE88
C 380
R
P 000001FBE42ACE88
P 000001FBE42AAB98
C 9
R
P 000001FBE42ACE88
C 380
R
P 000001FBE42ACE88
P 000001FBE42AA198
P 000001FBE42AAB98
C 76
= 000001FBE42A5F90
R
P 000001FBE42ACE88
C 380
R
P 000001FBE42ACE88
P 000001FBE42A5F90
C 294
R
P 000001FBE42ACE88
C 380
R
P 000001FBE42ACE88
P 000001FBE42A5F90
C 9
R
P 000001FBE42ACE88
C 380
R
P 000001FBE42ACE88
U 2
P 000001FBE42A5F58
P 000001FBE42A5F90
p 2
C 65
= 000001FBE42A5FC8
R
P 000001FBE42ACE88
C 380
R
P 000001FBE42ACE88
P 000001FBE42A5FC8
C 294
R
P 000001FBE42ACE88
C 380
R
P 000001FBE42ACE88
P 000001FBE42A5FC8
C 9
R
P 000001FBE42ACE88
C 380
R
P 000001FBE42ACE88
I 1
P 000001FBE42A9078
C 154
= 000001FBE42A9BD8
R
P 000001FBE42ACE88
C 380
R
P 000001FBE42ACE88
P 000001FBE42A9BD8
C 294
R
P 000001FBE42ACE88
C 380
R
P 000001FBE42ACE88
P 000001FBE42A9BD8
C 9
R
P 000001FBE42ACE88
C 380
R
P 000001FBE42ACE88
P 000001FBE42A9BD8
P 000001FBE42AA1B8
C 76
= 000001FBE42A6000
R
P 000001FBE42ACE88
C 380
R
P 000001FBE42ACE88
P 000001FBE42A6000
C 294
R
P 000001FBE42ACE88
C 380
R
P 000001FBE42ACE88
P 000001FBE42A6000
C 9
R
P 000001FBE42ACE88
C 380
R
P 000001FBE42ACE88
I 9
P 000001FBE42A9078
C 154
= 000001FBE42AAB98
R
P 000001FBE42ACE88
C 380
R
P 000001FBE42ACE88
P 000001FBE42AAB98
C 294
R
P 000001FBE42ACE88
C 380
R
P 000001FBE42ACE88
P 000001FBE42AAB98
C 9
R
P 000001FBE42ACE88
C 380
R
P 000001FBE42ACE88
P 000001FBE42AA1B8
P 000001FBE42AAB98
C 76
= 000001FBE42A6038
R
P 000001FBE42ACE88
C 380
R
P 000001FBE42ACE88
P 000001FBE42A6038
C 294
R
P 000001FBE42ACE88
C 380
R
P 000001FBE42ACE88
P 000001FBE42A6038
C 9
R
P 000001FBE42ACE88
C 380
R
P 000001FBE42ACE88
U 2
P 000001FBE42A6000
P 000001FBE42A6038
p 2
C 65
= 000001FBE42A6070
R
P 000001FBE42ACE88
C 380
R
P 000001FBE42ACE88
P 000001FBE42A6070
C 294
R
P 000001FBE42ACE88
C 380
R
P 000001FBE42ACE88
P 000001FBE42A6070
C 9
R
P 000001FBE42ACE88
C 380
R
P 000001FBE42ACE88
I 1
P 000001FBE42A9078
C 154
= 000001FBE42A9BD8
R
P 000001FBE42ACE88
C 380
R
P 000001FBE42ACE88
P 000001FBE42A9BD8
C 294
R
P 000001FBE42ACE88
C 380
R
P 000001FBE42ACE88
P 000001FBE42A9BD8
C 9
R
P 000001FBE42ACE88
C 380
R
P 000001FBE42ACE88
P 000001FBE42A9BD8
P 000001FBE42AA1D8
C 76
= 000001FBE42A60A8
R
P 000001FBE42ACE88
C 380
R
P 000001FBE42ACE88
P 000001FBE42A60A8
C 294
R
P 000001FBE42ACE88
C 380
R
P 000001FBE42ACE88
P 000001FBE42A60A8
C 9
R
P 000001FBE42ACE88
C 380
R
P 000001FBE42ACE88
I 9
P 000001FBE42A9078
C 154
= 000001FBE42AAB98
R
P 000001FBE42ACE88
C 380
R
P 000001FBE42ACE88
P 000001FBE42AAB98
C 294
R
P 000001FBE42ACE88
C 380
R
P 000001FBE42ACE88
P 000001FBE42AAB98
C 9
R
P 000001FBE42ACE88
C 380
R
P 000001FBE42ACE88
P 000001FBE42AA1D8
P 000001FBE42AAB98
C 76
= 000001FBE42A60E0
R
P 000001FBE42ACE88
C 380
R
P 000001FBE42ACE88
P 000001FBE42A60E0
C 294
R
P 000001FBE42ACE88
C 380
R
P 000001FBE42ACE88
P 000001FBE42A60E0
C 9
R
P 000001FBE42ACE88
C 380
R
P 000001FBE42ACE88
U 2
P 000001FBE42A60A8
P 000001FBE42A60E0
p 2
C 65
= 000001FBE42A6118
R
P 000001FBE42ACE88
C 380
R
P 000001FBE42ACE88
P 000001FBE42A6118
C 294
R
P 000001FBE42ACE88
C 380
R
P 000001FBE42ACE88
P 000001FBE42A6118
C 9
R
P 000001FBE42ACE88
C 380
R
P 000001FBE42ACE88
I 1
P 000001FBE42A9078
C 154
= 000001FBE42A9BD8
R
P 000001FBE42ACE88
C 380
R
P 000001FBE42ACE88
P 000001FBE42A9BD8
C 294
R
P 000001FBE42ACE88
C 380
R
P 000001FBE42ACE88
P 000001FBE42A9BD8
C 9
R
P 000001FBE42ACE88
C 380
R
P 000001FBE42ACE88
P 000001FBE42A9BD8
P 000001FBE42AA1F8
C 76
= 000001FBE42A6150
R
P 000001FBE42ACE88
C 380
R
P 000001FBE42ACE88
P 000001FBE42A6150
C 294
R
P 000001FBE42ACE88
C 380
R
P 000001FBE42ACE88
P 000001FBE42A6150
C 9
R
P 000001FBE42ACE88
C 380
R
P 000001FBE42ACE88
I 9
P 000001FBE42A9078
C 154
= 000001FBE42AAB98
R
P 000001FBE42ACE88
C 380
R
P 000001FBE42ACE88
P 000001FBE42AAB98
C 294
R
P 000001FBE42ACE88
C 380
R
P 000001FBE42ACE88
P 000001FBE42AAB98
C 9
R
P 000001FBE42ACE88
C 380
R
P 000001FBE42ACE88
P 000001FBE42AA1F8
P 000001FBE42AAB98
C 76
= 000001FBE42A6188
R
P 000001FBE42ACE88
C 380
R
P 000001FBE42ACE88
P 000001FBE42A6188
C 294
R
P 000001FBE42ACE88
C 380
R
P 000001FBE42ACE88
P 000001FBE42A6188
C 9
R
P 000001FBE42ACE88
C 380
R
P 000001FBE42ACE88
U 2
P 000001FBE42A6150
P 000001FBE42A6188
p 2
C 65
= 000001FBE42A61C0
R
P 000001FBE42ACE88
C 380
R
P 000001FBE42ACE88
P 000001FBE42A61C0
C 294
R
P 000001FBE42ACE88
C 380
R
P 000001FBE42ACE88
P 000001FBE42A61C0
C 9
R
P 000001FBE42ACE88
C 380
R
P 000001FBE42ACE88
I 1
P 000001FBE42A9078
C 154
= 000001FBE42A9BD8
R
P 000001FBE42ACE88
C 380
R
P 000001FBE42ACE88
P 000001FBE42A9BD8
C 294
R
P 000001FBE42ACE88
C 380
R
P 000001FBE42ACE88
P 000001FBE42A9BD8
C 9
R
P 000001FBE42ACE88
C 380
R
P 000001FBE42ACE88
P 000001FBE42A9BD8
P 000001FBE42AA218
C 76
= 000001FBE42A61F8
R
P 000001FBE42ACE88
C 380
R
P 000001FBE42ACE88
P 000001FBE42A61F8
C 294
R
P 000001FBE42ACE88
C 380
R
P 000001FBE42ACE88
P 000001FBE42A61F8
C 9
R
P 000001FBE42ACE88
C 380
R
P 000001FBE42ACE88
I 9
P 000001FBE42A9078
C 154
= 000001FBE42AAB98
R
P 000001FBE42ACE88
C 380
R
P 000001FBE42ACE88
P 000001FBE42AAB98
C 294
R
P 000001FBE42ACE88
C 380
R
P 000001FBE42ACE88
P 000001FBE42AAB98
C 9
R
P 000001FBE42ACE88
C 380
R
P 000001FBE42ACE88
P 000001FBE42AA218
P 000001FBE42AAB98
C 76
= 000001FBE42A6230
R
P 000001FBE42ACE88
C 380
R
P 000001FBE42ACE88
P 000001FBE42A6230
C 294
R
P 000001FBE42ACE88
C 380
R
P 000001FBE42ACE88
P 000001FBE42A6230
C 9
R
P 000001FBE42ACE88
C 380
R
P 000001FBE42ACE88
U 2
P 000001FBE42A61F8
P 000001FBE42A6230
p 2
C 65
= 000001FBE42A6268
R
P 000001FBE42ACE88
C 380
R
P 000001FBE42ACE88
P 000001FBE42A6268
C 294
R
P 000001FBE42ACE88
C 380
R
P 000001FBE42ACE88
P 000001FBE42A6268
C 9
R
P 000001FBE42ACE88
C 380
R
P 000001FBE42ACE88
I 1
P 000001FBE42A9078
C 154
= 000001FBE42A9BD8
R
P 000001FBE42ACE88
C 380
R
P 000001FBE42ACE88
P 000001FBE42A9BD8
C 294
R
P 000001FBE42ACE88
C 380
R
P 000001FBE42ACE88
P 000001FBE42A9BD8
C 9
R
P 000001FBE42ACE88
C 380
R
P 000001FBE42ACE88
P 000001FBE42A9BD8
P 000001FBE42AA238
C 76
= 000001FBE42A62A0
R
P 000001FBE42ACE88
C 380
R
P 000001FBE42ACE88
P 000001FBE42A62A0
C 294
R
P 000001FBE42ACE88
C 380
R
P 000001FBE42ACE88
P 000001FBE42A62A0
C 9
R
P 000001FBE42ACE88
C 380
R
P 000001FBE42ACE88
I 9
P 000001FBE42A9078
C 154
= 000001FBE42AAB98
R
P 000001FBE42ACE88
C 380
R
P 000001FBE42ACE88
P 000001FBE42AAB98
C 294
R
P 000001FBE42ACE88
C 380
R
P 000001FBE42ACE88
P 000001FBE42AAB98
C 9
R
P 000001FBE42ACE88
C 380
R
P 000001FBE42ACE88
P 000001FBE42AA238
P 000001FBE42AAB98
C 76
= 000001FBE42A62D8
R
P 000001FBE42ACE88
C 380
R
P 000001FBE42ACE88
P 000001FBE42A62D8
C 294
R
P 000001FBE42ACE88
C 380
R
P 000001FBE42ACE88
P 000001FBE42A62D8
C 9
R
P 000001FBE42ACE88
C 380
R
P 000001FBE42ACE88
U 2
P 000001FBE42A62A0
P 000001FBE42A62D8
p 2
C 65
= 000001FBE42A6310
R
P 000001FBE42ACE88
C 380
R
P 000001FBE42ACE88
P 000001FBE42A6310
C 294
R
P 000001FBE42ACE88
C 380
R
P 000001FBE42ACE88
P 000001FBE42A6310
C 9
R
P 000001FBE42ACE88
C 380
R
P 000001FBE42ACE88
I 1
P 000001FBE42A9078
C 154
= 000001FBE42A9BD8
R
P 000001FBE42ACE88
C 380
R
P 000001FBE42ACE88
P 000001FBE42A9BD8
C 294
R
P 000001FBE42ACE88
C 380
R
P 000001FBE42ACE88
P 000001FBE42A9BD8
C 9
R
P 000001FBE42ACE88
C 380
R
P 000001FBE42ACE88
P 000001FBE42A9BD8
P 000001FBE42AA258
C 76
= 000001FBE42A6348
R
P 000001FBE42ACE88
C 380
R
P 000001FBE42ACE88
P 000001FBE42A6348
C 294
R
P 000001FBE42ACE88
C 380
R
P 000001FBE42ACE88
P 000001FBE42A6348
C 9
R
P 000001FBE42ACE88
C 380
R
P 000001FBE42ACE88
I 9
P 000001FBE42A9078
C 154
= 000001FBE42AAB98
R
P 000001FBE42ACE88
C 380
R
P 000001FBE42ACE88
P 000001FBE42AAB98
C 294
R
P 000001FBE42ACE88
C 380
R
P 000001FBE42ACE88
P 000001FBE42AAB98
C 9
R
P 000001FBE42ACE88
C 380
R
P 000001FBE42ACE88
P 000001FBE42AA258
P 000001FBE42AAB98
C 76
= 000001FBE42A6380
R
P 000001FBE42ACE88
C 380
R
P 000001FBE42ACE88
P 000001FBE42A6380
C 294
R
P 000001FBE42ACE88
C 380
R
P 000001FBE42ACE88
P 000001FBE42A6380
C 9
R
P 000001FBE42ACE88
C 380
R
P 000001FBE42ACE88
U 2
P 000001FBE42A6348
P 000001FBE42A6380
p 2
C 65
= 000001FBE42A63B8
R
P 000001FBE42ACE88
C 380
R
P 000001FBE42ACE88
P 000001FBE42A63B8
C 294
R
P 000001FBE42ACE88
C 380
R
P 000001FBE42ACE88
P 000001FBE42A63B8
C 9
R
P 000001FBE42ACE88
C 380
R
P 000001FBE42ACE88
I 1
P 000001FBE42A9078
C 154
= 000001FBE42A9BD8
R
P 000001FBE42ACE88
C 380
R
P 000001FBE42ACE88
P 000001FBE42A9BD8
C 294
R
P 000001FBE42ACE88
C 380
R
P 000001FBE42ACE88
P 000001FBE42A9BD8
C 9
R
P 000001FBE42ACE88
C 380
R
P 000001FBE42ACE88
P 000001FBE42A9BD8
P 000001FBE42AA278
C 76
= 000001FBE42A63F0
R
P 000001FBE42ACE88
C 380
R
P 000001FBE42ACE88
P 000001FBE42A63F0
C 294
R
P 000001FBE42ACE88
C 380
R
P 000001FBE42ACE88
P 000001FBE42A63F0
C 9
R
P 000001FBE42ACE88
C 380
R
P 000001FBE42ACE88
I 9
P 000001FBE42A9078
C 154
= 000001FBE42AAB98
R
P 000001FBE42ACE88
C 380
R
P 000001FBE42ACE88
P 000001FBE42AAB98
C 294
R
P 000001FBE42ACE88
C 380
R
P 000001FBE42ACE88
P 000001FBE42AAB98
C 9
R
P 000001FBE42ACE88
C 380
R
P 000001FBE42ACE88
P 000001FBE42AA278
P 000001FBE42AAB98
C 76
= 000001FBE42A6428
R
P 000001FBE42ACE88
C 380
R
P 000001FBE42ACE88
P 000001FBE42A6428
C 294
R
P 000001FBE42ACE88
C 380
R
P 000001FBE42ACE88
P 000001FBE42A6428
C 9
R
P 000001FBE42ACE88
C 380
R
P 000001FBE42ACE88
U 2
P 000001FBE42A63F0
P 000001FBE42A6428
p 2
C 65
= 000001FBE42A6460
R
P 000001FBE42ACE88
C 380
R
P 000001FBE42ACE88
P 000001FBE42A6460
C 294
R
P 000001FBE42ACE88
C 380
R
P 000001FBE42ACE88
P 000001FBE42A6460
C 9
R
P 000001FBE42ACE88
C 380
R
P 000001FBE42ACE88
I 1
P 000001FBE42A9078
C 154
= 000001FBE42A9BD8
R
P 000001FBE42ACE88
C 380
R
P 000001FBE42ACE88
P 000001FBE42A9BD8
C 294
R
P 000001FBE42ACE88
C 380
R
P 000001FBE42ACE88
P 000001FBE42A9BD8
C 9
R
P 000001FBE42ACE88
C 380
R
P 000001FBE42ACE88
P 000001FBE42A9BD8
P 000001FBE42AA298
C 76
= 000001FBE42A6498
R
P 000001FBE42ACE88
C 380
R
P 000001FBE42ACE88
P 000001FBE42A6498
C 294
R
P 000001FBE42ACE88
C 380
R
P 000001FBE42ACE88
P 000001FBE42A6498
C 9
R
P 000001FBE42ACE88
C 380
R
P 000001FBE42ACE88
I 9
P 000001FBE42A9078
C 154
= 000001FBE42AAB98
R
P 000001FBE42ACE88
C 380
R
P 000001FBE42ACE88
P 000001FBE42AAB98
C 294
R
P 000001FBE42ACE88
C 380
R
P 000001FBE42ACE88
P 000001FBE42AAB98
C 9
R
P 000001FBE42ACE88
C 380
R
P 000001FBE42ACE88
P 000001FBE42AA298
P 000001FBE42AAB98
C 76
= 000001FBE42A64D0
R
P 000001FBE42ACE88
C 380
R
P 000001FBE42ACE88
P 000001FBE42A64D0
C 294
R
P 000001FBE42ACE88
C 380
R
P 000001FBE42ACE88
P 000001FBE42A64D0
C 9
R
P 000001FBE42ACE88
C 380
R
P 000001FBE42ACE88
U 2
P 000001FBE42A6498
P 000001FBE42A64D0
p 2
C 65
= 000001FBE42A6508
R
P 000001FBE42ACE88
C 380
R
P 000001FBE42ACE88
P 000001FBE42A6508
C 294
R
P 000001FBE42ACE88
C 380
R
P 000001FBE42ACE88
P 000001FBE42A6508
C 9
R
P 000001FBE42ACE88
C 380
R
P 000001FBE42ACE88
I 1
P 000001FBE42A9078
C 154
= 000001FBE42A9BD8
R
P 000001FBE42ACE88
C 380
R
P 000001FBE42ACE88
P 000001FBE42A9BD8
C 294
R
P 000001FBE42ACE88
C 380
R
P 000001FBE42ACE88
P 000001FBE42A9BD8
C 9
R
P 000001FBE42ACE88
C 380
R
P 000001FBE42ACE88
P 000001FBE42A9BD8
P 000001FBE42AA2B8
C 76
= 000001FBE42A6540
R
P 000001FBE42ACE88
C 380
R
P 000001FBE42ACE88
P 000001FBE42A6540
C 294
R
P 000001FBE42ACE88
C 380
R
P 000001FBE42ACE88
P 000001FBE42A6540
C 9
R
P 000001FBE42ACE88
C 380
R
P 000001FBE42ACE88
I 9
P 000001FBE42A9078
C 154
= 000001FBE42AAB98
R
P 000001FBE42ACE88
C 380
R
P 000001FBE42ACE88
P 000001FBE42AAB98
C 294
R
P 000001FBE42ACE88
C 380
R
P 000001FBE42ACE88
P 000001FBE42AAB98
C 9
R
P 000001FBE42ACE88
C 380
R
P 000001FBE42ACE88
P 000001FBE42AA2B8
P 000001FBE42AAB98
C 76
= 000001FBE42A6578
R
P 000001FBE42ACE88
C 380
R
P 000001FBE42ACE88
P 000001FBE42A6578
C 294
R
P 000001FBE42ACE88
C 380
R
P 000001FBE42ACE88
P 000001FBE42A6578
C 9
R
P 000001FBE42ACE88
C 380
R
P 000001FBE42ACE88
U 2
P 000001FBE42A6540
P 000001FBE42A6578
p 2
C 65
= 000001FBE42A65B0
R
P 000001FBE42ACE88
C 380
R
P 000001FBE42ACE88
P 000001FBE42A65B0
C 294
R
P 000001FBE42ACE88
C 380
R
P 000001FBE42ACE88
P 000001FBE42A65B0
C 9
R
P 000001FBE42ACE88
C 380
R
P 000001FBE42ACE88
I 1
P 000001FBE42A9078
C 154
= 000001FBE42A9BD8
R
P 000001FBE42ACE88
C 380
R
P 000001FBE42ACE88
P 000001FBE42A9BD8
C 294
R
P 000001FBE42ACE88
C 380
R
P 000001FBE42ACE88
P 000001FBE42A9BD8
C 9
R
P 000001FBE42ACE88
C 380
R
P 000001FBE42ACE88
P 000001FBE42A9BD8
P 000001FBE42AA2D8
C 76
= 000001FBE42A65E8
R
P 000001FBE42ACE88
C 380
R
P 000001FBE42ACE88
P 000001FBE42A65E8
C 294
R
P 000001FBE42ACE88
C 380
R
P 000001FBE42ACE88
P 000001FBE42A65E8
C 9
R
P 000001FBE42ACE88
C 380
R
P 000001FBE42ACE88
I 9
P 000001FBE42A9078
C 154
= 000001FBE42AAB98
R
P 000001FBE42ACE88
C 380
R
P 000001FBE42ACE88
P 000001FBE42AAB98
C 294
R
P 000001FBE42ACE88
C 380
R
P 000001FBE42ACE88
P 000001FBE42AAB98
C 9
R
P 000001FBE42ACE88
C 380
R
P 000001FBE42ACE88
P 000001FBE42AA2D8
P 000001FBE42AAB98
C 76
= 000001FBE42A6620
R
P 000001FBE42ACE88
C 380
R
P 000001FBE42ACE88
P 000001FBE42A6620
C 294
R
P 000001FBE42ACE88
C 380
R
P 000001FBE42ACE88
P 000001FBE42A6620
C 9
R
P 000001FBE42ACE88
C 380
R
P 000001FBE42ACE88
U 2
P 000001FBE42A65E8
P 000001FBE42A6620
p 2
C 65
= 000001FBE42A6658
R
P 000001FBE42ACE88
C 380
R
P 000001FBE42ACE88
P 000001FBE42A6658
C 294
R
P 000001FBE42ACE88
C 380
R
P 000001FBE42ACE88
P 000001FBE42A6658
C 9
R
P 000001FBE42ACE88
C 380
R
P 000001FBE42ACE88
I 1
P 000001FBE42A9078
C 154
= 000001FBE42A9BD8
R
P 000001FBE42ACE88
C 380
R
P 000001FBE42ACE88
P 000001FBE42A9BD8
C 294
R
P 000001FBE42ACE88
C 380
R
P 000001FBE42ACE88
P 000001FBE42A9BD8
C 9
R
P 000001FBE42ACE88
C 380
R
P 000001FBE42ACE88
P 000001FBE42A9BD8
P 000001FBE42AA2F8
C 76
= 000001FBE42A6690
R
P 000001FBE42ACE88
C 380
R
P 000001FBE42ACE88
P 000001FBE42A6690
C 294
R
P 000001FBE42ACE88
C 380
R
P 000001FBE42ACE88
P 000001FBE42A6690
C 9
R
P 000001FBE42ACE88
C 380
R
P 000001FBE42ACE88
I 9
P 000001FBE42A9078
C 154
= 000001FBE42AAB98
R
P 000001FBE42ACE88
C 380
R
P 000001FBE42ACE88
P 000001FBE42AAB98
C 294
R
P 000001FBE42ACE88
C 380
R
P 000001FBE42ACE88
P 000001FBE42AAB98
C 9
R
P 000001FBE42ACE88
C 380
R
P 000001FBE42ACE88
P 000001FBE42AA2F8
P 000001FBE42AAB98
C 76
= 000001FBE42A66C8
R
P 000001FBE42ACE88
C 380
R
P 000001FBE42ACE88
P 000001FBE42A66C8
C 294
R
P 000001FBE42ACE88
C 380
R
P 000001FBE42ACE88
P 000001FBE42A66C8
C 9
R
P 000001FBE42ACE88
C 380
R
P 000001FBE42ACE88
U 2
P 000001FBE42A6690
P 000001FBE42A66C8
p 2
C 65
= 000001FBE42A6700
R
P 000001FBE42ACE88
C 380
R
P 000001FBE42ACE88
P 000001FBE42A6700
C 294
R
P 000001FBE42ACE88
C 380
R
P 000001FBE42ACE88
P 000001FBE42A6700
C 9
R
P 000001FBE42ACE88
C 380
R
P 000001FBE42ACE88
I 1
P 000001FBE42A9078
C 154
= 000001FBE42A9BD8
R
P 000001FBE42ACE88
C 380
R
P 000001FBE42ACE88
P 000001FBE42A9BD8
C 294
R
P 000001FBE42ACE88
C 380
R
P 000001FBE42ACE88
P 000001FBE42A9BD8
C 9
R
P 000001FBE42ACE88
C 380
R
P 000001FBE42ACE88
P 000001FBE42A9BD8
P 000001FBE42AA318
C 76
= 000001FBE42A6738
R
P 000001FBE42ACE88
C 380
R
P 000001FBE42ACE88
P 000001FBE42A6738
C 294
R
P 000001FBE42ACE88
C 380
R
P 000001FBE42ACE88
P 000001FBE42A6738
C 9
R
P 000001FBE42ACE88
C 380
R
P 000001FBE42ACE88
I 9
P 000001FBE42A9078
C 154
= 000001FBE42AAB98
R
P 000001FBE42ACE88
C 380
R
P 000001FBE42ACE88
P 000001FBE42AAB98
C 294
R
P 000001FBE42ACE88
C 380
R
P 000001FBE42ACE88
P 000001FBE42AAB98
C 9
R
P 000001FBE42ACE88
C 380
R
P 000001FBE42ACE88
P 000001FBE42AA318
P 000001FBE42AAB98
C 76
= 000001FBE42A6770
R
P 000001FBE42ACE88
C 380
R
P 000001FBE42ACE88
P 000001FBE42A6770
C 294
R
P 000001FBE42ACE88
C 380
R
P 000001FBE42ACE88
P 000001FBE42A6770
C 9
R
P 000001FBE42ACE88
C 380
R
P 000001FBE42ACE88
U 2
P 000001FBE42A6738
P 000001FBE42A6770
p 2
C 65
= 000001FBE42A67A8
R
P 000001FBE42ACE88
C 380
R
P 000001FBE42ACE88
P 000001FBE42A67A8
C 294
R
P 000001FBE42ACE88
C 380
R
P 000001FBE42ACE88
P 000001FBE42A67A8
C 9
R
P 000001FBE42ACE88
C 380
R
P 000001FBE42ACE88
I 1
P 000001FBE42A9078
C 154
= 000001FBE42A9BD8
R
P 000001FBE42ACE88
C 380
R
P 000001FBE42ACE88
P 000001FBE42A9BD8
C 294
R
P 000001FBE42ACE88
C 380
R
P 000001FBE42ACE88
P 000001FBE42A9BD8
C 9
R
P 000001FBE42ACE88
C 380
R
P 000001FBE42ACE88
P 000001FBE42A9BD8
P 000001FBE42AA338
C 76
= 000001FBE42A67E0
R
P 000001FBE42ACE88
C 380
R
P 000001FBE42ACE88
P 000001FBE42A67E0
C 294
R
P 000001FBE42ACE88
C 380
R
P 000001FBE42ACE88
P 000001FBE42A67E0
C 9
R
P 000001FBE42ACE88
C 380
R
P 000001FBE42ACE88
I 9
P 000001FBE42A9078
C 154
= 000001FBE42AAB98
R
P 000001FBE42ACE88
C 380
R
P 000001FBE42ACE88
P 000001FBE42AAB98
C 294
R
P 000001FBE42ACE88
C 380
R
P 000001FBE42ACE88
P 000001FBE42AAB98
C 9
R
P 000001FBE42ACE88
C 380
R
P 000001FBE42ACE88
P 000001FBE42AA338
P 000001FBE42AAB98
C 76
= 000001FBE42A6818
R
P 000001FBE42ACE88
C 380
R
P 000001FBE42ACE88
P 000001FBE42A6818
C 294
R
P 000001FBE42ACE88
C 380
R
P 000001FBE42ACE88
P 000001FBE42A6818
C 9
R
P 000001FBE42ACE88
C 380
R
P 000001FBE42ACE88
U 2
P 000001FBE42A67E0
P 000001FBE42A6818
p 2
C 65
= 000001FBE42A6850
R
P 000001FBE42ACE88
C 380
R
P 000001FBE42ACE88
P 000001FBE42A6850
C 294
R
P 000001FBE42ACE88
C 380
R
P 000001FBE42ACE88
P 000001FBE42A6850
C 9
R
P 000001FBE42ACE88
C 380
R
P 000001FBE42ACE88
I 1
P 000001FBE42A9078
C 154
= 000001FBE42A9BD8
R
P 000001FBE42ACE88
C 380
R
P 000001FBE42ACE88
P 000001FBE42A9BD8
C 294
R
P 000001FBE42ACE88
C 380
R
P 000001FBE42ACE88
P 000001FBE42A9BD8
C 9
R
P 000001FBE42ACE88
C 380
R
P 000001FBE42ACE88
P 000001FBE42A9BD8
P 000001FBE42AA358
C 76
= 000001FBE42A6888
R
P 000001FBE42ACE88
C 380
R
P 000001FBE42ACE88
P 000001FBE42A6888
C 294
R
P 000001FBE42ACE88
C 380
R
P 000001FBE42ACE88
P 000001FBE42A6888
C 9
R
P 000001FBE42ACE88
C 380
R
P 000001FBE42ACE88
I 9
P 000001FBE42A9078
C 154
= 000001FBE42AAB98
R
P 000001FBE42ACE88
C 380
R
P 000001FBE42ACE88
P 000001FBE42AAB98
C 294
R
P 000001FBE42ACE88
C 380
R
P 000001FBE42ACE88
P 000001FBE42AAB98
C 9
R
P 000001FBE42ACE88
C 380
R
P 000001FBE42ACE88
P 000001FBE42AA358
P 000001FBE42AAB98
C 76
= 000001FBE42A68C0
R
P 000001FBE42ACE88
C 380
R
P 000001FBE42ACE88
P 000001FBE42A68C0
C 294
R
P 000001FBE42ACE88
C 380
R
P 000001FBE42ACE88
P 000001FBE42A68C0
C 9
R
P 000001FBE42ACE88
C 380
R
P 000001FBE42ACE88
U 2
P 000001FBE42A6888
P 000001FBE42A68C0
p 2
C 65
= 000001FBE42A68F8
R
P 000001FBE42ACE88
C 380
R
P 000001FBE42ACE88
P 000001FBE42A68F8
C 294
R
P 000001FBE42ACE88
C 380
R
P 000001FBE42ACE88
P 000001FBE42A68F8
C 9
R
P 000001FBE42ACE88
C 380
R
P 000001FBE42ACE88
I 1
P 000001FBE42A9078
C 154
= 000001FBE42A9BD8
R
P 000001FBE42ACE88
C 380
R
P 000001FBE42ACE88
P 000001FBE42A9BD8
C 294
R
P 000001FBE42ACE88
C 380
R
P 000001FBE42ACE88
P 000001FBE42A9BD8
C 9
R
P 000001FBE42ACE88
C 380
R
P 000001FBE42ACE88
P 000001FBE42A9BD8
P 000001FBE42AA378
C 76
= 000001FBE42A6930
R
P 000001FBE42ACE88
C 380
R
P 000001FBE42ACE88
P 000001FBE42A6930
C 294
R
P 000001FBE42ACE88
C 380
R
P 000001FBE42ACE88
P 000001FBE42A6930
C 9
R
P 000001FBE42ACE88
C 380
R
P 000001FBE42ACE88
I 9
P 000001FBE42A9078
C 154
= 000001FBE42AAB98
R
P 000001FBE42ACE88
C 380
R
P 000001FBE42ACE88
P 000001FBE42AAB98
C 294
R
P 000001FBE42ACE88
C 380
R
P 000001FBE42ACE88
P 000001FBE42AAB98
C 9
R
P 000001FBE42ACE88
C 380
R
P 000001FBE42ACE88
P 000001FBE42AA378
P 000001FBE42AAB98
C 76
= 000001FBE42A6968
R
P 000001FBE42ACE88
C 380
R
P 000001FBE42ACE88
P 000001FBE42A6968
C 294
R
P 000001FBE42ACE88
C 380
R
P 000001FBE42ACE88
P 000001FBE42A6968
C 9
R
P 000001FBE42ACE88
C 380
R
P 000001FBE42ACE88
U 2
P 000001FBE42A6930
P 000001FBE42A6968
p 2
C 65
= 000001FBE42A69A0
R
P 000001FBE42ACE88
C 380
R
P 000001FBE42ACE88
P 000001FBE42A69A0
C 294
R
P 000001FBE42ACE88
C 380
R
P 000001FBE42ACE88
P 000001FBE42A69A0
C 9
R
P 000001FBE42ACE88
C 380
R
P 000001FBE42ACE88
I 1
P 000001FBE42A9078
C 154
= 000001FBE42A9BD8
R
P 000001FBE42ACE88
C 380
R
P 000001FBE42ACE88
P 000001FBE42A9BD8
C 294
R
P 000001FBE42ACE88
C 380
R
P 000001FBE42ACE88
P 000001FBE42A9BD8
C 9
R
P 000001FBE42ACE88
C 380
R
P 000001FBE42ACE88
P 000001FBE42A9BD8
P 000001FBE42AA398
C 76
= 000001FBE42A69D8
R
P 000001FBE42ACE88
C 380
R
P 000001FBE42ACE88
P 000001FBE42A69D8
C 294
R
P 000001FBE42ACE88
C 380
R
P 000001FBE42ACE88
P 000001FBE42A69D8
C 9
R
P 000001FBE42ACE88
C 380
R
P 000001FBE42ACE88
I 9
P 000001FBE42A9078
C 154
= 000001FBE42AAB98
R
P 000001FBE42ACE88
C 380
R
P 000001FBE42ACE88
P 000001FBE42AAB98
C 294
R
P 000001FBE42ACE88
C 380
R
P 000001FBE42ACE88
P 000001FBE42AAB98
C 9
R
P 000001FBE42ACE88
C 380
R
P 000001FBE42ACE88
P 000001FBE42AA398
P 000001FBE42AAB98
C 76
= 000001FBE42A6A10
R
P 000001FBE42ACE88
C 380
R
P 000001FBE42ACE88
P 000001FBE42A6A10
C 294
R
P 000001FBE42ACE88
C 380
R
P 000001FBE42ACE88
P 000001FBE42A6A10
C 9
R
P 000001FBE42ACE88
C 380
R
P 000001FBE42ACE88
U 2
P 000001FBE42A69D8
P 000001FBE42A6A10
p 2
C 65
= 000001FBE42A6A48
R
P 000001FBE42ACE88
C 380
R
P 000001FBE42ACE88
P 000001FBE42A6A48
C 294
R
P 000001FBE42ACE88
C 380
R
P 000001FBE42ACE88
P 000001FBE42A6A48
C 9
R
P 000001FBE42ACE88
C 380
R
P 000001FBE42ACE88
I 1
P 000001FBE42A9078
C 154
= 000001FBE42A9BD8
R
P 000001FBE42ACE88
C 380
R
P 000001FBE42ACE88
P 000001FBE42A9BD8
C 294
R
P 000001FBE42ACE88
C 380
R
P 000001FBE42ACE88
P 000001FBE42A9BD8
C 9
R
P 000001FBE42ACE88
C 380
R
P 000001FBE42ACE88
P 000001FBE42A9BD8
P 000001FBE42AA3B8
C 76
= 000001FBE42A6A80
R
P 000001FBE42ACE88
C 380
R
P 000001FBE42ACE88
P 000001FBE42A6A80
C 294
R
P 000001FBE42ACE88
C 380
R
P 000001FBE42ACE88
P 000001FBE42A6A80
C 9
R
P 000001FBE42ACE88
C 380
R
P 000001FBE42ACE88
I 9
P 000001FBE42A9078
C 154
= 000001FBE42AAB98
R
P 000001FBE42ACE88
C 380
R
P 000001FBE42ACE88
P 000001FBE42AAB98
C 294
R
P 000001FBE42ACE88
C 380
R
P 000001FBE42ACE88
P 000001FBE42AAB98
C 9
R
P 000001FBE42ACE88
C 380
R
P 000001FBE42ACE88
P 000001FBE42AA3B8
P 000001FBE42AAB98
C 76
= 000001FBE42A6AB8
R
P 000001FBE42ACE88
C 380
R
P 000001FBE42ACE88
P 000001FBE42A6AB8
C 294
R
P 000001FBE42ACE88
C 380
R
P 000001FBE42ACE88
P 000001FBE42A6AB8
C 9
R
P 000001FBE42ACE88
C 380
R
P 000001FBE42ACE88
U 2
P 000001FBE42A6A80
P 000001FBE42A6AB8
p 2
C 65
= 000001FBE42A6AF0
R
P 000001FBE42ACE88
C 380
R
P 000001FBE42ACE88
P 000001FBE42A6AF0
C 294
R
P 000001FBE42ACE88
C 380
R
P 000001FBE42ACE88
P 000001FBE42A6AF0
C 9
R
P 000001FBE42ACE88
C 380
R
P 000001FBE42ACE88
I 1
P 000001FBE42A9078
C 154
= 000001FBE42A9BD8
R
P 000001FBE42ACE88
C 380
R
P 000001FBE42ACE88
P 000001FBE42A9BD8
C 294
R
P 000001FBE42ACE88
C 380
R
P 000001FBE42ACE88
P 000001FBE42A9BD8
C 9
R
P 000001FBE42ACE88
C 380
R
P 000001FBE42ACE88
P 000001FBE42A9BD8
P 000001FBE42AA3D8
C 76
= 000001FBE42A6B28
R
P 000001FBE42ACE88
C 380
R
P 000001FBE42ACE88
P 000001FBE42A6B28
C 294
R
P 000001FBE42ACE88
C 380
R
P 000001FBE42ACE88
P 000001FBE42A6B28
C 9
R
P 000001FBE42ACE88
C 380
R
P 000001FBE42ACE88
I 9
P 000001FBE42A9078
C 154
= 000001FBE42AAB98
R
P 000001FBE42ACE88
C 380
R
P 000001FBE42ACE88
P 000001FBE42AAB98
C 294
R
P 000001FBE42ACE88
C 380
R
P 000001FBE42ACE88
P 000001FBE42AAB98
C 9
R
P 000001FBE42ACE88
C 380
R
P 000001FBE42ACE88
P 000001FBE42AA3D8
P 000001FBE42AAB98
C 76
= 000001FBE42A6B60
R
P 000001FBE42ACE88
C 380
R
P 000001FBE42ACE88
P 000001FBE42A6B60
C 294
R
P 000001FBE42ACE88
C 380
R
P 000001FBE42ACE88
P 000001FBE42A6B60
C 9
R
P 000001FBE42ACE88
C 380
R
P 000001FBE42ACE88
U 2
P 000001FBE42A6B28
P 000001FBE42A6B60
p 2
C 65
= 000001FBE42A6B98
R
P 000001FBE42ACE88
C 380
R
P 000001FBE42ACE88
P 000001FBE42A6B98
C 294
R
P 000001FBE42ACE88
C 380
R
P 000001FBE42ACE88
P 000001FBE42A6B98
C 9
R
P 000001FBE42ACE88
C 380
R
P 000001FBE42ACE88
I 1
P 000001FBE42A9078
C 154
= 000001FBE42A9BD8
R
P 000001FBE42ACE88
C 380
R
P 000001FBE42ACE88
P 000001FBE42A9BD8
C 294
R
P 000001FBE42ACE88
C 380
R
P 000001FBE42ACE88
P 000001FBE42A9BD8
C 9
R
P 000001FBE42ACE88
C 380
R
P 000001FBE42ACE88
P 000001FBE42A9BD8
P 000001FBE42AA3F8
C 76
= 000001FBE42A6BD0
R
P 000001FBE42ACE88
C 380
R
P 000001FBE42ACE88
P 000001FBE42A6BD0
C 294
R
P 000001FBE42ACE88
C 380
R
P 000001FBE42ACE88
P 000001FBE42A6BD0
C 9
R
P 000001FBE42ACE88
C 380
R
P 000001FBE42ACE88
I 9
P 000001FBE42A9078
C 154
= 000001FBE42AAB98
R
P 000001FBE42ACE88
C 380
R
P 000001FBE42ACE88
P 000001FBE42AAB98
C 294
R
P 000001FBE42ACE88
C 380
R
P 000001FBE42ACE88
P 000001FBE42AAB98
C 9
R
P 000001FBE42ACE88
C 380
R
P 000001FBE42ACE88
P 000001FBE42AA3F8
P 000001FBE42AAB98
C 76
= 000001FBE42A6C08
R
P 000001FBE42ACE88
C 380
R
P 000001FBE42ACE88
P 000001FBE42A6C08
C 294
R
P 000001FBE42ACE88
C 380
R
P 000001FBE42ACE88
P 000001FBE42A6C08
C 9
R
P 000001FBE42ACE88
C 380
R
P 000001FBE42ACE88
U 2
P 000001FBE42A6BD0
P 000001FBE42A6C08
p 2
C 65
= 000001FBE42A6C40
R
P 000001FBE42ACE88
C 380
R
P 000001FBE42ACE88
P 000001FBE42A6C40
C 294
R
P 000001FBE42ACE88
C 380
R
P 000001FBE42ACE88
P 000001FBE42A6C40
C 9
R
P 000001FBE42ACE88
C 380
R
P 000001FBE42ACE88
I 1
P 000001FBE42A9078
C 154
= 000001FBE42A9BD8
R
P 000001FBE42ACE88
C 380
R
P 000001FBE42ACE88
P 000001FBE42A9BD8
C 294
R
P 000001FBE42ACE88
C 380
R
P 000001FBE42ACE88
P 000001FBE42A9BD8
C 9
R
P 000001FBE42ACE88
C 380
R
P 000001FBE42ACE88
P 000001FBE42A9BD8
P 000001FBE42AA418
C 76
= 000001FBE42A6C78
R
P 000001FBE42ACE88
C 380
R
P 000001FBE42ACE88
P 000001FBE42A6C78
C 294
R
P 000001FBE42ACE88
C 380
R
P 000001FBE42ACE88
P 000001FBE42A6C78
C 9
R
P 000001FBE42ACE88
C 380
R
P 000001FBE42ACE88
I 9
P 000001FBE42A9078
C 154
= 000001FBE42AAB98
R
P 000001FBE42ACE88
C 380
R
P 000001FBE42ACE88
P 000001FBE42AAB98
C 294
R
P 000001FBE42ACE88
C 380
R
P 000001FBE42ACE88
P 000001FBE42AAB98
C 9
R
P 000001FBE42ACE88
C 380
R
P 000001FBE42ACE88
P 000001FBE42AA418
P 000001FBE42AAB98
C 76
= 000001FBE42A6CB0
R
P 000001FBE42ACE88
C 380
R
P 000001FBE42ACE88
P 000001FBE42A6CB0
C 294
R
P 000001FBE42ACE88
C 380
R
P 000001FBE42ACE88
P 000001FBE42A6CB0
C 9
R
P 000001FBE42ACE88
C 380
R
P 000001FBE42ACE88
U 2
P 000001FBE42A6C78
P 000001FBE42A6CB0
p 2
C 65
= 000001FBE42A6CE8
R
P 000001FBE42ACE88
C 380
R
P 000001FBE42ACE88
P 000001FBE42A6CE8
C 294
R
P 000001FBE42ACE88
C 380
R
P 000001FBE42ACE88
P 000001FBE42A6CE8
C 9
R
P 000001FBE42ACE88
C 380
R
P 000001FBE42ACE88
I 1
P 000001FBE42A9078
C 154
= 000001FBE42A9BD8
R
P 000001FBE42ACE88
C 380
R
P 000001FBE42ACE88
P 000001FBE42A9BD8
C 294
R
P 000001FBE42ACE88
C 380
R
P 000001FBE42ACE88
P 000001FBE42A9BD8
C 9
R
P 000001FBE42ACE88
C 380
R
P 000001FBE42ACE88
P 000001FBE42A9BD8
P 000001FBE42AA438
C 76
= 000001FBE42A6D20
R
P 000001FBE42ACE88
C 380
R
P 000001FBE42ACE88
P 000001FBE42A6D20
C 294
R
P 000001FBE42ACE88
C 380
R
P 000001FBE42ACE88
P 000001FBE42A6D20
C 9
R
P 000001FBE42ACE88
C 380
R
P 000001FBE42ACE88
I 9
P 000001FBE42A9078
C 154
= 000001FBE42AAB98
R
P 000001FBE42ACE88
C 380
R
P 000001FBE42ACE88
P 000001FBE42AAB98
C 294
R
P 000001FBE42ACE88
C 380
R
P 000001FBE42ACE88
P 000001FBE42AAB98
C 9
R
P 000001FBE42ACE88
C 380
R
P 000001FBE42ACE88
P 000001FBE42AA438
P 000001FBE42AAB98
C 76
= 000001FBE42A6D58
R
P 000001FBE42ACE88
C 380
R
P 000001FBE42ACE88
P 000001FBE42A6D58
C 294
R
P 000001FBE42ACE88
C 380
R
P 000001FBE42ACE88
P 000001FBE42A6D58
C 9
R
P 000001FBE42ACE88
C 380
R
P 000001FBE42ACE88
U 2
P 000001FBE42A6D20
P 000001FBE42A6D58
p 2
C 65
= 000001FBE42A6D90
R
P 000001FBE42ACE88
C 380
R
P 000001FBE42ACE88
P 000001FBE42A6D90
C 294
R
P 000001FBE42ACE88
C 380
R
P 000001FBE42ACE88
P 000001FBE42A6D90
C 9
R
P 000001FBE42ACE88
C 380
R
P 000001FBE42ACE88
I 1
P 000001FBE42A9078
C 154
= 000001FBE42A9BD8
R
P 000001FBE42ACE88
C 380
R
P 000001FBE42ACE88
P 000001FBE42A9BD8
C 294
R
P 000001FBE42ACE88
C 380
R
P 000001FBE42ACE88
P 000001FBE42A9BD8
C 9
R
P 000001FBE42ACE88
C 380
R
P 000001FBE42ACE88
P 000001FBE42A9BD8
P 000001FBE42AA458
C 76
= 000001FBE42A6DC8
R
P 000001FBE42ACE88
C 380
R
P 000001FBE42ACE88
P 000001FBE42A6DC8
C 294
R
P 000001FBE42ACE88
C 380
R
P 000001FBE42ACE88
P 000001FBE42A6DC8
C 9
R
P 000001FBE42ACE88
C 380
R
P 000001FBE42ACE88
I 9
P 000001FBE42A9078
C 154
= 000001FBE42AAB98
R
P 000001FBE42ACE88
C 380
R
P 000001FBE42ACE88
P 000001FBE42AAB98
C 294
R
P 000001FBE42ACE88
C 380
R
P 000001FBE42ACE88
P 000001FBE42AAB98
C 9
R
P 000001FBE42ACE88
C 380
R
P 000001FBE42ACE88
P 000001FBE42AA458
P 000001FBE42AAB98
C 76
= 000001FBE42A6E00
R
P 000001FBE42ACE88
C 380
R
P 000001FBE42ACE88
P 000001FBE42A6E00
C 294
R
P 000001FBE42ACE88
C 380
R
P 000001FBE42ACE88
P 000001FBE42A6E00
C 9
R
P 000001FBE42ACE88
C 380
R
P 000001FBE42ACE88
U 2
P 000001FBE42A6DC8
P 000001FBE42A6E00
p 2
C 65
= 000001FBE42A6E38
R
P 000001FBE42ACE88
C 380
R
P 000001FBE42ACE88
P 000001FBE42A6E38
C 294
R
P 000001FBE42ACE88
C 380
R
P 000001FBE42ACE88
P 000001FBE42A6E38
C 9
R
P 000001FBE42ACE88
C 380
R
P 000001FBE42ACE88
I 1
P 000001FBE42A9078
C 154
= 000001FBE42A9BD8
R
P 000001FBE42ACE88
C 380
R
P 000001FBE42ACE88
P 000001FBE42A9BD8
C 294
R
P 000001FBE42ACE88
C 380
R
P 000001FBE42ACE88
P 000001FBE42A9BD8
C 9
R
P 000001FBE42ACE88
C 380
R
P 000001FBE42ACE88
P 000001FBE42A9BD8
P 000001FBE42AA478
C 76
= 000001FBE42A6E70
R
P 000001FBE42ACE88
C 380
R
P 000001FBE42ACE88
P 000001FBE42A6E70
C 294
R
P 000001FBE42ACE88
C 380
R
P 000001FBE42ACE88
P 000001FBE42A6E70
C 9
R
P 000001FBE42ACE88
C 380
R
P 000001FBE42ACE88
I 9
P 000001FBE42A9078
C 154
= 000001FBE42AAB98
R
P 000001FBE42ACE88
C 380
R
P 000001FBE42ACE88
P 000001FBE42AAB98
C 294
R
P 000001FBE42ACE88
C 380
R
P 000001FBE42ACE88
P 000001FBE42AAB98
C 9
R
P 000001FBE42ACE88
C 380
R
P 000001FBE42ACE88
P 000001FBE42AA478
P 000001FBE42AAB98
C 76
= 000001FBE42A6EA8
R
P 000001FBE42ACE88
C 380
R
P 000001FBE42ACE88
P 000001FBE42A6EA8
C 294
R
P 000001FBE42ACE88
C 380
R
P 000001FBE42ACE88
P 000001FBE42A6EA8
C 9
R
P 000001FBE42ACE88
C 380
R
P 000001FBE42ACE88
U 2
P 000001FBE42A6E70
P 000001FBE42A6EA8
p 2
C 65
= 000001FBE42A6EE0
R
P 000001FBE42ACE88
C 380
R
P 000001FBE42ACE88
P 000001FBE42A6EE0
C 294
R
P 000001FBE42ACE88
C 380
R
P 000001FBE42ACE88
P 000001FBE42A6EE0
C 9
R
P 000001FBE42ACE88
C 380
R
P 000001FBE42ACE88
I 1
P 000001FBE42A9078
C 154
= 000001FBE42A9BD8
R
P 000001FBE42ACE88
C 380
R
P 000001FBE42ACE88
P 000001FBE42A9BD8
C 294
R
P 000001FBE42ACE88
C 380
R
P 000001FBE42ACE88
P 000001FBE42A9BD8
C 9
R
P 000001FBE42ACE88
C 380
R
P 000001FBE42ACE88
P 000001FBE42A9BD8
P 000001FBE42AA498
C 76
= 000001FBE42A6F18
R
P 000001FBE42ACE88
C 380
R
P 000001FBE42ACE88
P 000001FBE42A6F18
C 294
R
P 000001FBE42ACE88
C 380
R
P 000001FBE42ACE88
P 000001FBE42A6F18
C 9
R
P 000001FBE42ACE88
C 380
R
P 000001FBE42ACE88
I 9
P 000001FBE42A9078
C 154
= 000001FBE42AAB98
R
P 000001FBE42ACE88
C 380
R
P 000001FBE42ACE88
P 000001FBE42AAB98
C 294
R
P 000001FBE42ACE88
C 380
R
P 000001FBE42ACE88
P 000001FBE42AAB98
C 9
R
P 000001FBE42ACE88
C 380
R
P 000001FBE42ACE88
P 000001FBE42AA498
P 000001FBE42AAB98
C 76
= 000001FBE5BFD4B8
R
P 000001FBE42ACE88
C 380
R
P 000001FBE42ACE88
P 000001FBE5BFD4B8
C 294
R
P 000001FBE42ACE88
C 380
R
P 000001FBE42ACE88
P 000001FBE5BFD4B8
C 9
R
P 000001FBE42ACE88
C 380
R
P 000001FBE42ACE88
U 2
P 000001FBE42A6F18
P 000001FBE5BFD4B8
p 2
C 65
= 000001FBE5BFD4F0
R
P 000001FBE42ACE88
C 380
R
P 000001FBE42ACE88
P 000001FBE5BFD4F0
C 294
R
P 000001FBE42ACE88
C 380
R
P 000001FBE42ACE88
P 000001FBE5BFD4F0
C 9
R
P 000001FBE42ACE88
C 380
R
P 000001FBE42ACE88
I 1
P 000001FBE42A9078
C 154
= 000001FBE42A9BD8
R
P 000001FBE42ACE88
C 380
R
P 000001FBE42ACE88
P 000001FBE42A9BD8
C 294
R
P 000001FBE42ACE88
C 380
R
P 000001FBE42ACE88
P 000001FBE42A9BD8
C 9
R
P 000001FBE42ACE88
C 380
R
P 000001FBE42ACE88
P 000001FBE42A9BD8
P 000001FBE42AA4B8
C 76
= 000001FBE5BFD528
R
P 000001FBE42ACE88
C 380
R
P 000001FBE42ACE88
P 000001FBE5BFD528
C 294
R
P 000001FBE42ACE88
C 380
R
P 000001FBE42ACE88
P 000001FBE5BFD528
C 9
R
P 000001FBE42ACE88
C 380
R
P 000001FBE42ACE88
I 9
P 000001FBE42A9078
C 154
= 000001FBE42AAB98
R
P 000001FBE42ACE88
C 380
R
P 000001FBE42ACE88
P 000001FBE42AAB98
C 294
R
P 000001FBE42ACE88
C 380
R
P 000001FBE42ACE88
P 000001FBE42AAB98
C 9
R
P 000001FBE42ACE88
C 380
R
P 000001FBE42ACE88
P 000001FBE42AA4B8
P 000001FBE42AAB98
C 76
= 000001FBE5BFD560
R
P 000001FBE42ACE88
C 380
R
P 000001FBE42ACE88
P 000001FBE5BFD560
C 294
R
P 000001FBE42ACE88
C 380
R
P 000001FBE42ACE88
P 000001FBE5BFD560
C 9
R
P 000001FBE42ACE88
C 380
R
P 000001FBE42ACE88
U 2
P 000001FBE5BFD528
P 000001FBE5BFD560
p 2
C 65
= 000001FBE5BFD598
R
P 000001FBE42ACE88
C 380
R
P 000001FBE42ACE88
P 000001FBE5BFD598
C 294
R
P 000001FBE42ACE88
C 380
R
P 000001FBE42ACE88
P 000001FBE5BFD598
C 9
R
P 000001FBE42ACE88
C 380
R
P 000001FBE42ACE88
I 1
P 000001FBE42A9078
C 154
= 000001FBE42A9BD8
R
P 000001FBE42ACE88
C 380
R
P 000001FBE42ACE88
P 000001FBE42A9BD8
C 294
R
P 000001FBE42ACE88
C 380
R
P 000001FBE42ACE88
P 000001FBE42A9BD8
C 9
R
P 000001FBE42ACE88
C 380
R
P 000001FBE42ACE88
P 000001FBE42A9BD8
P 000001FBE42AA4D8
C 76
= 000001FBE5BFD5D0
R
P 000001FBE42ACE88
C 380
R
P 000001FBE42ACE88
P 000001FBE5BFD5D0
C 294
R
P 000001FBE42ACE88
C 380
R
P 000001FBE42ACE88
P 000001FBE5BFD5D0
C 9
R
P 000001FBE42ACE88
C 380
R
P 000001FBE42ACE88
I 9
P 000001FBE42A9078
C 154
= 000001FBE42AAB98
R
P 000001FBE42ACE88
C 380
R
P 000001FBE42ACE88
P 000001FBE42AAB98
C 294
R
P 000001FBE42ACE88
C 380
R
P 000001FBE42ACE88
P 000001FBE42AAB98
C 9
R
P 000001FBE42ACE88
C 380
R
P 000001FBE42ACE88
P 000001FBE42AA4D8
P 000001FBE42AAB98
C 76
= 000001FBE5BFD608
R
P 000001FBE42ACE88
C 380
R
P 000001FBE42ACE88
P 000001FBE5BFD608
C 294
R
P 000001FBE42ACE88
C 380
R
P 000001FBE42ACE88
P 000001FBE5BFD608
C 9
R
P 000001FBE42ACE88
C 380
R
P 000001FBE42ACE88
U 2
P 000001FBE5BFD5D0
P 000001FBE5BFD608
p 2
C 65
= 000001FBE5BFD640
R
P 000001FBE42ACE88
C 380
R
P 000001FBE42ACE88
P 000001FBE5BFD640
C 294
R
P 000001FBE42ACE88
C 380
R
P 000001FBE42ACE88
P 000001FBE5BFD640
C 9
R
P 000001FBE42ACE88
C 380
R
P 000001FBE42ACE88
I 1
P 000001FBE42A9078
C 154
= 000001FBE42A9BD8
R
P 000001FBE42ACE88
C 380
R
P 000001FBE42ACE88
P 000001FBE42A9BD8
C 294
R
P 000001FBE42ACE88
C 380
R
P 000001FBE42ACE88
P 000001FBE42A9BD8
C 9
R
P 000001FBE42ACE88
C 380
R
P 000001FBE42ACE88
P 000001FBE42A9BD8
P 000001FBE42AA4F8
C 76
= 000001FBE5BFD678
R
P 000001FBE42ACE88
C 380
R
P 000001FBE42ACE88
P 000001FBE5BFD678
C 294
R
P 000001FBE42ACE88
C 380
R
P 000001FBE42ACE88
P 000001FBE5BFD678
C 9
R
P 000001FBE42ACE88
C 380
R
P 000001FBE42ACE88
I 9
P 000001FBE42A9078
C 154
= 000001FBE42AAB98
R
P 000001FBE42ACE88
C 380
R
P 000001FBE42ACE88
P 000001FBE42AAB98
C 294
R
P 000001FBE42ACE88
C 380
R
P 000001FBE42ACE88
P 000001FBE42AAB98
C 9
R
P 000001FBE42ACE88
C 380
R
P 000001FBE42ACE88
P 000001FBE42AA4F8
P 000001FBE42AAB98
C 76
= 000001FBE5BFD6B0
R
P 000001FBE42ACE88
C 380
R
P 000001FBE42ACE88
P 000001FBE5BFD6B0
C 294
R
P 000001FBE42ACE88
C 380
R
P 000001FBE42ACE88
P 000001FBE5BFD6B0
C 9
R
P 000001FBE42ACE88
C 380
R
P 000001FBE42ACE88
U 2
P 000001FBE5BFD678
P 000001FBE5BFD6B0
p 2
C 65
= 000001FBE5BFD6E8
R
P 000001FBE42ACE88
C 380
R
P 000001FBE42ACE88
P 000001FBE5BFD6E8
C 294
R
P 000001FBE42ACE88
C 380
R
P 000001FBE42ACE88
P 000001FBE5BFD6E8
C 9
R
P 000001FBE42ACE88
C 380
R
P 000001FBE42ACE88
I 1
P 000001FBE42A9078
C 154
= 000001FBE42A9BD8
R
P 000001FBE42ACE88
C 380
R
P 000001FBE42ACE88
P 000001FBE42A9BD8
C 294
R
P 000001FBE42ACE88
C 380
R
P 000001FBE42ACE88
P 000001FBE42A9BD8
C 9
R
P 000001FBE42ACE88
C 380
R
P 000001FBE42ACE88
P 000001FBE42A9BD8
P 000001FBE42AA518
C 76
= 000001FBE5BFD720
R
P 000001FBE42ACE88
C 380
R
P 000001FBE42ACE88
P 000001FBE5BFD720
C 294
R
P 000001FBE42ACE88
C 380
R
P 000001FBE42ACE88
P 000001FBE5BFD720
C 9
R
P 000001FBE42ACE88
C 380
R
P 000001FBE42ACE88
I 9
P 000001FBE42A9078
C 154
= 000001FBE42AAB98
R
P 000001FBE42ACE88
C 380
R
P 000001FBE42ACE88
P 000001FBE42AAB98
C 294
R
P 000001FBE42ACE88
C 380
R
P 000001FBE42ACE88
P 000001FBE42AAB98
C 9
R
P 000001FBE42ACE88
C 380
R
P 000001FBE42ACE88
P 000001FBE42AA518
P 000001FBE42AAB98
C 76
= 000001FBE5BFD758
R
P 000001FBE42ACE88
C 380
R
P 000001FBE42ACE88
P 000001FBE5BFD758
C 294
R
P 000001FBE42ACE88
C 380
R
P 000001FBE42ACE88
P 000001FBE5BFD758
C 9
R
P 000001FBE42ACE88
C 380
R
P 000001FBE42ACE88
U 2
P 000001FBE5BFD720
P 000001FBE5BFD758
p 2
C 65
= 000001FBE5BFD790
R
P 000001FBE42ACE88
C 380
R
P 000001FBE42ACE88
P 000001FBE5BFD790
C 294
R
P 000001FBE42ACE88
C 380
R
P 000001FBE42ACE88
P 000001FBE5BFD790
C 9
R
P 000001FBE42ACE88
C 380
R
P 000001FBE42ACE88
I 1
P 000001FBE42A9078
C 154
= 000001FBE42A9BD8
R
P 000001FBE42ACE88
C 380
R
P 000001FBE42ACE88
P 000001FBE42A9BD8
C 294
R
P 000001FBE42ACE88
C 380
R
P 000001FBE42ACE88
P 000001FBE42A9BD8
C 9
R
P 000001FBE42ACE88
C 380
R
P 000001FBE42ACE88
P 000001FBE42A9BD8
P 000001FBE42AA538
C 76
= 000001FBE5BFD7C8
R
P 000001FBE42ACE88
C 380
R
P 000001FBE42ACE88
P 000001FBE5BFD7C8
C 294
R
P 000001FBE42ACE88
C 380
R
P 000001FBE42ACE88
P 000001FBE5BFD7C8
C 9
R
P 000001FBE42ACE88
C 380
R
P 000001FBE42ACE88
I 9
P 000001FBE42A9078
C 154
= 000001FBE42AAB98
R
P 000001FBE42ACE88
C 380
R
P 000001FBE42ACE88
P 000001FBE42AAB98
C 294
R
P 000001FBE42ACE88
C 380
R
P 000001FBE42ACE88
P 000001FBE42AAB98
C 9
R
P 000001FBE42ACE88
C 380
R
P 000001FBE42ACE88
P 000001FBE42AA538
P 000001FBE42AAB98
C 76
= 000001FBE5BFD800
R
P 000001FBE42ACE88
C 380
R
P 000001FBE42ACE88
P 000001FBE5BFD800
C 294
R
P 000001FBE42ACE88
C 380
R
P 000001FBE42ACE88
P 000001FBE5BFD800
C 9
R
P 000001FBE42ACE88
C 380
R
P 000001FBE42ACE88
U 2
P 000001FBE5BFD7C8
P 000001FBE5BFD800
p 2
C 65
= 000001FBE5BFD838
R
P 000001FBE42ACE88
C 380
R
P 000001FBE42ACE88
P 000001FBE5BFD838
C 294
R
P 000001FBE42ACE88
C 380
R
P 000001FBE42ACE88
P 000001FBE5BFD838
C 9
R
P 000001FBE42ACE88
C 380
R
P 000001FBE42ACE88
I 1
P 000001FBE42A9078
C 154
= 000001FBE42A9BD8
R
P 000001FBE42ACE88
C 380
R
P 000001FBE42ACE88
P 000001FBE42A9BD8
C 294
R
P 000001FBE42ACE88
C 380
R
P 000001FBE42ACE88
P 000001FBE42A9BD8
C 9
R
P 000001FBE42ACE88
C 380
R
P 000001FBE42ACE88
P 000001FBE42A9BD8
P 000001FBE42AA558
C 76
= 000001FBE5BFD870
R
P 000001FBE42ACE88
C 380
R
P 000001FBE42ACE88
P 000001FBE5BFD870
C 294
R
P 000001FBE42ACE88
C 380
R
P 000001FBE42ACE88
P 000001FBE5BFD870
C 9
R
P 000001FBE42ACE88
C 380
R
P 000001FBE42ACE88
I 9
P 000001FBE42A9078
C 154
= 000001FBE42AAB98
R
P 000001FBE42ACE88
C 380
R
P 000001FBE42ACE88
P 000001FBE42AAB98
C 294
R
P 000001FBE42ACE88
C 380
R
P 000001FBE42ACE88
P 000001FBE42AAB98
C 9
R
P 000001FBE42ACE88
C 380
R
P 000001FBE42ACE88
P 000001FBE42AA558
P 000001FBE42AAB98
C 76
= 000001FBE5BFD8A8
R
P 000001FBE42ACE88
C 380
R
P 000001FBE42ACE88
P 000001FBE5BFD8A8
C 294
R
P 000001FBE42ACE88
C 380
R
P 000001FBE42ACE88
P 000001FBE5BFD8A8
C 9
R
P 000001FBE42ACE88
C 380
R
P 000001FBE42ACE88
U 2
P 000001FBE5BFD870
P 000001FBE5BFD8A8
p 2
C 65
= 000001FBE5BFD8E0
R
P 000001FBE42ACE88
C 380
R
P 000001FBE42ACE88
P 000001FBE5BFD8E0
C 294
R
P 000001FBE42ACE88
C 380
R
P 000001FBE42ACE88
P 000001FBE5BFD8E0
C 9
R
P 000001FBE42ACE88
C 380
R
P 000001FBE42ACE88
I 1
P 000001FBE42A9078
C 154
= 000001FBE42A9BD8
R
P 000001FBE42ACE88
C 380
R
P 000001FBE42ACE88
P 000001FBE42A9BD8
C 294
R
P 000001FBE42ACE88
C 380
R
P 000001FBE42ACE88
P 000001FBE42A9BD8
C 9
R
P 000001FBE42ACE88
C 380
R
P 000001FBE42ACE88
P 000001FBE42A9BD8
P 000001FBE42AA578
C 76
= 000001FBE5BFD918
R
P 000001FBE42ACE88
C 380
R
P 000001FBE42ACE88
P 000001FBE5BFD918
C 294
R
P 000001FBE42ACE88
C 380
R
P 000001FBE42ACE88
P 000001FBE5BFD918
C 9
R
P 000001FBE42ACE88
C 380
R
P 000001FBE42ACE88
I 9
P 000001FBE42A9078
C 154
= 000001FBE42AAB98
R
P 000001FBE42ACE88
C 380
R
P 000001FBE42ACE88
P 000001FBE42AAB98
C 294
R
P 000001FBE42ACE88
C 380
R
P 000001FBE42ACE88
P 000001FBE42AAB98
C 9
R
P 000001FBE42ACE88
C 380
R
P 000001FBE42ACE88
P 000001FBE42AA578
P 000001FBE42AAB98
C 76
= 000001FBE5BFD950
R
P 000001FBE42ACE88
C 380
R
P 000001FBE42ACE88
P 000001FBE5BFD950
C 294
R
P 000001FBE42ACE88
C 380
R
P 000001FBE42ACE88
P 000001FBE5BFD950
C 9
R
P 000001FBE42ACE88
C 380
R
P 000001FBE42ACE88
U 2
P 000001FBE5BFD918
P 000001FBE5BFD950
p 2
C 65
= 000001FBE5BFD988
R
P 000001FBE42ACE88
C 380
R
P 000001FBE42ACE88
P 000001FBE5BFD988
C 294
R
P 000001FBE42ACE88
C 380
R
P 000001FBE42ACE88
P 000001FBE5BFD988
C 9
R
P 000001FBE42ACE88
C 380
R
P 000001FBE42ACE88
I 1
P 000001FBE42A9078
C 154
= 000001FBE42A9BD8
R
P 000001FBE42ACE88
C 380
R
P 000001FBE42ACE88
P 000001FBE42A9BD8
C 294
R
P 000001FBE42ACE88
C 380
R
P 000001FBE42ACE88
P 000001FBE42A9BD8
C 9
R
P 000001FBE42ACE88
C 380
R
P 000001FBE42ACE88
P 000001FBE42A9BD8
P 000001FBE42AA598
C 76
= 000001FBE5BFD9C0
R
P 000001FBE42ACE88
C 380
R
P 000001FBE42ACE88
P 000001FBE5BFD9C0
C 294
R
P 000001FBE42ACE88
C 380
R
P 000001FBE42ACE88
P 000001FBE5BFD9C0
C 9
R
P 000001FBE42ACE88
C 380
R
P 000001FBE42ACE88
I 9
P 000001FBE42A9078
C 154
= 000001FBE42AAB98
R
P 000001FBE42ACE88
C 380
R
P 000001FBE42ACE88
P 000001FBE42AAB98
C 294
R
P 000001FBE42ACE88
C 380
R
P 000001FBE42ACE88
P 000001FBE42AAB98
C 9
R
P 000001FBE42ACE88
C 380
R
P 000001FBE42ACE88
P 000001FBE42AA598
P 000001FBE42AAB98
C 76
= 000001FBE5BFD9F8
R
P 000001FBE42ACE88
C 380
R
P 000001FBE42ACE88
P 000001FBE5BFD9F8
C 294
R
P 000001FBE42ACE88
C 380
R
P 000001FBE42ACE88
P 000001FBE5BFD9F8
C 9
R
P 000001FBE42ACE88
C 380
R
P 000001FBE42ACE88
U 2
P 000001FBE5BFD9C0
P 000001FBE5BFD9F8
p 2
C 65
= 000001FBE5BFDA30
R
P 000001FBE42ACE88
C 380
R
P 000001FBE42ACE88
P 000001FBE5BFDA30
C 294
R
P 000001FBE42ACE88
C 380
R
P 000001FBE42ACE88
P 000001FBE5BFDA30
C 9
R
P 000001FBE42ACE88
C 380
R
P 000001FBE42ACE88
I 1
P 000001FBE42A9078
C 154
= 000001FBE42A9BD8
R
P 000001FBE42ACE88
C 380
R
P 000001FBE42ACE88
P 000001FBE42A9BD8
C 294
R
P 000001FBE42ACE88
C 380
R
P 000001FBE42ACE88
P 000001FBE42A9BD8
C 9
R
P 000001FBE42ACE88
C 380
R
P 000001FBE42ACE88
P 000001FBE42A9BD8
P 000001FBE42AA5B8
C 76
= 000001FBE5BFDA68
R
P 000001FBE42ACE88
C 380
R
P 000001FBE42ACE88
P 000001FBE5BFDA68
C 294
R
P 000001FBE42ACE88
C 380
R
P 000001FBE42ACE88
P 000001FBE5BFDA68
C 9
R
P 000001FBE42ACE88
C 380
R
P 000001FBE42ACE88
I 9
P 000001FBE42A9078
C 154
= 000001FBE42AAB98
R
P 000001FBE42ACE88
C 380
R
P 000001FBE42ACE88
P 000001FBE42AAB98
C 294
R
P 000001FBE42ACE88
C 380
R
P 000001FBE42ACE88
P 000001FBE42AAB98
C 9
R
P 000001FBE42ACE88
C 380
R
P 000001FBE42ACE88
P 000001FBE42AA5B8
P 000001FBE42AAB98
C 76
= 000001FBE5BFDAA0
R
P 000001FBE42ACE88
C 380
R
P 000001FBE42ACE88
P 000001FBE5BFDAA0
C 294
R
P 000001FBE42ACE88
C 380
R
P 000001FBE42ACE88
P 000001FBE5BFDAA0
C 9
R
P 000001FBE42ACE88
C 380
R
P 000001FBE42ACE88
U 2
P 000001FBE5BFDA68
P 000001FBE5BFDAA0
p 2
C 65
= 000001FBE5BFDAD8
R
P 000001FBE42ACE88
C 380
R
P 000001FBE42ACE88
P 000001FBE5BFDAD8
C 294
R
P 000001FBE42ACE88
C 380
R
P 000001FBE42ACE88
P 000001FBE5BFDAD8
C 9
R
P 000001FBE42ACE88
C 380
R
P 000001FBE42ACE88
I 1
P 000001FBE42A9078
C 154
= 000001FBE42A9BD8
R
P 000001FBE42ACE88
C 380
R
P 000001FBE42ACE88
P 000001FBE42A9BD8
C 294
R
P 000001FBE42ACE88
C 380
R
P 000001FBE42ACE88
P 000001FBE42A9BD8
C 9
R
P 000001FBE42ACE88
C 380
R
P 000001FBE42ACE88
P 000001FBE42A9BD8
P 000001FBE42AA5D8
C 76
= 000001FBE5BFDB10
R
P 000001FBE42ACE88
C 380
R
P 000001FBE42ACE88
P 000001FBE5BFDB10
C 294
R
P 000001FBE42ACE88
C 380
R
P 000001FBE42ACE88
P 000001FBE5BFDB10
C 9
R
P 000001FBE42ACE88
C 380
R
P 000001FBE42ACE88
I 9
P 000001FBE42A9078
C 154
= 000001FBE42AAB98
R
P 000001FBE42ACE88
C 380
R
P 000001FBE42ACE88
P 000001FBE42AAB98
C 294
R
P 000001FBE42ACE88
C 380
R
P 000001FBE42ACE88
P 000001FBE42AAB98
C 9
R
P 000001FBE42ACE88
C 380
R
P 000001FBE42ACE88
P 000001FBE42AA5D8
P 000001FBE42AAB98
C 76
= 000001FBE5BFDB48
R
P 000001FBE42ACE88
C 380
R
P 000001FBE42ACE88
P 000001FBE5BFDB48
C 294
R
P 000001FBE42ACE88
C 380
R
P 000001FBE42ACE88
P 000001FBE5BFDB48
C 9
R
P 000001FBE42ACE88
C 380
R
P 000001FBE42ACE88
U 2
P 000001FBE5BFDB10
P 000001FBE5BFDB48
p 2
C 65
= 000001FBE5BFDB80
R
P 000001FBE42ACE88
C 380
R
P 000001FBE42ACE88
P 000001FBE5BFDB80
C 294
R
P 000001FBE42ACE88
C 380
R
P 000001FBE42ACE88
P 000001FBE5BFDB80
C 9
R
P 000001FBE42ACE88
C 380
R
P 000001FBE42ACE88
I 1
P 000001FBE42A9078
C 154
= 000001FBE42A9BD8
R
P 000001FBE42ACE88
C 380
R
P 000001FBE42ACE88
P 000001FBE42A9BD8
C 294
R
P 000001FBE42ACE88
C 380
R
P 000001FBE42ACE88
P 000001FBE42A9BD8
C 9
R
P 000001FBE42ACE88
C 380
R
P 000001FBE42ACE88
P 000001FBE42A9BD8
P 000001FBE42AA5F8
C 76
= 000001FBE5BFDBB8
R
P 000001FBE42ACE88
C 380
R
P 000001FBE42ACE88
P 000001FBE5BFDBB8
C 294
R
P 000001FBE42ACE88
C 380
R
P 000001FBE42ACE88
P 000001FBE5BFDBB8
C 9
R
P 000001FBE42ACE88
C 380
R
P 000001FBE42ACE88
I 9
P 000001FBE42A9078
C 154
= 000001FBE42AAB98
R
P 000001FBE42ACE88
C 380
R
P 000001FBE42ACE88
P 000001FBE42AAB98
C 294
R
P 000001FBE42ACE88
C 380
R
P 000001FBE42ACE88
P 000001FBE42AAB98
C 9
R
P 000001FBE42ACE88
C 380
R
P 000001FBE42ACE88
P 000001FBE42AA5F8
P 000001FBE42AAB98
C 76
= 000001FBE5BFDBF0
R
P 000001FBE42ACE88
C 380
R
P 000001FBE42ACE88
P 000001FBE5BFDBF0
C 294
R
P 000001FBE42ACE88
C 380
R
P 000001FBE42ACE88
P 000001FBE5BFDBF0
C 9
R
P 000001FBE42ACE88
C 380
R
P 000001FBE42ACE88
U 2
P 000001FBE5BFDBB8
P 000001FBE5BFDBF0
p 2
C 65
= 000001FBE5BFDC28
R
P 000001FBE42ACE88
C 380
R
P 000001FBE42ACE88
P 000001FBE5BFDC28
C 294
R
P 000001FBE42ACE88
C 380
R
P 000001FBE42ACE88
P 000001FBE5BFDC28
C 9
R
P 000001FBE42ACE88
C 380
R
P 000001FBE42ACE88
I 1
P 000001FBE42A9078
C 154
= 000001FBE42A9BD8
R
P 000001FBE42ACE88
C 380
R
P 000001FBE42ACE88
P 000001FBE42A9BD8
C 294
R
P 000001FBE42ACE88
C 380
R
P 000001FBE42ACE88
P 000001FBE42A9BD8
C 9
R
P 000001FBE42ACE88
C 380
R
P 000001FBE42ACE88
P 000001FBE42A9BD8
P 000001FBE42AA618
C 76
= 000001FBE5BFDC60
R
P 000001FBE42ACE88
C 380
R
P 000001FBE42ACE88
P 000001FBE5BFDC60
C 294
R
P 000001FBE42ACE88
C 380
R
P 000001FBE42ACE88
P 000001FBE5BFDC60
C 9
R
P 000001FBE42ACE88
C 380
R
P 000001FBE42ACE88
I 9
P 000001FBE42A9078
C 154
= 000001FBE42AAB98
R
P 000001FBE42ACE88
C 380
R
P 000001FBE42ACE88
P 000001FBE42AAB98
C 294
R
P 000001FBE42ACE88
C 380
R
P 000001FBE42ACE88
P 000001FBE42AAB98
C 9
R
P 000001FBE42ACE88
C 380
R
P 000001FBE42ACE88
P 000001FBE42AA618
P 000001FBE42AAB98
C 76
= 000001FBE5BFDC98
R
P 000001FBE42ACE88
C 380
R
P 000001FBE42ACE88
P 000001FBE5BFDC98
C 294
R
P 000001FBE42ACE88
C 380
R
P 000001FBE42ACE88
P 000001FBE5BFDC98
C 9
R
P 000001FBE42ACE88
C 380
R
P 000001FBE42ACE88
U 2
P 000001FBE5BFDC60
P 000001FBE5BFDC98
p 2
C 65
= 000001FBE5BFDCD0
R
P 000001FBE42ACE88
C 380
R
P 000001FBE42ACE88
P 000001FBE5BFDCD0
C 294
R
P 000001FBE42ACE88
C 380
R
P 000001FBE42ACE88
P 000001FBE5BFDCD0
C 9
R
P 000001FBE42ACE88
C 380
R
P 000001FBE42ACE88
I 1
P 000001FBE42A9078
C 154
= 000001FBE42A9BD8
R
P 000001FBE42ACE88
C 380
R
P 000001FBE42ACE88
P 000001FBE42A9BD8
C 294
R
P 000001FBE42ACE88
C 380
R
P 000001FBE42ACE88
P 000001FBE42A9BD8
C 9
R
P 000001FBE42ACE88
C 380
R
P 000001FBE42ACE88
P 000001FBE42A9BD8
P 000001FBE42AA638
C 76
= 000001FBE5BFDD08
R
P 000001FBE42ACE88
C 380
R
P 000001FBE42ACE88
P 000001FBE5BFDD08
C 294
R
P 000001FBE42ACE88
C 380
R
P 000001FBE42ACE88
P 000001FBE5BFDD08
C 9
R
P 000001FBE42ACE88
C 380
R
P 000001FBE42ACE88
I 9
P 000001FBE42A9078
C 154
= 000001FBE42AAB98
R
P 000001FBE42ACE88
C 380
R
P 000001FBE42ACE88
P 000001FBE42AAB98
C 294
R
P 000001FBE42ACE88
C 380
R
P 000001FBE42ACE88
P 000001FBE42AAB98
C 9
R
P 000001FBE42ACE88
C 380
R
P 000001FBE42ACE88
P 000001FBE42AA638
P 000001FBE42AAB98
C 76
= 000001FBE5BFDD40
R
P 000001FBE42ACE88
C 380
R
P 000001FBE42ACE88
P 000001FBE5BFDD40
C 294
R
P 000001FBE42ACE88
C 380
R
P 000001FBE42ACE88
P 000001FBE5BFDD40
C 9
R
P 000001FBE42ACE88
C 380
R
P 000001FBE42ACE88
U 2
P 000001FBE5BFDD08
P 000001FBE5BFDD40
p 2
C 65
= 000001FBE5BFDD78
R
P 000001FBE42ACE88
C 380
R
P 000001FBE42ACE88
P 000001FBE5BFDD78
C 294
R
P 000001FBE42ACE88
C 380
R
P 000001FBE42ACE88
P 000001FBE5BFDD78
C 9
R
P 000001FBE42ACE88
C 380
R
P 000001FBE42ACE88
I 1
P 000001FBE42A9078
C 154
= 000001FBE42A9BD8
R
P 000001FBE42ACE88
C 380
R
P 000001FBE42ACE88
P 000001FBE42A9BD8
C 294
R
P 000001FBE42ACE88
C 380
R
P 000001FBE42ACE88
P 000001FBE42A9BD8
C 9
R
P 000001FBE42ACE88
C 380
R
P 000001FBE42ACE88
P 000001FBE42A9BD8
P 000001FBE42AA658
C 76
= 000001FBE5BFDDB0
R
P 000001FBE42ACE88
C 380
R
P 000001FBE42ACE88
P 000001FBE5BFDDB0
C 294
R
P 000001FBE42ACE88
C 380
R
P 000001FBE42ACE88
P 000001FBE5BFDDB0
C 9
R
P 000001FBE42ACE88
C 380
R
P 000001FBE42ACE88
I 9
P 000001FBE42A9078
C 154
= 000001FBE42AAB98
R
P 000001FBE42ACE88
C 380
R
P 000001FBE42ACE88
P 000001FBE42AAB98
C 294
R
P 000001FBE42ACE88
C 380
R
P 000001FBE42ACE88
P 000001FBE42AAB98
C 9
R
P 000001FBE42ACE88
C 380
R
P 000001FBE42ACE88
P 000001FBE42AA658
P 000001FBE42AAB98
C 76
= 000001FBE5BFDDE8
R
P 000001FBE42ACE88
C 380
R
P 000001FBE42ACE88
P 000001FBE5BFDDE8
C 294
R
P 000001FBE42ACE88
C 380
R
P 000001FBE42ACE88
P 000001FBE5BFDDE8
C 9
R
P 000001FBE42ACE88
C 380
R
P 000001FBE42ACE88
U 2
P 000001FBE5BFDDB0
P 000001FBE5BFDDE8
p 2
C 65
= 000001FBE5BFDE20
R
P 000001FBE42ACE88
C 380
R
P 000001FBE42ACE88
P 000001FBE5BFDE20
C 294
R
P 000001FBE42ACE88
C 380
R
P 000001FBE42ACE88
P 000001FBE5BFDE20
C 9
R
P 000001FBE42ACE88
C 380
R
P 000001FBE42ACE88
I 1
P 000001FBE42A9078
C 154
= 000001FBE42A9BD8
R
P 000001FBE42ACE88
C 380
R
P 000001FBE42ACE88
P 000001FBE42A9BD8
C 294
R
P 000001FBE42ACE88
C 380
R
P 000001FBE42ACE88
P 000001FBE42A9BD8
C 9
R
P 000001FBE42ACE88
C 380
R
P 000001FBE42ACE88
P 000001FBE42A9BD8
P 000001FBE42AA678
C 76
= 000001FBE5BFDE58
R
P 000001FBE42ACE88
C 380
R
P 000001FBE42ACE88
P 000001FBE5BFDE58
C 294
R
P 000001FBE42ACE88
C 380
R
P 000001FBE42ACE88
P 000001FBE5BFDE58
C 9
R
P 000001FBE42ACE88
C 380
R
P 000001FBE42ACE88
I 9
P 000001FBE42A9078
C 154
= 000001FBE42AAB98
R
P 000001FBE42ACE88
C 380
R
P 000001FBE42ACE88
P 000001FBE42AAB98
C 294
R
P 000001FBE42ACE88
C 380
R
P 000001FBE42ACE88
P 000001FBE42AAB98
C 9
R
P 000001FBE42ACE88
C 380
R
P 000001FBE42ACE88
P 000001FBE42AA678
P 000001FBE42AAB98
C 76
= 000001FBE5BFDE90
R
P 000001FBE42ACE88
C 380
R
P 000001FBE42ACE88
P 000001FBE5BFDE90
C 294
R
P 000001FBE42ACE88
C 380
R
P 000001FBE42ACE88
P 000001FBE5BFDE90
C 9
R
P 000001FBE42ACE88
C 380
R
P 000001FBE42ACE88
U 2
P 000001FBE5BFDE58
P 000001FBE5BFDE90
p 2
C 65
= 000001FBE5BFDEC8
R
P 000001FBE42ACE88
C 380
R
P 000001FBE42ACE88
P 000001FBE5BFDEC8
C 294
R
P 000001FBE42ACE88
C 380
R
P 000001FBE42ACE88
P 000001FBE5BFDEC8
C 9
R
P 000001FBE42ACE88
C 380
R
P 000001FBE42ACE88
I 1
P 000001FBE42A9078
C 154
= 000001FBE42A9BD8
R
P 000001FBE42ACE88
C 380
R
P 000001FBE42ACE88
P 000001FBE42A9BD8
C 294
R
P 000001FBE42ACE88
C 380
R
P 000001FBE42ACE88
P 000001FBE42A9BD8
C 9
R
P 000001FBE42ACE88
C 380
R
P 000001FBE42ACE88
P 000001FBE42A9BD8
P 000001FBE42AA698
C 76
= 000001FBE5BFDF00
R
P 000001FBE42ACE88
C 380
R
P 000001FBE42ACE88
P 000001FBE5BFDF00
C 294
R
P 000001FBE42ACE88
C 380
R
P 000001FBE42ACE88
P 000001FBE5BFDF00
C 9
R
P 000001FBE42ACE88
C 380
R
P 000001FBE42ACE88
I 9
P 000001FBE42A9078
C 154
= 000001FBE42AAB98
R
P 000001FBE42ACE88
C 380
R
P 000001FBE42ACE88
P 000001FBE42AAB98
C 294
R
P 000001FBE42ACE88
C 380
R
P 000001FBE42ACE88
P 000001FBE42AAB98
C 9
R
P 000001FBE42ACE88
C 380
R
P 000001FBE42ACE88
P 000001FBE42AA698
P 000001FBE42AAB98
C 76
= 000001FBE5BFDF38
R
P 000001FBE42ACE88
C 380
R
P 000001FBE42ACE88
P 000001FBE5BFDF38
C 294
R
P 000001FBE42ACE88
C 380
R
P 000001FBE42ACE88
P 000001FBE5BFDF38
C 9
R
P 000001FBE42ACE88
C 380
R
P 000001FBE42ACE88
U 2
P 000001FBE5BFDF00
P 000001FBE5BFDF38
p 2
C 65
= 000001FBE5BFDF70
R
P 000001FBE42ACE88
C 380
R
P 000001FBE42ACE88
P 000001FBE5BFDF70
C 294
R
P 000001FBE42ACE88
C 380
R
P 000001FBE42ACE88
P 000001FBE5BFDF70
C 9
R
P 000001FBE42ACE88
C 380
R
P 000001FBE42ACE88
I 1
P 000001FBE42A9078
C 154
= 000001FBE42A9BD8
R
P 000001FBE42ACE88
C 380
R
P 000001FBE42ACE88
P 000001FBE42A9BD8
C 294
R
P 000001FBE42ACE88
C 380
R
P 000001FBE42ACE88
P 000001FBE42A9BD8
C 9
R
P 000001FBE42ACE88
C 380
R
P 000001FBE42ACE88
P 000001FBE42A9BD8
P 000001FBE42AA6B8
C 76
= 000001FBE5BFDFA8
R
P 000001FBE42ACE88
C 380
R
P 000001FBE42ACE88
P 000001FBE5BFDFA8
C 294
R
P 000001FBE42ACE88
C 380
R
P 000001FBE42ACE88
P 000001FBE5BFDFA8
C 9
R
P 000001FBE42ACE88
C 380
R
P 000001FBE42ACE88
I 9
P 000001FBE42A9078
C 154
= 000001FBE42AAB98
R
P 000001FBE42ACE88
C 380
R
P 000001FBE42ACE88
P 000001FBE42AAB98
C 294
R
P 000001FBE42ACE88
C 380
R
P 000001FBE42ACE88
P 000001FBE42AAB98
C 9
R
P 000001FBE42ACE88
C 380
R
P 000001FBE42ACE88
P 000001FBE42AA6B8
P 000001FBE42AAB98
C 76
= 000001FBE5BFDFE0
R
P 000001FBE42ACE88
C 380
R
P 000001FBE42ACE88
P 000001FBE5BFDFE0
C 294
R
P 000001FBE42ACE88
C 380
R
P 000001FBE42ACE88
P 000001FBE5BFDFE0
C 9
R
P 000001FBE42ACE88
C 380
R
P 000001FBE42ACE88
U 2
P 000001FBE5BFDFA8
P 000001FBE5BFDFE0
p 2
C 65
= 000001FBE5BFE018
R
P 000001FBE42ACE88
C 380
R
P 000001FBE42ACE88
P 000001FBE5BFE018
C 294
R
P 000001FBE42ACE88
C 380
R
P 000001FBE42ACE88
P 000001FBE5BFE018
C 9
R
P 000001FBE42ACE88
C 380
R
P 000001FBE42ACE88
I 1
P 000001FBE42A9078
C 154
= 000001FBE42A9BD8
R
P 000001FBE42ACE88
C 380
R
P 000001FBE42ACE88
P 000001FBE42A9BD8
C 294
R
P 000001FBE42ACE88
C 380
R
P 000001FBE42ACE88
P 000001FBE42A9BD8
C 9
R
P 000001FBE42ACE88
C 380
R
P 000001FBE42ACE88
P 000001FBE42A9BD8
P 000001FBE42AA6D8
C 76
= 000001FBE5BFE050
R
P 000001FBE42ACE88
C 380
R
P 000001FBE42ACE88
P 000001FBE5BFE050
C 294
R
P 000001FBE42ACE88
C 380
R
P 000001FBE42ACE88
P 000001FBE5BFE050
C 9
R
P 000001FBE42ACE88
C 380
R
P 000001FBE42ACE88
I 9
P 000001FBE42A9078
C 154
= 000001FBE42AAB98
R
P 000001FBE42ACE88
C 380
R
P 000001FBE42ACE88
P 000001FBE42AAB98
C 294
R
P 000001FBE42ACE88
C 380
R
P 000001FBE42ACE88
P 000001FBE42AAB98
C 9
R
P 000001FBE42ACE88
C 380
R
P 000001FBE42ACE88
P 000001FBE42AA6D8
P 000001FBE42AAB98
C 76
= 000001FBE5BFE088
R
P 000001FBE42ACE88
C 380
R
P 000001FBE42ACE88
P 000001FBE5BFE088
C 294
R
P 000001FBE42ACE88
C 380
R
P 000001FBE42ACE88
P 000001FBE5BFE088
C 9
R
P 000001FBE42ACE88
C 380
R
P 000001FBE42ACE88
U 2
P 000001FBE5BFE050
P 000001FBE5BFE088
p 2
C 65
= 000001FBE5BFE0C0
R
P 000001FBE42ACE88
C 380
R
P 000001FBE42ACE88
P 000001FBE5BFE0C0
C 294
R
P 000001FBE42ACE88
C 380
R
P 000001FBE42ACE88
P 000001FBE5BFE0C0
C 9
R
P 000001FBE42ACE88
C 380
R
P 000001FBE42ACE88
I 1
P 000001FBE42A9078
C 154
= 000001FBE42A9BD8
R
P 000001FBE42ACE88
C 380
R
P 000001FBE42ACE88
P 000001FBE42A9BD8
C 294
R
P 000001FBE42ACE88
C 380
R
P 000001FBE42ACE88
P 000001FBE42A9BD8
C 9
R
P 000001FBE42ACE88
C 380
R
P 000001FBE42ACE88
P 000001FBE42A9BD8
P 000001FBE42AA6F8
C 76
= 000001FBE5BFE0F8
R
P 000001FBE42ACE88
C 380
R
P 000001FBE42ACE88
P 000001FBE5BFE0F8
C 294
R
P 000001FBE42ACE88
C 380
R
P 000001FBE42ACE88
P 000001FBE5BFE0F8
C 9
R
P 000001FBE42ACE88
C 380
R
P 000001FBE42ACE88
I 9
P 000001FBE42A9078
C 154
= 000001FBE42AAB98
R
P 000001FBE42ACE88
C 380
R
P 000001FBE42ACE88
P 000001FBE42AAB98
C 294
R
P 000001FBE42ACE88
C 380
R
P 000001FBE42ACE88
P 000001FBE42AAB98
C 9
R
P 000001FBE42ACE88
C 380
R
P 000001FBE42ACE88
P 000001FBE42AA6F8
P 000001FBE42AAB98
C 76
= 000001FBE5BFE130
R
P 000001FBE42ACE88
C 380
R
P 000001FBE42ACE88
P 000001FBE5BFE130
C 294
R
P 000001FBE42ACE88
C 380
R
P 000001FBE42ACE88
P 000001FBE5BFE130
C 9
R
P 000001FBE42ACE88
C 380
R
P 000001FBE42ACE88
U 2
P 000001FBE5BFE0F8
P 000001FBE5BFE130
p 2
C 65
= 000001FBE5BFE168
R
P 000001FBE42ACE88
C 380
R
P 000001FBE42ACE88
P 000001FBE5BFE168
C 294
R
P 000001FBE42ACE88
C 380
R
P 000001FBE42ACE88
P 000001FBE5BFE168
C 9
R
P 000001FBE42ACE88
C 380
R
P 000001FBE42ACE88
I 1
P 000001FBE42A9078
C 154
= 000001FBE42A9BD8
R
P 000001FBE42ACE88
C 380
R
P 000001FBE42ACE88
P 000001FBE42A9BD8
C 294
R
P 000001FBE42ACE88
C 380
R
P 000001FBE42ACE88
P 000001FBE42A9BD8
C 9
R
P 000001FBE42ACE88
C 380
R
P 000001FBE42ACE88
P 000001FBE42A9BD8
P 000001FBE42AA718
C 76
= 000001FBE5BFE1A0
R
P 000001FBE42ACE88
C 380
R
P 000001FBE42ACE88
P 000001FBE5BFE1A0
C 294
R
P 000001FBE42ACE88
C 380
R
P 000001FBE42ACE88
P 000001FBE5BFE1A0
C 9
R
P 000001FBE42ACE88
C 380
R
P 000001FBE42ACE88
I 9
P 000001FBE42A9078
C 154
= 000001FBE42AAB98
R
P 000001FBE42ACE88
C 380
R
P 000001FBE42ACE88
P 000001FBE42AAB98
C 294
R
P 000001FBE42ACE88
C 380
R
P 000001FBE42ACE88
P 000001FBE42AAB98
C 9
R
P 000001FBE42ACE88
C 380
R
P 000001FBE42ACE88
P 000001FBE42AA718
P 000001FBE42AAB98
C 76
= 000001FBE5BFE1D8
R
P 000001FBE42ACE88
C 380
R
P 000001FBE42ACE88
P 000001FBE5BFE1D8
C 294
R
P 000001FBE42ACE88
C 380
R
P 000001FBE42ACE88
P 000001FBE5BFE1D8
C 9
R
P 000001FBE42ACE88
C 380
R
P 000001FBE42ACE88
U 2
P 000001FBE5BFE1A0
P 000001FBE5BFE1D8
p 2
C 65
= 000001FBE5BFE210
R
P 000001FBE42ACE88
C 380
R
P 000001FBE42ACE88
P 000001FBE5BFE210
C 294
R
P 000001FBE42ACE88
C 380
R
P 000001FBE42ACE88
P 000001FBE5BFE210
C 9
R
P 000001FBE42ACE88
C 380
R
P 000001FBE42ACE88
I 1
P 000001FBE42A9078
C 154
= 000001FBE42A9BD8
R
P 000001FBE42ACE88
C 380
R
P 000001FBE42ACE88
P 000001FBE42A9BD8
C 294
R
P 000001FBE42ACE88
C 380
R
P 000001FBE42ACE88
P 000001FBE42A9BD8
C 9
R
P 000001FBE42ACE88
C 380
R
P 000001FBE42ACE88
P 000001FBE42A9BD8
P 000001FBE42AA738
C 76
= 000001FBE5BFE248
R
P 000001FBE42ACE88
C 380
R
P 000001FBE42ACE88
P 000001FBE5BFE248
C 294
R
P 000001FBE42ACE88
C 380
R
P 000001FBE42ACE88
P 000001FBE5BFE248
C 9
R
P 000001FBE42ACE88
C 380
R
P 000001FBE42ACE88
I 9
P 000001FBE42A9078
C 154
= 000001FBE42AAB98
R
P 000001FBE42ACE88
C 380
R
P 000001FBE42ACE88
P 000001FBE42AAB98
C 294
R
P 000001FBE42ACE88
C 380
R
P 000001FBE42ACE88
P 000001FBE42AAB98
C 9
R
P 000001FBE42ACE88
C 380
R
P 000001FBE42ACE88
P 000001FBE42AA738
P 000001FBE42AAB98
C 76
= 000001FBE5BFE280
R
P 000001FBE42ACE88
C 380
R
P 000001FBE42ACE88
P 000001FBE5BFE280
C 294
R
P 000001FBE42ACE88
C 380
R
P 000001FBE42ACE88
P 000001FBE5BFE280
C 9
R
P 000001FBE42ACE88
C 380
R
P 000001FBE42ACE88
U 2
P 000001FBE5BFE248
P 000001FBE5BFE280
p 2
C 65
= 000001FBE5BFE2B8
R
P 000001FBE42ACE88
C 380
R
P 000001FBE42ACE88
P 000001FBE5BFE2B8
C 294
R
P 000001FBE42ACE88
C 380
R
P 000001FBE42ACE88
P 000001FBE5BFE2B8
C 9
R
P 000001FBE42ACE88
C 380
R
P 000001FBE42ACE88
I 1
P 000001FBE42A9078
C 154
= 000001FBE42A9BD8
R
P 000001FBE42ACE88
C 380
R
P 000001FBE42ACE88
P 000001FBE42A9BD8
C 294
R
P 000001FBE42ACE88
C 380
R
P 000001FBE42ACE88
P 000001FBE42A9BD8
C 9
R
P 000001FBE42ACE88
C 380
R
P 000001FBE42ACE88
P 000001FBE42A9BD8
P 000001FBE42AA758
C 76
= 000001FBE5BFE2F0
R
P 000001FBE42ACE88
C 380
R
P 000001FBE42ACE88
P 000001FBE5BFE2F0
C 294
R
P 000001FBE42ACE88
C 380
R
P 000001FBE42ACE88
P 000001FBE5BFE2F0
C 9
R
P 000001FBE42ACE88
C 380
R
P 000001FBE42ACE88
I 9
P 000001FBE42A9078
C 154
= 000001FBE42AAB98
R
P 000001FBE42ACE88
C 380
R
P 000001FBE42ACE88
P 000001FBE42AAB98
C 294
R
P 000001FBE42ACE88
C 380
R
P 000001FBE42ACE88
P 000001FBE42AAB98
C 9
R
P 000001FBE42ACE88
C 380
R
P 000001FBE42ACE88
P 000001FBE42AA758
P 000001FBE42AAB98
C 76
= 000001FBE5BFE328
R
P 000001FBE42ACE88
C 380
R
P 000001FBE42ACE88
P 000001FBE5BFE328
C 294
R
P 000001FBE42ACE88
C 380
R
P 000001FBE42ACE88
P 000001FBE5BFE328
C 9
R
P 000001FBE42ACE88
C 380
R
P 000001FBE42ACE88
U 2
P 000001FBE5BFE2F0
P 000001FBE5BFE328
p 2
C 65
= 000001FBE5BFE360
R
P 000001FBE42ACE88
C 380
R
P 000001FBE42ACE88
P 000001FBE5BFE360
C 294
R
P 000001FBE42ACE88
C 380
R
P 000001FBE42ACE88
P 000001FBE5BFE360
C 9
R
P 000001FBE42ACE88
C 380
R
P 000001FBE42ACE88
I 1
P 000001FBE42A9078
C 154
= 000001FBE42A9BD8
R
P 000001FBE42ACE88
C 380
R
P 000001FBE42ACE88
P 000001FBE42A9BD8
C 294
R
P 000001FBE42ACE88
C 380
R
P 000001FBE42ACE88
P 000001FBE42A9BD8
C 9
R
P 000001FBE42ACE88
C 380
R
P 000001FBE42ACE88
P 000001FBE42A9BD8
P 000001FBE42AA778
C 76
= 000001FBE5BFE398
R
P 000001FBE42ACE88
C 380
R
P 000001FBE42ACE88
P 000001FBE5BFE398
C 294
R
P 000001FBE42ACE88
C 380
R
P 000001FBE42ACE88
P 000001FBE5BFE398
C 9
R
P 000001FBE42ACE88
C 380
R
P 000001FBE42ACE88
I 9
P 000001FBE42A9078
C 154
= 000001FBE42AAB98
R
P 000001FBE42ACE88
C 380
R
P 000001FBE42ACE88
P 000001FBE42AAB98
C 294
R
P 000001FBE42ACE88
C 380
R
P 000001FBE42ACE88
P 000001FBE42AAB98
C 9
R
P 000001FBE42ACE88
C 380
R
P 000001FBE42ACE88
P 000001FBE42AA778
P 000001FBE42AAB98
C 76
= 000001FBE5BFE3D0
R
P 000001FBE42ACE88
C 380
R
P 000001FBE42ACE88
P 000001FBE5BFE3D0
C 294
R
P 000001FBE42ACE88
C 380
R
P 000001FBE42ACE88
P 000001FBE5BFE3D0
C 9
R
P 000001FBE42ACE88
C 380
R
P 000001FBE42ACE88
U 2
P 000001FBE5BFE398
P 000001FBE5BFE3D0
p 2
C 65
= 000001FBE5BFE408
R
P 000001FBE42ACE88
C 380
R
P 000001FBE42ACE88
P 000001FBE5BFE408
C 294
R
P 000001FBE42ACE88
C 380
R
P 000001FBE42ACE88
P 000001FBE5BFE408
C 9
R
P 000001FBE42ACE88
C 380
R
P 000001FBE42ACE88
I 1
P 000001FBE42A9078
C 154
= 000001FBE42A9BD8
R
P 000001FBE42ACE88
C 380
R
P 000001FBE42ACE88
P 000001FBE42A9BD8
C 294
R
P 000001FBE42ACE88
C 380
R
P 000001FBE42ACE88
P 000001FBE42A9BD8
C 9
R
P 000001FBE42ACE88
C 380
R
P 000001FBE42ACE88
P 000001FBE42A9BD8
P 000001FBE42AA798
C 76
= 000001FBE5BFE440
R
P 000001FBE42ACE88
C 380
R
P 000001FBE42ACE88
P 000001FBE5BFE440
C 294
R
P 000001FBE42ACE88
C 380
R
P 000001FBE42ACE88
P 000001FBE5BFE440
C 9
R
P 000001FBE42ACE88
C 380
R
P 000001FBE42ACE88
I 9
P 000001FBE42A9078
C 154
= 000001FBE42AAB98
R
P 000001FBE42ACE88
C 380
R
P 000001FBE42ACE88
P 000001FBE42AAB98
C 294
R
P 000001FBE42ACE88
C 380
R
P 000001FBE42ACE88
P 000001FBE42AAB98
C 9
R
P 000001FBE42ACE88
C 380
R
P 000001FBE42ACE88
P 000001FBE42AA798
P 000001FBE42AAB98
C 76
= 000001FBE5BFE478
R
P 000001FBE42ACE88
C 380
R
P 000001FBE42ACE88
P 000001FBE5BFE478
C 294
R
P 000001FBE42ACE88
C 380
R
P 000001FBE42ACE88
P 000001FBE5BFE478
C 9
R
P 000001FBE42ACE88
C 380
R
P 000001FBE42ACE88
U 2
P 000001FBE5BFE440
P 000001FBE5BFE478
p 2
C 65
= 000001FBE5BFE4B0
R
P 000001FBE42ACE88
C 380
R
P 000001FBE42ACE88
P 000001FBE5BFE4B0
C 294
R
P 000001FBE42ACE88
C 380
R
P 000001FBE42ACE88
P 000001FBE5BFE4B0
C 9
R
P 000001FBE42ACE88
C 380
R
P 000001FBE42ACE88
I 1
P 000001FBE42A9078
C 154
= 000001FBE42A9BD8
R
P 000001FBE42ACE88
C 380
R
P 000001FBE42ACE88
P 000001FBE42A9BD8
C 294
R
P 000001FBE42ACE88
C 380
R
P 000001FBE42ACE88
P 000001FBE42A9BD8
C 9
R
P 000001FBE42ACE88
C 380
R
P 000001FBE42ACE88
P 000001FBE42A9BD8
P 000001FBE42AA7B8
C 76
= 000001FBE5BFE4E8
R
P 000001FBE42ACE88
C 380
R
P 000001FBE42ACE88
P 000001FBE5BFE4E8
C 294
R
P 000001FBE42ACE88
C 380
R
P 000001FBE42ACE88
P 000001FBE5BFE4E8
C 9
R
P 000001FBE42ACE88
C 380
R
P 000001FBE42ACE88
I 9
P 000001FBE42A9078
C 154
= 000001FBE42AAB98
R
P 000001FBE42ACE88
C 380
R
P 000001FBE42ACE88
P 000001FBE42AAB98
C 294
R
P 000001FBE42ACE88
C 380
R
P 000001FBE42ACE88
P 000001FBE42AAB98
C 9
R
P 000001FBE42ACE88
C 380
R
P 000001FBE42ACE88
P 000001FBE42AA7B8
P 000001FBE42AAB98
C 76
= 000001FBE5BFE520
R
P 000001FBE42ACE88
C 380
R
P 000001FBE42ACE88
P 000001FBE5BFE520
C 294
R
P 000001FBE42ACE88
C 380
R
P 000001FBE42ACE88
P 000001FBE5BFE520
C 9
R
P 000001FBE42ACE88
C 380
R
P 000001FBE42ACE88
U 2
P 000001FBE5BFE4E8
P 000001FBE5BFE520
p 2
C 65
= 000001FBE5BFE558
R
P 000001FBE42ACE88
C 380
R
P 000001FBE42ACE88
P 000001FBE5BFE558
C 294
R
P 000001FBE42ACE88
C 380
R
P 000001FBE42ACE88
P 000001FBE5BFE558
C 9
R
P 000001FBE42ACE88
C 380
R
P 000001FBE42ACE88
I 1
P 000001FBE42A9078
C 154
= 000001FBE42A9BD8
R
P 000001FBE42ACE88
C 380
R
P 000001FBE42ACE88
P 000001FBE42A9BD8
C 294
R
P 000001FBE42ACE88
C 380
R
P 000001FBE42ACE88
P 000001FBE42A9BD8
C 9
R
P 000001FBE42ACE88
C 380
R
P 000001FBE42ACE88
P 000001FBE42A9BD8
P 000001FBE42AA7D8
C 76
= 000001FBE5BFE590
R
P 000001FBE42ACE88
C 380
R
P 000001FBE42ACE88
P 000001FBE5BFE590
C 294
R
P 000001FBE42ACE88
C 380
R
P 000001FBE42ACE88
P 000001FBE5BFE590
C 9
R
P 000001FBE42ACE88
C 380
R
P 000001FBE42ACE88
I 9
P 000001FBE42A9078
C 154
= 000001FBE42AAB98
R
P 000001FBE42ACE88
C 380
R
P 000001FBE42ACE88
P 000001FBE42AAB98
C 294
R
P 000001FBE42ACE88
C 380
R
P 000001FBE42ACE88
P 000001FBE42AAB98
C 9
R
P 000001FBE42ACE88
C 380
R
P 000001FBE42ACE88
P 000001FBE42AA7D8
P 000001FBE42AAB98
C 76
= 000001FBE5BFE5C8
R
P 000001FBE42ACE88
C 380
R
P 000001FBE42ACE88
P 000001FBE5BFE5C8
C 294
R
P 000001FBE42ACE88
C 380
R
P 000001FBE42ACE88
P 000001FBE5BFE5C8
C 9
R
P 000001FBE42ACE88
C 380
R
P 000001FBE42ACE88
U 2
P 000001FBE5BFE590
P 000001FBE5BFE5C8
p 2
C 65
= 000001FBE5BFE600
R
P 000001FBE42ACE88
C 380
R
P 000001FBE42ACE88
P 000001FBE5BFE600
C 294
R
P 000001FBE42ACE88
C 380
R
P 000001FBE42ACE88
P 000001FBE5BFE600
C 9
R
P 000001FBE42ACE88
C 380
R
P 000001FBE42ACE88
I 1
P 000001FBE42A9078
C 154
= 000001FBE42A9BD8
R
P 000001FBE42ACE88
C 380
R
P 000001FBE42ACE88
P 000001FBE42A9BD8
C 294
R
P 000001FBE42ACE88
C 380
R
P 000001FBE42ACE88
P 000001FBE42A9BD8
C 9
R
P 000001FBE42ACE88
C 380
R
P 000001FBE42ACE88
P 000001FBE42A9BD8
P 000001FBE42AA7F8
C 76
= 000001FBE5BFE638
R
P 000001FBE42ACE88
C 380
R
P 000001FBE42ACE88
P 000001FBE5BFE638
C 294
R
P 000001FBE42ACE88
C 380
R
P 000001FBE42ACE88
P 000001FBE5BFE638
C 9
R
P 000001FBE42ACE88
C 380
R
P 000001FBE42ACE88
I 9
P 000001FBE42A9078
C 154
= 000001FBE42AAB98
R
P 000001FBE42ACE88
C 380
R
P 000001FBE42ACE88
P 000001FBE42AAB98
C 294
R
P 000001FBE42ACE88
C 380
R
P 000001FBE42ACE88
P 000001FBE42AAB98
C 9
R
P 000001FBE42ACE88
C 380
R
P 000001FBE42ACE88
P 000001FBE42AA7F8
P 000001FBE42AAB98
C 76
= 000001FBE5BFE670
R
P 000001FBE42ACE88
C 380
R
P 000001FBE42ACE88
P 000001FBE5BFE670
C 294
R
P 000001FBE42ACE88
C 380
R
P 000001FBE42ACE88
P 000001FBE5BFE670
C 9
R
P 000001FBE42ACE88
C 380
R
P 000001FBE42ACE88
U 2
P 000001FBE5BFE638
P 000001FBE5BFE670
p 2
C 65
= 000001FBE5BFE6A8
R
P 000001FBE42ACE88
C 380
R
P 000001FBE42ACE88
P 000001FBE5BFE6A8
C 294
R
P 000001FBE42ACE88
C 380
R
P 000001FBE42ACE88
P 000001FBE5BFE6A8
C 9
R
P 000001FBE42ACE88
C 380
R
P 000001FBE42ACE88
I 1
P 000001FBE42A9078
C 154
= 000001FBE42A9BD8
R
P 000001FBE42ACE88
C 380
R
P 000001FBE42ACE88
P 000001FBE42A9BD8
C 294
R
P 000001FBE42ACE88
C 380
R
P 000001FBE42ACE88
P 000001FBE42A9BD8
C 9
R
P 000001FBE42ACE88
C 380
R
P 000001FBE42ACE88
P 000001FBE42A9BD8
P 000001FBE42AA818
C 76
= 000001FBE5BFE6E0
R
P 000001FBE42ACE88
C 380
R
P 000001FBE42ACE88
P 000001FBE5BFE6E0
C 294
R
P 000001FBE42ACE88
C 380
R
P 000001FBE42ACE88
P 000001FBE5BFE6E0
C 9
R
P 000001FBE42ACE88
C 380
R
P 000001FBE42ACE88
I 9
P 000001FBE42A9078
C 154
= 000001FBE42AAB98
R
P 000001FBE42ACE88
C 380
R
P 000001FBE42ACE88
P 000001FBE42AAB98
C 294
R
P 000001FBE42ACE88
C 380
R
P 000001FBE42ACE88
P 000001FBE42AAB98
C 9
R
P 000001FBE42ACE88
C 380
R
P 000001FBE42ACE88
P 000001FBE42AA818
P 000001FBE42AAB98
C 76
= 000001FBE5BFE718
R
P 000001FBE42ACE88
C 380
R
P 000001FBE42ACE88
P 000001FBE5BFE718
C 294
R
P 000001FBE42ACE88
C 380
R
P 000001FBE42ACE88
P 000001FBE5BFE718
C 9
R
P 000001FBE42ACE88
C 380
R
P 000001FBE42ACE88
U 2
P 000001FBE5BFE6E0
P 000001FBE5BFE718
p 2
C 65
= 000001FBE5BFE750
R
P 000001FBE42ACE88
C 380
R
P 000001FBE42ACE88
P 000001FBE5BFE750
C 294
R
P 000001FBE42ACE88
C 380
R
P 000001FBE42ACE88
P 000001FBE5BFE750
C 9
R
P 000001FBE42ACE88
C 380
R
P 000001FBE42ACE88
I 1
P 000001FBE42A9078
C 154
= 000001FBE42A9BD8
R
P 000001FBE42ACE88
C 380
R
P 000001FBE42ACE88
P 000001FBE42A9BD8
C 294
R
P 000001FBE42ACE88
C 380
R
P 000001FBE42ACE88
P 000001FBE42A9BD8
C 9
R
P 000001FBE42ACE88
C 380
R
P 000001FBE42ACE88
P 000001FBE42A9BD8
P 000001FBE42AA838
C 76
= 000001FBE5BFE788
R
P 000001FBE42ACE88
C 380
R
P 000001FBE42ACE88
P 000001FBE5BFE788
C 294
R
P 000001FBE42ACE88
C 380
R
P 000001FBE42ACE88
P 000001FBE5BFE788
C 9
R
P 000001FBE42ACE88
C 380
R
P 000001FBE42ACE88
I 9
P 000001FBE42A9078
C 154
= 000001FBE42AAB98
R
P 000001FBE42ACE88
C 380
R
P 000001FBE42ACE88
P 000001FBE42AAB98
C 294
R
P 000001FBE42ACE88
C 380
R
P 000001FBE42ACE88
P 000001FBE42AAB98
C 9
R
P 000001FBE42ACE88
C 380
R
P 000001FBE42ACE88
P 000001FBE42AA838
P 000001FBE42AAB98
C 76
= 000001FBE5BFE7C0
R
P 000001FBE42ACE88
C 380
R
P 000001FBE42ACE88
P 000001FBE5BFE7C0
C 294
R
P 000001FBE42ACE88
C 380
R
P 000001FBE42ACE88
P 000001FBE5BFE7C0
C 9
R
P 000001FBE42ACE88
C 380
R
P 000001FBE42ACE88
U 2
P 000001FBE5BFE788
P 000001FBE5BFE7C0
p 2
C 65
= 000001FBE5BFE7F8
R
P 000001FBE42ACE88
C 380
R
P 000001FBE42ACE88
P 000001FBE5BFE7F8
C 294
R
P 000001FBE42ACE88
C 380
R
P 000001FBE42ACE88
P 000001FBE5BFE7F8
C 9
R
P 000001FBE42ACE88
C 380
R
P 000001FBE42ACE88
I 1
P 000001FBE42A9078
C 154
= 000001FBE42A9BD8
R
P 000001FBE42ACE88
C 380
R
P 000001FBE42ACE88
P 000001FBE42A9BD8
C 294
R
P 000001FBE42ACE88
C 380
R
P 000001FBE42ACE88
P 000001FBE42A9BD8
C 9
R
P 000001FBE42ACE88
C 380
R
P 000001FBE42ACE88
P 000001FBE42A9BD8
P 000001FBE42AA858
C 76
= 000001FBE5BFE830
R
P 000001FBE42ACE88
C 380
R
P 000001FBE42ACE88
P 000001FBE5BFE830
C 294
R
P 000001FBE42ACE88
C 380
R
P 000001FBE42ACE88
P 000001FBE5BFE830
C 9
R
P 000001FBE42ACE88
C 380
R
P 000001FBE42ACE88
I 9
P 000001FBE42A9078
C 154
= 000001FBE42AAB98
R
P 000001FBE42ACE88
C 380
R
P 000001FBE42ACE88
P 000001FBE42AAB98
C 294
R
P 000001FBE42ACE88
C 380
R
P 000001FBE42ACE88
P 000001FBE42AAB98
C 9
R
P 000001FBE42ACE88
C 380
R
P 000001FBE42ACE88
P 000001FBE42AA858
P 000001FBE42AAB98
C 76
= 000001FBE5BFE868
R
P 000001FBE42ACE88
C 380
R
P 000001FBE42ACE88
P 000001FBE5BFE868
C 294
R
P 000001FBE42ACE88
C 380
R
P 000001FBE42ACE88
P 000001FBE5BFE868
C 9
R
P 000001FBE42ACE88
C 380
R
P 000001FBE42ACE88
U 2
P 000001FBE5BFE830
P 000001FBE5BFE868
p 2
C 65
= 000001FBE5BFE8A0
R
P 000001FBE42ACE88
C 380
R
P 000001FBE42ACE88
P 000001FBE5BFE8A0
C 294
R
P 000001FBE42ACE88
C 380
R
P 000001FBE42ACE88
P 000001FBE5BFE8A0
C 9
R
P 000001FBE42ACE88
C 380
R
P 000001FBE42ACE88
I 1
P 000001FBE42A9078
C 154
= 000001FBE42A9BD8
R
P 000001FBE42ACE88
C 380
R
P 000001FBE42ACE88
P 000001FBE42A9BD8
C 294
R
P 000001FBE42ACE88
C 380
R
P 000001FBE42ACE88
P 000001FBE42A9BD8
C 9
R
P 000001FBE42ACE88
C 380
R
P 000001FBE42ACE88
P 000001FBE42A9BD8
P 000001FBE42AA878
C 76
= 000001FBE5BFE8D8
R
P 000001FBE42ACE88
C 380
R
P 000001FBE42ACE88
P 000001FBE5BFE8D8
C 294
R
P 000001FBE42ACE88
C 380
R
P 000001FBE42ACE88
P 000001FBE5BFE8D8
C 9
R
P 000001FBE42ACE88
C 380
R
P 000001FBE42ACE88
I 9
P 000001FBE42A9078
C 154
= 000001FBE42AAB98
R
P 000001FBE42ACE88
C 380
R
P 000001FBE42ACE88
P 000001FBE42AAB98
C 294
R
P 000001FBE42ACE88
C 380
R
P 000001FBE42ACE88
P 000001FBE42AAB98
C 9
R
P 000001FBE42ACE88
C 380
R
P 000001FBE42ACE88
P 000001FBE42AA878
P 000001FBE42AAB98
C 76
= 000001FBE5BFE910
R
P 000001FBE42ACE88
C 380
R
P 000001FBE42ACE88
P 000001FBE5BFE910
C 294
R
P 000001FBE42ACE88
C 380
R
P 000001FBE42ACE88
P 000001FBE5BFE910
C 9
R
P 000001FBE42ACE88
C 380
R
P 000001FBE42ACE88
U 2
P 000001FBE5BFE8D8
P 000001FBE5BFE910
p 2
C 65
= 000001FBE5BFE948
R
P 000001FBE42ACE88
C 380
R
P 000001FBE42ACE88
P 000001FBE5BFE948
C 294
R
P 000001FBE42ACE88
C 380
R
P 000001FBE42ACE88
P 000001FBE5BFE948
C 9
R
P 000001FBE42ACE88
C 380
R
P 000001FBE42ACE88
I 1
P 000001FBE42A9078
C 154
= 000001FBE42A9BD8
R
P 000001FBE42ACE88
C 380
R
P 000001FBE42ACE88
P 000001FBE42A9BD8
C 294
R
P 000001FBE42ACE88
C 380
R
P 000001FBE42ACE88
P 000001FBE42A9BD8
C 9
R
P 000001FBE42ACE88
C 380
R
P 000001FBE42ACE88
P 000001FBE42A9BD8
P 000001FBE42AA898
C 76
= 000001FBE5BFE980
R
P 000001FBE42ACE88
C 380
R
P 000001FBE42ACE88
P 000001FBE5BFE980
C 294
R
P 000001FBE42ACE88
C 380
R
P 000001FBE42ACE88
P 000001FBE5BFE980
C 9
R
P 000001FBE42ACE88
C 380
R
P 000001FBE42ACE88
I 9
P 000001FBE42A9078
C 154
= 000001FBE42AAB98
R
P 000001FBE42ACE88
C 380
R
P 000001FBE42ACE88
P 000001FBE42AAB98
C 294
R
P 000001FBE42ACE88
C 380
R
P 000001FBE42ACE88
P 000001FBE42AAB98
C 9
R
P 000001FBE42ACE88
C 380
R
P 000001FBE42ACE88
P 000001FBE42AA898
P 000001FBE42AAB98
C 76
= 000001FBE5BFE9B8
R
P 000001FBE42ACE88
C 380
R
P 000001FBE42ACE88
P 000001FBE5BFE9B8
C 294
R
P 000001FBE42ACE88
C 380
R
P 000001FBE42ACE88
P 000001FBE5BFE9B8
C 9
R
P 000001FBE42ACE88
C 380
R
P 000001FBE42ACE88
U 2
P 000001FBE5BFE980
P 000001FBE5BFE9B8
p 2
C 65
= 000001FBE5BFE9F0
R
P 000001FBE42ACE88
C 380
R
P 000001FBE42ACE88
P 000001FBE5BFE9F0
C 294
R
P 000001FBE42ACE88
C 380
R
P 000001FBE42ACE88
P 000001FBE5BFE9F0
C 9
R
P 000001FBE42ACE88
C 380
R
P 000001FBE42ACE88
I 1
P 000001FBE42A9078
C 154
= 000001FBE42A9BD8
R
P 000001FBE42ACE88
C 380
R
P 000001FBE42ACE88
P 000001FBE42A9BD8
C 294
R
P 000001FBE42ACE88
C 380
R
P 000001FBE42ACE88
P 000001FBE42A9BD8
C 9
R
P 000001FBE42ACE88
C 380
R
P 000001FBE42ACE88
P 000001FBE42A9BD8
P 000001FBE42AA8B8
C 76
= 000001FBE5BFEA28
R
P 000001FBE42ACE88
C 380
R
P 000001FBE42ACE88
P 000001FBE5BFEA28
C 294
R
P 000001FBE42ACE88
C 380
R
P 000001FBE42ACE88
P 000001FBE5BFEA28
C 9
R
P 000001FBE42ACE88
C 380
R
P 000001FBE42ACE88
I 9
P 000001FBE42A9078
C 154
= 000001FBE42AAB98
R
P 000001FBE42ACE88
C 380
R
P 000001FBE42ACE88
P 000001FBE42AAB98
C 294
R
P 000001FBE42ACE88
C 380
R
P 000001FBE42ACE88
P 000001FBE42AAB98
C 9
R
P 000001FBE42ACE88
C 380
R
P 000001FBE42ACE88
P 000001FBE42AA8B8
P 000001FBE42AAB98
C 76
= 000001FBE5BFEA60
R
P 000001FBE42ACE88
C 380
R
P 000001FBE42ACE88
P 000001FBE5BFEA60
C 294
R
P 000001FBE42ACE88
C 380
R
P 000001FBE42ACE88
P 000001FBE5BFEA60
C 9
R
P 000001FBE42ACE88
C 380
R
P 000001FBE42ACE88
U 2
P 000001FBE5BFEA28
P 000001FBE5BFEA60
p 2
C 65
= 000001FBE5BFEA98
R
P 000001FBE42ACE88
C 380
R
P 000001FBE42ACE88
P 000001FBE5BFEA98
C 294
R
P 000001FBE42ACE88
C 380
R
P 000001FBE42ACE88
P 000001FBE5BFEA98
C 9
R
P 000001FBE42ACE88
C 380
R
P 000001FBE42ACE88
I 1
P 000001FBE42A9078
C 154
= 000001FBE42A9BD8
R
P 000001FBE42ACE88
C 380
R
P 000001FBE42ACE88
P 000001FBE42A9BD8
C 294
R
P 000001FBE42ACE88
C 380
R
P 000001FBE42ACE88
P 000001FBE42A9BD8
C 9
R
P 000001FBE42ACE88
C 380
R
P 000001FBE42ACE88
P 000001FBE42A9BD8
P 000001FBE42AA8D8
C 76
= 000001FBE5BFEAD0
R
P 000001FBE42ACE88
C 380
R
P 000001FBE42ACE88
P 000001FBE5BFEAD0
C 294
R
P 000001FBE42ACE88
C 380
R
P 000001FBE42ACE88
P 000001FBE5BFEAD0
C 9
R
P 000001FBE42ACE88
C 380
R
P 000001FBE42ACE88
I 9
P 000001FBE42A9078
C 154
= 000001FBE42AAB98
R
P 000001FBE42ACE88
C 380
R
P 000001FBE42ACE88
P 000001FBE42AAB98
C 294
R
P 000001FBE42ACE88
C 380
R
P 000001FBE42ACE88
P 000001FBE42AAB98
C 9
R
P 000001FBE42ACE88
C 380
R
P 000001FBE42ACE88
P 000001FBE42AA8D8
P 000001FBE42AAB98
C 76
= 000001FBE5BFEB08
R
P 000001FBE42ACE88
C 380
R
P 000001FBE42ACE88
P 000001FBE5BFEB08
C 294
R
P 000001FBE42ACE88
C 380
R
P 000001FBE42ACE88
P 000001FBE5BFEB08
C 9
R
P 000001FBE42ACE88
C 380
R
P 000001FBE42ACE88
U 2
P 000001FBE5BFEAD0
P 000001FBE5BFEB08
p 2
C 65
= 000001FBE5BFEB40
R
P 000001FBE42ACE88
C 380
R
P 000001FBE42ACE88
P 000001FBE5BFEB40
C 294
R
P 000001FBE42ACE88
C 380
R
P 000001FBE42ACE88
P 000001FBE5BFEB40
C 9
R
P 000001FBE42ACE88
C 380
R
P 000001FBE42ACE88
I 1
P 000001FBE42A9078
C 154
= 000001FBE42A9BD8
R
P 000001FBE42ACE88
C 380
R
P 000001FBE42ACE88
P 000001FBE42A9BD8
C 294
R
P 000001FBE42ACE88
C 380
R
P 000001FBE42ACE88
P 000001FBE42A9BD8
C 9
R
P 000001FBE42ACE88
C 380
R
P 000001FBE42ACE88
P 000001FBE42A9BD8
P 000001FBE42AA8F8
C 76
= 000001FBE5BFEB78
R
P 000001FBE42ACE88
C 380
R
P 000001FBE42ACE88
P 000001FBE5BFEB78
C 294
R
P 000001FBE42ACE88
C 380
R
P 000001FBE42ACE88
P 000001FBE5BFEB78
C 9
R
P 000001FBE42ACE88
C 380
R
P 000001FBE42ACE88
I 9
P 000001FBE42A9078
C 154
= 000001FBE42AAB98
R
P 000001FBE42ACE88
C 380
R
P 000001FBE42ACE88
P 000001FBE42AAB98
C 294
R
P 000001FBE42ACE88
C 380
R
P 000001FBE42ACE88
P 000001FBE42AAB98
C 9
R
P 000001FBE42ACE88
C 380
R
P 000001FBE42ACE88
P 000001FBE42AA8F8
P 000001FBE42AAB98
C 76
= 000001FBE5BFEBB0
R
P 000001FBE42ACE88
C 380
R
P 000001FBE42ACE88
P 000001FBE5BFEBB0
C 294
R
P 000001FBE42ACE88
C 380
R
P 000001FBE42ACE88
P 000001FBE5BFEBB0
C 9
R
P 000001FBE42ACE88
C 380
R
P 000001FBE42ACE88
U 2
P 000001FBE5BFEB78
P 000001FBE5BFEBB0
p 2
C 65
= 000001FBE5BFEBE8
R
P 000001FBE42ACE88
C 380
R
P 000001FBE42ACE88
P 000001FBE5BFEBE8
C 294
R
P 000001FBE42ACE88
C 380
R
P 000001FBE42ACE88
P 000001FBE5BFEBE8
C 9
R
P 000001FBE42ACE88
C 380
R
P 000001FBE42ACE88
I 1
P 000001FBE42A9078
C 154
= 000001FBE42A9BD8
R
P 000001FBE42ACE88
C 380
R
P 000001FBE42ACE88
P 000001FBE42A9BD8
C 294
R
P 000001FBE42ACE88
C 380
R
P 000001FBE42ACE88
P 000001FBE42A9BD8
C 9
R
P 000001FBE42ACE88
C 380
R
P 000001FBE42ACE88
P 000001FBE42A9BD8
P 000001FBE42AA918
C 76
= 000001FBE5BFEC20
R
P 000001FBE42ACE88
C 380
R
P 000001FBE42ACE88
P 000001FBE5BFEC20
C 294
R
P 000001FBE42ACE88
C 380
R
P 000001FBE42ACE88
P 000001FBE5BFEC20
C 9
R
P 000001FBE42ACE88
C 380
R
P 000001FBE42ACE88
I 9
P 000001FBE42A9078
C 154
= 000001FBE42AAB98
R
P 000001FBE42ACE88
C 380
R
P 000001FBE42ACE88
P 000001FBE42AAB98
C 294
R
P 000001FBE42ACE88
C 380
R
P 000001FBE42ACE88
P 000001FBE42AAB98
C 9
R
P 000001FBE42ACE88
C 380
R
P 000001FBE42ACE88
P 000001FBE42AA918
P 000001FBE42AAB98
C 76
= 000001FBE5BFEC58
R
P 000001FBE42ACE88
C 380
R
P 000001FBE42ACE88
P 000001FBE5BFEC58
C 294
R
P 000001FBE42ACE88
C 380
R
P 000001FBE42ACE88
P 000001FBE5BFEC58
C 9
R
P 000001FBE42ACE88
C 380
R
P 000001FBE42ACE88
U 2
P 000001FBE5BFEC20
P 000001FBE5BFEC58
p 2
C 65
= 000001FBE5BFEC90
R
P 000001FBE42ACE88
C 380
R
P 000001FBE42ACE88
P 000001FBE5BFEC90
C 294
R
P 000001FBE42ACE88
C 380
R
P 000001FBE42ACE88
P 000001FBE5BFEC90
C 9
R
P 000001FBE42ACE88
C 380
R
P 000001FBE42ACE88
I 1
P 000001FBE42A9078
C 154
= 000001FBE42A9BD8
R
P 000001FBE42ACE88
C 380
R
P 000001FBE42ACE88
P 000001FBE42A9BD8
C 294
R
P 000001FBE42ACE88
C 380
R
P 000001FBE42ACE88
P 000001FBE42A9BD8
C 9
R
P 000001FBE42ACE88
C 380
R
P 000001FBE42ACE88
P 000001FBE42A9BD8
P 000001FBE42AA938
C 76
= 000001FBE5BFECC8
R
P 000001FBE42ACE88
C 380
R
P 000001FBE42ACE88
P 000001FBE5BFECC8
C 294
R
P 000001FBE42ACE88
C 380
R
P 000001FBE42ACE88
P 000001FBE5BFECC8
C 9
R
P 000001FBE42ACE88
C 380
R
P 000001FBE42ACE88
I 9
P 000001FBE42A9078
C 154
= 000001FBE42AAB98
R
P 000001FBE42ACE88
C 380
R
P 000001FBE42ACE88
P 000001FBE42AAB98
C 294
R
P 000001FBE42ACE88
C 380
R
P 000001FBE42ACE88
P 000001FBE42AAB98
C 9
R
P 000001FBE42ACE88
C 380
R
P 000001FBE42ACE88
P 000001FBE42AA938
P 000001FBE42AAB98
C 76
= 000001FBE5BFED00
R
P 000001FBE42ACE88
C 380
R
P 000001FBE42ACE88
P 000001FBE5BFED00
C 294
R
P 000001FBE42ACE88
C 380
R
P 000001FBE42ACE88
P 000001FBE5BFED00
C 9
R
P 000001FBE42ACE88
C 380
R
P 000001FBE42ACE88
U 2
P 000001FBE5BFECC8
P 000001FBE5BFED00
p 2
C 65
= 000001FBE5BFED38
R
P 000001FBE42ACE88
C 380
R
P 000001FBE42ACE88
P 000001FBE5BFED38
C 294
R
P 000001FBE42ACE88
C 380
R
P 000001FBE42ACE88
P 000001FBE5BFED38
C 9
R
P 000001FBE42ACE88
C 380
R
P 000001FBE42ACE88
I 1
P 000001FBE42A9078
C 154
= 000001FBE42A9BD8
R
P 000001FBE42ACE88
C 380
R
P 000001FBE42ACE88
P 000001FBE42A9BD8
C 294
R
P 000001FBE42ACE88
C 380
R
P 000001FBE42ACE88
P 000001FBE42A9BD8
C 9
R
P 000001FBE42ACE88
C 380
R
P 000001FBE42ACE88
P 000001FBE42A9BD8
P 000001FBE42AA958
C 76
= 000001FBE5BFED70
R
P 000001FBE42ACE88
C 380
R
P 000001FBE42ACE88
P 000001FBE5BFED70
C 294
R
P 000001FBE42ACE88
C 380
R
P 000001FBE42ACE88
P 000001FBE5BFED70
C 9
R
P 000001FBE42ACE88
C 380
R
P 000001FBE42ACE88
I 9
P 000001FBE42A9078
C 154
= 000001FBE42AAB98
R
P 000001FBE42ACE88
C 380
R
P 000001FBE42ACE88
P 000001FBE42AAB98
C 294
R
P 000001FBE42ACE88
C 380
R
P 000001FBE42ACE88
P 000001FBE42AAB98
C 9
R
P 000001FBE42ACE88
C 380
R
P 000001FBE42ACE88
P 000001FBE42AA958
P 000001FBE42AAB98
C 76
= 000001FBE5BFEDA8
R
P 000001FBE42ACE88
C 380
R
P 000001FBE42ACE88
P 000001FBE5BFEDA8
C 294
R
P 000001FBE42ACE88
C 380
R
P 000001FBE42ACE88
P 000001FBE5BFEDA8
C 9
R
P 000001FBE42ACE88
C 380
R
P 000001FBE42ACE88
U 2
P 000001FBE5BFED70
P 000001FBE5BFEDA8
p 2
C 65
= 000001FBE5BFEDE0
R
P 000001FBE42ACE88
C 380
R
P 000001FBE42ACE88
P 000001FBE5BFEDE0
C 294
R
P 000001FBE42ACE88
C 380
R
P 000001FBE42ACE88
P 000001FBE5BFEDE0
C 9
R
P 000001FBE42ACE88
C 380
R
P 000001FBE42ACE88
I 1
P 000001FBE42A9078
C 154
= 000001FBE42A9BD8
R
P 000001FBE42ACE88
C 380
R
P 000001FBE42ACE88
P 000001FBE42A9BD8
C 294
R
P 000001FBE42ACE88
C 380
R
P 000001FBE42ACE88
P 000001FBE42A9BD8
C 9
R
P 000001FBE42ACE88
C 380
R
P 000001FBE42ACE88
P 000001FBE42A9BD8
P 000001FBE42AA978
C 76
= 000001FBE5BFEE18
R
P 000001FBE42ACE88
C 380
R
P 000001FBE42ACE88
P 000001FBE5BFEE18
C 294
R
P 000001FBE42ACE88
C 380
R
P 000001FBE42ACE88
P 000001FBE5BFEE18
C 9
R
P 000001FBE42ACE88
C 380
R
P 000001FBE42ACE88
I 9
P 000001FBE42A9078
C 154
= 000001FBE42AAB98
R
P 000001FBE42ACE88
C 380
R
P 000001FBE42ACE88
P 000001FBE42AAB98
C 294
R
P 000001FBE42ACE88
C 380
R
P 000001FBE42ACE88
P 000001FBE42AAB98
C 9
R
P 000001FBE42ACE88
C 380
R
P 000001FBE42ACE88
P 000001FBE42AA978
P 000001FBE42AAB98
C 76
= 000001FBE5BFEE50
R
P 000001FBE42ACE88
C 380
R
P 000001FBE42ACE88
P 000001FBE5BFEE50
C 294
R
P 000001FBE42ACE88
C 380
R
P 000001FBE42ACE88
P 000001FBE5BFEE50
C 9
R
P 000001FBE42ACE88
C 380
R
P 000001FBE42ACE88
U 2
P 000001FBE5BFEE18
P 000001FBE5BFEE50
p 2
C 65
= 000001FBE5BFEE88
R
P 000001FBE42ACE88
C 380
R
P 000001FBE42ACE88
P 000001FBE5BFEE88
C 294
R
P 000001FBE42ACE88
C 380
R
P 000001FBE42ACE88
P 000001FBE5BFEE88
C 9
R
P 000001FBE42ACE88
C 380
R
P 000001FBE42ACE88
I 1
P 000001FBE42A9078
C 154
= 000001FBE42A9BD8
R
P 000001FBE42ACE88
C 380
R
P 000001FBE42ACE88
P 000001FBE42A9BD8
C 294
R
P 000001FBE42ACE88
C 380
R
P 000001FBE42ACE88
P 000001FBE42A9BD8
C 9
R
P 000001FBE42ACE88
C 380
R
P 000001FBE42ACE88
P 000001FBE42A9BD8
P 000001FBE42AA998
C 76
= 000001FBE5BFEEC0
R
P 000001FBE42ACE88
C 380
R
P 000001FBE42ACE88
P 000001FBE5BFEEC0
C 294
R
P 000001FBE42ACE88
C 380
R
P 000001FBE42ACE88
P 000001FBE5BFEEC0
C 9
R
P 000001FBE42ACE88
C 380
R
P 000001FBE42ACE88
I 9
P 000001FBE42A9078
C 154
= 000001FBE42AAB98
R
P 000001FBE42ACE88
C 380
R
P 000001FBE42ACE88
P 000001FBE42AAB98
C 294
R
P 000001FBE42ACE88
C 380
R
P 000001FBE42ACE88
P 000001FBE42AAB98
C 9
R
P 000001FBE42ACE88
C 380
R
P 000001FBE42ACE88
P 000001FBE42AA998
P 000001FBE42AAB98
C 76
= 000001FBE5BFEEF8
R
P 000001FBE42ACE88
C 380
R
P 000001FBE42ACE88
P 000001FBE5BFEEF8
C 294
R
P 000001FBE42ACE88
C 380
R
P 000001FBE42ACE88
P 000001FBE5BFEEF8
C 9
R
P 000001FBE42ACE88
C 380
R
P 000001FBE42ACE88
U 2
P 000001FBE5BFEEC0
P 000001FBE5BFEEF8
p 2
C 65
= 000001FBE5BFEF30
R
P 000001FBE42ACE88
C 380
R
P 000001FBE42ACE88
P 000001FBE5BFEF30
C 294
R
P 000001FBE42ACE88
C 380
R
P 000001FBE42ACE88
P 000001FBE5BFEF30
C 9
R
P 000001FBE42ACE88
C 380
R
P 000001FBE42ACE88
I 1
P 000001FBE42A9078
C 154
= 000001FBE42A9BD8
R
P 000001FBE42ACE88
C 380
R
P 000001FBE42ACE88
P 000001FBE42A9BD8
C 294
R
P 000001FBE42ACE88
C 380
R
P 000001FBE42ACE88
P 000001FBE42A9BD8
C 9
R
P 000001FBE42ACE88
C 380
R
P 000001FBE42ACE88
P 000001FBE42A9BD8
P 000001FBE42AA9B8
C 76
= 000001FBE5BFEF68
R
P 000001FBE42ACE88
C 380
R
P 000001FBE42ACE88
P 000001FBE5BFEF68
C 294
R
P 000001FBE42ACE88
C 380
R
P 000001FBE42ACE88
P 000001FBE5BFEF68
C 9
R
P 000001FBE42ACE88
C 380
R
P 000001FBE42ACE88
I 9
P 000001FBE42A9078
C 154
= 000001FBE42AAB98
R
P 000001FBE42ACE88
C 380
R
P 000001FBE42ACE88
P 000001FBE42AAB98
C 294
R
P 000001FBE42ACE88
C 380
R
P 000001FBE42ACE88
P 000001FBE42AAB98
C 9
R
P 000001FBE42ACE88
C 380
R
P 000001FBE42ACE88
P 000001FBE42AA9B8
P 000001FBE42AAB98
C 76
= 000001FBE5BFEFA0
R
P 000001FBE42ACE88
C 380
R
P 000001FBE42ACE88
P 000001FBE5BFEFA0
C 294
R
P 000001FBE42ACE88
C 380
R
P 000001FBE42ACE88
P 000001FBE5BFEFA0
C 9
R
P 000001FBE42ACE88
C 380
R
P 000001FBE42ACE88
U 2
P 000001FBE5BFEF68
P 000001FBE5BFEFA0
p 2
C 65
= 000001FBE5BFEFD8
R
P 000001FBE42ACE88
C 380
R
P 000001FBE42ACE88
P 000001FBE5BFEFD8
C 294
R
P 000001FBE42ACE88
C 380
R
P 000001FBE42ACE88
P 000001FBE5BFEFD8
C 9
R
P 000001FBE42ACE88
C 380
R
P 000001FBE42ACE88
I 1
P 000001FBE42A9078
C 154
= 000001FBE42A9BD8
R
P 000001FBE42ACE88
C 380
R
P 000001FBE42ACE88
P 000001FBE42A9BD8
C 294
R
P 000001FBE42ACE88
C 380
R
P 000001FBE42ACE88
P 000001FBE42A9BD8
C 9
R
P 000001FBE42ACE88
C 380
R
P 000001FBE42ACE88
P 000001FBE42A9BD8
P 000001FBE42AA9D8
C 76
= 000001FBE5BFF010
R
P 000001FBE42ACE88
C 380
R
P 000001FBE42ACE88
P 000001FBE5BFF010
C 294
R
P 000001FBE42ACE88
C 380
R
P 000001FBE42ACE88
P 000001FBE5BFF010
C 9
R
P 000001FBE42ACE88
C 380
R
P 000001FBE42ACE88
I 9
P 000001FBE42A9078
C 154
= 000001FBE42AAB98
R
P 000001FBE42ACE88
C 380
R
P 000001FBE42ACE88
P 000001FBE42AAB98
C 294
R
P 000001FBE42ACE88
C 380
R
P 000001FBE42ACE88
P 000001FBE42AAB98
C 9
R
P 000001FBE42ACE88
C 380
R
P 000001FBE42ACE88
P 000001FBE42AA9D8
P 000001FBE42AAB98
C 76
= 000001FBE5BFF048
R
P 000001FBE42ACE88
C 380
R
P 000001FBE42ACE88
P 000001FBE5BFF048
C 294
R
P 000001FBE42ACE88
C 380
R
P 000001FBE42ACE88
P 000001FBE5BFF048
C 9
R
P 000001FBE42ACE88
C 380
R
P 000001FBE42ACE88
U 2
P 000001FBE5BFF010
P 000001FBE5BFF048
p 2
C 65
= 000001FBE5BFF080
R
P 000001FBE42ACE88
C 380
R
P 000001FBE42ACE88
P 000001FBE5BFF080
C 294
R
P 000001FBE42ACE88
C 380
R
P 000001FBE42ACE88
P 000001FBE5BFF080
C 9
R
P 000001FBE42ACE88
C 380
R
P 000001FBE42ACE88
I 1
P 000001FBE42A9078
C 154
= 000001FBE42A9BD8
R
P 000001FBE42ACE88
C 380
R
P 000001FBE42ACE88
P 000001FBE42A9BD8
C 294
R
P 000001FBE42ACE88
C 380
R
P 000001FBE42ACE88
P 000001FBE42A9BD8
C 9
R
P 000001FBE42ACE88
C 380
R
P 000001FBE42ACE88
P 000001FBE42A9BD8
P 000001FBE42AA9F8
C 76
= 000001FBE5BFF0B8
R
P 000001FBE42ACE88
C 380
R
P 000001FBE42ACE88
P 000001FBE5BFF0B8
C 294
R
P 000001FBE42ACE88
C 380
R
P 000001FBE42ACE88
P 000001FBE5BFF0B8
C 9
R
P 000001FBE42ACE88
C 380
R
P 000001FBE42ACE88
I 9
P 000001FBE42A9078
C 154
= 000001FBE42AAB98
R
P 000001FBE42ACE88
C 380
R
P 000001FBE42ACE88
P 000001FBE42AAB98
C 294
R
P 000001FBE42ACE88
C 380
R
P 000001FBE42ACE88
P 000001FBE42AAB98
C 9
R
P 000001FBE42ACE88
C 380
R
P 000001FBE42ACE88
P 000001FBE42AA9F8
P 000001FBE42AAB98
C 76
= 000001FBE5BFF0F0
R
P 000001FBE42ACE88
C 380
R
P 000001FBE42ACE88
P 000001FBE5BFF0F0
C 294
R
P 000001FBE42ACE88
C 380
R
P 000001FBE42ACE88
P 000001FBE5BFF0F0
C 9
R
P 000001FBE42ACE88
C 380
R
P 000001FBE42ACE88
U 2
P 000001FBE5BFF0B8
P 000001FBE5BFF0F0
p 2
C 65
= 000001FBE5BFF128
R
P 000001FBE42ACE88
C 380
R
P 000001FBE42ACE88
P 000001FBE5BFF128
C 294
R
P 000001FBE42ACE88
C 380
R
P 000001FBE42ACE88
P 000001FBE5BFF128
C 9
R
P 000001FBE42ACE88
C 380
R
P 000001FBE42ACE88
I 1
P 000001FBE42A9078
C 154
= 000001FBE42A9BD8
R
P 000001FBE42ACE88
C 380
R
P 000001FBE42ACE88
P 000001FBE42A9BD8
C 294
R
P 000001FBE42ACE88
C 380
R
P 000001FBE42ACE88
P 000001FBE42A9BD8
C 9
R
P 000001FBE42ACE88
C 380
R
P 000001FBE42ACE88
P 000001FBE42A9BD8
P 000001FBE42AAA18
C 76
= 000001FBE5BFF160
R
P 000001FBE42ACE88
C 380
R
P 000001FBE42ACE88
P 000001FBE5BFF160
C 294
R
P 000001FBE42ACE88
C 380
R
P 000001FBE42ACE88
P 000001FBE5BFF160
C 9
R
P 000001FBE42ACE88
C 380
R
P 000001FBE42ACE88
I 9
P 000001FBE42A9078
C 154
= 000001FBE42AAB98
R
P 000001FBE42ACE88
C 380
R
P 000001FBE42ACE88
P 000001FBE42AAB98
C 294
R
P 000001FBE42ACE88
C 380
R
P 000001FBE42ACE88
P 000001FBE42AAB98
C 9
R
P 000001FBE42ACE88
C 380
R
P 000001FBE42ACE88
P 000001FBE42AAA18
P 000001FBE42AAB98
C 76
= 000001FBE5BFF198
R
P 000001FBE42ACE88
C 380
R
P 000001FBE42ACE88
P 000001FBE5BFF198
C 294
R
P 000001FBE42ACE88
C 380
R
P 000001FBE42ACE88
P 000001FBE5BFF198
C 9
R
P 000001FBE42ACE88
C 380
R
P 000001FBE42ACE88
U 2
P 000001FBE5BFF160
P 000001FBE5BFF198
p 2
C 65
= 000001FBE5BFF1D0
R
P 000001FBE42ACE88
C 380
R
P 000001FBE42ACE88
P 000001FBE5BFF1D0
C 294
R
P 000001FBE42ACE88
C 380
R
P 000001FBE42ACE88
P 000001FBE5BFF1D0
C 9
R
P 000001FBE42ACE88
C 380
R
P 000001FBE42ACE88
I 1
P 000001FBE42A9078
C 154
= 000001FBE42A9BD8
R
P 000001FBE42ACE88
C 380
R
P 000001FBE42ACE88
P 000001FBE42A9BD8
C 294
R
P 000001FBE42ACE88
C 380
R
P 000001FBE42ACE88
P 000001FBE42A9BD8
C 9
R
P 000001FBE42ACE88
C 380
R
P 000001FBE42ACE88
P 000001FBE42A9BD8
P 000001FBE42AAA38
C 76
= 000001FBE5BFF208
R
P 000001FBE42ACE88
C 380
R
P 000001FBE42ACE88
P 000001FBE5BFF208
C 294
R
P 000001FBE42ACE88
C 380
R
P 000001FBE42ACE88
P 000001FBE5BFF208
C 9
R
P 000001FBE42ACE88
C 380
R
P 000001FBE42ACE88
I 9
P 000001FBE42A9078
C 154
= 000001FBE42AAB98
R
P 000001FBE42ACE88
C 380
R
P 000001FBE42ACE88
P 000001FBE42AAB98
C 294
R
P 000001FBE42ACE88
C 380
R
P 000001FBE42ACE88
P 000001FBE42AAB98
C 9
R
P 000001FBE42ACE88
C 380
R
P 000001FBE42ACE88
P 000001FBE42AAA38
P 000001FBE42AAB98
C 76
= 000001FBE5BFF240
R
P 000001FBE42ACE88
C 380
R
P 000001FBE42ACE88
P 000001FBE5BFF240
C 294
R
P 000001FBE42ACE88
C 380
R
P 000001FBE42ACE88
P 000001FBE5BFF240
C 9
R
P 000001FBE42ACE88
C 380
R
P 000001FBE42ACE88
U 2
P 000001FBE5BFF208
P 000001FBE5BFF240
p 2
C 65
= 000001FBE5BFF278
R
P 000001FBE42ACE88
C 380
R
P 000001FBE42ACE88
P 000001FBE5BFF278
C 294
R
P 000001FBE42ACE88
C 380
R
P 000001FBE42ACE88
P 000001FBE5BFF278
C 9
R
P 000001FBE42ACE88
C 380
R
P 000001FBE42ACE88
I 1
P 000001FBE42A9078
C 154
= 000001FBE42A9BD8
R
P 000001FBE42ACE88
C 380
R
P 000001FBE42ACE88
P 000001FBE42A9BD8
C 294
R
P 000001FBE42ACE88
C 380
R
P 000001FBE42ACE88
P 000001FBE42A9BD8
C 9
R
P 000001FBE42ACE88
C 380
R
P 000001FBE42ACE88
P 000001FBE42A9BD8
P 000001FBE42AAA58
C 76
= 000001FBE5BFF2B0
R
P 000001FBE42ACE88
C 380
R
P 000001FBE42ACE88
P 000001FBE5BFF2B0
C 294
R
P 000001FBE42ACE88
C 380
R
P 000001FBE42ACE88
P 000001FBE5BFF2B0
C 9
R
P 000001FBE42ACE88
C 380
R
P 000001FBE42ACE88
I 9
P 000001FBE42A9078
C 154
= 000001FBE42AAB98
R
P 000001FBE42ACE88
C 380
R
P 000001FBE42ACE88
P 000001FBE42AAB98
C 294
R
P 000001FBE42ACE88
C 380
R
P 000001FBE42ACE88
P 000001FBE42AAB98
C 9
R
P 000001FBE42ACE88
C 380
R
P 000001FBE42ACE88
P 000001FBE42AAA58
P 000001FBE42AAB98
C 76
= 000001FBE5BFF2E8
R
P 000001FBE42ACE88
C 380
R
P 000001FBE42ACE88
P 000001FBE5BFF2E8
C 294
R
P 000001FBE42ACE88
C 380
R
P 000001FBE42ACE88
P 000001FBE5BFF2E8
C 9
R
P 000001FBE42ACE88
C 380
R
P 000001FBE42ACE88
U 2
P 000001FBE5BFF2B0
P 000001FBE5BFF2E8
p 2
C 65
= 000001FBE5BFF320
R
P 000001FBE42ACE88
C 380
R
P 000001FBE42ACE88
P 000001FBE5BFF320
C 294
R
P 000001FBE42ACE88
C 380
R
P 000001FBE42ACE88
P 000001FBE5BFF320
C 9
R
P 000001FBE42ACE88
C 380
R
P 000001FBE42ACE88
I 1
P 000001FBE42A9078
C 154
= 000001FBE42A9BD8
R
P 000001FBE42ACE88
C 380
R
P 000001FBE42ACE88
P 000001FBE42A9BD8
C 294
R
P 000001FBE42ACE88
C 380
R
P 000001FBE42ACE88
P 000001FBE42A9BD8
C 9
R
P 000001FBE42ACE88
C 380
R
P 000001FBE42ACE88
P 000001FBE42A9BD8
P 000001FBE42AAA78
C 76
= 000001FBE5BFF358
R
P 000001FBE42ACE88
C 380
R
P 000001FBE42ACE88
P 000001FBE5BFF358
C 294
R
P 000001FBE42ACE88
C 380
R
P 000001FBE42ACE88
P 000001FBE5BFF358
C 9
R
P 000001FBE42ACE88
C 380
R
P 000001FBE42ACE88
I 9
P 000001FBE42A9078
C 154
= 000001FBE42AAB98
R
P 000001FBE42ACE88
C 380
R
P 000001FBE42ACE88
P 000001FBE42AAB98
C 294
R
P 000001FBE42ACE88
C 380
R
P 000001FBE42ACE88
P 000001FBE42AAB98
C 9
R
P 000001FBE42ACE88
C 380
R
P 000001FBE42ACE88
P 000001FBE42AAA78
P 000001FBE42AAB98
C 76
= 000001FBE5BFF390
R
P 000001FBE42ACE88
C 380
R
P 000001FBE42ACE88
P 000001FBE5BFF390
C 294
R
P 000001FBE42ACE88
C 380
R
P 000001FBE42ACE88
P 000001FBE5BFF390
C 9
R
P 000001FBE42ACE88
C 380
R
P 000001FBE42ACE88
U 2
P 000001FBE5BFF358
P 000001FBE5BFF390
p 2
C 65
= 000001FBE5BFF3C8
R
P 000001FBE42ACE88
C 380
R
P 000001FBE42ACE88
P 000001FBE5BFF3C8
C 294
R
P 000001FBE42ACE88
C 380
R
P 000001FBE42ACE88
P 000001FBE5BFF3C8
C 9
R
P 000001FBE42ACE88
C 380
R
P 000001FBE42ACE88
I 1
P 000001FBE42A9078
C 154
= 000001FBE42A9BD8
R
P 000001FBE42ACE88
C 380
R
P 000001FBE42ACE88
P 000001FBE42A9BD8
C 294
R
P 000001FBE42ACE88
C 380
R
P 000001FBE42ACE88
P 000001FBE42A9BD8
C 9
R
P 000001FBE42ACE88
C 380
R
P 000001FBE42ACE88
P 000001FBE42A9BD8
P 000001FBE42AAA98
C 76
= 000001FBE5BFF400
R
P 000001FBE42ACE88
C 380
R
P 000001FBE42ACE88
P 000001FBE5BFF400
C 294
R
P 000001FBE42ACE88
C 380
R
P 000001FBE42ACE88
P 000001FBE5BFF400
C 9
R
P 000001FBE42ACE88
C 380
R
P 000001FBE42ACE88
I 9
P 000001FBE42A9078
C 154
= 000001FBE42AAB98
R
P 000001FBE42ACE88
C 380
R
P 000001FBE42ACE88
P 000001FBE42AAB98
C 294
R
P 000001FBE42ACE88
C 380
R
P 000001FBE42ACE88
P 000001FBE42AAB98
C 9
R
P 000001FBE42ACE88
C 380
R
P 000001FBE42ACE88
P 000001FBE42AAA98
P 000001FBE42AAB98
C 76
= 000001FBE5BFF438
R
P 000001FBE42ACE88
C 380
R
P 000001FBE42ACE88
P 000001FBE5BFF438
C 294
R
P 000001FBE42ACE88
C 380
R
P 000001FBE42ACE88
P 000001FBE5BFF438
C 9
R
P 000001FBE42ACE88
C 380
R
P 000001FBE42ACE88
U 2
P 000001FBE5BFF400
P 000001FBE5BFF438
p 2
C 65
= 000001FBE5BFF4C8
R
P 000001FBE42ACE88
C 380
R
P 000001FBE42ACE88
P 000001FBE5BFF4C8
C 294
R
P 000001FBE42ACE88
C 380
R
P 000001FBE42ACE88
P 000001FBE5BFF4C8
C 9
R
P 000001FBE42ACE88
C 380
R
P 000001FBE42ACE88
I 1
P 000001FBE42A9078
C 154
= 000001FBE42A9BD8
R
P 000001FBE42ACE88
C 380
R
P 000001FBE42ACE88
P 000001FBE42A9BD8
C 294
R
P 000001FBE42ACE88
C 380
R
P 000001FBE42ACE88
P 000001FBE42A9BD8
C 9
R
P 000001FBE42ACE88
C 380
R
P 000001FBE42ACE88
P 000001FBE42A9BD8
P 000001FBE42AAAB8
C 76
= 000001FBE5BFF500
R
P 000001FBE42ACE88
C 380
R
P 000001FBE42ACE88
P 000001FBE5BFF500
C 294
R
P 000001FBE42ACE88
C 380
R
P 000001FBE42ACE88
P 000001FBE5BFF500
C 9
R
P 000001FBE42ACE88
C 380
R
P 000001FBE42ACE88
I 9
P 000001FBE42A9078
C 154
= 000001FBE42AAB98
R
P 000001FBE42ACE88
C 380
R
P 000001FBE42ACE88
P 000001FBE42AAB98
C 294
R
P 000001FBE42ACE88
C 380
R
P 000001FBE42ACE88
P 000001FBE42AAB98
C 9
R
P 000001FBE42ACE88
C 380
R
P 000001FBE42ACE88
P 000001FBE42AAAB8
P 000001FBE42AAB98
C 76
= 000001FBE5BFF538
R
P 000001FBE42ACE88
C 380
R
P 000001FBE42ACE88
P 000001FBE5BFF538
C 294
R
P 000001FBE42ACE88
C 380
R
P 000001FBE42ACE88
P 000001FBE5BFF538
C 9
R
P 000001FBE42ACE88
C 380
R
P 000001FBE42ACE88
U 2
P 000001FBE5BFF500
P 000001FBE5BFF538
p 2
C 65
= 000001FBE5BFF570
R
P 000001FBE42ACE88
C 380
R
P 000001FBE42ACE88
P 000001FBE5BFF570
C 294
R
P 000001FBE42ACE88
C 380
R
P 000001FBE42ACE88
P 000001FBE5BFF570
C 9
R
P 000001FBE42ACE88
C 380
R
P 000001FBE42ACE88
I 1
P 000001FBE42A9078
C 154
= 000001FBE42A9BD8
R
P 000001FBE42ACE88
C 380
R
P 000001FBE42ACE88
P 000001FBE42A9BD8
C 294
R
P 000001FBE42ACE88
C 380
R
P 000001FBE42ACE88
P 000001FBE42A9BD8
C 9
R
P 000001FBE42ACE88
C 380
R
P 000001FBE42ACE88
P 000001FBE42A9BD8
P 000001FBE42AAAD8
C 76
= 000001FBE5BFF5A8
R
P 000001FBE42ACE88
C 380
R
P 000001FBE42ACE88
P 000001FBE5BFF5A8
C 294
R
P 000001FBE42ACE88
C 380
R
P 000001FBE42ACE88
P 000001FBE5BFF5A8
C 9
R
P 000001FBE42ACE88
C 380
R
P 000001FBE42ACE88
I 9
P 000001FBE42A9078
C 154
= 000001FBE42AAB98
R
P 000001FBE42ACE88
C 380
R
P 000001FBE42ACE88
P 000001FBE42AAB98
C 294
R
P 000001FBE42ACE88
C 380
R
P 000001FBE42ACE88
P 000001FBE42AAB98
C 9
R
P 000001FBE42ACE88
C 380
R
P 000001FBE42ACE88
P 000001FBE42AAAD8
P 000001FBE42AAB98
C 76
= 000001FBE5BFF5E0
R
P 000001FBE42ACE88
C 380
R
P 000001FBE42ACE88
P 000001FBE5BFF5E0
C 294
R
P 000001FBE42ACE88
C 380
R
P 000001FBE42ACE88
P 000001FBE5BFF5E0
C 9
R
P 000001FBE42ACE88
C 380
R
P 000001FBE42ACE88
U 2
P 000001FBE5BFF5A8
P 000001FBE5BFF5E0
p 2
C 65
= 000001FBE5BFF618
R
P 000001FBE42ACE88
C 380
R
P 000001FBE42ACE88
P 000001FBE5BFF618
C 294
R
P 000001FBE42ACE88
C 380
R
P 000001FBE42ACE88
P 000001FBE5BFF618
C 9
R
P 000001FBE42ACE88
C 380
R
P 000001FBE42ACE88
I 1
P 000001FBE42A9078
C 154
= 000001FBE42A9BD8
R
P 000001FBE42ACE88
C 380
R
P 000001FBE42ACE88
P 000001FBE42A9BD8
C 294
R
P 000001FBE42ACE88
C 380
R
P 000001FBE42ACE88
P 000001FBE42A9BD8
C 9
R
P 000001FBE42ACE88
C 380
R
P 000001FBE42ACE88
P 000001FBE42A9BD8
P 000001FBE42AAAF8
C 76
= 000001FBE5BFF650
R
P 000001FBE42ACE88
C 380
R
P 000001FBE42ACE88
P 000001FBE5BFF650
C 294
R
P 000001FBE42ACE88
C 380
R
P 000001FBE42ACE88
P 000001FBE5BFF650
C 9
R
P 000001FBE42ACE88
C 380
R
P 000001FBE42ACE88
I 9
P 000001FBE42A9078
C 154
= 000001FBE42AAB98
R
P 000001FBE42ACE88
C 380
R
P 000001FBE42ACE88
P 000001FBE42AAB98
C 294
R
P 000001FBE42ACE88
C 380
R
P 000001FBE42ACE88
P 000001FBE42AAB98
C 9
R
P 000001FBE42ACE88
C 380
R
P 000001FBE42ACE88
P 000001FBE42AAAF8
P 000001FBE42AAB98
C 76
= 000001FBE5BFF688
R
P 000001FBE42ACE88
C 380
R
P 000001FBE42ACE88
P 000001FBE5BFF688
C 294
R
P 000001FBE42ACE88
C 380
R
P 000001FBE42ACE88
P 000001FBE5BFF688
C 9
R
P 000001FBE42ACE88
C 380
R
P 000001FBE42ACE88
U 2
P 000001FBE5BFF650
P 000001FBE5BFF688
p 2
C 65
= 000001FBE5BFF6C0
R
P 000001FBE42ACE88
C 380
R
P 000001FBE42ACE88
P 000001FBE5BFF6C0
C 294
R
P 000001FBE42ACE88
C 380
R
P 000001FBE42ACE88
P 000001FBE5BFF6C0
C 9
R
P 000001FBE42ACE88
C 380
R
P 000001FBE42ACE88
I 1
P 000001FBE42A9078
C 154
= 000001FBE42A9BD8
R
P 000001FBE42ACE88
C 380
R
P 000001FBE42ACE88
P 000001FBE42A9BD8
C 294
R
P 000001FBE42ACE88
C 380
R
P 000001FBE42ACE88
P 000001FBE42A9BD8
C 9
R
P 000001FBE42ACE88
C 380
R
P 000001FBE42ACE88
P 000001FBE42A9BD8
P 000001FBE42AAB18
C 76
= 000001FBE5BFF6F8
R
P 000001FBE42ACE88
C 380
R
P 000001FBE42ACE88
P 000001FBE5BFF6F8
C 294
R
P 000001FBE42ACE88
C 380
R
P 000001FBE42ACE88
P 000001FBE5BFF6F8
C 9
R
P 000001FBE42ACE88
C 380
R
P 000001FBE42ACE88
I 9
P 000001FBE42A9078
C 154
= 000001FBE42AAB98
R
P 000001FBE42ACE88
C 380
R
P 000001FBE42ACE88
P 000001FBE42AAB98
C 294
R
P 000001FBE42ACE88
C 380
R
P 000001FBE42ACE88
P 000001FBE42AAB98
C 9
R
P 000001FBE42ACE88
C 380
R
P 000001FBE42ACE88
P 000001FBE42AAB18
P 000001FBE42AAB98
C 76
= 000001FBE5BFF730
R
P 000001FBE42ACE88
C 380
R
P 000001FBE42ACE88
P 000001FBE5BFF730
C 294
R
P 000001FBE42ACE88
C 380
R
P 000001FBE42ACE88
P 000001FBE5BFF730
C 9
R
P 000001FBE42ACE88
C 380
R
P 000001FBE42ACE88
U 2
P 000001FBE5BFF6F8
P 000001FBE5BFF730
p 2
C 65
= 000001FBE5BFF768
R
P 000001FBE42ACE88
C 380
R
P 000001FBE42ACE88
P 000001FBE5BFF768
C 294
R
P 000001FBE42ACE88
C 380
R
P 000001FBE42ACE88
P 000001FBE5BFF768
C 9
R
P 000001FBE42ACE88
C 380
R
P 000001FBE42ACE88
I 1
P 000001FBE42A9078
C 154
= 000001FBE42A9BD8
R
P 000001FBE42ACE88
C 380
R
P 000001FBE42ACE88
P 000001FBE42A9BD8
C 294
R
P 000001FBE42ACE88
C 380
R
P 000001FBE42ACE88
P 000001FBE42A9BD8
C 9
R
P 000001FBE42ACE88
C 380
R
P 000001FBE42ACE88
P 000001FBE42A9BD8
P 000001FBE42AAB38
C 76
= 000001FBE5BFF7A0
R
P 000001FBE42ACE88
C 380
R
P 000001FBE42ACE88
P 000001FBE5BFF7A0
C 294
R
P 000001FBE42ACE88
C 380
R
P 000001FBE42ACE88
P 000001FBE5BFF7A0
C 9
R
P 000001FBE42ACE88
C 380
R
P 000001FBE42ACE88
I 9
P 000001FBE42A9078
C 154
= 000001FBE42AAB98
R
P 000001FBE42ACE88
C 380
R
P 000001FBE42ACE88
P 000001FBE42AAB98
C 294
R
P 000001FBE42ACE88
C 380
R
P 000001FBE42ACE88
P 000001FBE42AAB98
C 9
R
P 000001FBE42ACE88
C 380
R
P 000001FBE42ACE88
P 000001FBE42AAB38
P 000001FBE42AAB98
C 76
= 000001FBE5BFF7D8
R
P 000001FBE42ACE88
C 380
R
P 000001FBE42ACE88
P 000001FBE5BFF7D8
C 294
R
P 000001FBE42ACE88
C 380
R
P 000001FBE42ACE88
P 000001FBE5BFF7D8
C 9
R
P 000001FBE42ACE88
C 380
R
P 000001FBE42ACE88
U 2
P 000001FBE5BFF7A0
P 000001FBE5BFF7D8
p 2
C 65
= 000001FBE5BFF810
R
P 000001FBE42ACE88
C 380
R
P 000001FBE42ACE88
P 000001FBE5BFF810
C 294
R
P 000001FBE42ACE88
C 380
R
P 000001FBE42ACE88
P 000001FBE5BFF810
C 9
R
P 000001FBE42ACE88
C 380
R
P 000001FBE42ACE88
I 1
P 000001FBE42A9078
C 154
= 000001FBE42A9BD8
R
P 000001FBE42ACE88
C 380
R
P 000001FBE42ACE88
P 000001FBE42A9BD8
C 294
R
P 000001FBE42ACE88
C 380
R
P 000001FBE42ACE88
P 000001FBE42A9BD8
C 9
R
P 000001FBE42ACE88
C 380
R
P 000001FBE42ACE88
P 000001FBE42A9BD8
P 000001FBE42AAB58
C 76
= 000001FBE5BFF848
R
P 000001FBE42ACE88
C 380
R
P 000001FBE42ACE88
P 000001FBE5BFF848
C 294
R
P 000001FBE42ACE88
C 380
R
P 000001FBE42ACE88
P 000001FBE5BFF848
C 9
R
P 000001FBE42ACE88
C 380
R
P 000001FBE42ACE88
I 9
P 000001FBE42A9078
C 154
= 000001FBE42AAB98
R
P 000001FBE42ACE88
C 380
R
P 000001FBE42ACE88
P 000001FBE42AAB98
C 294
R
P 000001FBE42ACE88
C 380
R
P 000001FBE42ACE88
P 000001FBE42AAB98
C 9
R
P 000001FBE42ACE88
C 380
R
P 000001FBE42ACE88
P 000001FBE42AAB58
P 000001FBE42AAB98
C 76
= 000001FBE5BFF880
R
P 000001FBE42ACE88
C 380
R
P 000001FBE42ACE88
P 000001FBE5BFF880
C 294
R
P 000001FBE42ACE88
C 380
R
P 000001FBE42ACE88
P 000001FBE5BFF880
C 9
R
P 000001FBE42ACE88
C 380
R
P 000001FBE42ACE88
U 2
P 000001FBE5BFF848
P 000001FBE5BFF880
p 2
C 65
= 000001FBE5BFF8B8
R
P 000001FBE42ACE88
C 380
R
P 000001FBE42ACE88
P 000001FBE5BFF8B8
C 294
R
P 000001FBE42ACE88
C 380
R
P 000001FBE42ACE88
P 000001FBE5BFF8B8
C 9
R
P 000001FBE42ACE88
C 380
R
P 000001FBE42ACE88
I 1
P 000001FBE42A9078
C 154
= 000001FBE42A9BD8
R
P 000001FBE42ACE88
C 380
R
P 000001FBE42ACE88
P 000001FBE42A9BD8
C 294
R
P 000001FBE42ACE88
C 380
R
P 000001FBE42ACE88
P 000001FBE42A9BD8
C 9
R
P 000001FBE42ACE88
C 380
R
P 000001FBE42ACE88
P 000001FBE42A9BD8
P 000001FBE42AAB78
C 76
= 000001FBE5BFF8F0
R
P 000001FBE42ACE88
C 380
R
P 000001FBE42ACE88
P 000001FBE5BFF8F0
C 294
R
P 000001FBE42ACE88
C 380
R
P 000001FBE42ACE88
P 000001FBE5BFF8F0
C 9
R
P 000001FBE42ACE88
C 380
R
P 000001FBE42ACE88
I 9
P 000001FBE42A9078
C 154
= 000001FBE42AAB98
R
P 000001FBE42ACE88
C 380
R
P 000001FBE42ACE88
P 000001FBE42AAB98
C 294
R
P 000001FBE42ACE88
C 380
R
P 000001FBE42ACE88
P 000001FBE42AAB98
C 9
R
P 000001FBE42ACE88
C 380
R
P 000001FBE42ACE88
P 000001FBE42AAB78
P 000001FBE42AAB98
C 76
= 000001FBE5BFF928
R
P 000001FBE42ACE88
C 380
R
P 000001FBE42ACE88
P 000001FBE5BFF928
C 294
R
P 000001FBE42ACE88
C 380
R
P 000001FBE42ACE88
P 000001FBE5BFF928
C 9
R
P 000001FBE42ACE88
C 380
R
P 000001FBE42ACE88
U 2
P 000001FBE5BFF8F0
P 000001FBE5BFF928
p 2
C 65
= 000001FBE5BFF960
R
P 000001FBE42ACE88
C 380
R
P 000001FBE42ACE88
P 000001FBE5BFF960
C 294
R
P 000001FBE42ACE88
C 380
R
P 000001FBE42ACE88
P 000001FBE5BFF960
C 9
R
P 000001FBE42ACE88
C 380
R
P 000001FBE42ACE88
U 9
P 000001FBE42AA178
P 000001FBE42AA198
P 000001FBE42AA1B8
P 000001FBE42AA1D8
P 000001FBE42AA1F8
P 000001FBE42AA218
P 000001FBE42AA238
P 000001FBE42AA258
P 000001FBE42AA278
p 9
C 59
= 000001FBE5BF1458
R
P 000001FBE42ACE88
C 380
R
P 000001FBE42ACE88
P 000001FBE5BF1458
C 294
R
P 000001FBE42ACE88
C 380
R
P 000001FBE42ACE88
P 000001FBE5BF1458
C 9
R
P 000001FBE42ACE88
C 380
R
P 000001FBE42ACE88
U 9
P 000001FBE42AA298
P 000001FBE42AA2B8
P 000001FBE42AA2D8
P 000001FBE42AA2F8
P 000001FBE42AA318
P 000001FBE42AA338
P 000001FBE42AA358
P 000001FBE42AA378
P 000001FBE42AA398
p 9
C 59
= 000001FBE5BF14C8
R
P 000001FBE42ACE88
C 380
R
P 000001FBE42ACE88
P 000001FBE5BF14C8
C 294
R
P 000001FBE42ACE88
C 380
R
P 000001FBE42ACE88
P 000001FBE5BF14C8
C 9
R
P 000001FBE42ACE88
C 380
R
P 000001FBE42ACE88
U 9
P 000001FBE42AA3B8
P 000001FBE42AA3D8
P 000001FBE42AA3F8
P 000001FBE42AA418
P 000001FBE42AA438
P 000001FBE42AA458
P 000001FBE42AA478
P 000001FBE42AA498
P 000001FBE42AA4B8
p 9
C 59
= 000001FBE5BF1538
R
P 000001FBE42ACE88
C 380
R
P 000001FBE42ACE88
P 000001FBE5BF1538
C 294
R
P 000001FBE42ACE88
C 380
R
P 000001FBE42ACE88
P 000001FBE5BF1538
C 9
R
P 000001FBE42ACE88
C 380
R
P 000001FBE42ACE88
U 9
P 000001FBE42AA4D8
P 000001FBE42AA4F8
P 000001FBE42AA518
P 000001FBE42AA538
P 000001FBE42AA558
P 000001FBE42AA578
P 000001FBE42AA598
P 000001FBE42AA5B8
P 000001FBE42AA5D8
p 9
C 59
= 000001FBE5BF15A8
R
P 000001FBE42ACE88
C 380
R
P 000001FBE42ACE88
P 000001FBE5BF15A8
C 294
R
P 000001FBE42ACE88
C 380
R
P 000001FBE42ACE88
P 000001FBE5BF15A8
C 9
R
P 000001FBE42ACE88
C 380
R
P 000001FBE42ACE88
U 9
P 000001FBE42AA5F8
P 000001FBE42AA618
P 000001FBE42AA638
P 000001FBE42AA658
P 000001FBE42AA678
P 000001FBE42AA698
P 000001FBE42AA6B8
P 000001FBE42AA6D8
P 000001FBE42AA6F8
p 9
C 59
= 000001FBE5BF1618
R
P 000001FBE42ACE88
C 380
R
P 000001FBE42ACE88
P 000001FBE5BF1618
C 294
R
P 000001FBE42ACE88
C 380
R
P 000001FBE42ACE88
P 000001FBE5BF1618
C 9
R
P 000001FBE42ACE88
C 380
R
P 000001FBE42ACE88
U 9
P 000001FBE42AA718
P 000001FBE42AA738
P 000001FBE42AA758
P 000001FBE42AA778
P 000001FBE42AA798
P 000001FBE42AA7B8
P 000001FBE42AA7D8
P 000001FBE42AA7F8
P 000001FBE42AA818
p 9
C 59
= 000001FBE5BF1688
R
P 000001FBE42ACE88
C 380
R
P 000001FBE42ACE88
P 000001FBE5BF1688
C 294
R
P 000001FBE42ACE88
C 380
R
P 000001FBE42ACE88
P 000001FBE5BF1688
C 9
R
P 000001FBE42ACE88
C 380
R
P 000001FBE42ACE88
U 9
P 000001FBE42AA838
P 000001FBE42AA858
P 000001FBE42AA878
P 000001FBE42AA898
P 000001FBE42AA8B8
P 000001FBE42AA8D8
P 000001FBE42AA8F8
P 000001FBE42AA918
P 000001FBE42AA938
p 9
C 59
= 000001FBE5BF16F8
R
P 000001FBE42ACE88
C 380
R
P 000001FBE42ACE88
P 000001FBE5BF16F8
C 294
R
P 000001FBE42ACE88
C 380
R
P 000001FBE42ACE88
P 000001FBE5BF16F8
C 9
R
P 000001FBE42ACE88
C 380
R
P 000001FBE42ACE88
U 9
P 000001FBE42AA958
P 000001FBE42AA978
P 000001FBE42AA998
P 000001FBE42AA9B8
P 000001FBE42AA9D8
P 000001FBE42AA9F8
P 000001FBE42AAA18
P 000001FBE42AAA38
P 000001FBE42AAA58
p 9
C 59
= 000001FBE5BF1768
R
P 000001FBE42ACE88
C 380
R
P 000001FBE42ACE88
P 000001FBE5BF1768
C 294
R
P 000001FBE42ACE88
C 380
R
P 000001FBE42ACE88
P 000001FBE5BF1768
C 9
R
P 000001FBE42ACE88
C 380
R
P 000001FBE42ACE88
U 9
P 000001FBE42AAA78
P 000001FBE42AAA98
P 000001FBE42AAAB8
P 000001FBE42AAAD8
P 000001FBE42AAAF8
P 000001FBE42AAB18
P 000001FBE42AAB38
P 000001FBE42AAB58
P 000001FBE42AAB78
p 9
C 59
= 000001FBE5BF17D8
R
P 000001FBE42ACE88
C 380
R
P 000001FBE42ACE88
P 000001FBE5BF17D8
C 294
R
P 000001FBE42ACE88
C 380
R
P 000001FBE42ACE88
P 000001FBE5BF17D8
C 9
R
P 000001FBE42ACE88
C 380
R
P 000001FBE42ACE88
U 9
P 000001FBE42AA178
P 000001FBE42AA298
P 000001FBE42AA3B8
P 000001FBE42AA4D8
P 000001FBE42AA5F8
P 000001FBE42AA718
P 000001FBE42AA838
P 000001FBE42AA958
P 000001FBE42AAA78
p 9
C 59
= 000001FBE5BF1848
R
P 000001FBE42ACE88
C 380
R
P 000001FBE42ACE88
P 000001FBE5BF1848
C 294
R
P 000001FBE42ACE88
C 380
R
P 000001FBE42ACE88
P 000001FBE5BF1848
C 9
R
P 000001FBE42ACE88
C 380
R
P 000001FBE42ACE88
U 9
P 000001FBE42AA198
P 000001FBE42AA2B8
P 000001FBE42AA3D8
P 000001FBE42AA4F8
P 000001FBE42AA618
P 000001FBE42AA738
P 000001FBE42AA858
P 000001FBE42AA978
P 000001FBE42AAA98
p 9
C 59
= 000001FBE5BF18B8
R
P 000001FBE42ACE88
C 380
R
P 000001FBE42ACE88
P 000001FBE5BF18B8
C 294
R
P 000001FBE42ACE88
C 380
R
P 000001FBE42ACE88
P 000001FBE5BF18B8
C 9
R
P 000001FBE42ACE88
C 380
R
P 000001FBE42ACE88
U 9
P 000001FBE42AA1B8
P 000001FBE42AA2D8
P 000001FBE42AA3F8
P 000001FBE42AA518
P 000001FBE42AA638
P 000001FBE42AA758
P 000001FBE42AA878
P 000001FBE42AA998
P 000001FBE42AAAB8
p 9
C 59
= 000001FBE5BF1928
R
P 000001FBE42ACE88
C 380
R
P 000001FBE42ACE88
P 000001FBE5BF1928
C 294
R
P 000001FBE42ACE88
C 380
R
P 000001FBE42ACE88
P 000001FBE5BF1928
C 9
R
P 000001FBE42ACE88
C 380
R
P 000001FBE42ACE88
U 9
P 000001FBE42AA1D8
P 000001FBE42AA2F8
P 000001FBE42AA418
P 000001FBE42AA538
P 000001FBE42AA658
P 000001FBE42AA778
P 000001FBE42AA898
P 000001FBE42AA9B8
P 000001FBE42AAAD8
p 9
C 59
= 000001FBE5BF1998
R
P 000001FBE42ACE88
C 380
R
P 000001FBE42ACE88
P 000001FBE5BF1998
C 294
R
P 000001FBE42ACE88
C 380
R
P 000001FBE42ACE88
P 000001FBE5BF1998
C 9
R
P 000001FBE42ACE88
C 380
R
P 000001FBE42ACE88
U 9
P 000001FBE42AA1F8
P 000001FBE42AA318
P 000001FBE42AA438
P 000001FBE42AA558
P 000001FBE42AA678
P 000001FBE42AA798
P 000001FBE42AA8B8
P 000001FBE42AA9D8
P 000001FBE42AAAF8
p 9
C 59
= 000001FBE5BF1A08
R
P 000001FBE42ACE88
C 380
R
P 000001FBE42ACE88
P 000001FBE5BF1A08
C 294
R
P 000001FBE42ACE88
C 380
R
P 000001FBE42ACE88
P 000001FBE5BF1A08
C 9
R
P 000001FBE42ACE88
C 380
R
P 000001FBE42ACE88
U 9
P 000001FBE42AA218
P 000001FBE42AA338
P 000001FBE42AA458
P 000001FBE42AA578
P 000001FBE42AA698
P 000001FBE42AA7B8
P 000001FBE42AA8D8
P 000001FBE42AA9F8
P 000001FBE42AAB18
p 9
C 59
= 000001FBE5BF1A78
R
P 000001FBE42ACE88
C 380
R
P 000001FBE42ACE88
P 000001FBE5BF1A78
C 294
R
P 000001FBE42ACE88
C 380
R
P 000001FBE42ACE88
P 000001FBE5BF1A78
C 9
R
P 000001FBE42ACE88
C 380
R
P 000001FBE42ACE88
U 9
P 000001FBE42AA238
P 000001FBE42AA358
P 000001FBE42AA478
P 000001FBE42AA598
P 000001FBE42AA6B8
P 000001FBE42AA7D8
P 000001FBE42AA8F8
P 000001FBE42AAA18
P 000001FBE42AAB38
p 9
C 59
= 000001FBE5BF1AE8
R
P 000001FBE42ACE88
C 380
R
P 000001FBE42ACE88
P 000001FBE5BF1AE8
C 294
R
P 000001FBE42ACE88
C 380
R
P 000001FBE42ACE88
P 000001FBE5BF1AE8
C 9
R
P 000001FBE42ACE88
C 380
R
P 000001FBE42ACE88
U 9
P 000001FBE42AA258
P 000001FBE42AA378
P 000001FBE42AA498
P 000001FBE42AA5B8
P 000001FBE42AA6D8
P 000001FBE42AA7F8
P 000001FBE42AA918
P 000001FBE42AAA38
P 000001FBE42AAB58
p 9
C 59
= 000001FBE5BF1B58
R
P 000001FBE42ACE88
C 380
R
P 000001FBE42ACE88
P 000001FBE5BF1B58
C 294
R
P 000001FBE42ACE88
C 380
R
P 000001FBE42ACE88
P 000001FBE5BF1B58
C 9
R
P 000001FBE42ACE88
C 380
R
P 000001FBE42ACE88
U 9
P 000001FBE42AA278
P 000001FBE42AA398
P 000001FBE42AA4B8
P 000001FBE42AA5D8
P 000001FBE42AA6F8
P 000001FBE42AA818
P 000001FBE42AA938
P 000001FBE42AAA58
P 000001FBE42AAB78
p 9
C 59
= 000001FBE5BF1BC8
R
P 000001FBE42ACE88
C 380
R
P 000001FBE42ACE88
P 000001FBE5BF1BC8
C 294
R
P 000001FBE42ACE88
C 380
R
P 000001FBE42ACE88
P 000001FBE5BF1BC8
C 9
R
P 000001FBE42ACE88
C 380
R
P 000001FBE42ACE88
U 9
P 000001FBE42AA178
P 000001FBE42AA198
P 000001FBE42AA1B8
P 000001FBE42AA298
P 000001FBE42AA2B8
P 000001FBE42AA2D8
P 000001FBE42AA3B8
P 000001FBE42AA3D8
P 000001FBE42AA3F8
p 9
C 59
= 000001FBE5BF1C38
R
P 000001FBE42ACE88
C 380
R
P 000001FBE42ACE88
P 000001FBE5BF1C38
C 294
R
P 000001FBE42ACE88
C 380
R
P 000001FBE42ACE88
P 000001FBE5BF1C38
C 9
R
P 000001FBE42ACE88
C 380
R
P 000001FBE42ACE88
U 9
P 000001FBE42AA1D8
P 000001FBE42AA1F8
P 000001FBE42AA218
P 000001FBE42AA2F8
P 000001FBE42AA318
P 000001FBE42AA338
P 000001FBE42AA418
P 000001FBE42AA438
P 000001FBE42AA458
p 9
C 59
= 000001FBE5BF1CA8
R
P 000001FBE42ACE88
C 380
R
P 000001FBE42ACE88
P 000001FBE5BF1CA8
C 294
R
P 000001FBE42ACE88
C 380
R
P 000001FBE42ACE88
P 000001FBE5BF1CA8
C 9
R
P 000001FBE42ACE88
C 380
R
P 000001FBE42ACE88
U 9
P 000001FBE42AA238
P 000001FBE42AA258
P 000001FBE42AA278
P 000001FBE42AA358
P 000001FBE42AA378
P 000001FBE42AA398
P 000001FBE42AA478
P 000001FBE42AA498
P 000001FBE42AA4B8
p 9
C 59
= 000001FBE5BF1D18
R
P 000001FBE42ACE88
C 380
R
P 000001FBE42ACE88
P 000001FBE5BF1D18
C 294
R
P 000001FBE42ACE88
C 380
R
P 000001FBE42ACE88
P 000001FBE5BF1D18
C 9
R
P 000001FBE42ACE88
C 380
R
P 000001FBE42ACE88
U 9
P 000001FBE42AA4D8
P 000001FBE42AA4F8
P 000001FBE42AA518
P 000001FBE42AA5F8
P 000001FBE42AA618
P 000001FBE42AA638
P 000001FBE42AA718
P 000001FBE42AA738
P 000001FBE42AA758
p 9
C 59
= 000001FBE5BF1D88
R
P 000001FBE42ACE88
C 380
R
P 000001FBE42ACE88
P 000001FBE5BF1D88
C 294
R
P 000001FBE42ACE88
C 380
R
P 000001FBE42ACE88
P 000001FBE5BF1D88
C 9
R
P 000001FBE42ACE88
C 380
R
P 000001FBE42ACE88
U 9
P 000001FBE42AA538
P 000001FBE42AA558
P 000001FBE42AA578
P 000001FBE42AA658
P 000001FBE42AA678
P 000001FBE42AA698
P 000001FBE42AA778
P 000001FBE42AA798
P 000001FBE42AA7B8
p 9
C 59
= 000001FBE5BF1DF8
R
P 000001FBE42ACE88
C 380
R
P 000001FBE42ACE88
P 000001FBE5BF1DF8
C 294
R
P 000001FBE42ACE88
C 380
R
P 000001FBE42ACE88
P 000001FBE5BF1DF8
C 9
R
P 000001FBE42ACE88
C 380
R
P 000001FBE42ACE88
U 9
P 000001FBE42AA598
P 000001FBE42AA5B8
P 000001FBE42AA5D8
P 000001FBE42AA6B8
P 000001FBE42AA6D8
P 000001FBE42AA6F8
P 000001FBE42AA7D8
P 000001FBE42AA7F8
P 000001FBE42AA818
p 9
C 59
= 000001FBE5BF1E68
R
P 000001FBE42ACE88
C 380
R
P 000001FBE42ACE88
P 000001FBE5BF1E68
C 294
R
P 000001FBE42ACE88
C 380
R
P 000001FBE42ACE88
P 000001FBE5BF1E68
C 9
R
P 000001FBE42ACE88
C 380
R
P 000001FBE42ACE88
U 9
P 000001FBE42AA838
P 000001FBE42AA858
P 000001FBE42AA878
P 000001FBE42AA958
P 000001FBE42AA978
P 000001FBE42AA998
P 000001FBE42AAA78
P 000001FBE42AAA98
P 000001FBE42AAAB8
p 9
C 59
= 000001FBE5BF1ED8
R
P 000001FBE42ACE88
C 380
R
P 000001FBE42ACE88
P 000001FBE5BF1ED8
C 294
R
P 000001FBE42ACE88
C 380
R
P 000001FBE42ACE88
P 000001FBE5BF1ED8
C 9
R
P 000001FBE42ACE88
C 380
R
P 000001FBE42ACE88
U 9
P 000001FBE42AA898
P 000001FBE42AA8B8
P 000001FBE42AA8D8
P 000001FBE42AA9B8
P 000001FBE42AA9D8
P 000001FBE42AA9F8
P 000001FBE42AAAD8
P 000001FBE42AAAF8
P 000001FBE42AAB18
p 9
C 59
= 000001FBE5BF1F48
R
P 000001FBE42ACE88
C 380
R
P 000001FBE42ACE88
P 000001FBE5BF1F48
C 294
R
P 000001FBE42ACE88
C 380
R
P 000001FBE42ACE88
P 000001FBE5BF1F48
C 9
R
P 000001FBE42ACE88
C 380
R
P 000001FBE42ACE88
U 9
P 000001FBE42AA8F8
P 000001FBE42AA918
P 000001FBE42AA938
P 000001FBE42AAA18
P 000001FBE42AAA38
P 000001FBE42AAA58
P 000001FBE42AAB38
P 000001FBE42AAB58
P 000001FBE42AAB78
p 9
C 59
= 000001FBE5BF1FB8
R
P 000001FBE42ACE88
C 380
R
P 000001FBE42ACE88
P 000001FBE5BF1FB8
C 294
R
P 000001FBE42ACE88
C 380
R
P 000001FBE42ACE88
P 000001FBE5BF1FB8
C 9
R
P 000001FBE42ACE88
C 380
R
P 000001FBE42ACE88
C 56
= 000001FBE42A9018
R
P 000001FBE42ACE88
C 380
R
P 000001FBE42ACE88
P 000001FBE42A9018
C 294
R
P 000001FBE42ACE88
C 380
R
P 000001FBE42ACE88
P 000001FBE42A9018
C 9
R
P 000001FBE42ACE88
C 380
R
P 000001FBE42ACE88
U 9
P 000001FBE42A5F20
P 000001FBE42A5FC8
P 000001FBE42A6070
P 000001FBE42A6118
P 000001FBE42A61C0
P 000001FBE42A6268
P 000001FBE42A6310
P 000001FBE42A63B8
P 000001FBE42A6460
p 9
C 65
= 000001FBE5BF2028
R
P 000001FBE42ACE88
C 380
R
P 000001FBE42ACE88
P 000001FBE5BF2028
C 294
R
P 000001FBE42ACE88
C 380
R
P 000001FBE42ACE88
P 000001FBE5BF2028
C 9
R
P 000001FBE42ACE88
C 380
R
P 000001FBE42ACE88
U 2
P 000001FBE5BF2028
P 000001FBE42A9018
p 2
C 65
= 000001FBE5BFF998
R
P 000001FBE42ACE88
C 380
R
P 000001FBE42ACE88
P 000001FBE5BFF998
C 294
R
P 000001FBE42ACE88
C 380
R
P 000001FBE42ACE88
P 000001FBE5BFF998
C 9
R
P 000001FBE42ACE88
C 380
R
P 000001FBE42ACE88
U 9
P 000001FBE42A6508
P 000001FBE42A65B0
P 000001FBE42A6658
P 000001FBE42A6700
P 000001FBE42A67A8
P 000001FBE42A6850
P 000001FBE42A68F8
P 000001FBE42A69A0
P 000001FBE42A6A48
p 9
C 65
= 000001FBE5BF2098
R
P 000001FBE42ACE88
C 380
R
P 000001FBE42ACE88
P 000001FBE5BF2098
C 294
R
P 000001FBE42ACE88
C 380
R
P 000001FBE42ACE88
P 000001FBE5BF2098
C 9
R
P 000001FBE42ACE88
C 380
R
P 000001FBE42ACE88
U 2
P 000001FBE5BF2098
P 000001FBE5BFF998
p 2
C 65
= 000001FBE5BFF9D0
R
P 000001FBE42ACE88
C 380
R
P 000001FBE42ACE88
P 000001FBE5BFF9D0
C 294
R
P 000001FBE42ACE88
C 380
R
P 000001FBE42ACE88
P 000001FBE5BFF9D0
C 9
R
P 000001FBE42ACE88
C 380
R
P 000001FBE42ACE88
U 9
P 000001FBE42A6AF0
P 000001FBE42A6B98
P 000001FBE42A6C40
P 000001FBE42A6CE8
P 000001FBE42A6D90
P 000001FBE42A6E38
P 000001FBE42A6EE0
P 000001FBE5BFD4F0
P 000001FBE5BFD598
p 9
C 65
= 000001FBE5BF2108
R
P 000001FBE42ACE88
C 380
R
P 000001FBE42ACE88
P 000001FBE5BF2108
C 294
R
P 000001FBE42ACE88
C 380
R
P 000001FBE42ACE88
P 000001FBE5BF2108
C 9
R
P 000001FBE42ACE88
C 380
R
P 000001FBE42ACE88
U 2
P 000001FBE5BF2108
P 000001FBE5BFF9D0
p 2
C 65
= 000001FBE5BFFA08
R
P 000001FBE42ACE88
C 380
R
P 000001FBE42ACE88
P 000001FBE5BFFA08
C 294
R
P 000001FBE42ACE88
C 380
R
P 000001FBE42ACE88
P 000001FBE5BFFA08
C 9
R
P 000001FBE42ACE88
C 380
R
P 000001FBE42ACE88
U 9
P 000001FBE5BFD640
P 000001FBE5BFD6E8
P 000001FBE5BFD790
P 000001FBE5BFD838
P 000001FBE5BFD8E0
P 000001FBE5BFD988
P 000001FBE5BFDA30
P 000001FBE5BFDAD8
P 000001FBE5BFDB80
p 9
C 65
= 000001FBE5BF2178
R
P 000001FBE42ACE88
C 380
R
P 000001FBE42ACE88
P 000001FBE5BF2178
C 294
R
P 000001FBE42ACE88
C 380
R
P 000001FBE42ACE88
P 000001FBE5BF2178
C 9
R
P 000001FBE42ACE88
C 380
R
P 000001FBE42ACE88
U 2
P 000001FBE5BF2178
P 000001FBE5BFFA08
p 2
C 65
= 000001FBE5BFFA40
R
P 000001FBE42ACE88
C 380
R
P 000001FBE42ACE88
P 000001FBE5BFFA40
C 294
R
P 000001FBE42ACE88
C 380
R
P 000001FBE42ACE88
P 000001FBE5BFFA40
C 9
R
P 000001FBE42ACE88
C 380
R
P 000001FBE42ACE88
U 9
P 000001FBE5BFDC28
P 000001FBE5BFDCD0
P 000001FBE5BFDD78
P 000001FBE5BFDE20
P 000001FBE5BFDEC8
P 000001FBE5BFDF70
P 000001FBE5BFE018
P 000001FBE5BFE0C0
P 000001FBE5BFE168
p 9
C 65
= 000001FBE5BF21E8
R
P 000001FBE42ACE88
C 380
R
P 000001FBE42ACE88
P 000001FBE5BF21E8
C 294
R
P 000001FBE42ACE88
C 380
R
P 000001FBE42ACE88
P 000001FBE5BF21E8
C 9
R
P 000001FBE42ACE88
C 380
R
P 000001FBE42ACE88
U 2
P 000001FBE5BF21E8
P 000001FBE5BFFA40
p 2
C 65
= 000001FBE5BFFA78
R
P 000001FBE42ACE88
C 380
R
P 000001FBE42ACE88
P 000001FBE5BFFA78
C 294
R
P 000001FBE42ACE88
C 380
R
P 000001FBE42ACE88
P 000001FBE5BFFA78
C 9
R
P 000001FBE42ACE88
C 380
R
P 000001FBE42ACE88
U 9
P 000001FBE5BFE210
P 000001FBE5BFE2B8
P 000001FBE5BFE360
P 000001FBE5BFE408
P 000001FBE5BFE4B0
P 000001FBE5BFE558
P 000001FBE5BFE600
P 000001FBE5BFE6A8
P 000001FBE5BFE750
p 9
C 65
= 000001FBE5BF2258
R
P 000001FBE42ACE88
C 380
R
P 000001FBE42ACE88
P 000001FBE5BF2258
C 294
R
P 000001FBE42ACE88
C 380
R
P 000001FBE42ACE88
P 000001FBE5BF2258
C 9
R
P 000001FBE42ACE88
C 380
R
P 000001FBE42ACE88
U 2
P 000001FBE5BF2258
P 000001FBE5BFFA78
p 2
C 65
= 000001FBE5BFFAB0
R
P 000001FBE42ACE88
C 380
R
P 000001FBE42ACE88
P 000001FBE5BFFAB0
C 294
R
P 000001FBE42ACE88
C 380
R
P 000001FBE42ACE88
P 000001FBE5BFFAB0
C 9
R
P 000001FBE42ACE88
C 380
R
P 000001FBE42ACE88
U 9
P 000001FBE5BFE7F8
P 000001FBE5BFE8A0
P 000001FBE5BFE948
P 000001FBE5BFE9F0
P 000001FBE5BFEA98
P 000001FBE5BFEB40
P 000001FBE5BFEBE8
P 000001FBE5BFEC90
P 000001FBE5BFED38
p 9
C 65
= 000001FBE5BF22C8
R
P 000001FBE42ACE88
C 380
R
P 000001FBE42ACE88
P 000001FBE5BF22C8
C 294
R
P 000001FBE42ACE88
C 380
R
P 000001FBE42ACE88
P 000001FBE5BF22C8
C 9
R
P 000001FBE42ACE88
C 380
R
P 000001FBE42ACE88
U 2
P 000001FBE5BF22C8
P 000001FBE5BFFAB0
p 2
C 65
= 000001FBE5BFFAE8
R
P 000001FBE42ACE88
C 380
R
P 000001FBE42ACE88
P 000001FBE5BFFAE8
C 294
R
P 000001FBE42ACE88
C 380
R
P 000001FBE42ACE88
P 000001FBE5BFFAE8
C 9
R
P 000001FBE42ACE88
C 380
R
P 000001FBE42ACE88
U 9
P 000001FBE5BFEDE0
P 000001FBE5BFEE88
P 000001FBE5BFEF30
P 000001FBE5BFEFD8
P 000001FBE5BFF080
P 000001FBE5BFF128
P 000001FBE5BFF1D0
P 000001FBE5BFF278
P 000001FBE5BFF320
p 9
C 65
= 000001FBE5BF2338
R
P 000001FBE42ACE88
C 380
R
P 000001FBE42ACE88
P 000001FBE5BF2338
C 294
R
P 000001FBE42ACE88
C 380
R
P 000001FBE42ACE88
P 000001FBE5BF2338
C 9
R
P 000001FBE42ACE88
C 380
R
P 000001FBE42ACE88
U 2
P 000001FBE5BF2338
P 000001FBE5BFFAE8
p 2
C 65
= 000001FBE5BFFB20
R
P 000001FBE42ACE88
C 380
R
P 000001FBE42ACE88
P 000001FBE5BFFB20
C 294
R
P 000001FBE42ACE88
C 380
R
P 000001FBE42ACE88
P 000001FBE5BFFB20
C 9
R
P 000001FBE42ACE88
C 380
R
P 000001FBE42ACE88
U 9
P 000001FBE5BFF3C8
P 000001FBE5BFF4C8
P 000001FBE5BFF570
P 000001FBE5BFF618
P 000001FBE5BFF6C0
P 000001FBE5BFF768
P 000001FBE5BFF810
P 000001FBE5BFF8B8
P 000001FBE5BFF960
p 9
C 65
= 000001FBE5BF23A8
R
P 000001FBE42ACE88
C 380
R
P 000001FBE42ACE88
P 000001FBE5BF23A8
C 294
R
P 000001FBE42ACE88
C 380
R
P 000001FBE42ACE88
P 000001FBE5BF23A8
C 9
R
P 000001FBE42ACE88
C 380
R
P 000001FBE42ACE88
U 2
P 000001FBE5BF23A8
P 000001FBE5BFFB20
p 2
C 65
= 000001FBE5BFFB58
R
P 000001FBE42ACE88
C 380
R
P 000001FBE42ACE88
P 000001FBE5BFFB58
C 294
R
P 000001FBE42ACE88
C 380
R
P 000001FBE42ACE88
P 000001FBE5BFFB58
C 9
R
P 000001FBE42ACE88
C 380
R
P 000001FBE42ACE88
U 9
P 000001FBE5BF1458
P 000001FBE5BF14C8
P 000001FBE5BF1538
P 000001FBE5BF15A8
P 000001FBE5BF1618
P 000001FBE5BF1688
P 000001FBE5BF16F8
P 000001FBE5BF1768
P 000001FBE5BF17D8
p 9
C 65
= 000001FBE5BF2418
R
P 000001FBE42ACE88
C 380
R
P 000001FBE42ACE88
P 000001FBE5BF2418
C 294
R
P 000001FBE42ACE88
C 380
R
P 000001FBE42ACE88
P 000001FBE5BF2418
C 9
R
P 000001FBE42ACE88
C 380
R
P 000001FBE42ACE88
U 2
P 000001FBE5BF2418
P 000001FBE5BFFB58
p 2
C 65
= 000001FBE5BFFB90
R
P 000001FBE42ACE88
C 380
R
P 000001FBE42ACE88
P 000001FBE5BFFB90
C 294
R
P 000001FBE42ACE88
C 380
R
P 000001FBE42ACE88
P 000001FBE5BFFB90
C 9
R
P 000001FBE42ACE88
C 380
R
P 000001FBE42ACE88
U 9
P 000001FBE5BF1848
P 000001FBE5BF18B8
P 000001FBE5BF1928
P 000001FBE5BF1998
P 000001FBE5BF1A08
P 000001FBE5BF1A78
P 000001FBE5BF1AE8
P 000001FBE5BF1B58
P 000001FBE5BF1BC8
p 9
C 65
= 000001FBE5BF2488
R
P 000001FBE42ACE88
C 380
R
P 000001FBE42ACE88
P 000001FBE5BF2488
C 294
R
P 000001FBE42ACE88
C 380
R
P 000001FBE42ACE88
P 000001FBE5BF2488
C 9
R
P 000001FBE42ACE88
C 380
R
P 000001FBE42ACE88
U 2
P 000001FBE5BF2488
P 000001FBE5BFFB90
p 2
C 65
= 000001FBE5BFFBC8
R
P 000001FBE42ACE88
C 380
R
P 000001FBE42ACE88
P 000001FBE5BFFBC8
C 294
R
P 000001FBE42ACE88
C 380
R
P 000001FBE42ACE88
P 000001FBE5BFFBC8
C 9
R
P 000001FBE42ACE88
C 380
R
P 000001FBE42ACE88
U 3
P 000001FBE5BF1C38
P 000001FBE5BF1CA8
P 000001FBE5BF1D18
p 3
C 65
= 000001FBE42A39C8
R
P 000001FBE42ACE88
C 380
R
P 000001FBE42ACE88
P 000001FBE42A39C8
C 294
R
P 000001FBE42ACE88
C 380
R
P 000001FBE42ACE88
P 000001FBE42A39C8
C 9
R
P 000001FBE42ACE88
C 380
R
P 000001FBE42ACE88
U 2
P 000001FBE42A39C8
P 000001FBE5BFFBC8
p 2
C 65
= 000001FBE5BFFC00
R
P 000001FBE42ACE88
C 380
R
P 000001FBE42ACE88
P 000001FBE5BFFC00
C 294
R
P 000001FBE42ACE88
C 380
R
P 000001FBE42ACE88
P 000001FBE5BFFC00
C 9
R
P 000001FBE42ACE88
C 380
R
P 000001FBE42ACE88
U 3
P 000001FBE5BF1D88
P 000001FBE5BF1DF8
P 000001FBE5BF1E68
p 3
C 65
= 000001FBE42A3A08
R
P 000001FBE42ACE88
C 380
R
P 000001FBE42ACE88
P 000001FBE42A3A08
C 294
R
P 000001FBE42ACE88
C 380
R
P 000001FBE42ACE88
P 000001FBE42A3A08
C 9
R
P 000001FBE42ACE88
C 380
R
P 000001FBE42ACE88
U 2
P 000001FBE42A3A08
P 000001FBE5BFFC00
p 2
C 65
= 000001FBE5BFFC38
R
P 000001FBE42ACE88
C 380
R
P 000001FBE42ACE88
P 000001FBE5BFFC38
C 294
R
P 000001FBE42ACE88
C 380
R
P 000001FBE42ACE88
P 000001FBE5BFFC38
C 9
R
P 000001FBE42ACE88
C 380
R
P 000001FBE42ACE88
U 3
P 000001FBE5BF1ED8
P 000001FBE5BF1F48
P 000001FBE5BF1FB8
p 3
C 65
= 000001FBE42A3A48
R
P 000001FBE42ACE88
C 380
R
P 000001FBE42ACE88
P 000001FBE42A3A48
C 294
R
P 000001FBE42ACE88
C 380
R
P 000001FBE42ACE88
P 000001FBE42A3A48
C 9
R
P 000001FBE42ACE88
C 380
R
P 000001FBE42ACE88
U 2
P 000001FBE42A3A48
P 000001FBE5BFFC38
p 2
C 65
= 000001FBE5BFFC70
R
P 000001FBE42ACE88
C 380
R
P 000001FBE42ACE88
P 000001FBE5BFFC70
C 294
R
P 000001FBE42ACE88
C 380
R
P 000001FBE42ACE88
P 000001FBE5BFFC70
C 9
R
P 000001FBE42ACE88
C 380
R
P 000001FBE42ACE88
C 56
= 000001FBE42A9018
R
P 000001FBE42ACE88
C 380
R
P 000001FBE42ACE88
P 000001FBE42A9018
C 294
R
P 000001FBE42ACE88
C 380
R
P 000001FBE42ACE88
P 000001FBE42A9018
C 9
R
P 000001FBE42ACE88
C 380
R
P 000001FBE42ACE88
I 9
P 000001FBE42A9078
C 154
= 000001FBE42AAB98
R
P 000001FBE42ACE88
C 380
R
P 000001FBE42ACE88
P 000001FBE42AAB98
C 294
R
P 000001FBE42ACE88
C 380
R
P 000001FBE42ACE88
P 000001FBE42AAB98
C 9
R
P 000001FBE42ACE88
C 380
R
P 000001FBE42ACE88
P 000001FBE42AA1F8
P 000001FBE42AAB98
C 58
= 000001FBE5BFFCA8
R
P 000001FBE42ACE88
C 380
R
P 000001FBE42ACE88
P 000001FBE5BFFCA8
C 294
R
P 000001FBE42ACE88
C 380
R
P 000001FBE42ACE88
P 000001FBE5BFFCA8
C 9
R
P 000001FBE42ACE88
C 380
R
P 000001FBE42ACE88
U 2
P 000001FBE42A9018
P 000001FBE5BFFCA8
p 2
C 65
= 000001FBE5BFFCE0
R
P 000001FBE42ACE88
C 380
R
P 000001FBE42ACE88
P 000001FBE5BFFCE0
C 294
R
P 000001FBE42ACE88
C 380
R
P 000001FBE42ACE88
P 000001FBE5BFFCE0
C 9
R
P 000001FBE42ACE88
C 380
R
P 000001FBE42ACE88
I 4
P 000001FBE42A9078
C 154
= 000001FBE42AABB8
R
P 000001FBE42ACE88
C 380
R
P 000001FBE42ACE88
P 000001FBE42AABB8
C 294
R
P 000001FBE42ACE88
C 380
R
P 000001FBE42ACE88
P 000001FBE42AABB8
C 9
R
P 000001FBE42ACE88
C 380
R
P 000001FBE42ACE88
P 000001FBE42AA218
P 000001FBE42AABB8
C 58
= 000001FBE5BFFD18
R
P 000001FBE42ACE88
C 380
R
P 000001FBE42ACE88
P 000001FBE5BFFD18
C 294
R
P 000001FBE42ACE88
C 380
R
P 000001FBE42ACE88
P 000001FBE5BFFD18
C 9
R
P 000001FBE42ACE88
C 380
R
P 000001FBE42ACE88
U 2
P 000001FBE5BFFCE0
P 000001FBE5BFFD18
p 2
C 65
= 000001FBE5BFFD50
R
P 000001FBE42ACE88
C 380
R
P 000001FBE42ACE88
P 000001FBE5BFFD50
C 294
R
P 000001FBE42ACE88
C 380
R
P 000001FBE42ACE88
P 000001FBE5BFFD50
C 9
R
P 000001FBE42ACE88
C 380
R
P 000001FBE42ACE88
I 3
P 000001FBE42A9078
C 154
= 000001FBE42AABD8
R
P 000001FBE42ACE88
C 380
R
P 000001FBE42ACE88
P 000001FBE42AABD8
C 294
R
P 000001FBE42ACE88
C 380
R
P 000001FBE42ACE88
P 000001FBE42AABD8
C 9
R
P 000001FBE42ACE88
C 380
R
P 000001FBE42ACE88
P 000001FBE42AA258
P 000001FBE42AABD8
C 58
= 000001FBE5BFFD88
R
P 000001FBE42ACE88
C 380
R
P 000001FBE42ACE88
P 000001FBE5BFFD88
C 294
R
P 000001FBE42ACE88
C 380
R
P 000001FBE42ACE88
P 000001FBE5BFFD88
C 9
R
P 000001FBE42ACE88
C 380
R
P 000001FBE42ACE88
U 2
P 000001FBE5BFFD50
P 000001FBE5BFFD88
p 2
C 65
= 000001FBE5BFFDC0
R
P 000001FBE42ACE88
C 380
R
P 000001FBE42ACE88
P 000001FBE5BFFDC0
C 294
R
P 000001FBE42ACE88
C 380
R
P 000001FBE42ACE88
P 000001FBE5BFFDC0
C 9
R
P 000001FBE42ACE88
C 380
R
P 000001FBE42ACE88
I 5
P 000001FBE42A9078
C 154
= 000001FBE42AABF8
R
P 000001FBE42ACE88
C 380
R
P 000001FBE42ACE88
P 000001FBE42AABF8
C 294
R
P 000001FBE42ACE88
C 380
R
P 000001FBE42ACE88
P 000001FBE42AABF8
C 9
R
P 000001FBE42ACE88
C 380
R
P 000001FBE42ACE88
P 000001FBE42AA2F8
P 000001FBE42AABF8
C 58
= 000001FBE5BFFDF8
R
P 000001FBE42ACE88
C 380
R
P 000001FBE42ACE88
P 000001FBE5BFFDF8
C 294
R
P 000001FBE42ACE88
C 380
R
P 000001FBE42ACE88
P 000001FBE5BFFDF8
C 9
R
P 000001FBE42ACE88
C 380
R
P 000001FBE42ACE88
U 2
P 000001FBE5BFFDC0
P 000001FBE5BFFDF8
p 2
C 65
= 000001FBE5BFFE30
R
P 000001FBE42ACE88
C 380
R
P 000001FBE42ACE88
P 000001FBE5BFFE30
C 294
R
P 000001FBE42ACE88
C 380
R
P 000001FBE42ACE88
P 000001FBE5BFFE30
C 9
R
P 000001FBE42ACE88
C 380
R
P 000001FBE42ACE88
I 1
P 000001FBE42A9078
C 154
= 000001FBE42A9BD8
R
P 000001FBE42ACE88
C 380
R
P 000001FBE42ACE88
P 000001FBE42A9BD8
C 294
R
P 000001FBE42ACE88
C 380
R
P 000001FBE42ACE88
P 000001FBE42A9BD8
C 9
R
P 000001FBE42ACE88
C 380
R
P 000001FBE42ACE88
P 000001FBE42AA318
P 000001FBE42A9BD8
C 58
= 000001FBE5BFFE68
R
P 000001FBE42ACE88
C 380
R
P 000001FBE42ACE88
P 000001FBE5BFFE68
C 294
R
P 000001FBE42ACE88
C 380
R
P 000001FBE42ACE88
P 000001FBE5BFFE68
C 9
R
P 000001FBE42ACE88
C 380
R
P 000001FBE42ACE88
U 2
P 000001FBE5BFFE30
P 000001FBE5BFFE68
p 2
C 65
= 000001FBE5BFFEA0
R
P 000001FBE42ACE88
C 380
R
P 000001FBE42ACE88
P 000001FBE5BFFEA0
C 294
R
P 000001FBE42ACE88
C 380
R
P 000001FBE42ACE88
P 000001FBE5BFFEA0
C 9
R
P 000001FBE42ACE88
C 380
R
P 000001FBE42ACE88
I 7
P 000001FBE42A9078
C 154
= 000001FBE42AAC18
R
P 000001FBE42ACE88
C 380
R
P 000001FBE42ACE88
P 000001FBE42AAC18
C 294
R
P 000001FBE42ACE88
C 380
R
P 000001FBE42ACE88
P 000001FBE42AAC18
C 9
R
P 000001FBE42ACE88
C 380
R
P 000001FBE42ACE88
P 000001FBE42AA398
P 000001FBE42AAC18
C 58
= 000001FBE5BFFED8
R
P 000001FBE42ACE88
C 380
R
P 000001FBE42ACE88
P 000001FBE5BFFED8
C 294
R
P 000001FBE42ACE88
C 380
R
P 000001FBE42ACE88
P 000001FBE5BFFED8
C 9
R
P 000001FBE42ACE88
C 380
R
P 000001FBE42ACE88
U 2
P 000001FBE5BFFEA0
P 000001FBE5BFFED8
p 2
C 65
= 000001FBE5BFFF10
R
P 000001FBE42ACE88
C 380
R
P 000001FBE42ACE88
P 000001FBE5BFFF10
C 294
R
P 000001FBE42ACE88
C 380
R
P 000001FBE42ACE88
P 000001FBE5BFFF10
C 9
R
P 000001FBE42ACE88
C 380
R
P 000001FBE42ACE88
I 8
P 000001FBE42A9078
C 154
= 000001FBE42AAC38
R
P 000001FBE42ACE88
C 380
R
P 000001FBE42ACE88
P 000001FBE42AAC38
C 294
R
P 000001FBE42ACE88
C 380
R
P 000001FBE42ACE88
P 000001FBE42AAC38
C 9
R
P 000001FBE42ACE88
C 380
R
P 000001FBE42ACE88
P 000001FBE42AA3D8
P 000001FBE42AAC38
C 58
= 000001FBE5BFFF48
R
P 000001FBE42ACE88
C 380
R
P 000001FBE42ACE88
P 000001FBE5BFFF48
C 294
R
P 000001FBE42ACE88
C 380
R
P 000001FBE42ACE88
P 000001FBE5BFFF48
C 9
R
P 000001FBE42ACE88
C 380
R
P 000001FBE42ACE88
U 2
P 000001FBE5BFFF10
P 000001FBE5BFFF48
p 2
C 65
= 000001FBE5BFFF80
R
P 000001FBE42ACE88
C 380
R
P 000001FBE42ACE88
P 000001FBE5BFFF80
C 294
R
P 000001FBE42ACE88
C 380
R
P 000001FBE42ACE88
P 000001FBE5BFFF80
C 9
R
P 000001FBE42ACE88
C 380
R
P 000001FBE42ACE88
I 9
P 000001FBE42A9078
C 154
= 000001FBE42AAB98
R
P 000001FBE42ACE88
C 380
R
P 000001FBE42ACE88
P 000001FBE42AAB98
C 294
R
P 000001FBE42ACE88
C 380
R
P 000001FBE42ACE88
P 000001FBE42AAB98
C 9
R
P 000001FBE42ACE88
C 380
R
P 000001FBE42ACE88
P 000001FBE42AA3F8
P 000001FBE42AAB98
C 58
= 000001FBE5BFFFB8
R
P 000001FBE42ACE88
C 380
R
P 000001FBE42ACE88
P 000001FBE5BFFFB8
C 294
R
P 000001FBE42ACE88
C 380
R
P 000001FBE42ACE88
P 000001FBE5BFFFB8
C 9
R
P 000001FBE42ACE88
C 380
R
P 000001FBE42ACE88
U 2
P 000001FBE5BFFF80
P 000001FBE5BFFFB8
p 2
C 65
= 000001FBE5BFFFF0
R
P 000001FBE42ACE88
C 380
R
P 000001FBE42ACE88
P 000001FBE5BFFFF0
C 294
R
P 000001FBE42ACE88
C 380
R
P 000001FBE42ACE88
P 000001FBE5BFFFF0
C 9
R
P 000001FBE42ACE88
C 380
R
P 000001FBE42ACE88
I 4
P 000001FBE42A9078
C 154
= 000001FBE42AABB8
R
P 000001FBE42ACE88
C 380
R
P 000001FBE42ACE88
P 000001FBE42AABB8
C 294
R
P 000001FBE42ACE88
C 380
R
P 000001FBE42ACE88
P 000001FBE42AABB8
C 9
R
P 000001FBE42ACE88
C 380
R
P 000001FBE42ACE88
P 000001FBE42AA498
P 000001FBE42AABB8
C 58
= 000001FBE5C00028
R
P 000001FBE42ACE88
C 380
R
P 000001FBE42ACE88
P 000001FBE5C00028
C 294
R
P 000001FBE42ACE88
C 380
R
P 000001FBE42ACE88
P 000001FBE5C00028
C 9
R
P 000001FBE42ACE88
C 380
R
P 000001FBE42ACE88
U 2
P 000001FBE5BFFFF0
P 000001FBE5C00028
p 2
C 65
= 000001FBE5C00060
R
P 000001FBE42ACE88
C 380
R
P 000001FBE42ACE88
P 000001FBE5C00060
C 294
R
P 000001FBE42ACE88
C 380
R
P 000001FBE42ACE88
P 000001FBE5C00060
C 9
R
P 000001FBE42ACE88
C 380
R
P 000001FBE42ACE88
I 2
P 000001FBE42A9078
C 154
= 000001FBE42A9E58
R
P 000001FBE42ACE88
C 380
R
P 000001FBE42ACE88
P 000001FBE42A9E58
C 294
R
P 000001FBE42ACE88
C 380
R
P 000001FBE42ACE88
P 000001FBE42A9E58
C 9
R
P 000001FBE42ACE88
C 380
R
P 000001FBE42ACE88
P 000001FBE42AA598
P 000001FBE42A9E58
C 58
= 000001FBE5C00098
R
P 000001FBE42ACE88
C 380
R
P 000001FBE42ACE88
P 000001FBE5C00098
C 294
R
P 000001FBE42ACE88
C 380
R
P 000001FBE42ACE88
P 000001FBE5C00098
C 9
R
P 000001FBE42ACE88
C 380
R
P 000001FBE42ACE88
U 2
P 000001FBE5C00060
P 000001FBE5C00098
p 2
C 65
= 000001FBE5C000D0
R
P 000001FBE42ACE88
C 380
R
P 000001FBE42ACE88
P 000001FBE5C000D0
C 294
R
P 000001FBE42ACE88
C 380
R
P 000001FBE42ACE88
P 000001FBE5C000D0
C 9
R
P 000001FBE42ACE88
C 380
R
P 000001FBE42ACE88
I 8
P 000001FBE42A9078
C 154
= 000001FBE42AAC38
R
P 000001FBE42ACE88
C 380
R
P 000001FBE42ACE88
P 000001FBE42AAC38
C 294
R
P 000001FBE42ACE88
C 380
R
P 000001FBE42ACE88
P 000001FBE42AAC38
C 9
R
P 000001FBE42ACE88
C 380
R
P 000001FBE42ACE88
P 000001FBE42AA5D8
P 000001FBE42AAC38
C 58
= 000001FBE5C00108
R
P 000001FBE42ACE88
C 380
R
P 000001FBE42ACE88
P 000001FBE5C00108
C 294
R
P 000001FBE42ACE88
C 380
R
P 000001FBE42ACE88
P 000001FBE5C00108
C 9
R
P 000001FBE42ACE88
C 380
R
P 000001FBE42ACE88
U 2
P 000001FBE5C000D0
P 000001FBE5C00108
p 2
C 65
= 000001FBE5C00140
R
P 000001FBE42ACE88
C 380
R
P 000001FBE42ACE88
P 000001FBE5C00140
C 294
R
P 000001FBE42ACE88
C 380
R
P 000001FBE42ACE88
P 000001FBE5C00140
C 9
R
P 000001FBE42ACE88
C 380
R
P 000001FBE42ACE88
I 6
P 000001FBE42A9078
C 154
= 000001FBE42AAC58
R
P 000001FBE42ACE88
C 380
R
P 000001FBE42ACE88
P 000001FBE42AAC58
C 294
R
P 000001FBE42ACE88
C 380
R
P 000001FBE42ACE88
P 000001FBE42AAC58
C 9
R
P 000001FBE42ACE88
C 380
R
P 000001FBE42ACE88
P 000001FBE42AA618
P 000001FBE42AAC58
C 58
= 000001FBE5C00178
R
P 000001FBE42ACE88
C 380
R
P 000001FBE42ACE88
P 000001FBE5C00178
C 294
R
P 000001FBE42ACE88
C 380
R
P 000001FBE42ACE88
P 000001FBE5C00178
C 9
R
P 000001FBE42ACE88
C 380
R
P 000001FBE42ACE88
U 2
P 000001FBE5C00140
P 000001FBE5C00178
p 2
C 65
= 000001FBE5C001B0
R
P 000001FBE42ACE88
C 380
R
P 000001FBE42ACE88
P 000001FBE5C001B0
C 294
R
P 000001FBE42ACE88
C 380
R
P 000001FBE42ACE88
P 000001FBE5C001B0
C 9
R
P 000001FBE42ACE88
C 380
R
P 000001FBE42ACE88
I 2
P 000001FBE42A9078
C 154
= 000001FBE42A9E58
R
P 000001FBE42ACE88
C 380
R
P 000001FBE42ACE88
P 000001FBE42A9E58
C 294
R
P 000001FBE42ACE88
C 380
R
P 000001FBE42ACE88
P 000001FBE42A9E58
C 9
R
P 000001FBE42ACE88
C 380
R
P 000001FBE42ACE88
P 000001FBE42AA658
P 000001FBE42A9E58
C 58
= 000001FBE5C001E8
R
P 000001FBE42ACE88
C 380
R
P 000001FBE42ACE88
P 000001FBE5C001E8
C 294
R
P 000001FBE42ACE88
C 380
R
P 000001FBE42ACE88
P 000001FBE5C001E8
C 9
R
P 000001FBE42ACE88
C 380
R
P 000001FBE42ACE88
U 2
P 000001FBE5C001B0
P 000001FBE5C001E8
p 2
C 65
= 000001FBE5C00220
R
P 000001FBE42ACE88
C 380
R
P 000001FBE42ACE88
P 000001FBE5C00220
C 294
R
P 000001FBE42ACE88
C 380
R
P 000001FBE42ACE88
P 000001FBE5C00220
C 9
R
P 000001FBE42ACE88
C 380
R
P 000001FBE42ACE88
I 1
P 000001FBE42A9078
C 154
= 000001FBE42A9BD8
R
P 000001FBE42ACE88
C 380
R
P 000001FBE42ACE88
P 000001FBE42A9BD8
C 294
R
P 000001FBE42ACE88
C 380
R
P 000001FBE42ACE88
P 000001FBE42A9BD8
C 9
R
P 000001FBE42ACE88
C 380
R
P 000001FBE42ACE88
P 000001FBE42AA698
P 000001FBE42A9BD8
C 58
= 000001FBE5C00258
R
P 000001FBE42ACE88
C 380
R
P 000001FBE42ACE88
P 000001FBE5C00258
C 294
R
P 000001FBE42ACE88
C 380
R
P 000001FBE42ACE88
P 000001FBE5C00258
C 9
R
P 000001FBE42ACE88
C 380
R
P 000001FBE42ACE88
U 2
P 000001FBE5C00220
P 000001FBE5C00258
p 2
C 65
= 000001FBE5C00290
R
P 000001FBE42ACE88
C 380
R
P 000001FBE42ACE88
P 000001FBE5C00290
C 294
R
P 000001FBE42ACE88
C 380
R
P 000001FBE42ACE88
P 000001FBE5C00290
C 9
R
P 000001FBE42ACE88
C 380
R
P 000001FBE42ACE88
I 5
P 000001FBE42A9078
C 154
= 000001FBE42AABF8
R
P 000001FBE42ACE88
C 380
R
P 000001FBE42ACE88
P 000001FBE42AABF8
C 294
R
P 000001FBE42ACE88
C 380
R
P 000001FBE42ACE88
P 000001FBE42AABF8
C 9
R
P 000001FBE42ACE88
C 380
R
P 000001FBE42ACE88
P 000001FBE42AA6D8
P 000001FBE42AABF8
C 58
= 000001FBE5C002C8
R
P 000001FBE42ACE88
C 380
R
P 000001FBE42ACE88
P 000001FBE5C002C8
C 294
R
P 000001FBE42ACE88
C 380
R
P 000001FBE42ACE88
P 000001FBE5C002C8
C 9
R
P 000001FBE42ACE88
C 380
R
P 000001FBE42ACE88
U 2
P 000001FBE5C00290
P 000001FBE5C002C8
p 2
C 65
= 000001FBE5C00300
R
P 000001FBE42ACE88
C 380
R
P 000001FBE42ACE88
P 000001FBE5C00300
C 294
R
P 000001FBE42ACE88
C 380
R
P 000001FBE42ACE88
P 000001FBE5C00300
C 9
R
P 000001FBE42ACE88
C 380
R
P 000001FBE42ACE88
I 1
P 000001FBE42A9078
C 154
= 000001FBE42A9BD8
R
P 000001FBE42ACE88
C 380
R
P 000001FBE42ACE88
P 000001FBE42A9BD8
C 294
R
P 000001FBE42ACE88
C 380
R
P 000001FBE42ACE88
P 000001FBE42A9BD8
C 9
R
P 000001FBE42ACE88
C 380
R
P 000001FBE42ACE88
P 000001FBE42AA718
P 000001FBE42A9BD8
C 58
= 000001FBE5C00338
R
P 000001FBE42ACE88
C 380
R
P 000001FBE42ACE88
P 000001FBE5C00338
C 294
R
P 000001FBE42ACE88
C 380
R
P 000001FBE42ACE88
P 000001FBE5C00338
C 9
R
P 000001FBE42ACE88
C 380
R
P 000001FBE42ACE88
U 2
P 000001FBE5C00300
P 000001FBE5C00338
p 2
C 65
= 000001FBE5C00370
R
P 000001FBE42ACE88
C 380
R
P 000001FBE42ACE88
P 000001FBE5C00370
C 294
R
P 000001FBE42ACE88
C 380
R
P 000001FBE42ACE88
P 000001FBE5C00370
C 9
R
P 000001FBE42ACE88
C 380
R
P 000001FBE42ACE88
I 2
P 000001FBE42A9078
C 154
= 000001FBE42A9E58
R
P 000001FBE42ACE88
C 380
R
P 000001FBE42ACE88
P 000001FBE42A9E58
C 294
R
P 000001FBE42ACE88
C 380
R
P 000001FBE42ACE88
P 000001FBE42A9E58
C 9
R
P 000001FBE42ACE88
C 380
R
P 000001FBE42ACE88
P 000001FBE42AA758
P 000001FBE42A9E58
C 58
= 000001FBE5C003A8
R
P 000001FBE42ACE88
C 380
R
P 000001FBE42ACE88
P 000001FBE5C003A8
C 294
R
P 000001FBE42ACE88
C 380
R
P 000001FBE42ACE88
P 000001FBE5C003A8
C 9
R
P 000001FBE42ACE88
C 380
R
P 000001FBE42ACE88
U 2
P 000001FBE5C00370
P 000001FBE5C003A8
p 2
C 65
= 000001FBE5C003E0
R
P 000001FBE42ACE88
C 380
R
P 000001FBE42ACE88
P 000001FBE5C003E0
C 294
R
P 000001FBE42ACE88
C 380
R
P 000001FBE42ACE88
P 000001FBE5C003E0
C 9
R
P 000001FBE42ACE88
C 380
R
P 000001FBE42ACE88
I 7
P 000001FBE42A9078
C 154
= 000001FBE42AAC18
R
P 000001FBE42ACE88
C 380
R
P 000001FBE42ACE88
P 000001FBE42AAC18
C 294
R
P 000001FBE42ACE88
C 380
R
P 000001FBE42ACE88
P 000001FBE42AAC18
C 9
R
P 000001FBE42ACE88
C 380
R
P 000001FBE42ACE88
P 000001FBE42AA858
P 000001FBE42AAC18
C 58
= 000001FBE5C00418
R
P 000001FBE42ACE88
C 380
R
P 000001FBE42ACE88
P 000001FBE5C00418
C 294
R
P 000001FBE42ACE88
C 380
R
P 000001FBE42ACE88
P 000001FBE5C00418
C 9
R
P 000001FBE42ACE88
C 380
R
P 000001FBE42ACE88
U 2
P 000001FBE5C003E0
P 000001FBE5C00418
p 2
C 65
= 000001FBE5C00450
R
P 000001FBE42ACE88
C 380
R
P 000001FBE42ACE88
P 000001FBE5C00450
C 294
R
P 000001FBE42ACE88
C 380
R
P 000001FBE42ACE88
P 000001FBE5C00450
C 9
R
P 000001FBE42ACE88
C 380
R
P 000001FBE42ACE88
I 5
P 000001FBE42A9078
C 154
= 000001FBE42AABF8
R
P 000001FBE42ACE88
C 380
R
P 000001FBE42ACE88
P 000001FBE42AABF8
C 294
R
P 000001FBE42ACE88
C 380
R
P 000001FBE42ACE88
P 000001FBE42AABF8
C 9
R
P 000001FBE42ACE88
C 380
R
P 000001FBE42ACE88
P 000001FBE42AA8F8
P 000001FBE42AABF8
C 58
= 000001FBE5C00488
R
P 000001FBE42ACE88
C 380
R
P 000001FBE42ACE88
P 000001FBE5C00488
C 294
R
P 000001FBE42ACE88
C 380
R
P 000001FBE42ACE88
P 000001FBE5C00488
C 9
R
P 000001FBE42ACE88
C 380
R
P 000001FBE42ACE88
U 2
P 000001FBE5C00450
P 000001FBE5C00488
p 2
C 65
= 000001FBE5C004C0
R
P 000001FBE42ACE88
C 380
R
P 000001FBE42ACE88
P 000001FBE5C004C0
C 294
R
P 000001FBE42ACE88
C 380
R
P 000001FBE42ACE88
P 000001FBE5C004C0
C 9
R
P 000001FBE42ACE88
C 380
R
P 000001FBE42ACE88
I 2
P 000001FBE42A9078
C 154
= 000001FBE42A9E58
R
P 000001FBE42ACE88
C 380
R
P 000001FBE42ACE88
P 000001FBE42A9E58
C 294
R
P 000001FBE42ACE88
C 380
R
P 000001FBE42ACE88
P 000001FBE42A9E58
C 9
R
P 000001FBE42ACE88
C 380
R
P 000001FBE42ACE88
P 000001FBE42AA918
P 000001FBE42A9E58
C 58
= 000001FBE5C004F8
R
P 000001FBE42ACE88
C 380
R
P 000001FBE42ACE88
P 000001FBE5C004F8
C 294
R
P 000001FBE42ACE88
C 380
R
P 000001FBE42ACE88
P 000001FBE5C004F8
C 9
R
P 000001FBE42ACE88
C 380
R
P 000001FBE42ACE88
U 2
P 000001FBE5C004C0
P 000001FBE5C004F8
p 2
C 65
= 000001FBE5C00530
R
P 000001FBE42ACE88
C 380
R
P 000001FBE42ACE88
P 000001FBE5C00530
C 294
R
P 000001FBE42ACE88
C 380
R
P 000001FBE42ACE88
P 000001FBE5C00530
C 9
R
P 000001FBE42ACE88
C 380
R
P 000001FBE42ACE88
I 9
P 000001FBE42A9078
C 154
= 000001FBE42AAB98
R
P 000001FBE42ACE88
C 380
R
P 000001FBE42ACE88
P 000001FBE42AAB98
C 294
R
P 000001FBE42ACE88
C 380
R
P 000001FBE42ACE88
P 000001FBE42AAB98
C 9
R
P 000001FBE42ACE88
C 380
R
P 000001FBE42ACE88
P 000001FBE42AA958
P 000001FBE42AAB98
C 58
= 000001FBE5C00568
R
P 000001FBE42ACE88
C 380
R
P 000001FBE42ACE88
P 000001FBE5C00568
C 294
R
P 000001FBE42ACE88
C 380
R
P 000001FBE42ACE88
P 000001FBE5C00568
C 9
R
P 000001FBE42ACE88
C 380
R
P 000001FBE42ACE88
U 2
P 000001FBE5C00530
P 000001FBE5C00568
p 2
C 65
= 000001FBE5C005A0
R
P 000001FBE42ACE88
C 380
R
P 000001FBE42ACE88
P 000001FBE5C005A0
C 294
R
P 000001FBE42ACE88
C 380
R
P 000001FBE42ACE88
P 000001FBE5C005A0
C 9
R
P 000001FBE42ACE88
C 380
R
P 000001FBE42ACE88
I 6
P 000001FBE42A9078
C 154
= 000001FBE42AAC58
R
P 000001FBE42ACE88
C 380
R
P 000001FBE42ACE88
P 000001FBE42AAC58
C 294
R
P 000001FBE42ACE88
C 380
R
P 000001FBE42ACE88
P 000001FBE42AAC58
C 9
R
P 000001FBE42ACE88
C 380
R
P 000001FBE42ACE88
P 000001FBE42AA9D8
P 000001FBE42AAC58
C 58
= 000001FBE5C005D8
R
P 000001FBE42ACE88
C 380
R
P 000001FBE42ACE88
P 000001FBE5C005D8
C 294
R
P 000001FBE42ACE88
C 380
R
P 000001FBE42ACE88
P 000001FBE5C005D8
C 9
R
P 000001FBE42ACE88
C 380
R
P 000001FBE42ACE88
U 2
P 000001FBE5C005A0
P 000001FBE5C005D8
p 2
C 65
= 000001FBE5C00610
R
P 000001FBE42ACE88
C 380
R
P 000001FBE42ACE88
P 000001FBE5C00610
C 294
R
P 000001FBE42ACE88
C 380
R
P 000001FBE42ACE88
P 000001FBE5C00610
C 9
R
P 000001FBE42ACE88
C 380
R
P 000001FBE42ACE88
I 5
P 000001FBE42A9078
C 154
= 000001FBE42AABF8
R
P 000001FBE42ACE88
C 380
R
P 000001FBE42ACE88
P 000001FBE42AABF8
C 294
R
P 000001FBE42ACE88
C 380
R
P 000001FBE42ACE88
P 000001FBE42AABF8
C 9
R
P 000001FBE42ACE88
C 380
R
P 000001FBE42ACE88
P 000001FBE42AA9F8
P 000001FBE42AABF8
C 58
= 000001FBE5C00648
R
P 000001FBE42ACE88
C 380
R
P 000001FBE42ACE88
P 000001FBE5C00648
C 294
R
P 000001FBE42ACE88
C 380
R
P 000001FBE42ACE88
P 000001FBE5C00648
C 9
R
P 000001FBE42ACE88
C 380
R
P 000001FBE42ACE88
U 2
P 000001FBE5C00610
P 000001FBE5C00648
p 2
C 65
= 000001FBE5C00680
R
P 000001FBE42ACE88
C 380
R
P 000001FBE42ACE88
P 000001FBE5C00680
C 294
R
P 000001FBE42ACE88
C 380
R
P 000001FBE42ACE88
P 000001FBE5C00680
C 9
R
P 000001FBE42ACE88
C 380
R
P 000001FBE42ACE88
I 4
P 000001FBE42A9078
C 154
= 000001FBE42AABB8
R
P 000001FBE42ACE88
C 380
R
P 000001FBE42ACE88
P 000001FBE42AABB8
C 294
R
P 000001FBE42ACE88
C 380
R
P 000001FBE42ACE88
P 000001FBE42AABB8
C 9
R
P 000001FBE42ACE88
C 380
R
P 000001FBE42ACE88
P 000001FBE42AAA98
P 000001FBE42AABB8
C 58
= 000001FBE5C006B8
R
P 000001FBE42ACE88
C 380
R
P 000001FBE42ACE88
P 000001FBE5C006B8
C 294
R
P 000001FBE42ACE88
C 380
R
P 000001FBE42ACE88
P 000001FBE5C006B8
C 9
R
P 000001FBE42ACE88
C 380
R
P 000001FBE42ACE88
U 2
P 000001FBE5C00680
P 000001FBE5C006B8
p 2
C 65
= 000001FBE5C006F0
R
P 000001FBE42ACE88
C 380
R
P 000001FBE42ACE88
P 000001FBE5C006F0
C 294
R
P 000001FBE42ACE88
C 380
R
P 000001FBE42ACE88
P 000001FBE5C006F0
C 9
R
P 000001FBE42ACE88
C 380
R
P 000001FBE42ACE88
I 9
P 000001FBE42A9078
C 154
= 000001FBE42AAB98
R
P 000001FBE42ACE88
C 380
R
P 000001FBE42ACE88
P 000001FBE42AAB98
C 294
R
P 000001FBE42ACE88
C 380
R
P 000001FBE42ACE88
P 000001FBE42AAB98
C 9
R
P 000001FBE42ACE88
C 380
R
P 000001FBE42ACE88
P 000001FBE42AAAD8
P 000001FBE42AAB98
C 58
= 000001FBE5C00728
R
P 000001FBE42ACE88
C 380
R
P 000001FBE42ACE88
P 000001FBE5C00728
C 294
R
P 000001FBE42ACE88
C 380
R
P 000001FBE42ACE88
P 000001FBE5C00728
C 9
R
P 000001FBE42ACE88
C 380
R
P 000001FBE42ACE88
U 2
P 000001FBE5C006F0
P 000001FBE5C00728
p 2
C 65
= 000001FBE5C00760
R
P 000001FBE42ACE88
C 380
R
P 000001FBE42ACE88
P 000001FBE5C00760
C 294
R
P 000001FBE42ACE88
C 380
R
P 000001FBE42ACE88
P 000001FBE5C00760
C 9
R
P 000001FBE42ACE88
C 380
R
P 000001FBE42ACE88
I 7
P 000001FBE42A9078
C 154
= 000001FBE42AAC18
R
P 000001FBE42ACE88
C 380
R
P 000001FBE42ACE88
P 000001FBE42AAC18
C 294
R
P 000001FBE42ACE88
C 380
R
P 000001FBE42ACE88
P 000001FBE42AAC18
C 9
R
P 000001FBE42ACE88
C 380
R
P 000001FBE42ACE88
P 000001FBE42AAAF8
P 000001FBE42AAC18
C 58
= 000001FBE5C00798
R
P 000001FBE42ACE88
C 380
R
P 000001FBE42ACE88
P 000001FBE5C00798
C 294
R
P 000001FBE42ACE88
C 380
R
P 000001FBE42ACE88
P 000001FBE5C00798
C 9
R
P 000001FBE42ACE88
C 380
R
P 000001FBE42ACE88
U 2
P 000001FBE5C00760
P 000001FBE5C00798
p 2
C 65
= 000001FBE5C007D0
R
P 000001FBE42ACE88
C 380
R
P 000001FBE42ACE88
P 000001FBE5C007D0
C 294
R
P 000001FBE42ACE88
C 380
R
P 000001FBE42ACE88
P 000001FBE5C007D0
C 9
R
P 000001FBE42ACE88
C 380
R
P 000001FBE42ACE88
C 450
= 000001FBE5B70D58
R
P 000001FBE42ACE88
C 380
R
P 000001FBE42ACE88
P 000001FBE5B70D58
C 459
R
P 000001FBE42ACE88
C 380
R
P 000001FBE42ACE88
P 000001FBE5B70D58
P 000001FBE5BFFC70
C 466
R
P 000001FBE42ACE88
C 380
R
P 000001FBE42ACE88
P 000001FBE5B70D58
P 000001FBE5C007D0
C 466
R
P 000001FBE42ACE88
C 380
R
P 000001FBE42ACE88
P 000001FBE5B70D58
C 479
R
P 000001FBE42ACE88
C 380
R
P 000001FBE42ACE88
P 000001FBE5B70D58
C 484
= 000001FBE5FC5BA8
R
P 000001FBE42ACE88
C 380
R
P 000001FBE42ACE88
P 000001FBE5FC5BA8
C 338
R
P 000001FBE42ACE88
C 380
R
P 000001FBE42ACE88
P 000001FBE5FC5BA8
P 000001FBE42AA178
I 0
P 0000000000000000
C 340
* 000001FBE42AAC18 4
R
P 000001FBE42ACE88
C 380
R
P 000001FBE42ACE88
P 000001FBE42AAC18
C 293
R
P 000001FBE42ACE88
C 380
R
P 000001FBE42ACE88
P 000001FBE42AAC18
C 290
= 000001FBE42A9078
R
P 000001FBE42ACE88
C 380
R
P 000001FBE42ACE88
P 000001FBE42A9078
C 244
R
P 000001FBE42ACE88
C 380
R
P 000001FBE42ACE88
P 000001FBE42AAC18
C 296
R
P 000001FBE42ACE88
C 380
R
P 000001FBE42ACE88
P 000001FBE42AAC18
C 295
R
P 000001FBE42ACE88
C 380
R
P 000001FBE42ACE88
P 000001FBE42AAC18
C 294
R
P 000001FBE42ACE88
C 380
R
P 000001FBE42ACE88
P 000001FBE42AAC18
C 9
R
P 000001FBE42ACE88
C 380
R
P 000001FBE42ACE88
P 000001FBE5FC5BA8
P 000001FBE42AA198
I 0
P 0000000000000000
C 340
* 000001FBE42A9BD8 4
R
P 000001FBE42ACE88
C 380
R
P 000001FBE42ACE88
P 000001FBE42A9BD8
C 293
R
P 000001FBE42ACE88
C 380
R
P 000001FBE42ACE88
P 000001FBE42A9BD8
C 290
= 000001FBE42A9078
R
P 000001FBE42ACE88
C 380
R
P 000001FBE42ACE88
P 000001FBE42A9078
C 244
R
P 000001FBE42ACE88
C 380
R
P 000001FBE42ACE88
P 000001FBE42A9BD8
C 296
R
P 000001FBE42ACE88
C 380
R
P 000001FBE42ACE88
P 000001FBE42A9BD8
C 295
R
P 000001FBE42ACE88
C 380
R
P 000001FBE42ACE88
P 000001FBE42A9BD8
C 294
R
P 000001FBE42ACE88
C 380
R
P 000001FBE42ACE88
P 000001FBE42A9BD8
C 9
R
P 000001FBE42ACE88
C 380
R
P 000001FBE42ACE88
P 000001FBE5FC5BA8
P 000001FBE42AA1B8
I 0
P 0000000000000000
C 340
* 000001FBE42AABF8 4
R
P 000001FBE42ACE88
C 380
R
P 000001FBE42ACE88
P 000001FBE42AABF8
C 293
R
P 000001FBE42ACE88
C 380
R
P 000001FBE42ACE88
P 000001FBE42AABF8
C 290
= 000001FBE42A9078
R
P 000001FBE42ACE88
C 380
R
P 000001FBE42ACE88
P 000001FBE42A9078
C 244
R
P 000001FBE42ACE88
C 380
R
P 000001FBE42ACE88
P 000001FBE42AABF8
C 296
R
P 000001FBE42ACE88
C 380
R
P 000001FBE42ACE88
P 000001FBE42AABF8
C 295
R
P 000001FBE42ACE88
C 380
R
P 000001FBE42ACE88
P 000001FBE42AABF8
C 294
R
P 000001FBE42ACE88
C 380
R
P 000001FBE42ACE88
P 000001FBE42AABF8
C 9
R
P 000001FBE42ACE88
C 380
R
P 000001FBE42ACE88
P 000001FBE5FC5BA8
P 000001FBE42AA1D8
I 0
P 0000000000000000
C 340
* 000001FBE42AAC38 4
R
P 000001FBE42ACE88
C 380
R
P 000001FBE42ACE88
P 000001FBE42AAC38
C 293
R
P 000001FBE42ACE88
C 380
R
P 000001FBE42ACE88
P 000001FBE42AAC38
C 290
= 000001FBE42A9078
R
P 000001FBE42ACE88
C 380
R
P 000001FBE42ACE88
P 000001FBE42A9078
C 244
R
P 000001FBE42ACE88
C 380
R
P 000001FBE42ACE88
P 000001FBE42AAC38
C 296
R
P 000001FBE42ACE88
C 380
R
P 000001FBE42ACE88
P 000001FBE42AAC38
C 295
R
P 000001FBE42ACE88
C 380
R
P 000001FBE42ACE88
P 000001FBE42AAC38
C 294
R
P 000001FBE42ACE88
C 380
R
P 000001FBE42ACE88
P 000001FBE42AAC38
C 9
R
P 000001FBE42ACE88
C 380
R
P 000001FBE42ACE88
P 000001FBE5FC5BA8
P 000001FBE42AA1F8
I 0
P 0000000000000000
C 340
* 000001FBE42AAB98 4
R
P 000001FBE42ACE88
C 380
R
P 000001FBE42ACE88
P 000001FBE42AAB98
C 293
R
P 000001FBE42ACE88
C 380
R
P 000001FBE42ACE88
P 000001FBE42AAB98
C 290
= 000001FBE42A9078
R
P 000001FBE42ACE88
C 380
R
P 000001FBE42ACE88
P 000001FBE42A9078
C 244
R
P 000001FBE42ACE88
C 380
R
P 000001FBE42ACE88
P 000001FBE42AAB98
C 296
R
P 000001FBE42ACE88
C 380
R
P 000001FBE42ACE88
P 000001FBE42AAB98
C 295
R
P 000001FBE42ACE88
C 380
R
P 000001FBE42ACE88
P 000001FBE42AAB98
C 294
R
P 000001FBE42ACE88
C 380
R
P 000001FBE42ACE88
P 000001FBE42AAB98
C 9
R
P 000001FBE42ACE88
C 380
R
P 000001FBE42ACE88
P 000001FBE5FC5BA8
P 000001FBE42AA218
I 0
P 0000000000000000
C 340
* 000001FBE42AABB8 4
R
P 000001FBE42ACE88
C 380
R
P 000001FBE42ACE88
P 000001FBE42AABB8
C 293
R
P 000001FBE42ACE88
C 380
R
P 000001FBE42ACE88
P 000001FBE42AABB8
C 290
= 000001FBE42A9078
R
P 000001FBE42ACE88
C 380
R
P 000001FBE42ACE88
P 000001FBE42A9078
C 244
R
P 000001FBE42ACE88
C 380
R
P 000001FBE42ACE88
P 000001FBE42AABB8
C 296
R
P 000001FBE42ACE88
C 380
R
P 000001FBE42ACE88
P 000001FBE42AABB8
C 295
R
P 000001FBE42ACE88
C 380
R
P 000001FBE42ACE88
P 000001FBE42AABB8
C 294
R
P 000001FBE42ACE88
C 380
R
P 000001FBE42ACE88
P 000001FBE42AABB8
C 9
R
P 000001FBE42ACE88
C 380
R
P 000001FBE42ACE88
P 000001FBE5FC5BA8
P 000001FBE42AA238
I 0
P 0000000000000000
C 340
* 000001FBE42AAC58 4
R
P 000001FBE42ACE88
C 380
R
P 000001FBE42ACE88
P 000001FBE42AAC58
C 293
R
P 000001FBE42ACE88
C 380
R
P 000001FBE42ACE88
P 000001FBE42AAC58
C 290
= 000001FBE42A9078
R
P 000001FBE42ACE88
C 380
R
P 000001FBE42ACE88
P 000001FBE42A9078
C 244
R
P 000001FBE42ACE88
C 380
R
P 000001FBE42ACE88
P 000001FBE42AAC58
C 296
R
P 000001FBE42ACE88
C 380
R
P 000001FBE42ACE88
P 000001FBE42AAC58
C 295
R
P 000001FBE42ACE88
C 380
R
P 000001FBE42ACE88
P 000001FBE42AAC58
C 294
R
P 000001FBE42ACE88
C 380
R
P 000001FBE42ACE88
P 000001FBE42AAC58
C 9
R
P 000001FBE42ACE88
C 380
R
P 000001FBE42ACE88
P 000001FBE5FC5BA8
P 000001FBE42AA258
I 0
P 0000000000000000
C 340
* 000001FBE42AABD8 4
R
P 000001FBE42ACE88
C 380
R
P 000001FBE42ACE88
P 000001FBE42AABD8
C 293
R
P 000001FBE42ACE88
C 380
R
P 000001FBE42ACE88
P 000001FBE42AABD8
C 290
= 000001FBE42A9078
R
P 000001FBE42ACE88
C 380
R
P 000001FBE42ACE88
P 000001FBE42A9078
C 244
R
P 000001FBE42ACE88
C 380
R
P 000001FBE42ACE88
P 000001FBE42AABD8
C 296
R
P 000001FBE42ACE88
C 380
R
P 000001FBE42ACE88
P 000001FBE42AABD8
C 295
R
P 000001FBE42ACE88
C 380
R
P 000001FBE42ACE88
P 000001FBE42AABD8
C 294
R
P 000001FBE42ACE88
C 380
R
P 000001FBE42ACE88
P 000001FBE42AABD8
C 9
R
P 000001FBE42ACE88
C 380
R
P 000001FBE42ACE88
P 000001FBE5FC5BA8
P 000001FBE42AA278
I 0
P 0000000000000000
C 340
* 000001FBE42A9E58 4
R
P 000001FBE42ACE88
C 380
R
P 000001FBE42ACE88
P 000001FBE42A9E58
C 293
R
P 000001FBE42ACE88
C 380
R
P 000001FBE42ACE88
P 000001FBE42A9E58
C 290
= 000001FBE42A9078
R
P 000001FBE42ACE88
C 380
R
P 000001FBE42ACE88
P 000001FBE42A9078
C 244
R
P 000001FBE42ACE88
C 380
R
P 000001FBE42ACE88
P 000001FBE42A9E58
C 296
R
P 000001FBE42ACE88
C 380
R
P 000001FBE42ACE88
P 000001FBE42A9E58
C 295
R
P 000001FBE42ACE88
C 380
R
P 000001FBE42ACE88
P 000001FBE42A9E58
C 294
R
P 000001FBE42ACE88
C 380
R
P 000001FBE42ACE88
P 000001FBE42A9E58
C 9
R
P 000001FBE42ACE88
C 380
R
P 000001FBE42ACE88
P 000001FBE5FC5BA8
P 000001FBE42AA298
I 0
P 0000000000000000
C 340
* 000001FBE42A9E58 4
R
P 000001FBE42ACE88
C 380
R
P 000001FBE42ACE88
P 000001FBE42A9E58
C 293
R
P 000001FBE42ACE88
C 380
R
P 000001FBE42ACE88
P 000001FBE42A9E58
C 290
= 000001FBE42A9078
R
P 000001FBE42ACE88
C 380
R
P 000001FBE42ACE88
P 000001FBE42A9078
C 244
R
P 000001FBE42ACE88
C 380
R
P 000001FBE42ACE88
P 000001FBE42A9E58
C 296
R
P 000001FBE42ACE88
C 380
R
P 000001FBE42ACE88
P 000001FBE42A9E58
C 295
R
P 000001FBE42ACE88
C 380
R
P 000001FBE42ACE88
P 000001FBE42A9E58
C 294
R
P 000001FBE42ACE88
C 380
R
P 000001FBE42ACE88
P 000001FBE42A9E58
C 9
R
P 000001FBE42ACE88
C 380
R
P 000001FBE42ACE88
P 000001FBE5FC5BA8
P 000001FBE42AA2B8
I 0
P 0000000000000000
C 340
* 000001FBE42AABD8 4
R
P 000001FBE42ACE88
C 380
R
P 000001FBE42ACE88
P 000001FBE42AABD8
C 293
R
P 000001FBE42ACE88
C 380
R
P 000001FBE42ACE88
P 000001FBE42AABD8
C 290
= 000001FBE42A9078
R
P 000001FBE42ACE88
C 380
R
P 000001FBE42ACE88
P 000001FBE42A9078
C 244
R
P 000001FBE42ACE88
C 380
R
P 000001FBE42ACE88
P 000001FBE42AABD8
C 296
R
P 000001FBE42ACE88
C 380
R
P 000001FBE42ACE88
P 000001FBE42AABD8
C 295
R
P 000001FBE42ACE88
C 380
R
P 000001FBE42ACE88
P 000001FBE42AABD8
C 294
R
P 000001FBE42ACE88
C 380
R
P 000001FBE42ACE88
P 000001FBE42AABD8
C 9
R
P 000001FBE42ACE88
C 380
R
P 000001FBE42ACE88
P 000001FBE5FC5BA8
P 000001FBE42AA2D8
I 0
P 0000000000000000
C 340
* 000001FBE42AABB8 4
R
P 000001FBE42ACE88
C 380
R
P 000001FBE42ACE88
P 000001FBE42AABB8
C 293
R
P 000001FBE42ACE88
C 380
R
P 000001FBE42ACE88
P 000001FBE42AABB8
C 290
= 000001FBE42A9078
R
P 000001FBE42ACE88
C 380
R
P 000001FBE42ACE88
P 000001FBE42A9078
C 244
R
P 000001FBE42ACE88
C 380
R
P 000001FBE42ACE88
P 000001FBE42AABB8
C 296
R
P 000001FBE42ACE88
C 380
R
P 000001FBE42ACE88
P 000001FBE42AABB8
C 295
R
P 000001FBE42ACE88
C 380
R
P 000001FBE42ACE88
P 000001FBE42AABB8
C 294
R
P 000001FBE42ACE88
C 380
R
P 000001FBE42ACE88
P 000001FBE42AABB8
C 9
R
P 000001FBE42ACE88
C 380
R
P 000001FBE42ACE88
P 000001FBE5FC5BA8
P 000001FBE42AA2F8
I 0
P 0000000000000000
C 340
* 000001FBE42AABF8 4
R
P 000001FBE42ACE88
C 380
R
P 000001FBE42ACE88
P 000001FBE42AABF8
C 293
R
P 000001FBE42ACE88
C 380
R
P 000001FBE42ACE88
P 000001FBE42AABF8
C 290
= 000001FBE42A9078
R
P 000001FBE42ACE88
C 380
R
P 000001FBE42ACE88
P 000001FBE42A9078
C 244
R
P 000001FBE42ACE88
C 380
R
P 000001FBE42ACE88
P 000001FBE42AABF8
C 296
R
P 000001FBE42ACE88
C 380
R
P 000001FBE42ACE88
P 000001FBE42AABF8
C 295
R
P 000001FBE42ACE88
C 380
R
P 000001FBE42ACE88
P 000001FBE42AABF8
C 294
R
P 000001FBE42ACE88
C 380
R
P 000001FBE42ACE88
P 000001FBE42AABF8
C 9
R
P 000001FBE42ACE88
C 380
R
P 000001FBE42ACE88
P 000001FBE5FC5BA8
P 000001FBE42AA318
I 0
P 0000000000000000
C 340
* 000001FBE42A9BD8 4
R
P 000001FBE42ACE88
C 380
R
P 000001FBE42ACE88
P 000001FBE42A9BD8
C 293
R
P 000001FBE42ACE88
C 380
R
P 000001FBE42ACE88
P 000001FBE42A9BD8
C 290
= 000001FBE42A9078
R
P 000001FBE42ACE88
C 380
R
P 000001FBE42ACE88
P 000001FBE42A9078
C 244
R
P 000001FBE42ACE88
C 380
R
P 000001FBE42ACE88
P 000001FBE42A9BD8
C 296
R
P 000001FBE42ACE88
C 380
R
P 000001FBE42ACE88
P 000001FBE42A9BD8
C 295
R
P 000001FBE42ACE88
C 380
R
P 000001FBE42ACE88
P 000001FBE42A9BD8
C 294
R
P 000001FBE42ACE88
C 380
R
P 000001FBE42ACE88
P 000001FBE42A9BD8
C 9
R
P 000001FBE42ACE88
C 380
R
P 000001FBE42ACE88
P 000001FBE5FC5BA8
P 000001FBE42AA338
I 0
P 0000000000000000
C 340
* 000001FBE42AAC58 4
R
P 000001FBE42ACE88
C 380
R
P 000001FBE42ACE88
P 000001FBE42AAC58
C 293
R
P 000001FBE42ACE88
C 380
R
P 000001FBE42ACE88
P 000001FBE42AAC58
C 290
= 000001FBE42A9078
R
P 000001FBE42ACE88
C 380
R
P 000001FBE42ACE88
P 000001FBE42A9078
C 244
R
P 000001FBE42ACE88
C 380
R
P 000001FBE42ACE88
P 000001FBE42AAC58
C 296
R
P 000001FBE42ACE88
C 380
R
P 000001FBE42ACE88
P 000001FBE42AAC58
C 295
R
P 000001FBE42ACE88
C 380
R
P 000001FBE42ACE88
P 000001FBE42AAC58
C 294
R
P 000001FBE42ACE88
C 380
R
P 000001FBE42ACE88
P 000001FBE42AAC58
C 9
R
P 000001FBE42ACE88
C 380
R
P 000001FBE42ACE88
P 000001FBE5FC5BA8
P 000001FBE42AA358
I 0
P 0000000000000000
C 340
* 000001FBE42AAC38 4
R
P 000001FBE42ACE88
C 380
R
P 000001FBE42ACE88
P 000001FBE42AAC38
C 293
R
P 000001FBE42ACE88
C 380
R
P 000001FBE42ACE88
P 000001FBE42AAC38
C 290
= 000001FBE42A9078
R
P 000001FBE42ACE88
C 380
R
P 000001FBE42ACE88
P 000001FBE42A9078
C 244
R
P 000001FBE42ACE88
C 380
R
P 000001FBE42ACE88
P 000001FBE42AAC38
C 296
R
P 000001FBE42ACE88
C 380
R
P 000001FBE42ACE88
P 000001FBE42AAC38
C 295
R
P 000001FBE42ACE88
C 380
R
P 000001FBE42ACE88
P 000001FBE42AAC38
C 294
R
P 000001FBE42ACE88
C 380
R
P 000001FBE42ACE88
P 000001FBE42AAC38
C 9
R
P 000001FBE42ACE88
C 380
R
P 000001FBE42ACE88
P 000001FBE5FC5BA8
P 000001FBE42AA378
I 0
P 0000000000000000
C 340
* 000001FBE42AAB98 4
R
P 000001FBE42ACE88
C 380
R
P 000001FBE42ACE88
P 000001FBE42AAB98
C 293
R
P 000001FBE42ACE88
C 380
R
P 000001FBE42ACE88
P 000001FBE42AAB98
C 290
= 000001FBE42A9078
R
P 000001FBE42ACE88
C 380
R
P 000001FBE42ACE88
P 000001FBE42A9078
C 244
R
P 000001FBE42ACE88
C 380
R
P 000001FBE42ACE88
P 000001FBE42AAB98
C 296
R
P 000001FBE42ACE88
C 380
R
P 000001FBE42ACE88
P 000001FBE42AAB98
C 295
R
P 000001FBE42ACE88
C 380
R
P 000001FBE42ACE88
P 000001FBE42AAB98
C 294
R
P 000001FBE42ACE88
C 380
R
P 000001FBE42ACE88
P 000001FBE42AAB98
C 9
R
P 000001FBE42ACE88
C 380
R
P 000001FBE42ACE88
P 000001FBE5FC5BA8
P 000001FBE42AA398
I 0
P 0000000000000000
C 340
* 000001FBE42AAC18 4
R
P 000001FBE42ACE88
C 380
R
P 000001FBE42ACE88
P 000001FBE42AAC18
C 293
R
P 000001FBE42ACE88
C 380
R
P 000001FBE42ACE88
P 000001FBE42AAC18
C 290
= 000001FBE42A9078
R
P 000001FBE42ACE88
C 380
R
P 000001FBE42ACE88
P 000001FBE42A9078
C 244
R
P 000001FBE42ACE88
C 380
R
P 000001FBE42ACE88
P 000001FBE42AAC18
C 296
R
P 000001FBE42ACE88
C 380
R
P 000001FBE42ACE88
P 000001FBE42AAC18
C 295
R
P 000001FBE42ACE88
C 380
R
P 000001FBE42ACE88
P 000001FBE42AAC18
C 294
R
P 000001FBE42ACE88
C 380
R
P 000001FBE42ACE88
P 000001FBE42AAC18
C 9
R
P 000001FBE42ACE88
C 380
R
P 000001FBE42ACE88
P 000001FBE5FC5BA8
P 000001FBE42AA3B8
I 0
P 0000000000000000
C 340
* 000001FBE42AAC58 4
R
P 000001FBE42ACE88
C 380
R
P 000001FBE42ACE88
P 000001FBE42AAC58
C 293
R
P 000001FBE42ACE88
C 380
R
P 000001FBE42ACE88
P 000001FBE42AAC58
C 290
= 000001FBE42A9078
R
P 000001FBE42ACE88
C 380
R
P 000001FBE42ACE88
P 000001FBE42A9078
C 244
R
P 000001FBE42ACE88
C 380
R
P 000001FBE42ACE88
P 000001FBE42AAC58
C 296
R
P 000001FBE42ACE88
C 380
R
P 000001FBE42ACE88
P 000001FBE42AAC58
C 295
R
P 000001FBE42ACE88
C 380
R
P 000001FBE42ACE88
P 000001FBE42AAC58
C 294
R
P 000001FBE42ACE88
C 380
R
P 000001FBE42ACE88
P 000001FBE42AAC58
C 9
R
P 000001FBE42ACE88
C 380
R
P 000001FBE42ACE88
P 000001FBE5FC5BA8
P 000001FBE42AA3D8
I 0
P 0000000000000000
C 340
* 000001FBE42AAC38 4
R
P 000001FBE42ACE88
C 380
R
P 000001FBE42ACE88
P 000001FBE42AAC38
C 293
R
P 000001FBE42ACE88
C 380
R
P 000001FBE42ACE88
P 000001FBE42AAC38
C 290
= 000001FBE42A9078
R
P 000001FBE42ACE88
C 380
R
P 000001FBE42ACE88
P 000001FBE42A9078
C 244
R
P 000001FBE42ACE88
C 380
R
P 000001FBE42ACE88
P 000001FBE42AAC38
C 296
R
P 000001FBE42ACE88
C 380
R
P 000001FBE42ACE88
P 000001FBE42AAC38
C 295
R
P 000001FBE42ACE88
C 380
R
P 000001FBE42ACE88
P 000001FBE42AAC38
C 294
R
P 000001FBE42ACE88
C 380
R
P 000001FBE42ACE88
P 000001FBE42AAC38
C 9
R
P 000001FBE42ACE88
C 380
R
P 000001FBE42ACE88
P 000001FBE5FC5BA8
P 000001FBE42AA3F8
I 0
P 0000000000000000
C 340
* 000001FBE42AAB98 4
R
P 000001FBE42ACE88
C 380
R
P 000001FBE42ACE88
P 000001FBE42AAB98
C 293
R
P 000001FBE42ACE88
C 380
R
P 000001FBE42ACE88
P 000001FBE42AAB98
C 290
= 000001FBE42A9078
R
P 000001FBE42ACE88
C 380
R
P 000001FBE42ACE88
P 000001FBE42A9078
C 244
R
P 000001FBE42ACE88
C 380
R
P 000001FBE42ACE88
P 000001FBE42AAB98
C 296
R
P 000001FBE42ACE88
C 380
R
P 000001FBE42ACE88
P 000001FBE42AAB98
C 295
R
P 000001FBE42ACE88
C 380
R
P 000001FBE42ACE88
P 000001FBE42AAB98
C 294
R
P 000001FBE42ACE88
C 380
R
P 000001FBE42ACE88
P 000001FBE42AAB98
C 9
R
P 000001FBE42ACE88
C 380
R
P 000001FBE42ACE88
P 000001FBE5FC5BA8
P 000001FBE42AA418
I 0
P 0000000000000000
C 340
* 000001FBE42AAC18 4
R
P 000001FBE42ACE88
C 380
R
P 000001FBE42ACE88
P 000001FBE42AAC18
C 293
R
P 000001FBE42ACE88
C 380
R
P 000001FBE42ACE88
P 000001FBE42AAC18
C 290
= 000001FBE42A9078
R
P 000001FBE42ACE88
C 380
R
P 000001FBE42ACE88
P 000001FBE42A9078
C 244
R
P 000001FBE42ACE88
C 380
R
P 000001FBE42ACE88
P 000001FBE42AAC18
C 296
R
P 000001FBE42ACE88
C 380
R
P 000001FBE42ACE88
P 000001FBE42AAC18
C 295
R
P 000001FBE42ACE88
C 380
R
P 000001FBE42ACE88
P 000001FBE42AAC18
C 294
R
P 000001FBE42ACE88
C 380
R
P 000001FBE42ACE88
P 000001FBE42AAC18
C 9
R
P 000001FBE42ACE88
C 380
R
P 000001FBE42ACE88
P 000001FBE5FC5BA8
P 000001FBE42AA438
I 0
P 0000000000000000
C 340
* 000001FBE42A9E58 4
R
P 000001FBE42ACE88
C 380
R
P 000001FBE42ACE88
P 000001FBE42A9E58
C 293
R
P 000001FBE42ACE88
C 380
R
P 000001FBE42ACE88
P 000001FBE42A9E58
C 290
= 000001FBE42A9078
R
P 000001FBE42ACE88
C 380
R
P 000001FBE42ACE88
P 000001FBE42A9078
C 244
R
P 000001FBE42ACE88
C 380
R
P 000001FBE42ACE88
P 000001FBE42A9E58
C 296
R
P 000001FBE42ACE88
C 380
R
P 000001FBE42ACE88
P 000001FBE42A9E58
C 295
R
P 000001FBE42ACE88
C 380
R
P 000001FBE42ACE88
P 000001FBE42A9E58
C 294
R
P 000001FBE42ACE88
C 380
R
P 000001FBE42ACE88
P 000001FBE42A9E58
C 9
R
P 000001FBE42ACE88
C 380
R
P 000001FBE42ACE88
P 000001FBE5FC5BA8
P 000001FBE42AA458
I 0
P 0000000000000000
C 340
* 000001FBE42AABD8 4
R
P 000001FBE42ACE88
C 380
R
P 000001FBE42ACE88
P 000001FBE42AABD8
C 293
R
P 000001FBE42ACE88
C 380
R
P 000001FBE42ACE88
P 000001FBE42AABD8
C 290
= 000001FBE42A9078
R
P 000001FBE42ACE88
C 380
R
P 000001FBE42ACE88
P 000001FBE42A9078
C 244
R
P 000001FBE42ACE88
C 380
R
P 000001FBE42ACE88
P 000001FBE42AABD8
C 296
R
P 000001FBE42ACE88
C 380
R
P 000001FBE42ACE88
P 000001FBE42AABD8
C 295
R
P 000001FBE42ACE88
C 380
R
P 000001FBE42ACE88
P 000001FBE42AABD8
C 294
R
P 000001FBE42ACE88
C 380
R
P 000001FBE42ACE88
P 000001FBE42AABD8
C 9
R
P 000001FBE42ACE88
C 380
R
P 000001FBE42ACE88
P 000001FBE5FC5BA8
P 000001FBE42AA478
I 0
P 0000000000000000
C 340
* 000001FBE42A9BD8 4
R
P 000001FBE42ACE88
C 380
R
P 000001FBE42ACE88
P 000001FBE42A9BD8
C 293
R
P 000001FBE42ACE88
C 380
R
P 000001FBE42ACE88
P 000001FBE42A9BD8
C 290
= 000001FBE42A9078
R
P 000001FBE42ACE88
C 380
R
P 000001FBE42ACE88
P 000001FBE42A9078
C 244
R
P 000001FBE42ACE88
C 380
R
P 000001FBE42ACE88
P 000001FBE42A9BD8
C 296
R
P 000001FBE42ACE88
C 380
R
P 000001FBE42ACE88
P 000001FBE42A9BD8
C 295
R
P 000001FBE42ACE88
C 380
R
P 000001FBE42ACE88
P 000001FBE42A9BD8
C 294
R
P 000001FBE42ACE88
C 380
R
P 000001FBE42ACE88
P 000001FBE42A9BD8
C 9
R
P 000001FBE42ACE88
C 380
R
P 000001FBE42ACE88
P 000001FBE5FC5BA8
P 000001FBE42AA498
I 0
P 0000000000000000
C 340
* 000001FBE42AABB8 4
R
P 000001FBE42ACE88
C 380
R
P 000001FBE42ACE88
P 000001FBE42AABB8
C 293
R
P 000001FBE42ACE88
C 380
R
P 000001FBE42ACE88
P 000001FBE42AABB8
C 290
= 000001FBE42A9078
R
P 000001FBE42ACE88
C 380
R
P 000001FBE42ACE88
P 000001FBE42A9078
C 244
R
P 000001FBE42ACE88
C 380
R
P 000001FBE42ACE88
P 000001FBE42AABB8
C 296
R
P 000001FBE42ACE88
C 380
R
P 000001FBE42ACE88
P 000001FBE42AABB8
C 295
R
P 000001FBE42ACE88
C 380
R
P 000001FBE42ACE88
P 000001FBE42AABB8
C 294
R
P 000001FBE42ACE88
C 380
R
P 000001FBE42ACE88
P 000001FBE42AABB8
C 9
R
P 000001FBE42ACE88
C 380
R
P 000001FBE42ACE88
P 000001FBE5FC5BA8
P 000001FBE42AA4B8
I 0
P 0000000000000000
C 340
* 000001FBE42AABF8 4
R
P 000001FBE42ACE88
C 380
R
P 000001FBE42ACE88
P 000001FBE42AABF8
C 293
R
P 000001FBE42ACE88
C 380
R
P 000001FBE42ACE88
P 000001FBE42AABF8
C 290
= 000001FBE42A9078
R
P 000001FBE42ACE88
C 380
R
P 000001FBE42ACE88
P 000001FBE42A9078
C 244
R
P 000001FBE42ACE88
C 380
R
P 000001FBE42ACE88
P 000001FBE42AABF8
C 296
R
P 000001FBE42ACE88
C 380
R
P 000001FBE42ACE88
P 000001FBE42AABF8
C 295
R
P 000001FBE42ACE88
C 380
R
P 000001FBE42ACE88
P 000001FBE42AABF8
C 294
R
P 000001FBE42ACE88
C 380
R
P 000001FBE42ACE88
P 000001FBE42AABF8
C 9
R
P 000001FBE42ACE88
C 380
R
P 000001FBE42ACE88
P 000001FBE5FC5BA8
P 000001FBE42AA4D8
I 0
P 0000000000000000
C 340
* 000001FBE42AABB8 4
R
P 000001FBE42ACE88
C 380
R
P 000001FBE42ACE88
P 000001FBE42AABB8
C 293
R
P 000001FBE42ACE88
C 380
R
P 000001FBE42ACE88
P 000001FBE42AABB8
C 290
= 000001FBE42A9078
R
P 000001FBE42ACE88
C 380
R
P 000001FBE42ACE88
P 000001FBE42A9078
C 244
R
P 000001FBE42ACE88
C 380
R
P 000001FBE42ACE88
P 000001FBE42AABB8
C 296
R
P 000001FBE42ACE88
C 380
R
P 000001FBE42ACE88
P 000001FBE42AABB8
C 295
R
P 000001FBE42ACE88
C 380
R
P 000001FBE42ACE88
P 000001FBE42AABB8
C 294
R
P 000001FBE42ACE88
C 380
R
P 000001FBE42ACE88
P 000001FBE42AABB8
C 9
R
P 000001FBE42ACE88
C 380
R
P 000001FBE42ACE88
P 000001FBE5FC5BA8
P 000001FBE42AA4F8
I 0
P 0000000000000000
C 340
* 000001FBE42AAB98 4
R
P 000001FBE42ACE88
C 380
R
P 000001FBE42ACE88
P 000001FBE42AAB98
C 293
R
P 000001FBE42ACE88
C 380
R
P 000001FBE42ACE88
P 000001FBE42AAB98
C 290
= 000001FBE42A9078
R
P 000001FBE42ACE88
C 380
R
P 000001FBE42ACE88
P 000001FBE42A9078
C 244
R
P 000001FBE42ACE88
C 380
R
P 000001FBE42ACE88
P 000001FBE42AAB98
C 296
R
P 000001FBE42ACE88
C 380
R
P 000001FBE42ACE88
P 000001FBE42AAB98
C 295
R
P 000001FBE42ACE88
C 380
R
P 000001FBE42ACE88
P 000001FBE42AAB98
C 294
R
P 000001FBE42ACE88
C 380
R
P 000001FBE42ACE88
P 000001FBE42AAB98
C 9
R
P 000001FBE42ACE88
C 380
R
P 000001FBE42ACE88
P 000001FBE5FC5BA8
P 000001FBE42AA518
I 0
P 0000000000000000
C 340
* 000001FBE42AABD8 4
R
P 000001FBE42ACE88
C 380
R
P 000001FBE42ACE88
P 000001FBE42AABD8
C 293
R
P 000001FBE42ACE88
C 380
R
P 000001FBE42ACE88
P 000001FBE42AABD8
C 290
= 000001FBE42A9078
R
P 000001FBE42ACE88
C 380
R
P 000001FBE42ACE88
P 000001FBE42A9078
C 244
R
P 000001FBE42ACE88
C 380
R
P 000001FBE42ACE88
P 000001FBE42AABD8
C 296
R
P 000001FBE42ACE88
C 380
R
P 000001FBE42ACE88
P 000001FBE42AABD8
C 295
R
P 000001FBE42ACE88
C 380
R
P 000001FBE42ACE88
P 000001FBE42AABD8
C 294
R
P 000001FBE42ACE88
C 380
R
P 000001FBE42ACE88
P 000001FBE42AABD8
C 9
R
P 000001FBE42ACE88
C 380
R
P 000001FBE42ACE88
P 000001FBE5FC5BA8
P 000001FBE42AA538
I 0
P 0000000000000000
C 340
* 000001FBE42AAC58 4
R
P 000001FBE42ACE88
C 380
R
P 000001FBE42ACE88
P 000001FBE42AAC58
C 293
R
P 000001FBE42ACE88
C 380
R
P 000001FBE42ACE88
P 000001FBE42AAC58
C 290
= 000001FBE42A9078
R
P 000001FBE42ACE88
C 380
R
P 000001FBE42ACE88
P 000001FBE42A9078
C 244
R
P 000001FBE42ACE88
C 380
R
P 000001FBE42ACE88
P 000001FBE42AAC58
C 296
R
P 000001FBE42ACE88
C 380
R
P 000001FBE42ACE88
P 000001FBE42AAC58
C 295
R
P 000001FBE42ACE88
C 380
R
P 000001FBE42ACE88
P 000001FBE42AAC58
C 294
R
P 000001FBE42ACE88
C 380
R
P 000001FBE42ACE88
P 000001FBE42AAC58
C 9
R
P 000001FBE42ACE88
C 380
R
P 000001FBE42ACE88
P 000001FBE5FC5BA8
P 000001FBE42AA558
I 0
P 0000000000000000
C 340
* 000001FBE42AABF8 4
R
P 000001FBE42ACE88
C 380
R
P 000001FBE42ACE88
P 000001FBE42AABF8
C 293
R
P 000001FBE42ACE88
C 380
R
P 000001FBE42ACE88
P 000001FBE42AABF8
C 290
= 000001FBE42A9078
R
P 000001FBE42ACE88
C 380
R
P 000001FBE42ACE88
P 000001FBE42A9078
C 244
R
P 000001FBE42ACE88
C 380
R
P 000001FBE42ACE88
P 000001FBE42AABF8
C 296
R
P 000001FBE42ACE88
C 380
R
P 000001FBE42ACE88
P 000001FBE42AABF8
C 295
R
P 000001FBE42ACE88
C 380
R
P 000001FBE42ACE88
P 000001FBE42AABF8
C 294
R
P 000001FBE42ACE88
C 380
R
P 000001FBE42ACE88
P 000001FBE42AABF8
C 9
R
P 000001FBE42ACE88
C 380
R
P 000001FBE42ACE88
P 000001FBE5FC5BA8
P 000001FBE42AA578
I 0
P 0000000000000000
C 340
* 000001FBE42AAC18 4
R
P 000001FBE42ACE88
C 380
R
P 000001FBE42ACE88
P 000001FBE42AAC18
C 293
R
P 000001FBE42ACE88
C 380
R
P 000001FBE42ACE88
P 000001FBE42AAC18
C 290
= 000001FBE42A9078
R
P 000001FBE42ACE88
C 380
R
P 000001FBE42ACE88
P 000001FBE42A9078
C 244
R
P 000001FBE42ACE88
C 380
R
P 000001FBE42ACE88
P 000001FBE42AAC18
C 296
R
P 000001FBE42ACE88
C 380
R
P 000001FBE42ACE88
P 000001FBE42AAC18
C 295
R
P 000001FBE42ACE88
C 380
R
P 000001FBE42ACE88
P 000001FBE42AAC18
C 294
R
P 000001FBE42ACE88
C 380
R
P 000001FBE42ACE88
P 000001FBE42AAC18
C 9
R
P 000001FBE42ACE88
C 380
R
P 000001FBE42ACE88
P 000001FBE5FC5BA8
P 000001FBE42AA598
I 0
P 0000000000000000
C 340
* 000001FBE42A9E58 4
R
P 000001FBE42ACE88
C 380
R
P 000001FBE42ACE88
P 000001FBE42A9E58
C 293
R
P 000001FBE42ACE88
C 380
R
P 000001FBE42ACE88
P 000001FBE42A9E58
C 290
= 000001FBE42A9078
R
P 000001FBE42ACE88
C 380
R
P 000001FBE42ACE88
P 000001FBE42A9078
C 244
R
P 000001FBE42ACE88
C 380
R
P 000001FBE42ACE88
P 000001FBE42A9E58
C 296
R
P 000001FBE42ACE88
C 380
R
P 000001FBE42ACE88
P 000001FBE42A9E58
C 295
R
P 000001FBE42ACE88
C 380
R
P 000001FBE42ACE88
P 000001FBE42A9E58
C 294
R
P 000001FBE42ACE88
C 380
R
P 000001FBE42ACE88
P 000001FBE42A9E58
C 9
R
P 000001FBE42ACE88
C 380
R
P 000001FBE42ACE88
P 000001FBE5FC5BA8
P 000001FBE42AA5B8
I 0
P 0000000000000000
C 340
* 000001FBE42A9BD8 4
R
P 000001FBE42ACE88
C 380
R
P 000001FBE42ACE88
P 000001FBE42A9BD8
C 293
R
P 000001FBE42ACE88
C 380
R
P 000001FBE42ACE88
P 000001FBE42A9BD8
C 290
= 000001FBE42A9078
R
P 000001FBE42ACE88
C 380
R
P 000001FBE42ACE88
P 000001FBE42A9078
C 244
R
P 000001FBE42ACE88
C 380
R
P 000001FBE42ACE88
P 000001FBE42A9BD8
C 296
R
P 000001FBE42ACE88
C 380
R
P 000001FBE42ACE88
P 000001FBE42A9BD8
C 295
R
P 000001FBE42ACE88
C 380
R
P 000001FBE42ACE88
P 000001FBE42A9BD8
C 294
R
P 000001FBE42ACE88
C 380
R
P 000001FBE42ACE88
P 000001FBE42A9BD8
C 9
R
P 000001FBE42ACE88
C 380
R
P 000001FBE42ACE88
P 000001FBE5FC5BA8
P 000001FBE42AA5D8
I 0
P 0000000000000000
C 340
* 000001FBE42AAC38 4
R
P 000001FBE42ACE88
C 380
R
P 000001FBE42ACE88
P 000001FBE42AAC38
C 293
R
P 000001FBE42ACE88
C 380
R
P 000001FBE42ACE88
P 000001FBE42AAC38
C 290
= 000001FBE42A9078
R
P 000001FBE42ACE88
C 380
R
P 000001FBE42ACE88
P 000001FBE42A9078
C 244
R
P 000001FBE42ACE88
C 380
R
P 000001FBE42ACE88
P 000001FBE42AAC38
C 296
R
P 000001FBE42ACE88
C 380
R
P 000001FBE42ACE88
P 000001FBE42AAC38
C 295
R
P 000001FBE42ACE88
C 380
R
P 000001FBE42ACE88
P 000001FBE42AAC38
C 294
R
P 000001FBE42ACE88
C 380
R
P 000001FBE42ACE88
P 000001FBE42AAC38
C 9
R
P 000001FBE42ACE88
C 380
R
P 000001FBE42ACE88
P 000001FBE5FC5BA8
P 000001FBE42AA5F8
I 0
P 0000000000000000
C 340
* 000001FBE42AAC38 4
R
P 000001FBE42ACE88
C 380
R
P 000001FBE42ACE88
P 000001FBE42AAC38
C 293
R
P 000001FBE42ACE88
C 380
R
P 000001FBE42ACE88
P 000001FBE42AAC38
C 290
= 000001FBE42A9078
R
P 000001FBE42ACE88
C 380
R
P 000001FBE42ACE88
P 000001FBE42A9078
C 244
R
P 000001FBE42ACE88
C 380
R
P 000001FBE42ACE88
P 000001FBE42AAC38
C 296
R
P 000001FBE42ACE88
C 380
R
P 000001FBE42ACE88
P 000001FBE42AAC38
C 295
R
P 000001FBE42ACE88
C 380
R
P 000001FBE42ACE88
P 000001FBE42AAC38
C 294
R
P 000001FBE42ACE88
C 380
R
P 000001FBE42ACE88
P 000001FBE42AAC38
C 9
R
P 000001FBE42ACE88
C 380
R
P 000001FBE42ACE88
P 000001FBE5FC5BA8
P 000001FBE42AA618
I 0
P 0000000000000000
C 340
* 000001FBE42AAC58 4
R
P 000001FBE42ACE88
C 380
R
P 000001FBE42ACE88
P 000001FBE42AAC58
C 293
R
P 000001FBE42ACE88
C 380
R
P 000001FBE42ACE88
P 000001FBE42AAC58
C 290
= 000001FBE42A9078
R
P 000001FBE42ACE88
C 380
R
P 000001FBE42ACE88
P 000001FBE42A9078
C 244
R
P 000001FBE42ACE88
C 380
R
P 000001FBE42ACE88
P 000001FBE42AAC58
C 296
R
P 000001FBE42ACE88
C 380
R
P 000001FBE42ACE88
P 000001FBE42AAC58
C 295
R
P 000001FBE42ACE88
C 380
R
P 000001FBE42ACE88
P 000001FBE42AAC58
C 294
R
P 000001FBE42ACE88
C 380
R
P 000001FBE42ACE88
P 000001FBE42AAC58
C 9
R
P 000001FBE42ACE88
C 380
R
P 000001FBE42ACE88
P 000001FBE5FC5BA8
P 000001FBE42AA638
I 0
P 0000000000000000
C 340
* 000001FBE42AAC18 4
R
P 000001FBE42ACE88
C 380
R
P 000001FBE42ACE88
P 000001FBE42AAC18
C 293
R
P 000001FBE42ACE88
C 380
R
P 000001FBE42ACE88
P 000001FBE42AAC18
C 290
= 000001FBE42A9078
R
P 000001FBE42ACE88
C 380
R
P 000001FBE42ACE88
P 000001FBE42A9078
C 244
R
P 000001FBE42ACE88
C 380
R
P 000001FBE42ACE88
P 000001FBE42AAC18
C 296
R
P 000001FBE42ACE88
C 380
R
P 000001FBE42ACE88
P 000001FBE42AAC18
C 295
R
P 000001FBE42ACE88
C 380
R
P 000001FBE42ACE88
P 000001FBE42AAC18
C 294
R
P 000001FBE42ACE88
C 380
R
P 000001FBE42ACE88
P 000001FBE42AAC18
C 9
R
P 000001FBE42ACE88
C 380
R
P 000001FBE42ACE88
P 000001FBE5FC5BA8
P 000001FBE42AA658
I 0
P 0000000000000000
C 340
* 000001FBE42A9E58 4
R
P 000001FBE42ACE88
C 380
R
P 000001FBE42ACE88
P 000001FBE42A9E58
C 293
R
P 000001FBE42ACE88
C 380
R
P 000001FBE42ACE88
P 000001FBE42A9E58
C 290
= 000001FBE42A9078
R
P 000001FBE42ACE88
C 380
R
P 000001FBE42ACE88
P 000001FBE42A9078
C 244
R
P 000001FBE42ACE88
C 380
R
P 000001FBE42ACE88
P 000001FBE42A9E58
C 296
R
P 000001FBE42ACE88
C 380
R
P 000001FBE42ACE88
P 000001FBE42A9E58
C 295
R
P 000001FBE42ACE88
C 380
R
P 000001FBE42ACE88
P 000001FBE42A9E58
C 294
R
P 000001FBE42ACE88
C 380
R
P 000001FBE42ACE88
P 000001FBE42A9E58
C 9
R
P 000001FBE42ACE88
C 380
R
P 000001FBE42ACE88
P 000001FBE5FC5BA8
P 000001FBE42AA678
I 0
P 0000000000000000
C 340
* 000001FBE42AABD8 4
R
P 000001FBE42ACE88
C 380
R
P 000001FBE42ACE88
P 000001FBE42AABD8
C 293
R
P 000001FBE42ACE88
C 380
R
P 000001FBE42ACE88
P 000001FBE42AABD8
C 290
= 000001FBE42A9078
R
P 000001FBE42ACE88
C 380
R
P 000001FBE42ACE88
P 000001FBE42A9078
C 244
R
P 000001FBE42ACE88
C 380
R
P 000001FBE42ACE88
P 000001FBE42AABD8
C 296
R
P 000001FBE42ACE88
C 380
R
P 000001FBE42ACE88
P 000001FBE42AABD8
C 295
R
P 000001FBE42ACE88
C 380
R
P 000001FBE42ACE88
P 000001FBE42AABD8
C 294
R
P 000001FBE42ACE88
C 380
R
P 000001FBE42ACE88
P 000001FBE42AABD8
C 9
R
P 000001FBE42ACE88
C 380
R
P 000001FBE42ACE88
P 000001FBE5FC5BA8
P 000001FBE42AA698
I 0
P 0000000000000000
C 340
* 000001FBE42A9BD8 4
R
P 000001FBE42ACE88
C 380
R
P 000001FBE42ACE88
P 000001FBE42A9BD8
C 293
R
P 000001FBE42ACE88
C 380
R
P 000001FBE42ACE88
P 000001FBE42A9BD8
C 290
= 000001FBE42A9078
R
P 000001FBE42ACE88
C 380
R
P 000001FBE42ACE88
P 000001FBE42A9078
C 244
R
P 000001FBE42ACE88
C 380
R
P 000001FBE42ACE88
P 000001FBE42A9BD8
C 296
R
P 000001FBE42ACE88
C 380
R
P 000001FBE42ACE88
P 000001FBE42A9BD8
C 295
R
P 000001FBE42ACE88
C 380
R
P 000001FBE42ACE88
P 000001FBE42A9BD8
C 294
R
P 000001FBE42ACE88
C 380
R
P 000001FBE42ACE88
P 000001FBE42A9BD8
C 9
R
P 000001FBE42ACE88
C 380
R
P 000001FBE42ACE88
P 000001FBE5FC5BA8
P 000001FBE42AA6B8
I 0
P 0000000000000000
C 340
* 000001FBE42AAB98 4
R
P 000001FBE42ACE88
C 380
R
P 000001FBE42ACE88
P 000001FBE42AAB98
C 293
R
P 000001FBE42ACE88
C 380
R
P 000001FBE42ACE88
P 000001FBE42AAB98
C 290
= 000001FBE42A9078
R
P 000001FBE42ACE88
C 380
R
P 000001FBE42ACE88
P 000001FBE42A9078
C 244
R
P 000001FBE42ACE88
C 380
R
P 000001FBE42ACE88
P 000001FBE42AAB98
C 296
R
P 000001FBE42ACE88
C 380
R
P 000001FBE42ACE88
P 000001FBE42AAB98
C 295
R
P 000001FBE42ACE88
C 380
R
P 000001FBE42ACE88
P 000001FBE42AAB98
C 294
R
P 000001FBE42ACE88
C 380
R
P 000001FBE42ACE88
P 000001FBE42AAB98
C 9
R
P 000001FBE42ACE88
C 380
R
P 000001FBE42ACE88
P 000001FBE5FC5BA8
P 000001FBE42AA6D8
I 0
P 0000000000000000
C 340
* 000001FBE42AABF8 4
R
P 000001FBE42ACE88
C 380
R
P 000001FBE42ACE88
P 000001FBE42AABF8
C 293
R
P 000001FBE42ACE88
C 380
R
P 000001FBE42ACE88
P 000001FBE42AABF8
C 290
= 000001FBE42A9078
R
P 000001FBE42ACE88
C 380
R
P 000001FBE42ACE88
P 000001FBE42A9078
C 244
R
P 000001FBE42ACE88
C 380
R
P 000001FBE42ACE88
P 000001FBE42AABF8
C 296
R
P 000001FBE42ACE88
C 380
R
P 000001FBE42ACE88
P 000001FBE42AABF8
C 295
R
P 000001FBE42ACE88
C 380
R
P 000001FBE42ACE88
P 000001FBE42AABF8
C 294
R
P 000001FBE42ACE88
C 380
R
P 000001FBE42ACE88
P 000001FBE42AABF8
C 9
R
P 000001FBE42ACE88
C 380
R
P 000001FBE42ACE88
P 000001FBE5FC5BA8
P 000001FBE42AA6F8
I 0
P 0000000000000000
C 340
* 000001FBE42AABB8 4
R
P 000001FBE42ACE88
C 380
R
P 000001FBE42ACE88
P 000001FBE42AABB8
C 293
R
P 000001FBE42ACE88
C 380
R
P 000001FBE42ACE88
P 000001FBE42AABB8
C 290
= 000001FBE42A9078
R
P 000001FBE42ACE88
C 380
R
P 000001FBE42ACE88
P 000001FBE42A9078
C 244
R
P 000001FBE42ACE88
C 380
R
P 000001FBE42ACE88
P 000001FBE42AABB8
C 296
R
P 000001FBE42ACE88
C 380
R
P 000001FBE42ACE88
P 000001FBE42AABB8
C 295
R
P 000001FBE42ACE88
C 380
R
P 000001FBE42ACE88
P 000001FBE42AABB8
C 294
R
P 000001FBE42ACE88
C 380
R
P 000001FBE42ACE88
P 000001FBE42AABB8
C 9
R
P 000001FBE42ACE88
C 380
R
P 000001FBE42ACE88
P 000001FBE5FC5BA8
P 000001FBE42AA718
I 0
P 0000000000000000
C 340
* 000001FBE42A9BD8 4
R
P 000001FBE42ACE88
C 380
R
P 000001FBE42ACE88
P 000001FBE42A9BD8
C 293
R
P 000001FBE42ACE88
C 380
R
P 000001FBE42ACE88
P 000001FBE42A9BD8
C 290
= 000001FBE42A9078
R
P 000001FBE42ACE88
C 380
R
P 000001FBE42ACE88
P 000001FBE42A9078
C 244
R
P 000001FBE42ACE88
C 380
R
P 000001FBE42ACE88
P 000001FBE42A9BD8
C 296
R
P 000001FBE42ACE88
C 380
R
P 000001FBE42ACE88
P 000001FBE42A9BD8
C 295
R
P 000001FBE42ACE88
C 380
R
P 000001FBE42ACE88
P 000001FBE42A9BD8
C 294
R
P 000001FBE42ACE88
C 380
R
P 000001FBE42ACE88
P 000001FBE42A9BD8
C 9
R
P 000001FBE42ACE88
C 380
R
P 000001FBE42ACE88
P 000001FBE5FC5BA8
P 000001FBE42AA738
I 0
P 0000000000000000
C 340
* 000001FBE42AABF8 4
R
P 000001FBE42ACE88
C 380
R
P 000001FBE42ACE88
P 000001FBE42AABF8
C 293
R
P 000001FBE42ACE88
C 380
R
P 000001FBE42ACE88
P 000001FBE42AABF8
C 290
= 000001FBE42A9078
R
P 000001FBE42ACE88
C 380
R
P 000001FBE42ACE88
P 000001FBE42A9078
C 244
R
P 000001FBE42ACE88
C 380
R
P 000001FBE42ACE88
P 000001FBE42AABF8
C 296
R
P 000001FBE42ACE88
C 380
R
P 000001FBE42ACE88
P 000001FBE42AABF8
C 295
R
P 000001FBE42ACE88
C 380
R
P 000001FBE42ACE88
P 000001FBE42AABF8
C 294
R
P 000001FBE42ACE88
C 380
R
P 000001FBE42ACE88
P 000001FBE42AABF8
C 9
R
P 000001FBE42ACE88
C 380
R
P 000001FBE42ACE88
P 000001FBE5FC5BA8
P 000001FBE42AA758
I 0
P 0000000000000000
C 340
* 000001FBE42A9E58 4
R
P 000001FBE42ACE88
C 380
R
P 000001FBE42ACE88
P 000001FBE42A9E58
C 293
R
P 000001FBE42ACE88
C 380
R
P 000001FBE42ACE88
P 000001FBE42A9E58
C 290
= 000001FBE42A9078
R
P 000001FBE42ACE88
C 380
R
P 000001FBE42ACE88
P 000001FBE42A9078
C 244
R
P 000001FBE42ACE88
C 380
R
P 000001FBE42ACE88
P 000001FBE42A9E58
C 296
R
P 000001FBE42ACE88
C 380
R
P 000001FBE42ACE88
P 000001FBE42A9E58
C 295
R
P 000001FBE42ACE88
C 380
R
P 000001FBE42ACE88
P 000001FBE42A9E58
C 294
R
P 000001FBE42ACE88
C 380
R
P 000001FBE42ACE88
P 000001FBE42A9E58
C 9
R
P 000001FBE42ACE88
C 380
R
P 000001FBE42ACE88
P 000001FBE5FC5BA8
P 000001FBE42AA778
I 0
P 0000000000000000
C 340
* 000001FBE42AABB8 4
R
P 000001FBE42ACE88
C 380
R
P 000001FBE42ACE88
P 000001FBE42AABB8
C 293
R
P 000001FBE42ACE88
C 380
R
P 000001FBE42ACE88
P 000001FBE42AABB8
C 290
= 000001FBE42A9078
R
P 000001FBE42ACE88
C 380
R
P 000001FBE42ACE88
P 000001FBE42A9078
C 244
R
P 000001FBE42ACE88
C 380
R
P 000001FBE42ACE88
P 000001FBE42AABB8
C 296
R
P 000001FBE42ACE88
C 380
R
P 000001FBE42ACE88
P 000001FBE42AABB8
C 295
R
P 000001FBE42ACE88
C 380
R
P 000001FBE42ACE88
P 000001FBE42AABB8
C 294
R
P 000001FBE42ACE88
C 380
R
P 000001FBE42ACE88
P 000001FBE42AABB8
C 9
R
P 000001FBE42ACE88
C 380
R
P 000001FBE42ACE88
P 000001FBE5FC5BA8
P 000001FBE42AA798
I 0
P 0000000000000000
C 340
* 000001FBE42AAC38 4
R
P 000001FBE42ACE88
C 380
R
P 000001FBE42ACE88
P 000001FBE42AAC38
C 293
R
P 000001FBE42ACE88
C 380
R
P 000001FBE42ACE88
P 000001FBE42AAC38
C 290
= 000001FBE42A9078
R
P 000001FBE42ACE88
C 380
R
P 000001FBE42ACE88
P 000001FBE42A9078
C 244
R
P 000001FBE42ACE88
C 380
R
P 000001FBE42ACE88
P 000001FBE42AAC38
C 296
R
P 000001FBE42ACE88
C 380
R
P 000001FBE42ACE88
P 000001FBE42AAC38
C 295
R
P 000001FBE42ACE88
C 380
R
P 000001FBE42ACE88
P 000001FBE42AAC38
C 294
R
P 000001FBE42ACE88
C 380
R
P 000001FBE42ACE88
P 000001FBE42AAC38
C 9
R
P 000001FBE42ACE88
C 380
R
P 000001FBE42ACE88
P 000001FBE5FC5BA8
P 000001FBE42AA7B8
I 0
P 0000000000000000
C 340
* 000001FBE42AAB98 4
R
P 000001FBE42ACE88
C 380
R
P 000001FBE42ACE88
P 000001FBE42AAB98
C 293
R
P 000001FBE42ACE88
C 380
R
P 000001FBE42ACE88
P 000001FBE42AAB98
C 290
= 000001FBE42A9078
R
P 000001FBE42ACE88
C 380
R
P 000001FBE42ACE88
P 000001FBE42A9078
C 244
R
P 000001FBE42ACE88
C 380
R
P 000001FBE42ACE88
P 000001FBE42AAB98
C 296
R
P 000001FBE42ACE88
C 380
R
P 000001FBE42ACE88
P 000001FBE42AAB98
C 295
R
P 000001FBE42ACE88
C 380
R
P 000001FBE42ACE88
P 000001FBE42AAB98
C 294
R
P 000001FBE42ACE88
C 380
R
P 000001FBE42ACE88
P 000001FBE42AAB98
C 9
R
P 000001FBE42ACE88
C 380
R
P 000001FBE42ACE88
P 000001FBE5FC5BA8
P 000001FBE42AA7D8
I 0
P 0000000000000000
C 340
* 000001FBE42AAC18 4
R
P 000001FBE42ACE88
C 380
R
P 000001FBE42ACE88
P 000001FBE42AAC18
C 293
R
P 000001FBE42ACE88
C 380
R
P 000001FBE42ACE88
P 000001FBE42AAC18
C 290
= 000001FBE42A9078
R
P 000001FBE42ACE88
C 380
R
P 000001FBE42ACE88
P 000001FBE42A9078
C 244
R
P 000001FBE42ACE88
C 380
R
P 000001FBE42ACE88
P 000001FBE42AAC18
C 296
R
P 000001FBE42ACE88
C 380
R
P 000001FBE42ACE88
P 000001FBE42AAC18
C 295
R
P 000001FBE42ACE88
C 380
R
P 000001FBE42ACE88
P 000001FBE42AAC18
C 294
R
P 000001FBE42ACE88
C 380
R
P 000001FBE42ACE88
P 000001FBE42AAC18
C 9
R
P 000001FBE42ACE88
C 380
R
P 000001FBE42ACE88
P 000001FBE5FC5BA8
P 000001FBE42AA7F8
I 0
P 0000000000000000
C 340
* 000001FBE42AAC58 4
R
P 000001FBE42ACE88
C 380
R
P 000001FBE42ACE88
P 000001FBE42AAC58
C 293
R
P 000001FBE42ACE88
C 380
R
P 000001FBE42ACE88
P 000001FBE42AAC58
C 290
= 000001FBE42A9078
R
P 000001FBE42ACE88
C 380
R
P 000001FBE42ACE88
P 000001FBE42A9078
C 244
R
P 000001FBE42ACE88
C 380
R
P 000001FBE42ACE88
P 000001FBE42AAC58
C 296
R
P 000001FBE42ACE88
C 380
R
P 000001FBE42ACE88
P 000001FBE42AAC58
C 295
R
P 000001FBE42ACE88
C 380
R
P 000001FBE42ACE88
P 000001FBE42AAC58
C 294
R
P 000001FBE42ACE88
C 380
R
P 000001FBE42ACE88
P 000001FBE42AAC58
C 9
R
P 000001FBE42ACE88
C 380
R
P 000001FBE42ACE88
P 000001FBE5FC5BA8
P 000001FBE42AA818
I 0
P 0000000000000000
C 340
* 000001FBE42AABD8 4
R
P 000001FBE42ACE88
C 380
R
P 000001FBE42ACE88
P 000001FBE42AABD8
C 293
R
P 000001FBE42ACE88
C 380
R
P 000001FBE42ACE88
P 000001FBE42AABD8
C 290
= 000001FBE42A9078
R
P 000001FBE42ACE88
C 380
R
P 000001FBE42ACE88
P 000001FBE42A9078
C 244
R
P 000001FBE42ACE88
C 380
R
P 000001FBE42ACE88
P 000001FBE42AABD8
C 296
R
P 000001FBE42ACE88
C 380
R
P 000001FBE42ACE88
P 000001FBE42AABD8
C 295
R
P 000001FBE42ACE88
C 380
R
P 000001FBE42ACE88
P 000001FBE42AABD8
C 294
R
P 000001FBE42ACE88
C 380
R
P 000001FBE42ACE88
P 000001FBE42AABD8
C 9
R
P 000001FBE42ACE88
C 380
R
P 000001FBE42ACE88
P 000001FBE5FC5BA8
P 000001FBE42AA838
I 0
P 0000000000000000
C 340
* 000001FBE42AABD8 4
R
P 000001FBE42ACE88
C 380
R
P 000001FBE42ACE88
P 000001FBE42AABD8
C 293
R
P 000001FBE42ACE88
C 380
R
P 000001FBE42ACE88
P 000001FBE42AABD8
C 290
= 000001FBE42A9078
R
P 000001FBE42ACE88
C 380
R
P 000001FBE42ACE88
P 000001FBE42A9078
C 244
R
P 000001FBE42ACE88
C 380
R
P 000001FBE42ACE88
P 000001FBE42AABD8
C 296
R
P 000001FBE42ACE88
C 380
R
P 000001FBE42ACE88
P 000001FBE42AABD8
C 295
R
P 000001FBE42ACE88
C 380
R
P 000001FBE42ACE88
P 000001FBE42AABD8
C 294
R
P 000001FBE42ACE88
C 380
R
P 000001FBE42ACE88
P 000001FBE42AABD8
C 9
R
P 000001FBE42ACE88
C 380
R
P 000001FBE42ACE88
P 000001FBE5FC5BA8
P 000001FBE42AA858
I 0
P 0000000000000000
C 340
* 000001FBE42AAC18 4
R
P 000001FBE42ACE88
C 380
R
P 000001FBE42ACE88
P 000001FBE42AAC18
C 293
R
P 000001FBE42ACE88
C 380
R
P 000001FBE42ACE88
P 000001FBE42AAC18
C 290
= 000001FBE42A9078
R
P 000001FBE42ACE88
C 380
R
P 000001FBE42ACE88
P 000001FBE42A9078
C 244
R
P 000001FBE42ACE88
C 380
R
P 000001FBE42ACE88
P 000001FBE42AAC18
C 296
R
P 000001FBE42ACE88
C 380
R
P 000001FBE42ACE88
P 000001FBE42AAC18
C 295
R
P 000001FBE42ACE88
C 380
R
P 000001FBE42ACE88
P 000001FBE42AAC18
C 294
R
P 000001FBE42ACE88
C 380
R
P 000001FBE42ACE88
P 000001FBE42AAC18
C 9
R
P 000001FBE42ACE88
C 380
R
P 000001FBE42ACE88
P 000001FBE5FC5BA8
P 000001FBE42AA878
I 0
P 0000000000000000
C 340
* 000001FBE42AAC58 4
R
P 000001FBE42ACE88
C 380
R
P 000001FBE42ACE88
P 000001FBE42AAC58
C 293
R
P 000001FBE42ACE88
C 380
R
P 000001FBE42ACE88
P 000001FBE42AAC58
C 290
= 000001FBE42A9078
R
P 000001FBE42ACE88
C 380
R
P 000001FBE42ACE88
P 000001FBE42A9078
C 244
R
P 000001FBE42ACE88
C 380
R
P 000001FBE42ACE88
P 000001FBE42AAC58
C 296
R
P 000001FBE42ACE88
C 380
R
P 000001FBE42ACE88
P 000001FBE42AAC58
C 295
R
P 000001FBE42ACE88
C 380
R
P 000001FBE42ACE88
P 000001FBE42AAC58
C 294
R
P 000001FBE42ACE88
C 380
R
P 000001FBE42ACE88
P 000001FBE42AAC58
C 9
R
P 000001FBE42ACE88
C 380
R
P 000001FBE42ACE88
P 000001FBE5FC5BA8
P 000001FBE42AA898
I 0
P 0000000000000000
C 340
* 000001FBE42A9BD8 4
R
P 000001FBE42ACE88
C 380
R
P 000001FBE42ACE88
P 000001FBE42A9BD8
C 293
R
P 000001FBE42ACE88
C 380
R
P 000001FBE42ACE88
P 000001FBE42A9BD8
C 290
= 000001FBE42A9078
R
P 000001FBE42ACE88
C 380
R
P 000001FBE42ACE88
P 000001FBE42A9078
C 244
R
P 000001FBE42ACE88
C 380
R
P 000001FBE42ACE88
P 000001FBE42A9BD8
C 296
R
P 000001FBE42ACE88
C 380
R
P 000001FBE42ACE88
P 000001FBE42A9BD8
C 295
R
P 000001FBE42ACE88
C 380
R
P 000001FBE42ACE88
P 000001FBE42A9BD8
C 294
R
P 000001FBE42ACE88
C 380
R
P 000001FBE42ACE88
P 000001FBE42A9BD8
C 9
R
P 000001FBE42ACE88
C 380
R
P 000001FBE42ACE88
P 000001FBE5FC5BA8
P 000001FBE42AA8B8
I 0
P 0000000000000000
C 340
* 000001FBE42AABB8 4
R
P 000001FBE42ACE88
C 380
R
P 000001FBE42ACE88
P 000001FBE42AABB8
C 293
R
P 000001FBE42ACE88
C 380
R
P 000001FBE42ACE88
P 000001FBE42AABB8
C 290
= 000001FBE42A9078
R
P 000001FBE42ACE88
C 380
R
P 000001FBE42ACE88
P 000001FBE42A9078
C 244
R
P 000001FBE42ACE88
C 380
R
P 000001FBE42ACE88
P 000001FBE42AABB8
C 296
R
P 000001FBE42ACE88
C 380
R
P 000001FBE42ACE88
P 000001FBE42AABB8
C 295
R
P 000001FBE42ACE88
C 380
R
P 000001FBE42ACE88
P 000001FBE42AABB8
C 294
R
P 000001FBE42ACE88
C 380
R
P 000001FBE42ACE88
P 000001FBE42AABB8
C 9
R
P 000001FBE42ACE88
C 380
R
P 000001FBE42ACE88
P 000001FBE5FC5BA8
P 000001FBE42AA8D8
I 0
P 0000000000000000
C 340
* 000001FBE42AAC38 4
R
P 000001FBE42ACE88
C 380
R
P 000001FBE42ACE88
P 000001FBE42AAC38
C 293
R
P 000001FBE42ACE88
C 380
R
P 000001FBE42ACE88
P 000001FBE42AAC38
C 290
= 000001FBE42A9078
R
P 000001FBE42ACE88
C 380
R
P 000001FBE42ACE88
P 000001FBE42A9078
C 244
R
P 000001FBE42ACE88
C 380
R
P 000001FBE42ACE88
P 000001FBE42AAC38
C 296
R
P 000001FBE42ACE88
C 380
R
P 000001FBE42ACE88
P 000001FBE42AAC38
C 295
R
P 000001FBE42ACE88
C 380
R
P 000001FBE42ACE88
P 000001FBE42AAC38
C 294
R
P 000001FBE42ACE88
C 380
R
P 000001FBE42ACE88
P 000001FBE42AAC38
C 9
R
P 000001FBE42ACE88
C 380
R
P 000001FBE42ACE88
P 000001FBE5FC5BA8
P 000001FBE42AA8F8
I 0
P 0000000000000000
C 340
* 000001FBE42AABF8 4
R
P 000001FBE42ACE88
C 380
R
P 000001FBE42ACE88
P 000001FBE42AABF8
C 293
R
P 000001FBE42ACE88
C 380
R
P 000001FBE42ACE88
P 000001FBE42AABF8
C 290
= 000001FBE42A9078
R
P 000001FBE42ACE88
C 380
R
P 000001FBE42ACE88
P 000001FBE42A9078
C 244
R
P 000001FBE42ACE88
C 380
R
P 000001FBE42ACE88
P 000001FBE42AABF8
C 296
R
P 000001FBE42ACE88
C 380
R
P 000001FBE42ACE88
P 000001FBE42AABF8
C 295
R
P 000001FBE42ACE88
C 380
R
P 000001FBE42ACE88
P 000001FBE42AABF8
C 294
R
P 000001FBE42ACE88
C 380
R
P 000001FBE42ACE88
P 000001FBE42AABF8
C 9
R
P 000001FBE42ACE88
C 380
R
P 000001FBE42ACE88
P 000001FBE5FC5BA8
P 000001FBE42AA918
I 0
P 0000000000000000
C 340
* 000001FBE42A9E58 4
R
P 000001FBE42ACE88
C 380
R
P 000001FBE42ACE88
P 000001FBE42A9E58
C 293
R
P 000001FBE42ACE88
C 380
R
P 000001FBE42ACE88
P 000001FBE42A9E58
C 290
= 000001FBE42A9078
R
P 000001FBE42ACE88
C 380
R
P 000001FBE42ACE88
P 000001FBE42A9078
C 244
R
P 000001FBE42ACE88
C 380
R
P 000001FBE42ACE88
P 000001FBE42A9E58
C 296
R
P 000001FBE42ACE88
C 380
R
P 000001FBE42ACE88
P 000001FBE42A9E58
C 295
R
P 000001FBE42ACE88
C 380
R
P 000001FBE42ACE88
P 000001FBE42A9E58
C 294
R
P 000001FBE42ACE88
C 380
R
P 000001FBE42ACE88
P 000001FBE42A9E58
C 9
R
P 000001FBE42ACE88
C 380
R
P 000001FBE42ACE88
P 000001FBE5FC5BA8
P 000001FBE42AA938
I 0
P 0000000000000000
C 340
* 000001FBE42AAB98 4
R
P 000001FBE42ACE88
C 380
R
P 000001FBE42ACE88
P 000001FBE42AAB98
C 293
R
P 000001FBE42ACE88
C 380
R
P 000001FBE42ACE88
P 000001FBE42AAB98
C 290
= 000001FBE42A9078
R
P 000001FBE42ACE88
C 380
R
P 000001FBE42ACE88
P 000001FBE42A9078
C 244
R
P 000001FBE42ACE88
C 380
R
P 000001FBE42ACE88
P 000001FBE42AAB98
C 296
R
P 000001FBE42ACE88
C 380
R
P 000001FBE42ACE88
P 000001FBE42AAB98
C 295
R
P 000001FBE42ACE88
C 380
R
P 000001FBE42ACE88
P 000001FBE42AAB98
C 294
R
P 000001FBE42ACE88
C 380
R
P 000001FBE42ACE88
P 000001FBE42AAB98
C 9
R
P 000001FBE42ACE88
C 380
R
P 000001FBE42ACE88
P 000001FBE5FC5BA8
P 000001FBE42AA958
I 0
P 0000000000000000
C 340
* 000001FBE42AAB98 4
R
P 000001FBE42ACE88
C 380
R
P 000001FBE42ACE88
P 000001FBE42AAB98
C 293
R
P 000001FBE42ACE88
C 380
R
P 000001FBE42ACE88
P 000001FBE42AAB98
C 290
= 000001FBE42A9078
R
P 000001FBE42ACE88
C 380
R
P 000001FBE42ACE88
P 000001FBE42A9078
C 244
R
P 000001FBE42ACE88
C 380
R
P 000001FBE42ACE88
P 000001FBE42AAB98
C 296
R
P 000001FBE42ACE88
C 380
R
P 000001FBE42ACE88
P 000001FBE42AAB98
C 295
R
P 000001FBE42ACE88
C 380
R
P 000001FBE42ACE88
P 000001FBE42AAB98
C 294
R
P 000001FBE42ACE88
C 380
R
P 000001FBE42ACE88
P 000001FBE42AAB98
C 9
R
P 000001FBE42ACE88
C 380
R
P 000001FBE42ACE88
P 000001FBE5FC5BA8
P 000001FBE42AA978
I 0
P 0000000000000000
C 340
* 000001FBE42A9E58 4
R
P 000001FBE42ACE88
C 380
R
P 000001FBE42ACE88
P 000001FBE42A9E58
C 293
R
P 000001FBE42ACE88
C 380
R
P 000001FBE42ACE88
P 000001FBE42A9E58
C 290
= 000001FBE42A9078
R
P 000001FBE42ACE88
C 380
R
P 000001FBE42ACE88
P 000001FBE42A9078
C 244
R
P 000001FBE42ACE88
C 380
R
P 000001FBE42ACE88
P 000001FBE42A9E58
C 296
R
P 000001FBE42ACE88
C 380
R
P 000001FBE42ACE88
P 000001FBE42A9E58
C 295
R
P 000001FBE42ACE88
C 380
R
P 000001FBE42ACE88
P 000001FBE42A9E58
C 294
R
P 000001FBE42ACE88
C 380
R
P 000001FBE42ACE88
P 000001FBE42A9E58
C 9
R
P 000001FBE42ACE88
C 380
R
P 000001FBE42ACE88
P 000001FBE5FC5BA8
P 000001FBE42AA998
I 0
P 0000000000000000
C 340
* 000001FBE42AAC38 4
R
P 000001FBE42ACE88
C 380
R
P 000001FBE42ACE88
P 000001FBE42AAC38
C 293
R
P 000001FBE42ACE88
C 380
R
P 000001FBE42ACE88
P 000001FBE42AAC38
C 290
= 000001FBE42A9078
R
P 000001FBE42ACE88
C 380
R
P 000001FBE42ACE88
P 000001FBE42A9078
C 244
R
P 000001FBE42ACE88
C 380
R
P 000001FBE42ACE88
P 000001FBE42AAC38
C 296
R
P 000001FBE42ACE88
C 380
R
P 000001FBE42ACE88
P 000001FBE42AAC38
C 295
R
P 000001FBE42ACE88
C 380
R
P 000001FBE42ACE88
P 000001FBE42AAC38
C 294
R
P 000001FBE42ACE88
C 380
R
P 000001FBE42ACE88
P 000001FBE42AAC38
C 9
R
P 000001FBE42ACE88
C 380
R
P 000001FBE42ACE88
P 000001FBE5FC5BA8
P 000001FBE42AA9B8
I 0
P 0000000000000000
C 340
* 000001FBE42AABD8 4
R
P 000001FBE42ACE88
C 380
R
P 000001FBE42ACE88
P 000001FBE42AABD8
C 293
R
P 000001FBE42ACE88
C 380
R
P 000001FBE42ACE88
P 000001FBE42AABD8
C 290
= 000001FBE42A9078
R
P 000001FBE42ACE88
C 380
R
P 000001FBE42ACE88
P 000001FBE42A9078
C 244
R
P 000001FBE42ACE88
C 380
R
P 000001FBE42ACE88
P 000001FBE42AABD8
C 296
R
P 000001FBE42ACE88
C 380
R
P 000001FBE42ACE88
P 000001FBE42AABD8
C 295
R
P 000001FBE42ACE88
C 380
R
P 000001FBE42ACE88
P 000001FBE42AABD8
C 294
R
P 000001FBE42ACE88
C 380
R
P 000001FBE42ACE88
P 000001FBE42AABD8
C 9
R
P 000001FBE42ACE88
C 380
R
P 000001FBE42ACE88
P 000001FBE5FC5BA8
P 000001FBE42AA9D8
I 0
P 0000000000000000
C 340
* 000001FBE42AAC58 4
R
P 000001FBE42ACE88
C 380
R
P 000001FBE42ACE88
P 000001FBE42AAC58
C 293
R
P 000001FBE42ACE88
C 380
R
P 000001FBE42ACE88
P 000001FBE42AAC58
C 290
= 000001FBE42A9078
R
P 000001FBE42ACE88
C 380
R
P 000001FBE42ACE88
P 000001FBE42A9078
C 244
R
P 000001FBE42ACE88
C 380
R
P 000001FBE42ACE88
P 000001FBE42AAC58
C 296
R
P 000001FBE42ACE88
C 380
R
P 000001FBE42ACE88
P 000001FBE42AAC58
C 295
R
P 000001FBE42ACE88
C 380
R
P 000001FBE42ACE88
P 000001FBE42AAC58
C 294
R
P 000001FBE42ACE88
C 380
R
P 000001FBE42ACE88
P 000001FBE42AAC58
C 9
R
P 000001FBE42ACE88
C 380
R
P 000001FBE42ACE88
P 000001FBE5FC5BA8
P 000001FBE42AA9F8
I 0
P 0000000000000000
C 340
* 000001FBE42AABF8 4
R
P 000001FBE42ACE88
C 380
R
P 000001FBE42ACE88
P 000001FBE42AABF8
C 293
R
P 000001FBE42ACE88
C 380
R
P 000001FBE42ACE88
P 000001FBE42AABF8
C 290
= 000001FBE42A9078
R
P 000001FBE42ACE88
C 380
R
P 000001FBE42ACE88
P 000001FBE42A9078
C 244
R
P 000001FBE42ACE88
C 380
R
P 000001FBE42ACE88
P 000001FBE42AABF8
C 296
R
P 000001FBE42ACE88
C 380
R
P 000001FBE42ACE88
P 000001FBE42AABF8
C 295
R
P 000001FBE42ACE88
C 380
R
P 000001FBE42ACE88
P 000001FBE42AABF8
C 294
R
P 000001FBE42ACE88
C 380
R
P 000001FBE42ACE88
P 000001FBE42AABF8
C 9
R
P 000001FBE42ACE88
C 380
R
P 000001FBE42ACE88
P 000001FBE5FC5BA8
P 000001FBE42AAA18
I 0
P 0000000000000000
C 340
* 000001FBE42AABB8 4
R
P 000001FBE42ACE88
C 380
R
P 000001FBE42ACE88
P 000001FBE42AABB8
C 293
R
P 000001FBE42ACE88
C 380
R
P 000001FBE42ACE88
P 000001FBE42AABB8
C 290
= 000001FBE42A9078
R
P 000001FBE42ACE88
C 380
R
P 000001FBE42ACE88
P 000001FBE42A9078
C 244
R
P 000001FBE42ACE88
C 380
R
P 000001FBE42ACE88
P 000001FBE42AABB8
C 296
R
P 000001FBE42ACE88
C 380
R
P 000001FBE42ACE88
P 000001FBE42AABB8
C 295
R
P 000001FBE42ACE88
C 380
R
P 000001FBE42ACE88
P 000001FBE42AABB8
C 294
R
P 000001FBE42ACE88
C 380
R
P 000001FBE42ACE88
P 000001FBE42AABB8
C 9
R
P 000001FBE42ACE88
C 380
R
P 000001FBE42ACE88
P 000001FBE5FC5BA8
P 000001FBE42AAA38
I 0
P 0000000000000000
C 340
* 000001FBE42AAC18 4
R
P 000001FBE42ACE88
C 380
R
P 000001FBE42ACE88
P 000001FBE42AAC18
C 293
R
P 000001FBE42ACE88
C 380
R
P 000001FBE42ACE88
P 000001FBE42AAC18
C 290
= 000001FBE42A9078
R
P 000001FBE42ACE88
C 380
R
P 000001FBE42ACE88
P 000001FBE42A9078
C 244
R
P 000001FBE42ACE88
C 380
R
P 000001FBE42ACE88
P 000001FBE42AAC18
C 296
R
P 000001FBE42ACE88
C 380
R
P 000001FBE42ACE88
P 000001FBE42AAC18
C 295
R
P 000001FBE42ACE88
C 380
R
P 000001FBE42ACE88
P 000001FBE42AAC18
C 294
R
P 000001FBE42ACE88
C 380
R
P 000001FBE42ACE88
P 000001FBE42AAC18
C 9
R
P 000001FBE42ACE88
C 380
R
P 000001FBE42ACE88
P 000001FBE5FC5BA8
P 000001FBE42AAA58
I 0
P 0000000000000000
C 340
* 000001FBE42A9BD8 4
R
P 000001FBE42ACE88
C 380
R
P 000001FBE42ACE88
P 000001FBE42A9BD8
C 293
R
P 000001FBE42ACE88
C 380
R
P 000001FBE42ACE88
P 000001FBE42A9BD8
C 290
= 000001FBE42A9078
R
P 000001FBE42ACE88
C 380
R
P 000001FBE42ACE88
P 000001FBE42A9078
C 244
R
P 000001FBE42ACE88
C 380
R
P 000001FBE42ACE88
P 000001FBE42A9BD8
C 296
R
P 000001FBE42ACE88
C 380
R
P 000001FBE42ACE88
P 000001FBE42A9BD8
C 295
R
P 000001FBE42ACE88
C 380
R
P 000001FBE42ACE88
P 000001FBE42A9BD8
C 294
R
P 000001FBE42ACE88
C 380
R
P 000001FBE42ACE88
P 000001FBE42A9BD8
C 9
R
P 000001FBE42ACE88
C 380
R
P 000001FBE42ACE88
P 000001FBE5FC5BA8
P 000001FBE42AAA78
I 0
P 0000000000000000
C 340
* 000001FBE42AABF8 4
R
P 000001FBE42ACE88
C 380
R
P 000001FBE42ACE88
P 000001FBE42AABF8
C 293
R
P 000001FBE42ACE88
C 380
R
P 000001FBE42ACE88
P 000001FBE42AABF8
C 290
= 000001FBE42A9078
R
P 000001FBE42ACE88
C 380
R
P 000001FBE42ACE88
P 000001FBE42A9078
C 244
R
P 000001FBE42ACE88
C 380
R
P 000001FBE42ACE88
P 000001FBE42AABF8
C 296
R
P 000001FBE42ACE88
C 380
R
P 000001FBE42ACE88
P 000001FBE42AABF8
C 295
R
P 000001FBE42ACE88
C 380
R
P 000001FBE42ACE88
P 000001FBE42AABF8
C 294
R
P 000001FBE42ACE88
C 380
R
P 000001FBE42ACE88
P 000001FBE42AABF8
C 9
R
P 000001FBE42ACE88
C 380
R
P 000001FBE42ACE88
P 000001FBE5FC5BA8
P 000001FBE42AAA98
I 0
P 0000000000000000
C 340
* 000001FBE42AABB8 4
R
P 000001FBE42ACE88
C 380
R
P 000001FBE42ACE88
P 000001FBE42AABB8
C 293
R
P 000001FBE42ACE88
C 380
R
P 000001FBE42ACE88
P 000001FBE42AABB8
C 290
= 000001FBE42A9078
R
P 000001FBE42ACE88
C 380
R
P 000001FBE42ACE88
P 000001FBE42A9078
C 244
R
P 000001FBE42ACE88
C 380
R
P 000001FBE42ACE88
P 000001FBE42AABB8
C 296
R
P 000001FBE42ACE88
C 380
R
P 000001FBE42ACE88
P 000001FBE42AABB8
C 295
R
P 000001FBE42ACE88
C 380
R
P 000001FBE42ACE88
P 000001FBE42AABB8
C 294
R
P 000001FBE42ACE88
C 380
R
P 000001FBE42ACE88
P 000001FBE42AABB8
C 9
R
P 000001FBE42ACE88
C 380
R
P 000001FBE42ACE88
P 000001FBE5FC5BA8
P 000001FBE42AAAB8
I 0
P 0000000000000000
C 340
* 000001FBE42A9BD8 4
R
P 000001FBE42ACE88
C 380
R
P 000001FBE42ACE88
P 000001FBE42A9BD8
C 293
R
P 000001FBE42ACE88
C 380
R
P 000001FBE42ACE88
P 000001FBE42A9BD8
C 290
= 000001FBE42A9078
R
P 000001FBE42ACE88
C 380
R
P 000001FBE42ACE88
P 000001FBE42A9078
C 244
R
P 000001FBE42ACE88
C 380
R
P 000001FBE42ACE88
P 000001FBE42A9BD8
C 296
R
P 000001FBE42ACE88
C 380
R
P 000001FBE42ACE88
P 000001FBE42A9BD8
C 295
R
P 000001FBE42ACE88
C 380
R
P 000001FBE42ACE88
P 000001FBE42A9BD8
C 294
R
P 000001FBE42ACE88
C 380
R
P 000001FBE42ACE88
P 000001FBE42A9BD8
C 9
R
P 000001FBE42ACE88
C 380
R
P 000001FBE42ACE88
P 000001FBE5FC5BA8
P 000001FBE42AAAD8
I 0
P 0000000000000000
C 340
* 000001FBE42AAB98 4
R
P 000001FBE42ACE88
C 380
R
P 000001FBE42ACE88
P 000001FBE42AAB98
C 293
R
P 000001FBE42ACE88
C 380
R
P 000001FBE42ACE88
P 000001FBE42AAB98
C 290
= 000001FBE42A9078
R
P 000001FBE42ACE88
C 380
R
P 000001FBE42ACE88
P 000001FBE42A9078
C 244
R
P 000001FBE42ACE88
C 380
R
P 000001FBE42ACE88
P 000001FBE42AAB98
C 296
R
P 000001FBE42ACE88
C 380
R
P 000001FBE42ACE88
P 000001FBE42AAB98
C 295
R
P 000001FBE42ACE88
C 380
R
P 000001FBE42ACE88
P 000001FBE42AAB98
C 294
R
P 000001FBE42ACE88
C 380
R
P 000001FBE42ACE88
P 000001FBE42AAB98
C 9
R
P 000001FBE42ACE88
C 380
R
P 000001FBE42ACE88
P 000001FBE5FC5BA8
P 000001FBE42AAAF8
I 0
P 0000000000000000
C 340
* 000001FBE42AAC18 4
R
P 000001FBE42ACE88
C 380
R
P 000001FBE42ACE88
P 000001FBE42AAC18
C 293
R
P 000001FBE42ACE88
C 380
R
P 000001FBE42ACE88
P 000001FBE42AAC18
C 290
= 000001FBE42A9078
R
P 000001FBE42ACE88
C 380
R
P 000001FBE42ACE88
P 000001FBE42A9078
C 244
R
P 000001FBE42ACE88
C 380
R
P 000001FBE42ACE88
P 000001FBE42AAC18
C 296
R
P 000001FBE42ACE88
C 380
R
P 000001FBE42ACE88
P 000001FBE42AAC18
C 295
R
P 000001FBE42ACE88
C 380
R
P 000001FBE42ACE88
P 000001FBE42AAC18
C 294
R
P 000001FBE42ACE88
C 380
R
P 000001FBE42ACE88
P 000001FBE42AAC18
C 9
R
P 000001FBE42ACE88
C 380
R
P 000001FBE42ACE88
P 000001FBE5FC5BA8
P 000001FBE42AAB18
I 0
P 0000000000000000
C 340
* 000001FBE42A9E58 4
R
P 000001FBE42ACE88
C 380
R
P 000001FBE42ACE88
P 000001FBE42A9E58
C 293
R
P 000001FBE42ACE88
C 380
R
P 000001FBE42ACE88
P 000001FBE42A9E58
C 290
= 000001FBE42A9078
R
P 000001FBE42ACE88
C 380
R
P 000001FBE42ACE88
P 000001FBE42A9078
C 244
R
P 000001FBE42ACE88
C 380
R
P 000001FBE42ACE88
P 000001FBE42A9E58
C 296
R
P 000001FBE42ACE88
C 380
R
P 000001FBE42ACE88
P 000001FBE42A9E58
C 295
R
P 000001FBE42ACE88
C 380
R
P 000001FBE42ACE88
P 000001FBE42A9E58
C 294
R
P 000001FBE42ACE88
C 380
R
P 000001FBE42ACE88
P 000001FBE42A9E58
C 9
R
P 000001FBE42ACE88
C 380
R
P 000001FBE42ACE88
P 000001FBE5FC5BA8
P 000001FBE42AAB38
I 0
P 0000000000000000
C 340
* 000001FBE42AABD8 4
R
P 000001FBE42ACE88
C 380
R
P 000001FBE42ACE88
P 000001FBE42AABD8
C 293
R
P 000001FBE42ACE88
C 380
R
P 000001FBE42ACE88
P 000001FBE42AABD8
C 290
= 000001FBE42A9078
R
P 000001FBE42ACE88
C 380
R
P 000001FBE42ACE88
P 000001FBE42A9078
C 244
R
P 000001FBE42ACE88
C 380
R
P 000001FBE42ACE88
P 000001FBE42AABD8
C 296
R
P 000001FBE42ACE88
C 380
R
P 000001FBE42ACE88
P 000001FBE42AABD8
C 295
R
P 000001FBE42ACE88
C 380
R
P 000001FBE42ACE88
P 000001FBE42AABD8
C 294
R
P 000001FBE42ACE88
C 380
R
P 000001FBE42ACE88
P 000001FBE42AABD8
C 9
R
P 000001FBE42ACE88
C 380
R
P 000001FBE42ACE88
P 000001FBE5FC5BA8
P 000001FBE42AAB58
I 0
P 0000000000000000
C 340
* 000001FBE42AAC38 4
R
P 000001FBE42ACE88
C 380
R
P 000001FBE42ACE88
P 000001FBE42AAC38
C 293
R
P 000001FBE42ACE88
C 380
R
P 000001FBE42ACE88
P 000001FBE42AAC38
C 290
= 000001FBE42A9078
R
P 000001FBE42ACE88
C 380
R
P 000001FBE42ACE88
P 000001FBE42A9078
C 244
R
P 000001FBE42ACE88
C 380
R
P 000001FBE42ACE88
P 000001FBE42AAC38
C 296
R
P 000001FBE42ACE88
C 380
R
P 000001FBE42ACE88
P 000001FBE42AAC38
C 295
R
P 000001FBE42ACE88
C 380
R
P 000001FBE42ACE88
P 000001FBE42AAC38
C 294
R
P 000001FBE42ACE88
C 380
R
P 000001FBE42ACE88
P 000001FBE42AAC38
C 9
R
P 000001FBE42ACE88
C 380
R
P 000001FBE42ACE88
P 000001FBE5FC5BA8
P 000001FBE42AAB78
I 0
P 0000000000000000
C 340
* 000001FBE42AAC58 4
R
P 000001FBE42ACE88
C 380
R
P 000001FBE42ACE88
P 000001FBE42AAC58
C 293
R
P 000001FBE42ACE88
C 380
R
P 000001FBE42ACE88
P 000001FBE42AAC58
C 290
= 000001FBE42A9078
R
P 000001FBE42ACE88
C 380
R
P 000001FBE42ACE88
P 000001FBE42A9078
C 244
R
P 000001FBE42ACE88
C 380
R
P 000001FBE42ACE88
P 000001FBE42AAC58
C 296
R
P 000001FBE42ACE88
C 380
R
P 000001FBE42ACE88
P 000001FBE42AAC58
C 295
R
P 000001FBE42ACE88
C 380
R
P 000001FBE42ACE88
P 000001FBE42AAC58
C 294
R
P 000001FBE42ACE88
C 380
R
P 000001FBE42ACE88
P 000001FBE42AAC58
C 9
R
P 000001FBE42ACE88
C 380
R
P 000001FBE42ACE88
P 000001FBE42AAC18
C 299
R
P 000001FBE42ACE88
C 380
R
P 000001FBE42ACE88
P 000001FBE42A9BD8
C 299
R
P 000001FBE42ACE88
C 380
R
P 000001FBE42ACE88
P 000001FBE42AABF8
C 299
R
P 000001FBE42ACE88
C 380
R
P 000001FBE42ACE88
P 000001FBE42AAC38
C 299
R
P 000001FBE42ACE88
C 380
R
P 000001FBE42ACE88
P 000001FBE42AAB98
C 299
R
P 000001FBE42ACE88
C 380
R
P 000001FBE42ACE88
P 000001FBE42AABB8
C 299
R
P 000001FBE42ACE88
C 380
R
P 000001FBE42ACE88
P 000001FBE42AAC58
C 299
R
P 000001FBE42ACE88
C 380
R
P 000001FBE42ACE88
P 000001FBE42AABD8
C 299
R
P 000001FBE42ACE88
C 380
R
P 000001FBE42ACE88
P 000001FBE42A9E58
C 299
R
P 000001FBE42ACE88
C 380
R
P 000001FBE42ACE88
P 000001FBE42A9E58
C 299
R
P 000001FBE42ACE88
C 380
R
P 000001FBE42ACE88
P 000001FBE42AABD8
C 299
R
P 000001FBE42ACE88
C 380
R
P 000001FBE42ACE88
P 000001FBE42AABB8
C 299
R
P 000001FBE42ACE88
C 380
R
P 000001FBE42ACE88
P 000001FBE42AABF8
C 299
R
P 000001FBE42ACE88
C 380
R
P 000001FBE42ACE88
P 000001FBE42A9BD8
C 299
R
P 000001FBE42ACE88
C 380
R
P 000001FBE42ACE88
P 000001FBE42AAC58
C 299
R
P 000001FBE42ACE88
C 380
R
P 000001FBE42ACE88
P 000001FBE42AAC38
C 299
R
P 000001FBE42ACE88
C 380
R
P 000001FBE42ACE88
P 000001FBE42AAB98
C 299
R
P 000001FBE42ACE88
C 380
R
P 000001FBE42ACE88
P 000001FBE42AAC18
C 299
R
P 000001FBE42ACE88
C 380
R
P 000001FBE42ACE88
P 000001FBE42AAC58
C 299
R
P 000001FBE42ACE88
C 380
R
P 000001FBE42ACE88
P 000001FBE42AAC38
C 299
R
P 000001FBE42ACE88
C 380
R
P 000001FBE42ACE88
P 000001FBE42AAB98
C 299
R
P 000001FBE42ACE88
C 380
R
P 000001FBE42ACE88
P 000001FBE42AAC18
C 299
R
P 000001FBE42ACE88
C 380
R
P 000001FBE42ACE88
P 000001FBE42A9E58
C 299
R
P 000001FBE42ACE88
C 380
R
P 000001FBE42ACE88
P 000001FBE42AABD8
C 299
R
P 000001FBE42ACE88
C 380
R
P 000001FBE42ACE88
P 000001FBE42A9BD8
C 299
R
P 000001FBE42ACE88
C 380
R
P 000001FBE42ACE88
P 000001FBE42AABB8
C 299
R
P 000001FBE42ACE88
C 380
R
P 000001FBE42ACE88
P 000001FBE42AABF8
C 299
R
P 000001FBE42ACE88
C 380
R
P 000001FBE42ACE88
P 000001FBE42AABB8
C 299
R
P 000001FBE42ACE88
C 380
R
P 000001FBE42ACE88
P 000001FBE42AAB98
C 299
R
P 000001FBE42ACE88
C 380
R
P 000001FBE42ACE88
P 000001FBE42AABD8
C 299
R
P 000001FBE42ACE88
C 380
R
P 000001FBE42ACE88
P 000001FBE42AAC58
C 299
R
P 000001FBE42ACE88
C 380
R
P 000001FBE42ACE88
P 000001FBE42AABF8
C 299
R
P 000001FBE42ACE88
C 380
R
P 000001FBE42ACE88
P 000001FBE42AAC18
C 299
R
P 000001FBE42ACE88
C 380
R
P 000001FBE42ACE88
P 000001FBE42A9E58
C 299
R
P 000001FBE42ACE88
C 380
R
P 000001FBE42ACE88
P 000001FBE42A9BD8
C 299
R
P 000001FBE42ACE88
C 380
R
P 000001FBE42ACE88
P 000001FBE42AAC38
C 299
R
P 000001FBE42ACE88
C 380
R
P 000001FBE42ACE88
P 000001FBE42AAC38
C 299
R
P 000001FBE42ACE88
C 380
R
P 000001FBE42ACE88
P 000001FBE42AAC58
C 299
R
P 000001FBE42ACE88
C 380
R
P 000001FBE42ACE88
P 000001FBE42AAC18
C 299
R
P 000001FBE42ACE88
C 380
R
P 000001FBE42ACE88
P 000001FBE42A9E58
C 299
R
P 000001FBE42ACE88
C 380
R
P 000001FBE42ACE88
P 000001FBE42AABD8
C 299
R
P 000001FBE42ACE88
C 380
R
P 000001FBE42ACE88
P 000001FBE42A9BD8
C 299
R
P 000001FBE42ACE88
C 380
R
P 000001FBE42ACE88
P 000001FBE42AAB98
C 299
R
P 000001FBE42ACE88
C 380
R
P 000001FBE42ACE88
P 000001FBE42AABF8
C 299
R
P 000001FBE42ACE88
C 380
R
P 000001FBE42ACE88
P 000001FBE42AABB8
C 299
R
P 000001FBE42ACE88
C 380
R
P 000001FBE42ACE88
P 000001FBE42A9BD8
C 299
R
P 000001FBE42ACE88
C 380
R
P 000001FBE42ACE88
P 000001FBE42AABF8
C 299
R
P 000001FBE42ACE88
C 380
R
P 000001FBE42ACE88
P 000001FBE42A9E58
C 299
R
P 000001FBE42ACE88
C 380
R
P 000001FBE42ACE88
P 000001FBE42AABB8
C 299
R
P 000001FBE42ACE88
C 380
R
P 000001FBE42ACE88
P 000001FBE42AAC38
C 299
R
P 000001FBE42ACE88
C 380
R
P 000001FBE42ACE88
P 000001FBE42AAB98
C 299
R
P 000001FBE42ACE88
C 380
R
P 000001FBE42ACE88
P 000001FBE42AAC18
C 299
R
P 000001FBE42ACE88
C 380
R
P 000001FBE42ACE88
P 000001FBE42AAC58
C 299
R
P 000001FBE42ACE88
C 380
R
P 000001FBE42ACE88
P 000001FBE42AABD8
C 299
R
P 000001FBE42ACE88
C 380
R
P 000001FBE42ACE88
P 000001FBE42AABD8
C 299
R
P 000001FBE42ACE88
C 380
R
P 000001FBE42ACE88
P 000001FBE42AAC18
C 299
R
P 000001FBE42ACE88
C 380
R
P 000001FBE42ACE88
P 000001FBE42AAC58
C 299
R
P 000001FBE42ACE88
C 380
R
P 000001FBE42ACE88
P 000001FBE42A9BD8
C 299
R
P 000001FBE42ACE88
C 380
R
P 000001FBE42ACE88
P 000001FBE42AABB8
C 299
R
P 000001FBE42ACE88
C 380
R
P 000001FBE42ACE88
P 000001FBE42AAC38
C 299
R
P 000001FBE42ACE88
C 380
R
P 000001FBE42ACE88
P 000001FBE42AABF8
C 299
R
P 000001FBE42ACE88
C 380
R
P 000001FBE42ACE88
P 000001FBE42A9E58
C 299
R
P 000001FBE42ACE88
C 380
R
P 000001FBE42ACE88
P 000001FBE42AAB98
C 299
R
P 000001FBE42ACE88
C 380
R
P 000001FBE42ACE88
P 000001FBE42AAB98
C 299
R
P 000001FBE42ACE88
C 380
R
P 000001FBE42ACE88
P 000001FBE42A9E58
C 299
R
P 000001FBE42ACE88
C 380
R
P 000001FBE42ACE88
P 000001FBE42AAC38
C 299
R
P 000001FBE42ACE88
C 380
R
P 000001FBE42ACE88
P 000001FBE42AABD8
C 299
R
P 000001FBE42ACE88
C 380
R
P 000001FBE42ACE88
P 000001FBE42AAC58
C 299
R
P 000001FBE42ACE88
C 380
R
P 000001FBE42ACE88
P 000001FBE42AABF8
C 299
R
P 000001FBE42ACE88
C 380
R
P 000001FBE42ACE88
P 000001FBE42AABB8
C 299
R
P 000001FBE42ACE88
C 380
R
P 000001FBE42ACE88
P 000001FBE42AAC18
C 299
R
P 000001FBE42ACE88
C 380
R
P 000001FBE42ACE88
P 000001FBE42A9BD8
C 299
R
P 000001FBE42ACE88
C 380
R
P 000001FBE42ACE88
P 000001FBE42AABF8
C 299
R
P 000001FBE42ACE88
C 380
R
P 000001FBE42ACE88
P 000001FBE42AABB8
C 299
R
P 000001FBE42ACE88
C 380
R
P 000001FBE42ACE88
P 000001FBE42A9BD8
C 299
R
P 000001FBE42ACE88
C 380
R
P 000001FBE42ACE88
P 000001FBE42AAB98
C 299
R
P 000001FBE42ACE88
C 380
R
P 000001FBE42ACE88
P 000001FBE42AAC18
C 299
R
P 000001FBE42ACE88
C 380
R
P 000001FBE42ACE88
P 000001FBE42A9E58
C 299
R
P 000001FBE42ACE88
C 380
R
P 000001FBE42ACE88
P 000001FBE42AABD8
C 299
R
P 000001FBE42ACE88
C 380
R
P 000001FBE42ACE88
P 000001FBE42AAC38
C 299
R
P 000001FBE42ACE88
C 380
R
P 000001FBE42ACE88
P 000001FBE42AAC58
C 299
R
P 000001FBE42ACE88
C 380
M "QuantifierExample"
R
P 000001FBE42ACE88
S "x_0"
C 30
R
P 000001FBE42ACE88
C 380
R
P 000001FBE42ACE88
$ |x_0|
C 237
R
P 000001FBE42ACE88
C 380
R
P 000001FBE42ACE88
$ |x_0|
P 000001FBE42A9078
C 51
= 000001FBE62331A8
R
P 000001FBE42ACE88
C 380
R
P 000001FBE42ACE88
P 000001FBE62331A8
C 293
R
P 000001FBE42ACE88
C 380
R
P 000001FBE42ACE88
P 000001FBE62331A8
C 290
= 000001FBE42A9078
R
P 000001FBE42ACE88
C 380
R
P 000001FBE42ACE88
P 000001FBE42A9078
C 244
R
P 000001FBE42ACE88
C 380
R
P 000001FBE42ACE88
P 000001FBE62331A8
C 296
R
P 000001FBE42ACE88
C 380
R
P 000001FBE42ACE88
P 000001FBE62331A8
C 295
R
P 000001FBE42ACE88
C 380
R
P 000001FBE42ACE88
P 000001FBE62331A8
C 294
R
P 000001FBE42ACE88
C 380
R
P 000001FBE42ACE88
P 000001FBE62331A8
C 9
R
P 000001FBE42ACE88
C 380
R
P 000001FBE42ACE88
U 2
P 000001FBE42A9078
C 226
= 000001FBE6233188
R
P 000001FBE42ACE88
C 380
R
P 000001FBE42ACE88
P 000001FBE6233188
C 293
R
P 000001FBE42ACE88
C 380
R
P 000001FBE42ACE88
P 000001FBE6233188
C 290
= 000001FBE42A9078
R
P 000001FBE42ACE88
C 380
R
P 000001FBE42ACE88
P 000001FBE42A9078
C 244
R
P 000001FBE42ACE88
C 380
R
P 000001FBE42ACE88
P 000001FBE6233188
C 296
R
P 000001FBE42ACE88
C 380
R
P 000001FBE42ACE88
P 000001FBE6233188
C 295
R
P 000001FBE42ACE88
C 380
R
P 000001FBE42ACE88
P 000001FBE6233188
C 294
R
P 000001FBE42ACE88
C 380
R
P 000001FBE42ACE88
P 000001FBE6233188
C 293
R
P 000001FBE42ACE88
C 380
R
P 000001FBE42ACE88
P 000001FBE6233188
C 9
R
P 000001FBE42ACE88
C 380
R
P 000001FBE42ACE88
S "x_1"
C 30
R
P 000001FBE42ACE88
C 380
R
P 000001FBE42ACE88
$ |x_1|
C 237
R
P 000001FBE42ACE88
C 380
R
P 000001FBE42ACE88
$ |x_1|
P 000001FBE42A9078
C 51
= 000001FBE6233168
R
P 000001FBE42ACE88
C 380
R
P 000001FBE42ACE88
P 000001FBE6233168
C 293
R
P 000001FBE42ACE88
C 380
R
P 000001FBE42ACE88
P 000001FBE6233168
C 290
= 000001FBE42A9078
R
P 000001FBE42ACE88
C 380
R
P 000001FBE42ACE88
P 000001FBE42A9078
C 244
R
P 000001FBE42ACE88
C 380
R
P 000001FBE42ACE88
P 000001FBE6233168
C 296
R
P 000001FBE42ACE88
C 380
R
P 000001FBE42ACE88
P 000001FBE6233168
C 295
R
P 000001FBE42ACE88
C 380
R
P 000001FBE42ACE88
P 000001FBE6233168
C 294
R
P 000001FBE42ACE88
C 380
R
P 000001FBE42ACE88
P 000001FBE6233168
C 9
R
P 000001FBE42ACE88
C 380
R
P 000001FBE42ACE88
U 1
P 000001FBE42A9078
C 226
= 000001FBE6233148
R
P 000001FBE42ACE88
C 380
R
P 000001FBE42ACE88
P 000001FBE6233148
C 293
R
P 000001FBE42ACE88
C 380
R
P 000001FBE42ACE88
P 000001FBE6233148
C 290
= 000001FBE42A9078
R
P 000001FBE42ACE88
C 380
R
P 000001FBE42ACE88
P 000001FBE42A9078
C 244
R
P 000001FBE42ACE88
C 380
R
P 000001FBE42ACE88
P 000001FBE6233148
C 296
R
P 000001FBE42ACE88
C 380
R
P 000001FBE42ACE88
P 000001FBE6233148
C 295
R
P 000001FBE42ACE88
C 380
R
P 000001FBE42ACE88
P 000001FBE6233148
C 294
R
P 000001FBE42ACE88
C 380
R
P 000001FBE42ACE88
P 000001FBE6233148
C 293
R
P 000001FBE42ACE88
C 380
R
P 000001FBE42ACE88
P 000001FBE6233148
C 9
R
P 000001FBE42ACE88
C 380
R
P 000001FBE42ACE88
S "x_2"
C 30
R
P 000001FBE42ACE88
C 380
R
P 000001FBE42ACE88
$ |x_2|
C 237
R
P 000001FBE42ACE88
C 380
R
P 000001FBE42ACE88
$ |x_2|
P 000001FBE42A9078
C 51
= 000001FBE6233128
R
P 000001FBE42ACE88
C 380
R
P 000001FBE42ACE88
P 000001FBE6233128
C 293
R
P 000001FBE42ACE88
C 380
R
P 000001FBE42ACE88
P 000001FBE6233128
C 290
= 000001FBE42A9078
R
P 000001FBE42ACE88
C 380
R
P 000001FBE42ACE88
P 000001FBE42A9078
C 244
R
P 000001FBE42ACE88
C 380
R
P 000001FBE42ACE88
P 000001FBE6233128
C 296
R
P 000001FBE42ACE88
C 380
R
P 000001FBE42ACE88
P 000001FBE6233128
C 295
R
P 000001FBE42ACE88
C 380
R
P 000001FBE42ACE88
P 000001FBE6233128
C 294
R
P 000001FBE42ACE88
C 380
R
P 000001FBE42ACE88
P 000001FBE6233128
C 9
R
P 000001FBE42ACE88
C 380
R
P 000001FBE42ACE88
U 0
P 000001FBE42A9078
C 226
= 000001FBE6233108
R
P 000001FBE42ACE88
C 380
R
P 000001FBE42ACE88
P 000001FBE6233108
C 293
R
P 000001FBE42ACE88
C 380
R
P 000001FBE42ACE88
P 000001FBE6233108
C 290
= 000001FBE42A9078
R
P 000001FBE42ACE88
C 380
R
P 000001FBE42ACE88
P 000001FBE42A9078
C 244
R
P 000001FBE42ACE88
C 380
R
P 000001FBE42ACE88
P 000001FBE6233108
C 296
R
P 000001FBE42ACE88
C 380
R
P 000001FBE42ACE88
P 000001FBE6233108
C 295
R
P 000001FBE42ACE88
C 380
R
P 000001FBE42ACE88
P 000001FBE6233108
C 294
R
P 000001FBE42ACE88
C 380
R
P 000001FBE42ACE88
P 000001FBE6233108
C 293
R
P 000001FBE42ACE88
C 380
R
P 000001FBE42ACE88
P 000001FBE6233108
C 9
R
P 000001FBE42ACE88
C 380
R
P 000001FBE42ACE88
I 1
P 000001FBE42A9078
C 154
= 000001FBE42A9BD8
R
P 000001FBE42ACE88
C 380
R
P 000001FBE42ACE88
P 000001FBE42A9BD8
C 294
R
P 000001FBE42ACE88
C 380
R
P 000001FBE42ACE88
P 000001FBE42A9BD8
C 9
R
P 000001FBE42ACE88
C 380
R
P 000001FBE42ACE88
U 2
P 000001FBE6233188
P 000001FBE42A9BD8
p 2
C 67
= 000001FBE5619478
R
P 000001FBE42ACE88
C 380
R
P 000001FBE42ACE88
P 000001FBE5619478
C 293
R
P 000001FBE42ACE88
C 380
R
P 000001FBE42ACE88
P 000001FBE5619478
C 290
= 000001FBE42A9078
R
P 000001FBE42ACE88
C 380
R
P 000001FBE42ACE88
P 000001FBE42A9078
C 244
R
P 000001FBE42ACE88
C 380
R
P 000001FBE42ACE88
P 000001FBE5619478
C 296
R
P 000001FBE42ACE88
C 380
R
P 000001FBE42ACE88
P 000001FBE5619478
C 295
R
P 000001FBE42ACE88
C 380
R
P 000001FBE42ACE88
P 000001FBE5619478
C 294
R
P 000001FBE42ACE88
C 380
R
P 000001FBE42ACE88
P 000001FBE5619478
C 9
R
P 000001FBE42ACE88
C 380
R
P 000001FBE42ACE88
I 2
P 000001FBE42A9078
C 154
= 000001FBE42A9E58
R
P 000001FBE42ACE88
C 380
R
P 000001FBE42ACE88
P 000001FBE42A9E58
C 294
R
P 000001FBE42ACE88
C 380
R
P 000001FBE42ACE88
P 000001FBE42A9E58
C 9
R
P 000001FBE42ACE88
C 380
R
P 000001FBE42ACE88
P 000001FBE5619478
P 000001FBE42A9E58
C 58
= 000001FBE5C23F88
R
P 000001FBE42ACE88
C 380
R
P 000001FBE42ACE88
P 000001FBE5C23F88
C 294
R
P 000001FBE42ACE88
C 380
R
P 000001FBE42ACE88
P 000001FBE5C23F88
C 9
R
P 000001FBE42ACE88
C 380
R
P 000001FBE42ACE88
I 2
P 000001FBE42A9078
C 154
= 000001FBE42A9E58
R
P 000001FBE42ACE88
C 380
R
P 000001FBE42ACE88
P 000001FBE42A9E58
C 294
R
P 000001FBE42ACE88
C 380
R
P 000001FBE42ACE88
P 000001FBE42A9E58
C 9
R
P 000001FBE42ACE88
C 380
R
P 000001FBE42ACE88
U 2
P 000001FBE6233148
P 000001FBE42A9E58
p 2
C 67
= 000001FBE5C298F0
R
P 000001FBE42ACE88
C 380
R
P 000001FBE42ACE88
P 000001FBE5C298F0
C 293
R
P 000001FBE42ACE88
C 380
R
P 000001FBE42ACE88
P 000001FBE5C298F0
C 290
= 000001FBE42A9078
R
P 000001FBE42ACE88
C 380
R
P 000001FBE42ACE88
P 000001FBE42A9078
C 244
R
P 000001FBE42ACE88
C 380
R
P 000001FBE42ACE88
P 000001FBE5C298F0
C 296
R
P 000001FBE42ACE88
C 380
R
P 000001FBE42ACE88
P 000001FBE5C298F0
C 295
R
P 000001FBE42ACE88
C 380
R
P 000001FBE42ACE88
P 000001FBE5C298F0
C 294
R
P 000001FBE42ACE88
C 380
R
P 000001FBE42ACE88
P 000001FBE5C298F0
C 9
R
P 000001FBE42ACE88
C 380
R
P 000001FBE42ACE88
I 3
P 000001FBE42A9078
C 154
= 000001FBE42AABD8
R
P 000001FBE42ACE88
C 380
R
P 000001FBE42ACE88
P 000001FBE42AABD8
C 294
R
P 000001FBE42ACE88
C 380
R
P 000001FBE42ACE88
P 000001FBE42AABD8
C 9
R
P 000001FBE42ACE88
C 380
R
P 000001FBE42ACE88
U 2
P 000001FBE6233108
P 000001FBE42AABD8
p 2
C 67
= 000001FBE5619440
R
P 000001FBE42ACE88
C 380
R
P 000001FBE42ACE88
P 000001FBE5619440
C 293
R
P 000001FBE42ACE88
C 380
R
P 000001FBE42ACE88
P 000001FBE5619440
C 290
= 000001FBE42A9078
R
P 000001FBE42ACE88
C 380
R
P 000001FBE42ACE88
P 000001FBE42A9078
C 244
R
P 000001FBE42ACE88
C 380
R
P 000001FBE42ACE88
P 000001FBE5619440
C 296
R
P 000001FBE42ACE88
C 380
R
P 000001FBE42ACE88
P 000001FBE5619440
C 295
R
P 000001FBE42ACE88
C 380
R
P 000001FBE42ACE88
P 000001FBE5619440
C 294
R
P 000001FBE42ACE88
C 380
R
P 000001FBE42ACE88
P 000001FBE5619440
C 9
R
P 000001FBE42ACE88
C 380
R
P 000001FBE42ACE88
P 000001FBE5C298F0
P 000001FBE5619440
C 58
= 000001FBE5C23F50
R
P 000001FBE42ACE88
C 380
R
P 000001FBE42ACE88
P 000001FBE5C23F50
C 294
R
P 000001FBE42ACE88
C 380
R
P 000001FBE42ACE88
P 000001FBE5C23F50
C 9
R
P 000001FBE42ACE88
C 380
R
P 000001FBE42ACE88
U 2
P 000001FBE5C23F88
P 000001FBE5C23F50
p 2
C 65
= 000001FBE5C298B8
R
P 000001FBE42ACE88
C 380
R
P 000001FBE42ACE88
P 000001FBE5C298B8
C 294
R
P 000001FBE42ACE88
C 380
R
P 000001FBE42ACE88
P 000001FBE5C298B8
C 9
R
P 000001FBE42ACE88
C 380
R
P 000001FBE42ACE88
I 1
P 000001FBE42A9078
C 154
= 000001FBE42A9BD8
R
P 000001FBE42ACE88
C 380
R
P 000001FBE42ACE88
P 000001FBE42A9BD8
C 294
R
P 000001FBE42ACE88
C 380
R
P 000001FBE42ACE88
P 000001FBE42A9BD8
C 9
R
P 000001FBE42ACE88
C 380
R
P 000001FBE42ACE88
U 2
P 000001FBE62331A8
P 000001FBE42A9BD8
p 2
C 67
= 000001FBE5619408
R
P 000001FBE42ACE88
C 380
R
P 000001FBE42ACE88
P 000001FBE5619408
C 293
R
P 000001FBE42ACE88
C 380
R
P 000001FBE42ACE88
P 000001FBE5619408
C 290
= 000001FBE42A9078
R
P 000001FBE42ACE88
C 380
R
P 000001FBE42ACE88
P 000001FBE42A9078
C 244
R
P 000001FBE42ACE88
C 380
R
P 000001FBE42ACE88
P 000001FBE5619408
C 296
R
P 000001FBE42ACE88
C 380
R
P 000001FBE42ACE88
P 000001FBE5619408
C 295
R
P 000001FBE42ACE88
C 380
R
P 000001FBE42ACE88
P 000001FBE5619408
C 294
R
P 000001FBE42ACE88
C 380
R
P 000001FBE42ACE88
P 000001FBE5619408
C 9
R
P 000001FBE42ACE88
C 380
R
P 000001FBE42ACE88
I 2
P 000001FBE42A9078
C 154
= 000001FBE42A9E58
R
P 000001FBE42ACE88
C 380
R
P 000001FBE42ACE88
P 000001FBE42A9E58
C 294
R
P 000001FBE42ACE88
C 380
R
P 000001FBE42ACE88
P 000001FBE42A9E58
C 9
R
P 000001FBE42ACE88
C 380
R
P 000001FBE42ACE88
P 000001FBE5619408
P 000001FBE42A9E58
C 58
= 000001FBE5C1A638
R
P 000001FBE42ACE88
C 380
R
P 000001FBE42ACE88
P 000001FBE5C1A638
C 294
R
P 000001FBE42ACE88
C 380
R
P 000001FBE42ACE88
P 000001FBE5C1A638
C 9
R
P 000001FBE42ACE88
C 380
R
P 000001FBE42ACE88
I 2
P 000001FBE42A9078
C 154
= 000001FBE42A9E58
R
P 000001FBE42ACE88
C 380
R
P 000001FBE42ACE88
P 000001FBE42A9E58
C 294
R
P 000001FBE42ACE88
C 380
R
P 000001FBE42ACE88
P 000001FBE42A9E58
C 9
R
P 000001FBE42ACE88
C 380
R
P 000001FBE42ACE88
U 2
P 000001FBE6233168
P 000001FBE42A9E58
p 2
C 67
= 000001FBE5C29880
R
P 000001FBE42ACE88
C 380
R
P 000001FBE42ACE88
P 000001FBE5C29880
C 293
R
P 000001FBE42ACE88
C 380
R
P 000001FBE42ACE88
P 000001FBE5C29880
C 290
= 000001FBE42A9078
R
P 000001FBE42ACE88
C 380
R
P 000001FBE42ACE88
P 000001FBE42A9078
C 244
R
P 000001FBE42ACE88
C 380
R
P 000001FBE42ACE88
P 000001FBE5C29880
C 296
R
P 000001FBE42ACE88
C 380
R
P 000001FBE42ACE88
P 000001FBE5C29880
C 295
R
P 000001FBE42ACE88
C 380
R
P 000001FBE42ACE88
P 000001FBE5C29880
C 294
R
P 000001FBE42ACE88
C 380
R
P 000001FBE42ACE88
P 000001FBE5C29880
C 9
R
P 000001FBE42ACE88
C 380
R
P 000001FBE42ACE88
I 3
P 000001FBE42A9078
C 154
= 000001FBE42AABD8
R
P 000001FBE42ACE88
C 380
R
P 000001FBE42ACE88
P 000001FBE42AABD8
C 294
R
P 000001FBE42ACE88
C 380
R
P 000001FBE42ACE88
P 000001FBE42AABD8
C 9
R
P 000001FBE42ACE88
C 380
R
P 000001FBE42ACE88
U 2
P 000001FBE6233128
P 000001FBE42AABD8
p 2
C 67
= 000001FBE5C23EA8
R
P 000001FBE42ACE88
C 380
R
P 000001FBE42ACE88
P 000001FBE5C23EA8
C 293
R
P 000001FBE42ACE88
C 380
R
P 000001FBE42ACE88
P 000001FBE5C23EA8
C 290
= 000001FBE42A9078
R
P 000001FBE42ACE88
C 380
R
P 000001FBE42ACE88
P 000001FBE42A9078
C 244
R
P 000001FBE42ACE88
C 380
R
P 000001FBE42ACE88
P 000001FBE5C23EA8
C 296
R
P 000001FBE42ACE88
C 380
R
P 000001FBE42ACE88
P 000001FBE5C23EA8
C 295
R
P 000001FBE42ACE88
C 380
R
P 000001FBE42ACE88
P 000001FBE5C23EA8
C 294
R
P 000001FBE42ACE88
C 380
R
P 000001FBE42ACE88
P 000001FBE5C23EA8
C 9
R
P 000001FBE42ACE88
C 380
R
P 000001FBE42ACE88
P 000001FBE5C29880
P 000001FBE5C23EA8
C 58
= 000001FBE5C23E70
R
P 000001FBE42ACE88
C 380
R
P 000001FBE42ACE88
P 000001FBE5C23E70
C 294
R
P 000001FBE42ACE88
C 380
R
P 000001FBE42ACE88
P 000001FBE5C23E70
C 9
R
P 000001FBE42ACE88
C 380
R
P 000001FBE42ACE88
U 2
P 000001FBE5C1A638
P 000001FBE5C23E70
p 2
C 65
= 000001FBE5C23E38
R
P 000001FBE42ACE88
C 380
R
P 000001FBE42ACE88
P 000001FBE5C23E38
C 294
R
P 000001FBE42ACE88
C 380
R
P 000001FBE42ACE88
P 000001FBE5C23E38
C 9
R
P 000001FBE42ACE88
C 380
R
P 000001FBE42ACE88
S "Q1"
C 30
R
P 000001FBE42ACE88
C 380
R
P 000001FBE42ACE88
$ |Q1|
C 237
R
P 000001FBE42ACE88
C 380
R
P 000001FBE42ACE88
S "skid1"
C 30
R
P 000001FBE42ACE88
C 380
R
P 000001FBE42ACE88
$ |skid1|
C 237
R
P 000001FBE42ACE88
C 380
R
P 000001FBE42ACE88
I 1
U 1
$ |Q1|
$ |skid1|
U 0
p 0
U 0
p 0
U 3
P 000001FBE42A9078
P 000001FBE42A9078
P 000001FBE42A9078
p 3
$ |x_0|
$ |x_1|
$ |x_2|
s 3
P 000001FBE5C298B8
C 230
= 000001FBE42D2178
R
P 000001FBE42ACE88
C 380
R
P 000001FBE42ACE88
P 000001FBE42D2178
C 293
R
P 000001FBE42ACE88
C 380
R
P 000001FBE42ACE88
P 000001FBE42D2178
C 294
R
P 000001FBE42ACE88
C 380
R
P 000001FBE42ACE88
P 000001FBE42D2178
C 293
R
P 000001FBE42ACE88
C 380
R
P 000001FBE42ACE88
P 000001FBE42D2178
C 293
R
P 000001FBE42ACE88
C 380
R
P 000001FBE42ACE88
P 000001FBE42D2178
C 9
R
P 000001FBE42ACE88
C 380
R
P 000001FBE42ACE88
P 000001FBE42D2178
C 371
R
P 000001FBE42ACE88
C 380
R
P 000001FBE42ACE88
S "Q2"
C 30
R
P 000001FBE42ACE88
C 380
R
P 000001FBE42ACE88
$ |Q2|
C 237
R
P 000001FBE42ACE88
C 380
R
P 000001FBE42ACE88
S "skid2"
C 30
R
P 000001FBE42ACE88
C 380
R
P 000001FBE42ACE88
$ |skid2|
C 237
R
P 000001FBE42ACE88
C 380
R
P 000001FBE42ACE88
I 1
U 1
$ |Q2|
$ |skid2|
U 3
P 000001FBE62331A8
P 000001FBE6233168
P 000001FBE6233128
p 3
U 0
p 0
U 0
p 0
P 000001FBE5C23E38
C 234
= 000001FBE42D2178
R
P 000001FBE42ACE88
C 380
R
P 000001FBE42ACE88
P 000001FBE42D2178
C 293
R
P 000001FBE42ACE88
C 380
R
P 000001FBE42ACE88
P 000001FBE42D2178
C 294
R
P 000001FBE42ACE88
C 380
R
P 000001FBE42ACE88
P 000001FBE42D2178
C 293
R
P 000001FBE42ACE88
C 380
R
P 000001FBE42ACE88
P 000001FBE42D2178
C 293
R
P 000001FBE42ACE88
C 380
R
P 000001FBE42ACE88
P 000001FBE42D2178
C 9
R
P 000001FBE42ACE88
C 380
R
P 000001FBE42ACE88
P 000001FBE42D2178
C 371
R
P 000001FBE42ACE88
C 380
M "QuantifierExample2"
R
P 000001FBE42ACE88
S "f"
C 30
R
P 000001FBE42ACE88
C 380
R
P 000001FBE42ACE88
$ |f|
C 237
R
P 000001FBE42ACE88
C 380
R
P 000001FBE42ACE88
$ |f|
U 1
P 000001FBE42A9078
p 1
P 000001FBE42A9078
C 49
= 000001FBE5C23E00
R
P 000001FBE42ACE88
C 380
R
P 000001FBE42ACE88
P 000001FBE5C23E00
C 293
R
P 000001FBE42ACE88
C 380
R
P 000001FBE42ACE88
P 000001FBE5C23E00
C 9
R
P 000001FBE42ACE88
C 380
R
P 000001FBE42ACE88
S "g"
C 30
R
P 000001FBE42ACE88
C 380
R
P 000001FBE42ACE88
$ |g|
C 237
R
P 000001FBE42ACE88
C 380
R
P 000001FBE42ACE88
$ |g|
U 1
P 000001FBE42A9078
p 1
P 000001FBE42A9078
C 49
= 000001FBE5C23CE8
R
P 000001FBE42ACE88
C 380
R
P 000001FBE42ACE88
P 000001FBE5C23CE8
C 293
R
P 000001FBE42ACE88
C 380
R
P 000001FBE42ACE88
P 000001FBE5C23CE8
C 9
R
P 000001FBE42ACE88
C 380
R
P 000001FBE42ACE88
S "x"
C 30
R
P 000001FBE42ACE88
C 380
R
P 000001FBE42ACE88
$ |x|
C 237
R
P 000001FBE42ACE88
C 380
R
P 000001FBE42ACE88
$ |x|
P 000001FBE42A9078
C 51
= 000001FBE42A9918
R
P 000001FBE42ACE88
C 380
R
P 000001FBE42ACE88
P 000001FBE42A9918
C 293
R
P 000001FBE42ACE88
C 380
R
P 000001FBE42ACE88
P 000001FBE42A9918
C 290
= 000001FBE42A9078
R
P 000001FBE42ACE88
C 380
R
P 000001FBE42ACE88
P 000001FBE42A9078
C 244
R
P 000001FBE42ACE88
C 380
R
P 000001FBE42ACE88
P 000001FBE42A9918
C 296
R
P 000001FBE42ACE88
C 380
R
P 000001FBE42ACE88
P 000001FBE42A9918
C 295
R
P 000001FBE42ACE88
C 380
R
P 000001FBE42ACE88
P 000001FBE42A9918
C 294
R
P 000001FBE42ACE88
C 380
R
P 000001FBE42ACE88
P 000001FBE42A9918
C 9
R
P 000001FBE42ACE88
C 380
R
P 000001FBE42ACE88
S "y"
C 30
R
P 000001FBE42ACE88
C 380
R
P 000001FBE42ACE88
$ |y|
C 237
R
P 000001FBE42ACE88
C 380
R
P 000001FBE42ACE88
$ |y|
P 000001FBE42A9078
C 51
= 000001FBE42A9938
R
P 000001FBE42ACE88
C 380
R
P 000001FBE42ACE88
P 000001FBE42A9938
C 293
R
P 000001FBE42ACE88
C 380
R
P 000001FBE42ACE88
P 000001FBE42A9938
C 290
= 000001FBE42A9078
R
P 000001FBE42ACE88
C 380
R
P 000001FBE42ACE88
P 000001FBE42A9078
C 244
R
P 000001FBE42ACE88
C 380
R
P 000001FBE42ACE88
P 000001FBE42A9938
C 296
R
P 000001FBE42ACE88
C 380
R
P 000001FBE42ACE88
P 000001FBE42A9938
C 295
R
P 000001FBE42ACE88
C 380
R
P 000001FBE42ACE88
P 000001FBE42A9938
C 294
R
P 000001FBE42ACE88
C 380
R
P 000001FBE42ACE88
P 000001FBE42A9938
C 9
R
P 000001FBE42ACE88
C 380
R
P 000001FBE42ACE88
P 000001FBE5C23E00
U 1
P 000001FBE42A9918
p 1
C 50
= 000001FBE5C22F88
R
P 000001FBE42ACE88
C 380
R
P 000001FBE42ACE88
P 000001FBE5C22F88
C 293
R
P 000001FBE42ACE88
C 380
R
P 000001FBE42ACE88
P 000001FBE5C22F88
C 290
= 000001FBE42A9078
R
P 000001FBE42ACE88
C 380
R
P 000001FBE42ACE88
P 000001FBE42A9078
C 244
R
P 000001FBE42ACE88
C 380
R
P 000001FBE42ACE88
P 000001FBE5C22F88
C 296
R
P 000001FBE42ACE88
C 380
R
P 000001FBE42ACE88
P 000001FBE5C22F88
C 295
R
P 000001FBE42ACE88
C 380
R
P 000001FBE42ACE88
P 000001FBE5C22F88
C 294
R
P 000001FBE42ACE88
C 380
R
P 000001FBE42ACE88
P 000001FBE5C22F88
C 9
R
P 000001FBE42ACE88
C 380
R
P 000001FBE42ACE88
P 000001FBE5C23E00
U 1
P 000001FBE42A9938
p 1
C 50
= 000001FBE5C22F58
R
P 000001FBE42ACE88
C 380
R
P 000001FBE42ACE88
P 000001FBE5C22F58
C 293
R
P 000001FBE42ACE88
C 380
R
P 000001FBE42ACE88
P 000001FBE5C22F58
C 290
= 000001FBE42A9078
R
P 000001FBE42ACE88
C 380
R
P 000001FBE42ACE88
P 000001FBE42A9078
C 244
R
P 000001FBE42ACE88
C 380
R
P 000001FBE42ACE88
P 000001FBE5C22F58
C 296
R
P 000001FBE42ACE88
C 380
R
P 000001FBE42ACE88
P 000001FBE5C22F58
C 295
R
P 000001FBE42ACE88
C 380
R
P 000001FBE42ACE88
P 000001FBE5C22F58
C 294
R
P 000001FBE42ACE88
C 380
R
P 000001FBE42ACE88
P 000001FBE5C22F58
C 9
R
P 000001FBE42ACE88
C 380
R
P 000001FBE42ACE88
P 000001FBE5C23CE8
U 1
P 000001FBE42A9938
p 1
C 50
= 000001FBE5C22F28
R
P 000001FBE42ACE88
C 380
R
P 000001FBE42ACE88
P 000001FBE5C22F28
C 293
R
P 000001FBE42ACE88
C 380
R
P 000001FBE42ACE88
P 000001FBE5C22F28
C 290
= 000001FBE42A9078
R
P 000001FBE42ACE88
C 380
R
P 000001FBE42ACE88
P 000001FBE42A9078
C 244
R
P 000001FBE42ACE88
C 380
R
P 000001FBE42ACE88
P 000001FBE5C22F28
C 296
R
P 000001FBE42ACE88
C 380
R
P 000001FBE42ACE88
P 000001FBE5C22F28
C 295
R
P 000001FBE42ACE88
C 380
R
P 000001FBE42ACE88
P 000001FBE5C22F28
C 294
R
P 000001FBE42ACE88
C 380
R
P 000001FBE42ACE88
P 000001FBE5C22F28
C 9
R
P 000001FBE42ACE88
C 380
R
P 000001FBE42ACE88
U 2
P 000001FBE5C22F88
P 000001FBE5C22F28
p 2
C 225
= 000001FBE5C23DC8
R
P 000001FBE42ACE88
C 380
R
P 000001FBE42ACE88
P 000001FBE5C23DC8
C 9
R
P 000001FBE42ACE88
C 380
R
P 000001FBE42ACE88
P 000001FBE5C22F88
P 000001FBE5C22F58
C 58
= 000001FBE5C23D90
R
P 000001FBE42ACE88
C 380
R
P 000001FBE42ACE88
P 000001FBE5C23D90
C 294
R
P 000001FBE42ACE88
C 380
R
P 000001FBE42ACE88
P 000001FBE5C23D90
C 9
R
P 000001FBE42ACE88
C 380
R
P 000001FBE42ACE88
P 000001FBE5C22F58
P 000001FBE5C22F28
C 58
= 000001FBE5C29848
R
P 000001FBE42ACE88
C 380
R
P 000001FBE42ACE88
P 000001FBE5C29848
C 294
R
P 000001FBE42ACE88
C 380
R
P 000001FBE42ACE88
P 000001FBE5C29848
C 9
R
P 000001FBE42ACE88
C 380
R
P 000001FBE42ACE88
U 2
P 000001FBE5C23D90
P 000001FBE5C29848
p 2
C 65
= 000001FBE5C23D58
R
P 000001FBE42ACE88
C 380
R
P 000001FBE42ACE88
P 000001FBE5C23D58
C 294
R
P 000001FBE42ACE88
C 380
R
P 000001FBE42ACE88
P 000001FBE5C23D58
C 9
R
P 000001FBE42ACE88
C 380
R
P 000001FBE42ACE88
S "q"
C 30
R
P 000001FBE42ACE88
C 380
R
P 000001FBE42ACE88
$ |q|
C 237
R
P 000001FBE42ACE88
C 380
R
P 000001FBE42ACE88
S "sk"
C 30
R
P 000001FBE42ACE88
C 380
R
P 000001FBE42ACE88
$ |sk|
C 237
R
P 000001FBE42ACE88
C 380
R
P 000001FBE42ACE88
I 1
U 1
$ |q|
$ |sk|
U 2
P 000001FBE42A9918
P 000001FBE42A9938
p 2
U 0
p 0
U 1
P 000001FBE5C22F58
p 1
P 000001FBE5C23D58
C 234
= 000001FBE42D02C0
R
P 000001FBE42ACE88
C 380
R
P 000001FBE42ACE88
P 000001FBE42D02C0
C 293
R
P 000001FBE42ACE88
C 380
R
P 000001FBE42ACE88
P 000001FBE42D02C0
C 294
R
P 000001FBE42ACE88
C 380
R
P 000001FBE42ACE88
P 000001FBE42D02C0
C 293
R
P 000001FBE42ACE88
C 380
R
P 000001FBE42ACE88
P 000001FBE42D02C0
C 293
R
P 000001FBE42ACE88
C 380
R
P 000001FBE42ACE88
P 000001FBE42D02C0
C 9
R
P 000001FBE42ACE88
C 380
R
P 000001FBE42ACE88
P 000001FBE42D02C0
C 371
R
P 000001FBE42ACE88
C 380
R
P 000001FBE42ACE88
U 1
P 000001FBE42A9078
C 226
= 000001FBE6233148
R
P 000001FBE42ACE88
C 380
R
P 000001FBE42ACE88
P 000001FBE6233148
C 293
R
P 000001FBE42ACE88
C 380
R
P 000001FBE42ACE88
P 000001FBE6233148
C 290
= 000001FBE42A9078
R
P 000001FBE42ACE88
C 380
R
P 000001FBE42ACE88
P 000001FBE42A9078
C 244
R
P 000001FBE42ACE88
C 380
R
P 000001FBE42ACE88
P 000001FBE6233148
C 296
R
P 000001FBE42ACE88
C 380
R
P 000001FBE42ACE88
P 000001FBE6233148
C 295
R
P 000001FBE42ACE88
C 380
R
P 000001FBE42ACE88
P 000001FBE6233148
C 294
R
P 000001FBE42ACE88
C 380
R
P 000001FBE42ACE88
P 000001FBE6233148
C 293
R
P 000001FBE42ACE88
C 380
R
P 000001FBE42ACE88
P 000001FBE6233148
C 9
R
P 000001FBE42ACE88
C 380
R
P 000001FBE42ACE88
U 0
P 000001FBE42A9078
C 226
= 000001FBE6233108
R
P 000001FBE42ACE88
C 380
R
P 000001FBE42ACE88
P 000001FBE6233108
C 293
R
P 000001FBE42ACE88
C 380
R
P 000001FBE42ACE88
P 000001FBE6233108
C 290
= 000001FBE42A9078
R
P 000001FBE42ACE88
C 380
R
P 000001FBE42ACE88
P 000001FBE42A9078
C 244
R
P 000001FBE42ACE88
C 380
R
P 000001FBE42ACE88
P 000001FBE6233108
C 296
R
P 000001FBE42ACE88
C 380
R
P 000001FBE42ACE88
P 000001FBE6233108
C 295
R
P 000001FBE42ACE88
C 380
R
P 000001FBE42ACE88
P 000001FBE6233108
C 294
R
P 000001FBE42ACE88
C 380
R
P 000001FBE42ACE88
P 000001FBE6233108
C 293
R
P 000001FBE42ACE88
C 380
R
P 000001FBE42ACE88
P 000001FBE6233108
C 9
R
P 000001FBE42ACE88
C 380
R
P 000001FBE42ACE88
P 000001FBE5C23E00
U 1
P 000001FBE6233148
p 1
C 50
= 000001FBE5C22EC8
R
P 000001FBE42ACE88
C 380
R
P 000001FBE42ACE88
P 000001FBE5C22EC8
C 293
R
P 000001FBE42ACE88
C 380
R
P 000001FBE42ACE88
P 000001FBE5C22EC8
C 290
= 000001FBE42A9078
R
P 000001FBE42ACE88
C 380
R
P 000001FBE42ACE88
P 000001FBE42A9078
C 244
R
P 000001FBE42ACE88
C 380
R
P 000001FBE42ACE88
P 000001FBE5C22EC8
C 296
R
P 000001FBE42ACE88
C 380
R
P 000001FBE42ACE88
P 000001FBE5C22EC8
C 295
R
P 000001FBE42ACE88
C 380
R
P 000001FBE42ACE88
P 000001FBE5C22EC8
C 294
R
P 000001FBE42ACE88
C 380
R
P 000001FBE42ACE88
P 000001FBE5C22EC8
C 9
R
P 000001FBE42ACE88
C 380
R
P 000001FBE42ACE88
P 000001FBE5C23E00
U 1
P 000001FBE6233108
p 1
C 50
= 000001FBE5C22EF8
R
P 000001FBE42ACE88
C 380
R
P 000001FBE42ACE88
P 000001FBE5C22EF8
C 293
R
P 000001FBE42ACE88
C 380
R
P 000001FBE42ACE88
P 000001FBE5C22EF8
C 290
= 000001FBE42A9078
R
P 000001FBE42ACE88
C 380
R
P 000001FBE42ACE88
P 000001FBE42A9078
C 244
R
P 000001FBE42ACE88
C 380
R
P 000001FBE42ACE88
P 000001FBE5C22EF8
C 296
R
P 000001FBE42ACE88
C 380
R
P 000001FBE42ACE88
P 000001FBE5C22EF8
C 295
R
P 000001FBE42ACE88
C 380
R
P 000001FBE42ACE88
P 000001FBE5C22EF8
C 294
R
P 000001FBE42ACE88
C 380
R
P 000001FBE42ACE88
P 000001FBE5C22EF8
C 9
R
P 000001FBE42ACE88
C 380
R
P 000001FBE42ACE88
P 000001FBE5C23CE8
U 1
P 000001FBE6233108
p 1
C 50
= 000001FBE5C22E08
R
P 000001FBE42ACE88
C 380
R
P 000001FBE42ACE88
P 000001FBE5C22E08
C 293
R
P 000001FBE42ACE88
C 380
R
P 000001FBE42ACE88
P 000001FBE5C22E08
C 290
= 000001FBE42A9078
R
P 000001FBE42ACE88
C 380
R
P 000001FBE42ACE88
P 000001FBE42A9078
C 244
R
P 000001FBE42ACE88
C 380
R
P 000001FBE42ACE88
P 000001FBE5C22E08
C 296
R
P 000001FBE42ACE88
C 380
R
P 000001FBE42ACE88
P 000001FBE5C22E08
C 295
R
P 000001FBE42ACE88
C 380
R
P 000001FBE42ACE88
P 000001FBE5C22E08
C 294
R
P 000001FBE42ACE88
C 380
R
P 000001FBE42ACE88
P 000001FBE5C22E08
C 9
R
P 000001FBE42ACE88
C 380
R
P 000001FBE42ACE88
U 2
P 000001FBE5C22EC8
P 000001FBE5C22E08
p 2
C 225
= 000001FBE5E4B1E8
R
P 000001FBE42ACE88
C 380
R
P 000001FBE42ACE88
P 000001FBE5E4B1E8
C 9
R
P 000001FBE42ACE88
C 380
R
P 000001FBE42ACE88
S "x"
C 30
R
P 000001FBE42ACE88
C 380
R
P 000001FBE42ACE88
$ |x|
C 237
R
P 000001FBE42ACE88
C 380
R
P 000001FBE42ACE88
S "y"
C 30
R
P 000001FBE42ACE88
C 380
R
P 000001FBE42ACE88
$ |y|
C 237
R
P 000001FBE42ACE88
C 380
R
P 000001FBE42ACE88
P 000001FBE5C22EC8
P 000001FBE5C22EF8
C 58
= 000001FBE5C23D20
R
P 000001FBE42ACE88
C 380
R
P 000001FBE42ACE88
P 000001FBE5C23D20
C 294
R
P 000001FBE42ACE88
C 380
R
P 000001FBE42ACE88
P 000001FBE5C23D20
C 9
R
P 000001FBE42ACE88
C 380
R
P 000001FBE42ACE88
P 000001FBE5C22EF8
P 000001FBE5C22E08
C 58
= 000001FBE5C29810
R
P 000001FBE42ACE88
C 380
R
P 000001FBE42ACE88
P 000001FBE5C29810
C 294
R
P 000001FBE42ACE88
C 380
R
P 000001FBE42ACE88
P 000001FBE5C29810
C 9
R
P 000001FBE42ACE88
C 380
R
P 000001FBE42ACE88
U 2
P 000001FBE5C23D20
P 000001FBE5C29810
p 2
C 65
= 000001FBE5C297D8
R
P 000001FBE42ACE88
C 380
R
P 000001FBE42ACE88
P 000001FBE5C297D8
C 294
R
P 000001FBE42ACE88
C 380
R
P 000001FBE42ACE88
P 000001FBE5C297D8
C 9
R
P 000001FBE42ACE88
C 380
R
P 000001FBE42ACE88
S "q"
C 30
R
P 000001FBE42ACE88
C 380
R
P 000001FBE42ACE88
$ |q|
C 237
R
P 000001FBE42ACE88
C 380
R
P 000001FBE42ACE88
S "sk"
C 30
R
P 000001FBE42ACE88
C 380
R
P 000001FBE42ACE88
$ |sk|
C 237
R
P 000001FBE42ACE88
C 380
R
P 000001FBE42ACE88
I 1
U 1
$ |q|
$ |sk|
U 0
p 0
U 1
P 000001FBE5C22EF8
p 1
U 2
P 000001FBE42A9078
P 000001FBE42A9078
p 2
$ |x|
$ |y|
s 2
P 000001FBE5C297D8
C 230
= 000001FBE42D02C0
R
P 000001FBE42ACE88
C 380
R
P 000001FBE42ACE88
P 000001FBE42D02C0
C 293
R
P 000001FBE42ACE88
C 380
R
P 000001FBE42ACE88
P 000001FBE42D02C0
C 294
R
P 000001FBE42ACE88
C 380
R
P 000001FBE42ACE88
P 000001FBE42D02C0
C 293
R
P 000001FBE42ACE88
C 380
R
P 000001FBE42ACE88
P 000001FBE42D02C0
C 293
R
P 000001FBE42ACE88
C 380
R
P 000001FBE42ACE88
P 000001FBE42D02C0
C 9
R
P 000001FBE42ACE88
C 380
R
P 000001FBE42ACE88
P 000001FBE42D02C0
C 371
R
P 000001FBE42ACE88
C 380
R
P 000001FBE42ACE88
C 380
M "LogicTest"
R
I 1
C 369
R
P 000001FBE42ACE88
U 32
C 35
= 000001FBE42A94B8
R
P 000001FBE42ACE88
C 380
R
P 000001FBE42ACE88
P 000001FBE42A94B8
C 293
R
P 000001FBE42ACE88
C 380
R
P 000001FBE42ACE88
P 000001FBE42A94B8
C 9
R
P 000001FBE42ACE88
C 380
R
P 000001FBE42ACE88
S "x"
C 30
R
P 000001FBE42ACE88
C 380
R
P 000001FBE42ACE88
$ |x|
C 237
R
P 000001FBE42ACE88
C 380
R
P 000001FBE42ACE88
$ |x|
P 000001FBE42A94B8
C 51
= 000001FBE62330E8
R
P 000001FBE42ACE88
C 380
R
P 000001FBE42ACE88
P 000001FBE62330E8
C 293
R
P 000001FBE42ACE88
C 380
R
P 000001FBE42ACE88
P 000001FBE62330E8
C 290
= 000001FBE42A94B8
R
P 000001FBE42ACE88
C 380
R
P 000001FBE42ACE88
P 000001FBE42A94B8
C 244
R
P 000001FBE42ACE88
C 380
R
P 000001FBE42ACE88
P 000001FBE62330E8
C 296
R
P 000001FBE42ACE88
C 380
R
P 000001FBE42ACE88
P 000001FBE62330E8
C 295
R
P 000001FBE42ACE88
C 380
R
P 000001FBE42ACE88
P 000001FBE62330E8
C 294
R
P 000001FBE42ACE88
C 380
R
P 000001FBE42ACE88
P 000001FBE62330E8
C 9
R
P 000001FBE42ACE88
C 380
R
P 000001FBE42ACE88
S "y"
C 30
R
P 000001FBE42ACE88
C 380
R
P 000001FBE42ACE88
$ |y|
C 237
R
P 000001FBE42ACE88
C 380
R
P 000001FBE42ACE88
$ |y|
P 000001FBE42A94B8
C 51
= 000001FBE62330C8
R
P 000001FBE42ACE88
C 380
R
P 000001FBE42ACE88
P 000001FBE62330C8
C 293
R
P 000001FBE42ACE88
C 380
R
P 000001FBE42ACE88
P 000001FBE62330C8
C 290
= 000001FBE42A94B8
R
P 000001FBE42ACE88
C 380
R
P 000001FBE42ACE88
P 000001FBE42A94B8
C 244
R
P 000001FBE42ACE88
C 380
R
P 000001FBE42ACE88
P 000001FBE62330C8
C 296
R
P 000001FBE42ACE88
C 380
R
P 000001FBE42ACE88
P 000001FBE62330C8
C 295
R
P 000001FBE42ACE88
C 380
R
P 000001FBE42ACE88
P 000001FBE62330C8
C 294
R
P 000001FBE42ACE88
C 380
R
P 000001FBE42ACE88
P 000001FBE62330C8
C 9
R
P 000001FBE42ACE88
C 380
R
P 000001FBE42ACE88
P 000001FBE62330E8
P 000001FBE62330C8
C 58
= 000001FBE5C23C40
R
P 000001FBE42ACE88
C 380
R
P 000001FBE42ACE88
P 000001FBE5C23C40
C 294
R
P 000001FBE42ACE88
C 380
R
P 000001FBE42ACE88
P 000001FBE5C23C40
C 9
R
P 000001FBE42ACE88
C 380
R
P 000001FBE42ACE88
S "QF_BV"
C 30
R
P 000001FBE42ACE88
C 380
R
P 000001FBE42ACE88
$ |QF_BV|
C 237
R
P 000001FBE42ACE88
C 380
R
P 000001FBE42ACE88
$ |QF_BV|
C 452
= 000001FBE628B1F8
R
P 000001FBE42ACE88
C 380
R
P 000001FBE42ACE88
P 000001FBE628B1F8
C 459
R
P 000001FBE42ACE88
C 380
R
P 000001FBE42ACE88
P 000001FBE628B1F8
P 000001FBE5C23C40
C 466
R
P 000001FBE42ACE88
C 380
R
P 000001FBE42ACE88
P 000001FBE628B1F8
C 479
R
P 000001FBE42ACE88
C 380
R
P 000001FBE42ACE88
I 1
I 0
I 0
C 389
= 000001FBE6016C38
R
P 000001FBE42ACE88
C 380
R
P 000001FBE42ACE88
P 000001FBE6016C38
C 390
R
P 000001FBE42ACE88
C 380
R
P 000001FBE42ACE88
P 000001FBE6016C38
P 000001FBE5C23C40
C 393
R
P 000001FBE42ACE88
C 380
R
P 000001FBE42ACE88
S "qfbv"
C 406
= 000001FBE6287698
R
P 000001FBE42ACE88
C 380
R
P 000001FBE42ACE88
P 000001FBE6287698
C 407
R
P 000001FBE42ACE88
C 380
R
P 000001FBE42ACE88
P 000001FBE6287698
P 000001FBE6016C38
C 443
= 000001FBE608DEE8
R
P 000001FBE42ACE88
C 380
R
P 000001FBE42ACE88
P 000001FBE608DEE8
C 445
R
P 000001FBE42ACE88
C 380
R
P 000001FBE42ACE88
P 000001FBE608DEE8
C 447
R
P 000001FBE42ACE88
C 380
R
P 000001FBE42ACE88
P 000001FBE608DEE8
C 448
R
P 000001FBE42ACE88
C 380
R
P 000001FBE42ACE88
P 000001FBE608DEE8
C 448
R
P 000001FBE42ACE88
C 380
R
P 000001FBE42ACE88
P 000001FBE608DEE8
U 0
C 449
= 000001FBE6288718
R
P 000001FBE42ACE88
C 380
R
P 000001FBE42ACE88
P 000001FBE6288718
C 390
R
P 000001FBE42ACE88
C 380
R
P 000001FBE42ACE88
P 000001FBE6288718
C 400
R
P 000001FBE42ACE88
C 380
M "ParOrExample"
R
P 000001FBE42ACE88
U 32
C 35
= 000001FBE42A94B8
R
P 000001FBE42ACE88
C 380
R
P 000001FBE42ACE88
P 000001FBE42A94B8
C 293
R
P 000001FBE42ACE88
C 380
R
P 000001FBE42ACE88
P 000001FBE42A94B8
C 9
R
P 000001FBE42ACE88
C 380
R
P 000001FBE42ACE88
S "x"
C 30
R
P 000001FBE42ACE88
C 380
R
P 000001FBE42ACE88
$ |x|
C 237
R
P 000001FBE42ACE88
C 380
R
P 000001FBE42ACE88
$ |x|
P 000001FBE42A94B8
C 51
= 000001FBE62330E8
R
P 000001FBE42ACE88
C 380
R
P 000001FBE42ACE88
P 000001FBE62330E8
C 293
R
P 000001FBE42ACE88
C 380
R
P 000001FBE42ACE88
P 000001FBE62330E8
C 290
= 000001FBE42A94B8
R
P 000001FBE42ACE88
C 380
R
P 000001FBE42ACE88
P 000001FBE42A94B8
C 244
R
P 000001FBE42ACE88
C 380
R
P 000001FBE42ACE88
P 000001FBE62330E8
C 296
R
P 000001FBE42ACE88
C 380
R
P 000001FBE42ACE88
P 000001FBE62330E8
C 295
R
P 000001FBE42ACE88
C 380
R
P 000001FBE42ACE88
P 000001FBE62330E8
C 294
R
P 000001FBE42ACE88
C 380
R
P 000001FBE42ACE88
P 000001FBE62330E8
C 9
R
P 000001FBE42ACE88
C 380
R
P 000001FBE42ACE88
S "y"
C 30
R
P 000001FBE42ACE88
C 380
R
P 000001FBE42ACE88
$ |y|
C 237
R
P 000001FBE42ACE88
C 380
R
P 000001FBE42ACE88
$ |y|
P 000001FBE42A94B8
C 51
= 000001FBE62330C8
R
P 000001FBE42ACE88
C 380
R
P 000001FBE42ACE88
P 000001FBE62330C8
C 293
R
P 000001FBE42ACE88
C 380
R
P 000001FBE42ACE88
P 000001FBE62330C8
C 290
= 000001FBE42A94B8
R
P 000001FBE42ACE88
C 380
R
P 000001FBE42ACE88
P 000001FBE42A94B8
C 244
R
P 000001FBE42ACE88
C 380
R
P 000001FBE42ACE88
P 000001FBE62330C8
C 296
R
P 000001FBE42ACE88
C 380
R
P 000001FBE42ACE88
P 000001FBE62330C8
C 295
R
P 000001FBE42ACE88
C 380
R
P 000001FBE42ACE88
P 000001FBE62330C8
C 294
R
P 000001FBE42ACE88
C 380
R
P 000001FBE42ACE88
P 000001FBE62330C8
C 9
R
P 000001FBE42ACE88
C 380
R
P 000001FBE42ACE88
P 000001FBE62330E8
P 000001FBE62330C8
C 58
= 000001FBE5C23C40
R
P 000001FBE42ACE88
C 380
R
P 000001FBE42ACE88
P 000001FBE5C23C40
C 294
R
P 000001FBE42ACE88
C 380
R
P 000001FBE42ACE88
P 000001FBE5C23C40
C 9
R
P 000001FBE42ACE88
C 380
R
P 000001FBE42ACE88
I 1
I 0
I 0
C 389
= 000001FBE62887D8
R
P 000001FBE42ACE88
C 380
R
P 000001FBE42ACE88
P 000001FBE62887D8
C 390
R
P 000001FBE42ACE88
C 380
R
P 000001FBE42ACE88
P 000001FBE62887D8
P 000001FBE5C23C40
C 393
R
P 000001FBE42ACE88
C 380
R
P 000001FBE42ACE88
S "qfbv"
C 406
= 000001FBE6018A08
R
P 000001FBE42ACE88
C 380
R
P 000001FBE42ACE88
P 000001FBE6018A08
C 407
R
P 000001FBE42ACE88
C 380
R
P 000001FBE42ACE88
S "qfbv"
C 406
= 000001FBE5EBCE98
R
P 000001FBE42ACE88
C 380
R
P 000001FBE42ACE88
P 000001FBE5EBCE98
C 407
R
P 000001FBE42ACE88
C 380
R
P 000001FBE42ACE88
U 2
P 000001FBE6018A08
P 000001FBE5EBCE98
p 2
C 414
= 000001FBE5EBD618
R
P 000001FBE42ACE88
C 380
R
P 000001FBE42ACE88
P 000001FBE5EBD618
C 407
R
P 000001FBE42ACE88
C 380
R
P 000001FBE42ACE88
P 000001FBE5EBD618
P 000001FBE62887D8
C 443
= 000001FBE5D6B428
R
P 000001FBE42ACE88
C 380
R
P 000001FBE42ACE88
P 000001FBE5D6B428
C 445
R
P 000001FBE42ACE88
C 380
R
P 000001FBE42ACE88
P 000001FBE5D6B428
C 448
R
P 000001FBE42ACE88
C 380
R
P 000001FBE42ACE88
P 000001FBE5D6B428
C 448
R
P 000001FBE42ACE88
C 380
R
P 000001FBE42ACE88
P 000001FBE5D6B428
U 0
C 449
= 000001FBE5EBD2B8
R
P 000001FBE42ACE88
C 380
R
P 000001FBE42ACE88
P 000001FBE5EBD2B8
C 390
R
P 000001FBE42ACE88
C 380
R
P 000001FBE42ACE88
P 000001FBE5EBD2B8
C 400
R
P 000001FBE42ACE88
C 380
M "FindModelExample1"
R
P 000001FBE42ACE88
S "x"
C 30
R
P 000001FBE42ACE88
C 380
R
P 000001FBE42ACE88
$ |x|
C 237
R
P 000001FBE42ACE88
C 380
R
P 000001FBE42ACE88
$ |x|
P 000001FBE42A8FB8
C 51
= 000001FBE42A9D78
R
P 000001FBE42ACE88
C 380
R
P 000001FBE42ACE88
P 000001FBE42A9D78
C 293
R
P 000001FBE42ACE88
C 380
R
P 000001FBE42ACE88
P 000001FBE42A9D78
C 290
= 000001FBE42A8FB8
R
P 000001FBE42ACE88
C 380
R
P 000001FBE42ACE88
P 000001FBE42A8FB8
C 244
R
P 000001FBE42ACE88
C 380
R
P 000001FBE42ACE88
P 000001FBE42A9D78
C 296
R
P 000001FBE42ACE88
C 380
R
P 000001FBE42ACE88
P 000001FBE42A9D78
C 295
R
P 000001FBE42ACE88
C 380
R
P 000001FBE42ACE88
P 000001FBE42A9D78
C 294
R
P 000001FBE42ACE88
C 380
R
P 000001FBE42ACE88
P 000001FBE42A9D78
C 9
R
P 000001FBE42ACE88
C 380
R
P 000001FBE42ACE88
S "y"
C 30
R
P 000001FBE42ACE88
C 380
R
P 000001FBE42ACE88
$ |y|
C 237
R
P 000001FBE42ACE88
C 380
R
P 000001FBE42ACE88
$ |y|
P 000001FBE42A8FB8
C 51
= 000001FBE42A9D98
R
P 000001FBE42ACE88
C 380
R
P 000001FBE42ACE88
P 000001FBE42A9D98
C 293
R
P 000001FBE42ACE88
C 380
R
P 000001FBE42ACE88
P 000001FBE42A9D98
C 290
= 000001FBE42A8FB8
R
P 000001FBE42ACE88
C 380
R
P 000001FBE42ACE88
P 000001FBE42A8FB8
C 244
R
P 000001FBE42ACE88
C 380
R
P 000001FBE42ACE88
P 000001FBE42A9D98
C 296
R
P 000001FBE42ACE88
C 380
R
P 000001FBE42ACE88
P 000001FBE42A9D98
C 295
R
P 000001FBE42ACE88
C 380
R
P 000001FBE42ACE88
P 000001FBE42A9D98
C 294
R
P 000001FBE42ACE88
C 380
R
P 000001FBE42ACE88
P 000001FBE42A9D98
C 9
R
P 000001FBE42ACE88
C 380
R
P 000001FBE42ACE88
P 000001FBE42A9D78
P 000001FBE42A9D98
C 64
= 000001FBE5C297A0
R
P 000001FBE42ACE88
C 380
R
P 000001FBE42ACE88
P 000001FBE5C297A0
C 294
R
P 000001FBE42ACE88
C 380
R
P 000001FBE42ACE88
P 000001FBE5C297A0
C 9
R
P 000001FBE42ACE88
C 380
R
P 000001FBE42ACE88
C 450
= 000001FBE628BA38
R
P 000001FBE42ACE88
C 380
R
P 000001FBE42ACE88
P 000001FBE628BA38
C 459
R
P 000001FBE42ACE88
C 380
R
P 000001FBE42ACE88
P 000001FBE628BA38
P 000001FBE5C297A0
C 466
R
P 000001FBE42ACE88
C 380
R
P 000001FBE42ACE88
P 000001FBE628BA38
C 479
R
P 000001FBE42ACE88
C 380
R
P 000001FBE42ACE88
P 000001FBE628BA38
C 484
= 000001FBE5FAE298
R
P 000001FBE42ACE88
C 380
R
P 000001FBE42ACE88
P 000001FBE5FAE298
C 338
R
P 000001FBE42ACE88
C 380
R
P 000001FBE42ACE88
P 000001FBE5FAE298
P 000001FBE42A9D78
I 0
P 0000000000000000
C 340
* 000001FBE42A9018 4
R
P 000001FBE42ACE88
C 380
R
P 000001FBE42ACE88
P 000001FBE42A9018
C 293
R
P 000001FBE42ACE88
C 380
R
P 000001FBE42ACE88
P 000001FBE42A9018
C 290
= 000001FBE42A8FB8
R
P 000001FBE42ACE88
C 380
R
P 000001FBE42ACE88
P 000001FBE42A8FB8
C 244
R
P 000001FBE42ACE88
C 380
R
P 000001FBE42ACE88
P 000001FBE42A9018
C 296
R
P 000001FBE42ACE88
C 380
R
P 000001FBE42ACE88
P 000001FBE42A9018
C 295
R
P 000001FBE42ACE88
C 380
R
P 000001FBE42ACE88
P 000001FBE42A9018
C 294
R
P 000001FBE42ACE88
C 380
R
P 000001FBE42ACE88
P 000001FBE42A9018
C 9
R
P 000001FBE42ACE88
C 380
R
P 000001FBE42ACE88
P 000001FBE5FAE298
P 000001FBE42A9D98
I 0
P 0000000000000000
C 340
* 000001FBE42A9038 4
R
P 000001FBE42ACE88
C 380
R
P 000001FBE42ACE88
P 000001FBE42A9038
C 293
R
P 000001FBE42ACE88
C 380
R
P 000001FBE42ACE88
P 000001FBE42A9038
C 290
= 000001FBE42A8FB8
R
P 000001FBE42ACE88
C 380
R
P 000001FBE42ACE88
P 000001FBE42A8FB8
C 244
R
P 000001FBE42ACE88
C 380
R
P 000001FBE42ACE88
P 000001FBE42A9038
C 296
R
P 000001FBE42ACE88
C 380
R
P 000001FBE42ACE88
P 000001FBE42A9038
C 295
R
P 000001FBE42ACE88
C 380
R
P 000001FBE42ACE88
P 000001FBE42A9038
C 294
R
P 000001FBE42ACE88
C 380
R
P 000001FBE42ACE88
P 000001FBE42A9038
C 9
R
P 000001FBE42ACE88
C 380
R
P 000001FBE42ACE88
P 000001FBE42A9018
C 371
R
P 000001FBE42ACE88
C 380
R
P 000001FBE42ACE88
P 000001FBE42A9038
C 371
R
P 000001FBE42ACE88
C 380
M "FindModelExample2"
R
P 000001FBE42ACE88
S "x"
C 30
R
P 000001FBE42ACE88
C 380
R
P 000001FBE42ACE88
$ |x|
C 237
R
P 000001FBE42ACE88
C 380
R
P 000001FBE42ACE88
$ |x|
P 000001FBE42A9078
C 51
= 000001FBE42A9918
R
P 000001FBE42ACE88
C 380
R
P 000001FBE42ACE88
P 000001FBE42A9918
C 293
R
P 000001FBE42ACE88
C 380
R
P 000001FBE42ACE88
P 000001FBE42A9918
C 290
= 000001FBE42A9078
R
P 000001FBE42ACE88
C 380
R
P 000001FBE42ACE88
P 000001FBE42A9078
C 244
R
P 000001FBE42ACE88
C 380
R
P 000001FBE42ACE88
P 000001FBE42A9918
C 296
R
P 000001FBE42ACE88
C 380
R
P 000001FBE42ACE88
P 000001FBE42A9918
C 295
R
P 000001FBE42ACE88
C 380
R
P 000001FBE42ACE88
P 000001FBE42A9918
C 294
R
P 000001FBE42ACE88
C 380
R
P 000001FBE42ACE88
P 000001FBE42A9918
C 9
R
P 000001FBE42ACE88
C 380
R
P 000001FBE42ACE88
S "y"
C 30
R
P 000001FBE42ACE88
C 380
R
P 000001FBE42ACE88
$ |y|
C 237
R
P 000001FBE42ACE88
C 380
R
P 000001FBE42ACE88
$ |y|
P 000001FBE42A9078
C 51
= 000001FBE42A9938
R
P 000001FBE42ACE88
C 380
R
P 000001FBE42ACE88
P 000001FBE42A9938
C 293
R
P 000001FBE42ACE88
C 380
R
P 000001FBE42ACE88
P 000001FBE42A9938
C 290
= 000001FBE42A9078
R
P 000001FBE42ACE88
C 380
R
P 000001FBE42ACE88
P 000001FBE42A9078
C 244
R
P 000001FBE42ACE88
C 380
R
P 000001FBE42ACE88
P 000001FBE42A9938
C 296
R
P 000001FBE42ACE88
C 380
R
P 000001FBE42ACE88
P 000001FBE42A9938
C 295
R
P 000001FBE42ACE88
C 380
R
P 000001FBE42ACE88
P 000001FBE42A9938
C 294
R
P 000001FBE42ACE88
C 380
R
P 000001FBE42ACE88
P 000001FBE42A9938
C 9
R
P 000001FBE42ACE88
C 380
R
P 000001FBE42ACE88
I 1
P 000001FBE42A9078
C 154
= 000001FBE42A9BD8
R
P 000001FBE42ACE88
C 380
R
P 000001FBE42ACE88
P 000001FBE42A9BD8
C 294
R
P 000001FBE42ACE88
C 380
R
P 000001FBE42ACE88
P 000001FBE42A9BD8
C 9
R
P 000001FBE42ACE88
C 380
R
P 000001FBE42ACE88
I 2
P 000001FBE42A9078
C 154
= 000001FBE42A9E58
R
P 000001FBE42ACE88
C 380
R
P 000001FBE42ACE88
P 000001FBE42A9E58
C 294
R
P 000001FBE42ACE88
C 380
R
P 000001FBE42ACE88
P 000001FBE42A9E58
C 9
R
P 000001FBE42ACE88
C 380
R
P 000001FBE42ACE88
U 2
P 000001FBE42A9938
P 000001FBE42A9BD8
p 2
C 67
= 000001FBE5C23BD0
R
P 000001FBE42ACE88
C 380
R
P 000001FBE42ACE88
P 000001FBE5C23BD0
C 293
R
P 000001FBE42ACE88
C 380
R
P 000001FBE42ACE88
P 000001FBE5C23BD0
C 290
= 000001FBE42A9078
R
P 000001FBE42ACE88
C 380
R
P 000001FBE42ACE88
P 000001FBE42A9078
C 244
R
P 000001FBE42ACE88
C 380
R
P 000001FBE42ACE88
P 000001FBE5C23BD0
C 296
R
P 000001FBE42ACE88
C 380
R
P 000001FBE42ACE88
P 000001FBE5C23BD0
C 295
R
P 000001FBE42ACE88
C 380
R
P 000001FBE42ACE88
P 000001FBE5C23BD0
C 294
R
P 000001FBE42ACE88
C 380
R
P 000001FBE42ACE88
P 000001FBE5C23BD0
C 9
R
P 000001FBE42ACE88
C 380
R
P 000001FBE42ACE88
P 000001FBE42A9918
P 000001FBE5C23BD0
C 75
= 000001FBE563A768
R
P 000001FBE42ACE88
C 380
R
P 000001FBE42ACE88
P 000001FBE563A768
C 294
R
P 000001FBE42ACE88
C 380
R
P 000001FBE42ACE88
P 000001FBE563A768
C 9
R
P 000001FBE42ACE88
C 380
R
P 000001FBE42ACE88
P 000001FBE42A9918
P 000001FBE42A9E58
C 77
= 000001FBE5C23B28
R
P 000001FBE42ACE88
C 380
R
P 000001FBE42ACE88
P 000001FBE5C23B28
C 294
R
P 000001FBE42ACE88
C 380
R
P 000001FBE42ACE88
P 000001FBE5C23B28
C 9
R
P 000001FBE42ACE88
C 380
R
P 000001FBE42ACE88
U 2
P 000001FBE563A768
P 000001FBE5C23B28
p 2
C 65
= 000001FBE5C23AF0
R
P 000001FBE42ACE88
C 380
R
P 000001FBE42ACE88
P 000001FBE5C23AF0
C 294
R
P 000001FBE42ACE88
C 380
R
P 000001FBE42ACE88
P 000001FBE5C23AF0
C 9
R
P 000001FBE42ACE88
C 380
R
P 000001FBE42ACE88
C 450
= 000001FBE6289EB8
R
P 000001FBE42ACE88
C 380
R
P 000001FBE42ACE88
P 000001FBE6289EB8
C 459
R
P 000001FBE42ACE88
C 380
R
P 000001FBE42ACE88
P 000001FBE6289EB8
P 000001FBE5C23AF0
C 466
R
P 000001FBE42ACE88
C 380
R
P 000001FBE42ACE88
P 000001FBE6289EB8
C 479
R
P 000001FBE42ACE88
C 380
R
P 000001FBE42ACE88
P 000001FBE6289EB8
C 484
= 000001FBE62B69E8
R
P 000001FBE42ACE88
C 380
R
P 000001FBE42ACE88
P 000001FBE62B69E8
C 338
R
P 000001FBE42ACE88
C 380
R
P 000001FBE42ACE88
P 000001FBE62B69E8
P 000001FBE42A9918
I 0
P 0000000000000000
C 340
* 000001FBE42AABD8 4
R
P 000001FBE42ACE88
C 380
R
P 000001FBE42ACE88
P 000001FBE42AABD8
C 293
R
P 000001FBE42ACE88
C 380
R
P 000001FBE42ACE88
P 000001FBE42AABD8
C 290
= 000001FBE42A9078
R
P 000001FBE42ACE88
C 380
R
P 000001FBE42ACE88
P 000001FBE42A9078
C 244
R
P 000001FBE42ACE88
C 380
R
P 000001FBE42ACE88
P 000001FBE42AABD8
C 296
R
P 000001FBE42ACE88
C 380
R
P 000001FBE42ACE88
P 000001FBE42AABD8
C 295
R
P 000001FBE42ACE88
C 380
R
P 000001FBE42ACE88
P 000001FBE42AABD8
C 294
R
P 000001FBE42ACE88
C 380
R
P 000001FBE42ACE88
P 000001FBE42AABD8
C 9
R
P 000001FBE42ACE88
C 380
R
P 000001FBE42ACE88
P 000001FBE62B69E8
P 000001FBE42A9938
I 0
P 0000000000000000
C 340
* 000001FBE42AABD8 4
R
P 000001FBE42ACE88
C 380
R
P 000001FBE42ACE88
P 000001FBE42AABD8
C 293
R
P 000001FBE42ACE88
C 380
R
P 000001FBE42ACE88
P 000001FBE42AABD8
C 290
= 000001FBE42A9078
R
P 000001FBE42ACE88
C 380
R
P 000001FBE42ACE88
P 000001FBE42A9078
C 244
R
P 000001FBE42ACE88
C 380
R
P 000001FBE42ACE88
P 000001FBE42AABD8
C 296
R
P 000001FBE42ACE88
C 380
R
P 000001FBE42ACE88
P 000001FBE42AABD8
C 295
R
P 000001FBE42ACE88
C 380
R
P 000001FBE42ACE88
P 000001FBE42AABD8
C 294
R
P 000001FBE42ACE88
C 380
R
P 000001FBE42ACE88
P 000001FBE42AABD8
C 9
R
P 000001FBE42ACE88
C 380
R
P 000001FBE42ACE88
P 000001FBE42AABD8
C 299
R
P 000001FBE42ACE88
C 380
R
P 000001FBE42ACE88
P 000001FBE42AABD8
C 299
R
P 000001FBE42ACE88
C 380
R
P 000001FBE42ACE88
P 000001FBE42A9918
P 000001FBE42A9938
C 58
= 000001FBE42A5A50
R
P 000001FBE42ACE88
C 380
R
P 000001FBE42ACE88
P 000001FBE42A5A50
C 294
R
P 000001FBE42ACE88
C 380
R
P 000001FBE42ACE88
P 000001FBE42A5A50
C 9
R
P 000001FBE42ACE88
C 380
R
P 000001FBE42ACE88
P 000001FBE42A5A50
C 60
= 000001FBE561F518
R
P 000001FBE42ACE88
C 380
R
P 000001FBE42ACE88
P 000001FBE561F518
C 294
R
P 000001FBE42ACE88
C 380
R
P 000001FBE42ACE88
P 000001FBE561F518
C 9
R
P 000001FBE42ACE88
C 380
R
P 000001FBE42ACE88
U 2
P 000001FBE5C23AF0
P 000001FBE561F518
p 2
C 65
= 000001FBE5C296C0
R
P 000001FBE42ACE88
C 380
R
P 000001FBE42ACE88
P 000001FBE5C296C0
C 294
R
P 000001FBE42ACE88
C 380
R
P 000001FBE42ACE88
P 000001FBE5C296C0
C 9
R
P 000001FBE42ACE88
C 380
R
P 000001FBE42ACE88
C 450
= 000001FBE5B71648
R
P 000001FBE42ACE88
C 380
R
P 000001FBE42ACE88
P 000001FBE5B71648
C 459
R
P 000001FBE42ACE88
C 380
R
P 000001FBE42ACE88
P 000001FBE5B71648
P 000001FBE5C296C0
C 466
R
P 000001FBE42ACE88
C 380
R
P 000001FBE42ACE88
P 000001FBE5B71648
C 479
R
P 000001FBE42ACE88
C 380
R
P 000001FBE42ACE88
P 000001FBE5B71648
C 484
= 000001FBE67506A8
R
P 000001FBE42ACE88
C 380
R
P 000001FBE42ACE88
P 000001FBE67506A8
C 338
R
P 000001FBE42ACE88
C 380
R
P 000001FBE42ACE88
P 000001FBE67506A8
P 000001FBE42A9918
I 0
P 0000000000000000
C 340
* 000001FBE42AABD8 4
R
P 000001FBE42ACE88
C 380
R
P 000001FBE42ACE88
P 000001FBE42AABD8
C 293
R
P 000001FBE42ACE88
C 380
R
P 000001FBE42ACE88
P 000001FBE42AABD8
C 290
= 000001FBE42A9078
R
P 000001FBE42ACE88
C 380
R
P 000001FBE42ACE88
P 000001FBE42A9078
C 244
R
P 000001FBE42ACE88
C 380
R
P 000001FBE42ACE88
P 000001FBE42AABD8
C 296
R
P 000001FBE42ACE88
C 380
R
P 000001FBE42ACE88
P 000001FBE42AABD8
C 295
R
P 000001FBE42ACE88
C 380
R
P 000001FBE42ACE88
P 000001FBE42AABD8
C 294
R
P 000001FBE42ACE88
C 380
R
P 000001FBE42ACE88
P 000001FBE42AABD8
C 9
R
P 000001FBE42ACE88
C 380
R
P 000001FBE42ACE88
P 000001FBE67506A8
P 000001FBE42A9938
I 0
P 0000000000000000
C 340
* 000001FBE42AABB8 4
R
P 000001FBE42ACE88
C 380
R
P 000001FBE42ACE88
P 000001FBE42AABB8
C 293
R
P 000001FBE42ACE88
C 380
R
P 000001FBE42ACE88
P 000001FBE42AABB8
C 290
= 000001FBE42A9078
R
P 000001FBE42ACE88
C 380
R
P 000001FBE42ACE88
P 000001FBE42A9078
C 244
R
P 000001FBE42ACE88
C 380
R
P 000001FBE42ACE88
P 000001FBE42AABB8
C 296
R
P 000001FBE42ACE88
C 380
R
P 000001FBE42ACE88
P 000001FBE42AABB8
C 295
R
P 000001FBE42ACE88
C 380
R
P 000001FBE42ACE88
P 000001FBE42AABB8
C 294
R
P 000001FBE42ACE88
C 380
R
P 000001FBE42ACE88
P 000001FBE42AABB8
C 9
R
P 000001FBE42ACE88
C 380
R
P 000001FBE42ACE88
P 000001FBE42AABD8
C 299
R
P 000001FBE42ACE88
C 380
R
P 000001FBE42ACE88
P 000001FBE42AABB8
C 299
R
P 000001FBE42ACE88
C 380
M "PushPopExample1"
R
P 000001FBE42ACE88
S "1000000000000000000000000000000000000000000000000000000"
P 000001FBE42A9078
C 152
= 000001FBE6232FE8
R
P 000001FBE42ACE88
C 380
R
P 000001FBE42ACE88
P 000001FBE6232FE8
C 294
R
P 000001FBE42ACE88
C 380
R
P 000001FBE42ACE88
P 000001FBE6232FE8
C 9
R
P 000001FBE42ACE88
C 380
R
P 000001FBE42ACE88
S "3"
P 000001FBE42A9078
C 152
= 000001FBE42AABD8
R
P 000001FBE42ACE88
C 380
R
P 000001FBE42ACE88
P 000001FBE42AABD8
C 293
R
P 000001FBE42ACE88
C 380
R
P 000001FBE42ACE88
P 000001FBE42AABD8
C 290
= 000001FBE42A9078
R
P 000001FBE42ACE88
C 380
R
P 000001FBE42ACE88
P 000001FBE42A9078
C 244
R
P 000001FBE42ACE88
C 380
R
P 000001FBE42ACE88
P 000001FBE42AABD8
C 296
R
P 000001FBE42ACE88
C 380
R
P 000001FBE42ACE88
P 000001FBE42AABD8
C 295
R
P 000001FBE42ACE88
C 380
R
P 000001FBE42ACE88
P 000001FBE42AABD8
C 294
R
P 000001FBE42ACE88
C 380
R
P 000001FBE42ACE88
P 000001FBE42AABD8
C 9
R
P 000001FBE42ACE88
C 380
R
P 000001FBE42ACE88
S "x"
C 30
R
P 000001FBE42ACE88
C 380
R
P 000001FBE42ACE88
$ |x|
C 237
R
P 000001FBE42ACE88
C 380
R
P 000001FBE42ACE88
$ |x|
P 000001FBE42A9078
C 51
= 000001FBE42A9918
R
P 000001FBE42ACE88
C 380
R
P 000001FBE42ACE88
P 000001FBE42A9918
C 293
R
P 000001FBE42ACE88
C 380
R
P 000001FBE42ACE88
P 000001FBE42A9918
C 290
= 000001FBE42A9078
R
P 000001FBE42ACE88
C 380
R
P 000001FBE42ACE88
P 000001FBE42A9078
C 244
R
P 000001FBE42ACE88
C 380
R
P 000001FBE42ACE88
P 000001FBE42A9918
C 296
R
P 000001FBE42ACE88
C 380
R
P 000001FBE42ACE88
P 000001FBE42A9918
C 295
R
P 000001FBE42ACE88
C 380
R
P 000001FBE42ACE88
P 000001FBE42A9918
C 294
R
P 000001FBE42ACE88
C 380
R
P 000001FBE42ACE88
P 000001FBE42A9918
C 9
R
P 000001FBE42ACE88
C 380
R
P 000001FBE42ACE88
C 450
= 000001FBE62C7CF8
R
P 000001FBE42ACE88
C 380
R
P 000001FBE42ACE88
P 000001FBE62C7CF8
C 459
R
P 000001FBE42ACE88
C 380
R
P 000001FBE42ACE88
P 000001FBE42A9918
P 000001FBE6232FE8
C 78
= 000001FBE5C238C0
R
P 000001FBE42ACE88
C 380
R
P 000001FBE42ACE88
P 000001FBE5C238C0
C 294
R
P 000001FBE42ACE88
C 380
R
P 000001FBE42ACE88
P 000001FBE5C238C0
C 9
R
P 000001FBE42ACE88
C 380
R
P 000001FBE42ACE88
P 000001FBE62C7CF8
P 000001FBE5C238C0
C 466
R
P 000001FBE42ACE88
C 380
R
P 000001FBE42ACE88
P 000001FBE62C7CF8
C 462
R
P 000001FBE42ACE88
C 380
R
P 000001FBE42ACE88
P 000001FBE42A9918
P 000001FBE42AABD8
C 76
= 000001FBE5C23738
R
P 000001FBE42ACE88
C 380
R
P 000001FBE42ACE88
P 000001FBE5C23738
C 294
R
P 000001FBE42ACE88
C 380
R
P 000001FBE42ACE88
P 000001FBE5C23738
C 9
R
P 000001FBE42ACE88
C 380
R
P 000001FBE42ACE88
P 000001FBE62C7CF8
P 000001FBE5C23738
C 466
R
P 000001FBE42ACE88
C 380
R
P 000001FBE42ACE88
P 000001FBE62C7CF8
C 479
R
P 000001FBE42ACE88
C 380
R
P 000001FBE42ACE88
P 000001FBE62C7CF8
U 1
C 463
R
P 000001FBE42ACE88
C 380
R
P 000001FBE42ACE88
P 000001FBE62C7CF8
C 479
R
P 000001FBE42ACE88
C 380
R
P 000001FBE42ACE88
S "y"
C 30
R
P 000001FBE42ACE88
C 380
R
P 000001FBE42ACE88
$ |y|
C 237
R
P 000001FBE42ACE88
C 380
R
P 000001FBE42ACE88
$ |y|
P 000001FBE42A9078
C 51
= 000001FBE42A9938
R
P 000001FBE42ACE88
C 380
R
P 000001FBE42ACE88
P 000001FBE42A9938
C 293
R
P 000001FBE42ACE88
C 380
R
P 000001FBE42ACE88
P 000001FBE42A9938
C 290
= 000001FBE42A9078
R
P 000001FBE42ACE88
C 380
R
P 000001FBE42ACE88
P 000001FBE42A9078
C 244
R
P 000001FBE42ACE88
C 380
R
P 000001FBE42ACE88
P 000001FBE42A9938
C 296
R
P 000001FBE42ACE88
C 380
R
P 000001FBE42ACE88
P 000001FBE42A9938
C 295
R
P 000001FBE42ACE88
C 380
R
P 000001FBE42ACE88
P 000001FBE42A9938
C 294
R
P 000001FBE42ACE88
C 380
R
P 000001FBE42ACE88
P 000001FBE42A9938
C 9
R
P 000001FBE42ACE88
C 380
R
P 000001FBE42ACE88
P 000001FBE42A9938
P 000001FBE42A9918
C 77
= 000001FBE5C23888
R
P 000001FBE42ACE88
C 380
R
P 000001FBE42ACE88
P 000001FBE5C23888
C 294
R
P 000001FBE42ACE88
C 380
R
P 000001FBE42ACE88
P 000001FBE5C23888
C 9
R
P 000001FBE42ACE88
C 380
R
P 000001FBE42ACE88
P 000001FBE62C7CF8
P 000001FBE5C23888
C 466
R
P 000001FBE42ACE88
C 380
R
P 000001FBE42ACE88
P 000001FBE62C7CF8
C 479
R
P 000001FBE42ACE88
C 380
M "ArrayExample1"
R
P 000001FBE42ACE88
I 1
I 0
I 0
C 389
= 000001FBE5EA91A8
R
P 000001FBE42ACE88
C 380
R
P 000001FBE42ACE88
P 000001FBE5EA91A8
C 390
R
P 000001FBE42ACE88
C 380
R
P 000001FBE42ACE88
U 32
C 35
= 000001FBE42A94B8
R
P 000001FBE42ACE88
C 380
R
P 000001FBE42ACE88
P 000001FBE42A94B8
C 293
R
P 000001FBE42ACE88
C 380
R
P 000001FBE42ACE88
P 000001FBE42A94B8
C 9
R
P 000001FBE42ACE88
C 380
R
P 000001FBE42ACE88
P 000001FBE42A9078
P 000001FBE42A94B8
C 37
= 000001FBE6233008
R
P 000001FBE42ACE88
C 380
R
P 000001FBE42ACE88
P 000001FBE6233008
C 293
R
P 000001FBE42ACE88
C 380
R
P 000001FBE42ACE88
P 000001FBE6233008
C 9
R
P 000001FBE42ACE88
C 380
R
P 000001FBE42ACE88
S "MyArray"
C 30
R
P 000001FBE42ACE88
C 380
R
P 000001FBE42ACE88
$ |MyArray|
C 237
R
P 000001FBE42ACE88
C 380
R
P 000001FBE42ACE88
$ |MyArray|
P 000001FBE6233008
C 51
= 000001FBE6232FC8
R
P 000001FBE42ACE88
C 380
R
P 000001FBE42ACE88
P 000001FBE6232FC8
C 293
R
P 000001FBE42ACE88
C 380
R
P 000001FBE42ACE88
P 000001FBE6232FC8
C 290
= 000001FBE6233008
R
P 000001FBE42ACE88
C 380
R
P 000001FBE42ACE88
P 000001FBE6233008
C 244
R
P 000001FBE42ACE88
C 380
R
P 000001FBE42ACE88
P 000001FBE6232FC8
C 296
R
P 000001FBE42ACE88
C 380
R
P 000001FBE42ACE88
P 000001FBE6232FC8
C 295
R
P 000001FBE42ACE88
C 380
R
P 000001FBE42ACE88
P 000001FBE6232FC8
C 294
R
P 000001FBE42ACE88
C 380
R
P 000001FBE42ACE88
P 000001FBE6232FC8
C 9
R
P 000001FBE42ACE88
C 380
R
P 000001FBE42ACE88
I 0
P 000001FBE42A9078
C 154
= 000001FBE42A9978
R
P 000001FBE42ACE88
C 380
R
P 000001FBE42ACE88
P 000001FBE42A9978
C 294
R
P 000001FBE42ACE88
C 380
R
P 000001FBE42ACE88
P 000001FBE42A9978
C 9
R
P 000001FBE42ACE88
C 380
R
P 000001FBE42ACE88
P 000001FBE6232FC8
P 000001FBE42A9978
C 131
= 000001FBE56193D0
R
P 000001FBE42ACE88
C 380
R
P 000001FBE42ACE88
P 000001FBE56193D0
C 293
R
P 000001FBE42ACE88
C 380
R
P 000001FBE42ACE88
P 000001FBE56193D0
C 290
= 000001FBE42A94B8
R
P 000001FBE42ACE88
C 380
R
P 000001FBE42ACE88
P 000001FBE42A94B8
C 244
R
P 000001FBE42ACE88
C 380
R
P 000001FBE42ACE88
P 000001FBE56193D0
C 296
R
P 000001FBE42ACE88
C 380
R
P 000001FBE42ACE88
P 000001FBE56193D0
C 295
R
P 000001FBE42ACE88
C 380
R
P 000001FBE42ACE88
P 000001FBE56193D0
C 294
R
P 000001FBE42ACE88
C 380
R
P 000001FBE42ACE88
P 000001FBE56193D0
C 9
R
P 000001FBE42ACE88
C 380
R
P 000001FBE42ACE88
U 32
C 35
= 000001FBE42A94B8
R
P 000001FBE42ACE88
C 380
R
P 000001FBE42ACE88
P 000001FBE42A94B8
C 293
R
P 000001FBE42ACE88
C 380
R
P 000001FBE42ACE88
P 000001FBE42A94B8
C 9
R
P 000001FBE42ACE88
C 380
R
P 000001FBE42ACE88
I 42
P 000001FBE42A94B8
C 154
= 000001FBE6232FA8
R
P 000001FBE42ACE88
C 380
R
P 000001FBE42ACE88
P 000001FBE6232FA8
C 293
R
P 000001FBE42ACE88
C 380
R
P 000001FBE42ACE88
P 000001FBE6232FA8
C 290
= 000001FBE42A94B8
R
P 000001FBE42ACE88
C 380
R
P 000001FBE42ACE88
P 000001FBE42A94B8
C 244
R
P 000001FBE42ACE88
C 380
R
P 000001FBE42ACE88
P 000001FBE6232FA8
C 296
R
P 000001FBE42ACE88
C 380
R
P 000001FBE42ACE88
P 000001FBE6232FA8
C 295
R
P 000001FBE42ACE88
C 380
R
P 000001FBE42ACE88
P 000001FBE6232FA8
C 294
R
P 000001FBE42ACE88
C 380
R
P 000001FBE42ACE88
P 000001FBE6232FA8
C 9
R
P 000001FBE42ACE88
C 380
R
P 000001FBE42ACE88
P 000001FBE56193D0
P 000001FBE6232FA8
C 58
= 000001FBE5C23850
R
P 000001FBE42ACE88
C 380
R
P 000001FBE42ACE88
P 000001FBE5C23850
C 294
R
P 000001FBE42ACE88
C 380
R
P 000001FBE42ACE88
P 000001FBE5C23850
C 9
R
P 000001FBE42ACE88
C 380
R
P 000001FBE42ACE88
P 000001FBE5EA91A8
P 000001FBE5C23850
C 393
R
P 000001FBE42ACE88
C 380
R
P 000001FBE42ACE88
S "x"
C 30
R
P 000001FBE42ACE88
C 380
R
P 000001FBE42ACE88
$ |x|
C 237
R
P 000001FBE42ACE88
C 380
R
P 000001FBE42ACE88
$ |x|
P 000001FBE42A9078
C 51
= 000001FBE42A9918
R
P 000001FBE42ACE88
C 380
R
P 000001FBE42ACE88
P 000001FBE42A9918
C 293
R
P 000001FBE42ACE88
C 380
R
P 000001FBE42ACE88
P 000001FBE42A9918
C 290
= 000001FBE42A9078
R
P 000001FBE42ACE88
C 380
R
P 000001FBE42ACE88
P 000001FBE42A9078
C 244
R
P 000001FBE42ACE88
C 380
R
P 000001FBE42ACE88
P 000001FBE42A9918
C 296
R
P 000001FBE42ACE88
C 380
R
P 000001FBE42ACE88
P 000001FBE42A9918
C 295
R
P 000001FBE42ACE88
C 380
R
P 000001FBE42ACE88
P 000001FBE42A9918
C 294
R
P 000001FBE42ACE88
C 380
R
P 000001FBE42ACE88
P 000001FBE42A9918
C 9
R
P 000001FBE42ACE88
C 380
R
P 000001FBE42ACE88
S "f"
C 30
R
P 000001FBE42ACE88
C 380
R
P 000001FBE42ACE88
$ |f|
C 237
R
P 000001FBE42ACE88
C 380
R
P 000001FBE42ACE88
$ |f|
U 1
P 000001FBE42A9078
p 1
P 000001FBE42A9078
C 49
= 000001FBE5C23E00
R
P 000001FBE42ACE88
C 380
R
P 000001FBE42ACE88
P 000001FBE5C23E00
C 293
R
P 000001FBE42ACE88
C 380
R
P 000001FBE42ACE88
P 000001FBE5C23E00
C 9
R
P 000001FBE42ACE88
C 380
R
P 000001FBE42ACE88
$ |x|
P 000001FBE42A9078
C 51
= 000001FBE42A9918
R
P 000001FBE42ACE88
C 380
R
P 000001FBE42ACE88
P 000001FBE42A9918
C 293
R
P 000001FBE42ACE88
C 380
R
P 000001FBE42ACE88
P 000001FBE42A9918
C 290
= 000001FBE42A9078
R
P 000001FBE42ACE88
C 380
R
P 000001FBE42ACE88
P 000001FBE42A9078
C 244
R
P 000001FBE42ACE88
C 380
R
P 000001FBE42ACE88
P 000001FBE42A9918
C 296
R
P 000001FBE42ACE88
C 380
R
P 000001FBE42ACE88
P 000001FBE42A9918
C 295
R
P 000001FBE42ACE88
C 380
R
P 000001FBE42ACE88
P 000001FBE42A9918
C 294
R
P 000001FBE42ACE88
C 380
R
P 000001FBE42ACE88
P 000001FBE42A9918
C 9
R
P 000001FBE42ACE88
C 380
R
P 000001FBE42ACE88
P 000001FBE5C23E00
U 1
P 000001FBE42A9918
p 1
C 50
= 000001FBE5C22F88
R
P 000001FBE42ACE88
C 380
R
P 000001FBE42ACE88
P 000001FBE5C22F88
C 293
R
P 000001FBE42ACE88
C 380
R
P 000001FBE42ACE88
P 000001FBE5C22F88
C 290
= 000001FBE42A9078
R
P 000001FBE42ACE88
C 380
R
P 000001FBE42ACE88
P 000001FBE42A9078
C 244
R
P 000001FBE42ACE88
C 380
R
P 000001FBE42ACE88
P 000001FBE5C22F88
C 296
R
P 000001FBE42ACE88
C 380
R
P 000001FBE42ACE88
P 000001FBE5C22F88
C 295
R
P 000001FBE42ACE88
C 380
R
P 000001FBE42ACE88
P 000001FBE5C22F88
C 294
R
P 000001FBE42ACE88
C 380
R
P 000001FBE42ACE88
P 000001FBE5C22F88
C 9
R
P 000001FBE42ACE88
C 380
R
P 000001FBE42ACE88
U 2
P 000001FBE42A9918
P 000001FBE5C22F88
p 2
C 67
= 000001FBE5C23818
R
P 000001FBE42ACE88
C 380
R
P 000001FBE42ACE88
P 000001FBE5C23818
C 293
R
P 000001FBE42ACE88
C 380
R
P 000001FBE42ACE88
P 000001FBE5C23818
C 290
= 000001FBE42A9078
R
P 000001FBE42ACE88
C 380
R
P 000001FBE42ACE88
P 000001FBE42A9078
C 244
R
P 000001FBE42ACE88
C 380
R
P 000001FBE42ACE88
P 000001FBE5C23818
C 296
R
P 000001FBE42ACE88
C 380
R
P 000001FBE42ACE88
P 000001FBE5C23818
C 295
R
P 000001FBE42ACE88
C 380
R
P 000001FBE42ACE88
P 000001FBE5C23818
C 294
R
P 000001FBE42ACE88
C 380
R
P 000001FBE42ACE88
P 000001FBE5C23818
C 9
R
P 000001FBE42ACE88
C 380
R
P 000001FBE42ACE88
I 123
P 000001FBE42A9078
C 154
= 000001FBE6232F88
R
P 000001FBE42ACE88
C 380
R
P 000001FBE42ACE88
P 000001FBE6232F88
C 294
R
P 000001FBE42ACE88
C 380
R
P 000001FBE42ACE88
P 000001FBE6232F88
C 9
R
P 000001FBE42ACE88
C 380
R
P 000001FBE42ACE88
P 000001FBE5C23818
P 000001FBE6232F88
C 58
= 000001FBE5619398
R
P 000001FBE42ACE88
C 380
R
P 000001FBE42ACE88
P 000001FBE5619398
C 294
R
P 000001FBE42ACE88
C 380
R
P 000001FBE42ACE88
P 000001FBE5619398
C 9
R
P 000001FBE42ACE88
C 380
R
P 000001FBE42ACE88
P 000001FBE5EA91A8
P 000001FBE5619398
C 393
R
P 000001FBE42ACE88
C 380
R
P 000001FBE42ACE88
C 450
= 000001FBE62C8488
R
P 000001FBE42ACE88
C 380
R
P 000001FBE42ACE88
P 000001FBE62C8488
C 459
R
P 000001FBE42ACE88
C 380
R
P 000001FBE42ACE88
P 000001FBE5EA91A8
C 397
R
P 000001FBE42ACE88
C 380
R
P 000001FBE42ACE88
P 000001FBE5EA91A8
U 0
C 398
= 000001FBE5C23850
R
P 000001FBE42ACE88
C 380
R
P 000001FBE42ACE88
P 000001FBE5C23850
C 293
R
P 000001FBE42ACE88
C 380
R
P 000001FBE42ACE88
P 000001FBE5C23850
C 290
= 000001FBE42A8FB8
R
P 000001FBE42ACE88
C 380
R
P 000001FBE42ACE88
P 000001FBE42A8FB8
C 244
R
P 000001FBE42ACE88
C 380
R
P 000001FBE42ACE88
P 000001FBE5C23850
C 296
R
P 000001FBE42ACE88
C 380
R
P 000001FBE42ACE88
P 000001FBE5C23850
C 295
R
P 000001FBE42ACE88
C 380
R
P 000001FBE42ACE88
P 000001FBE5C23850
C 294
R
P 000001FBE42ACE88
C 380
R
P 000001FBE42ACE88
P 000001FBE5C23850
C 9
R
P 000001FBE42ACE88
C 380
R
P 000001FBE42ACE88
P 000001FBE5EA91A8
U 1
C 398
= 000001FBE5619398
R
P 000001FBE42ACE88
C 380
R
P 000001FBE42ACE88
P 000001FBE5619398
C 293
R
P 000001FBE42ACE88
C 380
R
P 000001FBE42ACE88
P 000001FBE5619398
C 290
= 000001FBE42A8FB8
R
P 000001FBE42ACE88
C 380
R
P 000001FBE42ACE88
P 000001FBE42A8FB8
C 244
R
P 000001FBE42ACE88
C 380
R
P 000001FBE42ACE88
P 000001FBE5619398
C 296
R
P 000001FBE42ACE88
C 380
R
P 000001FBE42ACE88
P 000001FBE5619398
C 295
R
P 000001FBE42ACE88
C 380
R
P 000001FBE42ACE88
P 000001FBE5619398
C 294
R
P 000001FBE42ACE88
C 380
R
P 000001FBE42ACE88
P 000001FBE5619398
C 9
R
P 000001FBE42ACE88
C 380
R
P 000001FBE42ACE88
P 000001FBE62C8488
P 000001FBE5C23850
C 466
R
P 000001FBE42ACE88
C 380
R
P 000001FBE42ACE88
P 000001FBE62C8488
P 000001FBE5619398
C 466
R
P 000001FBE42ACE88
C 380
R
P 000001FBE42ACE88
P 000001FBE62C8488
C 489
R
P 000001FBE42ACE88
C 380
R
P 000001FBE42ACE88
P 000001FBE62C8488
C 479
R
P 000001FBE42ACE88
C 380
R
P 000001FBE42ACE88
P 000001FBE62C8488
C 484
= 000001FBE6DA2EA8
R
P 000001FBE42ACE88
C 380
R
P 000001FBE42ACE88
P 000001FBE6DA2EA8
C 338
R
P 000001FBE42ACE88
C 380
R
P 000001FBE42ACE88
P 000001FBE6DA2EA8
C 375
R
P 000001FBE42ACE88
C 380
R
P 000001FBE42ACE88
P 000001FBE62C8488
C 484
= 000001FBE6DA33E8
R
P 000001FBE42ACE88
C 380
R
P 000001FBE42ACE88
P 000001FBE6DA33E8
C 338
R
P 000001FBE42ACE88
C 380
R
P 000001FBE42ACE88
P 000001FBE6232FC8
C 284
= 000001FBE5C22A48
R
P 000001FBE42ACE88
C 380
R
P 000001FBE42ACE88
P 000001FBE5C22A48
C 293
R
P 000001FBE42ACE88
C 380
R
P 000001FBE42ACE88
P 000001FBE5C22A48
C 9
R
P 000001FBE42ACE88
C 380
R
P 000001FBE42ACE88
P 000001FBE5C22A48
C 273
= 000001FBE6233008
R
P 000001FBE42ACE88
C 380
R
P 000001FBE42ACE88
P 000001FBE6233008
C 244
R
P 000001FBE42ACE88
C 380
R
P 000001FBE42ACE88
P 000001FBE5C22A48
C 271
R
P 000001FBE42ACE88
C 380
R
P 000001FBE42ACE88
P 000001FBE6DA33E8
P 000001FBE5C22A48
C 341
= 000001FBE5C22898
R
P 000001FBE42ACE88
C 380
R
P 000001FBE42ACE88
P 000001FBE5C22898
C 352
R
P 000001FBE42ACE88
C 380
R
P 000001FBE42ACE88
P 000001FBE62C8488
C 484
= 000001FBE6DA3358
R
P 000001FBE42ACE88
C 380
R
P 000001FBE42ACE88
P 000001FBE6DA3358
C 338
R
P 000001FBE42ACE88
C 380
R
P 000001FBE42ACE88
P 000001FBE42A9918
C 284
= 000001FBE42A10C8
R
P 000001FBE42ACE88
C 380
R
P 000001FBE42ACE88
P 000001FBE42A10C8
C 293
R
P 000001FBE42ACE88
C 380
R
P 000001FBE42ACE88
P 000001FBE42A10C8
C 9
R
P 000001FBE42ACE88
C 380
R
P 000001FBE42ACE88
P 000001FBE42A10C8
C 271
R
P 000001FBE42ACE88
C 380
R
P 000001FBE42ACE88
P 000001FBE6DA3358
P 000001FBE42A10C8
C 341
= 000001FBE42A9978
R
P 000001FBE42ACE88
C 380
R
P 000001FBE42ACE88
P 000001FBE42A9978
C 293
R
P 000001FBE42ACE88
C 380
R
P 000001FBE42ACE88
P 000001FBE42A9978
C 290
= 000001FBE42A9078
R
P 000001FBE42ACE88
C 380
R
P 000001FBE42ACE88
P 000001FBE42A9078
C 244
R
P 000001FBE42ACE88
C 380
R
P 000001FBE42ACE88
P 000001FBE42A9978
C 296
R
P 000001FBE42ACE88
C 380
R
P 000001FBE42ACE88
P 000001FBE42A9978
C 295
R
P 000001FBE42ACE88
C 380
R
P 000001FBE42ACE88
P 000001FBE42A9978
C 294
R
P 000001FBE42ACE88
C 380
R
P 000001FBE42ACE88
P 000001FBE42A9978
C 9
R
P 000001FBE42ACE88
C 380
R
P 000001FBE42ACE88
P 000001FBE42A9978
C 299
R
P 000001FBE42ACE88
C 380
R
P 000001FBE42ACE88
P 000001FBE62C8488
C 484
= 000001FBE6DA3478
R
P 000001FBE42ACE88
C 380
R
P 000001FBE42ACE88
P 000001FBE6DA3478
C 338
R
P 000001FBE42ACE88
C 380
R
P 000001FBE42ACE88
P 000001FBE5C23E00
C 273
= 000001FBE42A9078
R
P 000001FBE42ACE88
C 380
R
P 000001FBE42ACE88
P 000001FBE42A9078
C 244
R
P 000001FBE42ACE88
C 380
R
P 000001FBE42ACE88
P 000001FBE5C23E00
C 271
R
P 000001FBE42ACE88
C 380
R
P 000001FBE42ACE88
P 000001FBE6DA3478
P 000001FBE5C23E00
C 343
= 000001FBE61CF138
R
P 000001FBE42ACE88
C 380
R
P 000001FBE42ACE88
P 000001FBE61CF138
C 356
R
P 000001FBE42ACE88
C 380
R
P 000001FBE42ACE88
P 000001FBE61CF138
C 358
R
P 000001FBE42ACE88
C 380
R
P 000001FBE42ACE88
P 000001FBE61CF138
C 360
= 000001FBE6232F88
R
P 000001FBE42ACE88
C 380
R
P 000001FBE42ACE88
P 000001FBE6232F88
C 293
R
P 000001FBE42ACE88
C 380
R
P 000001FBE42ACE88
P 000001FBE6232F88
C 290
= 000001FBE42A9078
R
P 000001FBE42ACE88
C 380
R
P 000001FBE42ACE88
P 000001FBE42A9078
C 244
R
P 000001FBE42ACE88
C 380
R
P 000001FBE42ACE88
P 000001FBE6232F88
C 296
R
P 000001FBE42ACE88
C 380
R
P 000001FBE42ACE88
P 000001FBE6232F88
C 295
R
P 000001FBE42ACE88
C 380
R
P 000001FBE42ACE88
P 000001FBE6232F88
C 294
R
P 000001FBE42ACE88
C 380
R
P 000001FBE42ACE88
P 000001FBE6232F88
C 9
R
P 000001FBE42ACE88
C 380
R
P 000001FBE42ACE88
P 000001FBE6232F88
C 299
R
P 000001FBE42ACE88
C 380
R
P 000001FBE42ACE88
P 000001FBE62C8488
C 484
= 000001FBE6DA2F68
R
P 000001FBE42ACE88
C 380
R
P 000001FBE42ACE88
P 000001FBE6DA2F68
C 338
R
P 000001FBE42ACE88
C 380
R
P 000001FBE42ACE88
P 000001FBE6232FC8
C 284
= 000001FBE5C22A48
R
P 000001FBE42ACE88
C 380
R
P 000001FBE42ACE88
P 000001FBE5C22A48
C 293
R
P 000001FBE42ACE88
C 380
R
P 000001FBE42ACE88
P 000001FBE5C22A48
C 9
R
P 000001FBE42ACE88
C 380
R
P 000001FBE42ACE88
P 000001FBE5C22A48
C 273
= 000001FBE6233008
R
P 000001FBE42ACE88
C 380
R
P 000001FBE42ACE88
P 000001FBE6233008
C 244
R
P 000001FBE42ACE88
C 380
R
P 000001FBE42ACE88
P 000001FBE5C22A48
C 271
R
P 000001FBE42ACE88
C 380
R
P 000001FBE42ACE88
P 000001FBE6DA2F68
P 000001FBE5C22A48
C 341
= 000001FBE5C22898
R
P 000001FBE42ACE88
C 380
R
P 000001FBE42ACE88
P 000001FBE5C22898
C 352
R
P 000001FBE42ACE88
C 380
M "ArrayExample2"
R
P 000001FBE42ACE88
C 32
= 000001FBE42A8FB8
R
P 000001FBE42ACE88
C 380
R
P 000001FBE42ACE88
P 000001FBE42A8FB8
C 293
R
P 000001FBE42ACE88
C 380
R
P 000001FBE42ACE88
P 000001FBE42A8FB8
C 9
R
P 000001FBE42ACE88
C 380
R
P 000001FBE42ACE88
P 000001FBE42A8FB8
P 000001FBE42A8FB8
C 37
= 000001FBE6232F28
R
P 000001FBE42ACE88
C 380
R
P 000001FBE42ACE88
P 000001FBE6232F28
C 293
R
P 000001FBE42ACE88
C 380
R
P 000001FBE42ACE88
P 000001FBE6232F28
C 9
R
P 000001FBE42ACE88
C 380
R
P 000001FBE42ACE88
S "array_0"
C 30
R
P 000001FBE42ACE88
C 380
R
P 000001FBE42ACE88
$ |array_0|
C 237
R
P 000001FBE42ACE88
C 380
R
P 000001FBE42ACE88
$ |array_0|
P 000001FBE6232F28
C 51
= 000001FBE6232F08
R
P 000001FBE42ACE88
C 380
R
P 000001FBE42ACE88
P 000001FBE6232F08
C 293
R
P 000001FBE42ACE88
C 380
R
P 000001FBE42ACE88
P 000001FBE6232F08
C 290
= 000001FBE6232F28
R
P 000001FBE42ACE88
C 380
R
P 000001FBE42ACE88
P 000001FBE6232F28
C 244
R
P 000001FBE42ACE88
C 380
R
P 000001FBE42ACE88
P 000001FBE6232F08
C 296
R
P 000001FBE42ACE88
C 380
R
P 000001FBE42ACE88
P 000001FBE6232F08
C 295
R
P 000001FBE42ACE88
C 380
R
P 000001FBE42ACE88
P 000001FBE6232F08
C 294
R
P 000001FBE42ACE88
C 380
R
P 000001FBE42ACE88
P 000001FBE6232F08
C 9
R
P 000001FBE42ACE88
C 380
R
P 000001FBE42ACE88
S "array_1"
C 30
R
P 000001FBE42ACE88
C 380
R
P 000001FBE42ACE88
$ |array_1|
C 237
R
P 000001FBE42ACE88
C 380
R
P 000001FBE42ACE88
$ |array_1|
P 000001FBE6232F28
C 51
= 000001FBE6232EE8
R
P 000001FBE42ACE88
C 380
R
P 000001FBE42ACE88
P 000001FBE6232EE8
C 293
R
P 000001FBE42ACE88
C 380
R
P 000001FBE42ACE88
P 000001FBE6232EE8
C 290
= 000001FBE6232F28
R
P 000001FBE42ACE88
C 380
R
P 000001FBE42ACE88
P 000001FBE6232F28
C 244
R
P 000001FBE42ACE88
C 380
R
P 000001FBE42ACE88
P 000001FBE6232EE8
C 296
R
P 000001FBE42ACE88
C 380
R
P 000001FBE42ACE88
P 000001FBE6232EE8
C 295
R
P 000001FBE42ACE88
C 380
R
P 000001FBE42ACE88
P 000001FBE6232EE8
C 294
R
P 000001FBE42ACE88
C 380
R
P 000001FBE42ACE88
P 000001FBE6232EE8
C 9
R
P 000001FBE42ACE88
C 380
R
P 000001FBE42ACE88
U 2
P 000001FBE6232F08
P 000001FBE6232EE8
p 2
C 59
= 000001FBE5619328
R
P 000001FBE42ACE88
C 380
R
P 000001FBE42ACE88
P 000001FBE5619328
C 294
R
P 000001FBE42ACE88
C 380
R
P 000001FBE42ACE88
P 000001FBE5619328
C 9
R
P 000001FBE42ACE88
C 380
R
P 000001FBE42ACE88
P 000001FBE5619328
C 371
R
P 000001FBE42ACE88
C 380
R
P 000001FBE42ACE88
C 450
= 000001FBE62C6FE8
R
P 000001FBE42ACE88
C 380
R
P 000001FBE42ACE88
P 000001FBE62C6FE8
C 459
R
P 000001FBE42ACE88
C 380
R
P 000001FBE42ACE88
P 000001FBE62C6FE8
P 000001FBE5619328
C 466
R
P 000001FBE42ACE88
C 380
R
P 000001FBE42ACE88
P 000001FBE62C6FE8
C 479
R
P 000001FBE42ACE88
C 380
R
P 000001FBE42ACE88
P 000001FBE62C6FE8
C 484
= 000001FBE6E29768
R
P 000001FBE42ACE88
C 380
R
P 000001FBE42ACE88
P 000001FBE6E29768
C 338
R
P 000001FBE42ACE88
C 380
R
P 000001FBE42ACE88
P 000001FBE6232F08
C 371
R
P 000001FBE42ACE88
C 380
R
P 000001FBE42ACE88
P 000001FBE6E29768
P 000001FBE6232F08
I 0
P 0000000000000000
C 340
* 000001FBE42A3D48 4
R
P 000001FBE42ACE88
C 380
R
P 000001FBE42ACE88
P 000001FBE42A3D48
C 293
R
P 000001FBE42ACE88
C 380
R
P 000001FBE42ACE88
P 000001FBE42A3D48
C 290
= 000001FBE6232F28
R
P 000001FBE42ACE88
C 380
R
P 000001FBE42ACE88
P 000001FBE6232F28
C 244
R
P 000001FBE42ACE88
C 380
R
P 000001FBE42ACE88
P 000001FBE42A3D48
C 296
R
P 000001FBE42ACE88
C 380
R
P 000001FBE42ACE88
P 000001FBE42A3D48
C 295
R
P 000001FBE42ACE88
C 380
R
P 000001FBE42ACE88
P 000001FBE42A3D48
C 294
R
P 000001FBE42ACE88
C 380
R
P 000001FBE42ACE88
P 000001FBE42A3D48
C 9
R
P 000001FBE42ACE88
C 380
R
P 000001FBE42ACE88
P 000001FBE42A3D48
C 371
R
P 000001FBE42ACE88
C 380
R
P 000001FBE42ACE88
P 000001FBE6232EE8
C 371
R
P 000001FBE42ACE88
C 380
R
P 000001FBE42ACE88
P 000001FBE6E29768
P 000001FBE6232EE8
I 0
P 0000000000000000
C 340
* 000001FBE5C22778 4
R
P 000001FBE42ACE88
C 380
R
P 000001FBE42ACE88
P 000001FBE5C22778
C 293
R
P 000001FBE42ACE88
C 380
R
P 000001FBE42ACE88
P 000001FBE5C22778
C 290
= 000001FBE6232F28
R
P 000001FBE42ACE88
C 380
R
P 000001FBE42ACE88
P 000001FBE6232F28
C 244
R
P 000001FBE42ACE88
C 380
R
P 000001FBE42ACE88
P 000001FBE5C22778
C 296
R
P 000001FBE42ACE88
C 380
R
P 000001FBE42ACE88
P 000001FBE5C22778
C 295
R
P 000001FBE42ACE88
C 380
R
P 000001FBE42ACE88
P 000001FBE5C22778
C 294
R
P 000001FBE42ACE88
C 380
R
P 000001FBE42ACE88
P 000001FBE5C22778
C 9
R
P 000001FBE42ACE88
C 380
R
P 000001FBE42ACE88
P 000001FBE5C22778
C 371
R
P 000001FBE42ACE88
C 380
R
P 000001FBE42ACE88
C 32
= 000001FBE42A8FB8
R
P 000001FBE42ACE88
C 380
R
P 000001FBE42ACE88
P 000001FBE42A8FB8
C 293
R
P 000001FBE42ACE88
C 380
R
P 000001FBE42ACE88
P 000001FBE42A8FB8
C 9
R
P 000001FBE42ACE88
C 380
R
P 000001FBE42ACE88
P 000001FBE42A8FB8
P 000001FBE42A8FB8
C 37
= 000001FBE6232F28
R
P 000001FBE42ACE88
C 380
R
P 000001FBE42ACE88
P 000001FBE6232F28
C 293
R
P 000001FBE42ACE88
C 380
R
P 000001FBE42ACE88
P 000001FBE6232F28
C 9
R
P 000001FBE42ACE88
C 380
R
P 000001FBE42ACE88
S "array_0"
C 30
R
P 000001FBE42ACE88
C 380
R
P 000001FBE42ACE88
$ |array_0|
C 237
R
P 000001FBE42ACE88
C 380
R
P 000001FBE42ACE88
$ |array_0|
P 000001FBE6232F28
C 51
= 000001FBE6232F08
R
P 000001FBE42ACE88
C 380
R
P 000001FBE42ACE88
P 000001FBE6232F08
C 293
R
P 000001FBE42ACE88
C 380
R
P 000001FBE42ACE88
P 000001FBE6232F08
C 290
= 000001FBE6232F28
R
P 000001FBE42ACE88
C 380
R
P 000001FBE42ACE88
P 000001FBE6232F28
C 244
R
P 000001FBE42ACE88
C 380
R
P 000001FBE42ACE88
P 000001FBE6232F08
C 296
R
P 000001FBE42ACE88
C 380
R
P 000001FBE42ACE88
P 000001FBE6232F08
C 295
R
P 000001FBE42ACE88
C 380
R
P 000001FBE42ACE88
P 000001FBE6232F08
C 294
R
P 000001FBE42ACE88
C 380
R
P 000001FBE42ACE88
P 000001FBE6232F08
C 9
R
P 000001FBE42ACE88
C 380
R
P 000001FBE42ACE88
S "array_1"
C 30
R
P 000001FBE42ACE88
C 380
R
P 000001FBE42ACE88
$ |array_1|
C 237
R
P 000001FBE42ACE88
C 380
R
P 000001FBE42ACE88
$ |array_1|
P 000001FBE6232F28
C 51
= 000001FBE6232EE8
R
P 000001FBE42ACE88
C 380
R
P 000001FBE42ACE88
P 000001FBE6232EE8
C 293
R
P 000001FBE42ACE88
C 380
R
P 000001FBE42ACE88
P 000001FBE6232EE8
C 290
= 000001FBE6232F28
R
P 000001FBE42ACE88
C 380
R
P 000001FBE42ACE88
P 000001FBE6232F28
C 244
R
P 000001FBE42ACE88
C 380
R
P 000001FBE42ACE88
P 000001FBE6232EE8
C 296
R
P 000001FBE42ACE88
C 380
R
P 000001FBE42ACE88
P 000001FBE6232EE8
C 295
R
P 000001FBE42ACE88
C 380
R
P 000001FBE42ACE88
P 000001FBE6232EE8
C 294
R
P 000001FBE42ACE88
C 380
R
P 000001FBE42ACE88
P 000001FBE6232EE8
C 9
R
P 000001FBE42ACE88
C 380
R
P 000001FBE42ACE88
S "array_2"
C 30
R
P 000001FBE42ACE88
C 380
R
P 000001FBE42ACE88
$ |array_2|
C 237
R
P 000001FBE42ACE88
C 380
R
P 000001FBE42ACE88
$ |array_2|
P 000001FBE6232F28
C 51
= 000001FBE6232E88
R
P 000001FBE42ACE88
C 380
R
P 000001FBE42ACE88
P 000001FBE6232E88
C 293
R
P 000001FBE42ACE88
C 380
R
P 000001FBE42ACE88
P 000001FBE6232E88
C 290
= 000001FBE6232F28
R
P 000001FBE42ACE88
C 380
R
P 000001FBE42ACE88
P 000001FBE6232F28
C 244
R
P 000001FBE42ACE88
C 380
R
P 000001FBE42ACE88
P 000001FBE6232E88
C 296
R
P 000001FBE42ACE88
C 380
R
P 000001FBE42ACE88
P 000001FBE6232E88
C 295
R
P 000001FBE42ACE88
C 380
R
P 000001FBE42ACE88
P 000001FBE6232E88
C 294
R
P 000001FBE42ACE88
C 380
R
P 000001FBE42ACE88
P 000001FBE6232E88
C 9
R
P 000001FBE42ACE88
C 380
R
P 000001FBE42ACE88
U 3
P 000001FBE6232F08
P 000001FBE6232EE8
P 000001FBE6232E88
p 3
C 59
= 000001FBE42A3D88
R
P 000001FBE42ACE88
C 380
R
P 000001FBE42ACE88
P 000001FBE42A3D88
C 294
R
P 000001FBE42ACE88
C 380
R
P 000001FBE42ACE88
P 000001FBE42A3D88
C 9
R
P 000001FBE42ACE88
C 380
R
P 000001FBE42ACE88
P 000001FBE42A3D88
C 371
R
P 000001FBE42ACE88
C 380
R
P 000001FBE42ACE88
C 450
= 000001FBE6E39218
R
P 000001FBE42ACE88
C 380
R
P 000001FBE42ACE88
P 000001FBE6E39218
C 459
R
P 000001FBE42ACE88
C 380
R
P 000001FBE42ACE88
P 000001FBE6E39218
P 000001FBE42A3D88
C 466
R
P 000001FBE42ACE88
C 380
R
P 000001FBE42ACE88
P 000001FBE6E39218
C 479
R
P 000001FBE42ACE88
C 380
R
P 000001FBE42ACE88
P 000001FBE6E39218
C 484
= 000001FBE7229308
R
P 000001FBE42ACE88
C 380
R
P 000001FBE42ACE88
P 000001FBE7229308
C 338
R
P 000001FBE42ACE88
C 380
R
P 000001FBE42ACE88
P 000001FBE6232F08
C 371
R
P 000001FBE42ACE88
C 380
R
P 000001FBE42ACE88
P 000001FBE7229308
P 000001FBE6232F08
I 0
P 0000000000000000
C 340
* 000001FBE5C22778 4
R
P 000001FBE42ACE88
C 380
R
P 000001FBE42ACE88
P 000001FBE5C22778
C 293
R
P 000001FBE42ACE88
C 380
R
P 000001FBE42ACE88
P 000001FBE5C22778
C 290
= 000001FBE6232F28
R
P 000001FBE42ACE88
C 380
R
P 000001FBE42ACE88
P 000001FBE6232F28
C 244
R
P 000001FBE42ACE88
C 380
R
P 000001FBE42ACE88
P 000001FBE5C22778
C 296
R
P 000001FBE42ACE88
C 380
R
P 000001FBE42ACE88
P 000001FBE5C22778
C 295
R
P 000001FBE42ACE88
C 380
R
P 000001FBE42ACE88
P 000001FBE5C22778
C 294
R
P 000001FBE42ACE88
C 380
R
P 000001FBE42ACE88
P 000001FBE5C22778
C 9
R
P 000001FBE42ACE88
C 380
R
P 000001FBE42ACE88
P 000001FBE5C22778
C 371
R
P 000001FBE42ACE88
C 380
R
P 000001FBE42ACE88
P 000001FBE6232EE8
C 371
R
P 000001FBE42ACE88
C 380
R
P 000001FBE42ACE88
P 000001FBE7229308
P 000001FBE6232EE8
I 0
P 0000000000000000
C 340
* 000001FBE5E4F2F8 4
R
P 000001FBE42ACE88
C 380
R
P 000001FBE42ACE88
P 000001FBE5E4F2F8
C 293
R
P 000001FBE42ACE88
C 380
R
P 000001FBE42ACE88
P 000001FBE5E4F2F8
C 293
R
P 000001FBE42ACE88
C 380
R
P 000001FBE42ACE88
P 000001FBE5E4F2F8
C 294
R
P 000001FBE42ACE88
C 380
R
P 000001FBE42ACE88
P 000001FBE5E4F2F8
C 293
R
P 000001FBE42ACE88
C 380
R
P 000001FBE42ACE88
P 000001FBE5E4F2F8
C 293
R
P 000001FBE42ACE88
C 380
R
P 000001FBE42ACE88
P 000001FBE5E4F2F8
C 9
R
P 000001FBE42ACE88
C 380
R
P 000001FBE42ACE88
P 000001FBE5E4F2F8
C 371
R
P 000001FBE42ACE88
C 380
R
P 000001FBE42ACE88
P 000001FBE6232E88
C 371
R
P 000001FBE42ACE88
C 380
R
P 000001FBE42ACE88
P 000001FBE7229308
P 000001FBE6232E88
I 0
P 0000000000000000
C 340
* 000001FBE5C226B8 4
R
P 000001FBE42ACE88
C 380
R
P 000001FBE42ACE88
P 000001FBE5C226B8
C 293
R
P 000001FBE42ACE88
C 380
R
P 000001FBE42ACE88
P 000001FBE5C226B8
C 290
= 000001FBE6232F28
R
P 000001FBE42ACE88
C 380
R
P 000001FBE42ACE88
P 000001FBE6232F28
C 244
R
P 000001FBE42ACE88
C 380
R
P 000001FBE42ACE88
P 000001FBE5C226B8
C 296
R
P 000001FBE42ACE88
C 380
R
P 000001FBE42ACE88
P 000001FBE5C226B8
C 295
R
P 000001FBE42ACE88
C 380
R
P 000001FBE42ACE88
P 000001FBE5C226B8
C 294
R
P 000001FBE42ACE88
C 380
R
P 000001FBE42ACE88
P 000001FBE5C226B8
C 9
R
P 000001FBE42ACE88
C 380
R
P 000001FBE42ACE88
P 000001FBE5C226B8
C 371
R
P 000001FBE42ACE88
C 380
R
P 000001FBE42ACE88
C 32
= 000001FBE42A8FB8
R
P 000001FBE42ACE88
C 380
R
P 000001FBE42ACE88
P 000001FBE42A8FB8
C 293
R
P 000001FBE42ACE88
C 380
R
P 000001FBE42ACE88
P 000001FBE42A8FB8
C 9
R
P 000001FBE42ACE88
C 380
R
P 000001FBE42ACE88
P 000001FBE42A8FB8
P 000001FBE42A8FB8
C 37
= 000001FBE6232F28
R
P 000001FBE42ACE88
C 380
R
P 000001FBE42ACE88
P 000001FBE6232F28
C 293
R
P 000001FBE42ACE88
C 380
R
P 000001FBE42ACE88
P 000001FBE6232F28
C 9
R
P 000001FBE42ACE88
C 380
R
P 000001FBE42ACE88
S "array_0"
C 30
R
P 000001FBE42ACE88
C 380
R
P 000001FBE42ACE88
$ |array_0|
C 237
R
P 000001FBE42ACE88
C 380
R
P 000001FBE42ACE88
$ |array_0|
P 000001FBE6232F28
C 51
= 000001FBE6232F08
R
P 000001FBE42ACE88
C 380
R
P 000001FBE42ACE88
P 000001FBE6232F08
C 293
R
P 000001FBE42ACE88
C 380
R
P 000001FBE42ACE88
P 000001FBE6232F08
C 290
= 000001FBE6232F28
R
P 000001FBE42ACE88
C 380
R
P 000001FBE42ACE88
P 000001FBE6232F28
C 244
R
P 000001FBE42ACE88
C 380
R
P 000001FBE42ACE88
P 000001FBE6232F08
C 296
R
P 000001FBE42ACE88
C 380
R
P 000001FBE42ACE88
P 000001FBE6232F08
C 295
R
P 000001FBE42ACE88
C 380
R
P 000001FBE42ACE88
P 000001FBE6232F08
C 294
R
P 000001FBE42ACE88
C 380
R
P 000001FBE42ACE88
P 000001FBE6232F08
C 9
R
P 000001FBE42ACE88
C 380
R
P 000001FBE42ACE88
S "array_1"
C 30
R
P 000001FBE42ACE88
C 380
R
P 000001FBE42ACE88
$ |array_1|
C 237
R
P 000001FBE42ACE88
C 380
R
P 000001FBE42ACE88
$ |array_1|
P 000001FBE6232F28
C 51
= 000001FBE6232EE8
R
P 000001FBE42ACE88
C 380
R
P 000001FBE42ACE88
P 000001FBE6232EE8
C 293
R
P 000001FBE42ACE88
C 380
R
P 000001FBE42ACE88
P 000001FBE6232EE8
C 290
= 000001FBE6232F28
R
P 000001FBE42ACE88
C 380
R
P 000001FBE42ACE88
P 000001FBE6232F28
C 244
R
P 000001FBE42ACE88
C 380
R
P 000001FBE42ACE88
P 000001FBE6232EE8
C 296
R
P 000001FBE42ACE88
C 380
R
P 000001FBE42ACE88
P 000001FBE6232EE8
C 295
R
P 000001FBE42ACE88
C 380
R
P 000001FBE42ACE88
P 000001FBE6232EE8
C 294
R
P 000001FBE42ACE88
C 380
R
P 000001FBE42ACE88
P 000001FBE6232EE8
C 9
R
P 000001FBE42ACE88
C 380
R
P 000001FBE42ACE88
S "array_2"
C 30
R
P 000001FBE42ACE88
C 380
R
P 000001FBE42ACE88
$ |array_2|
C 237
R
P 000001FBE42ACE88
C 380
R
P 000001FBE42ACE88
$ |array_2|
P 000001FBE6232F28
C 51
= 000001FBE6232E88
R
P 000001FBE42ACE88
C 380
R
P 000001FBE42ACE88
P 000001FBE6232E88
C 293
R
P 000001FBE42ACE88
C 380
R
P 000001FBE42ACE88
P 000001FBE6232E88
C 290
= 000001FBE6232F28
R
P 000001FBE42ACE88
C 380
R
P 000001FBE42ACE88
P 000001FBE6232F28
C 244
R
P 000001FBE42ACE88
C 380
R
P 000001FBE42ACE88
P 000001FBE6232E88
C 296
R
P 000001FBE42ACE88
C 380
R
P 000001FBE42ACE88
P 000001FBE6232E88
C 295
R
P 000001FBE42ACE88
C 380
R
P 000001FBE42ACE88
P 000001FBE6232E88
C 294
R
P 000001FBE42ACE88
C 380
R
P 000001FBE42ACE88
P 000001FBE6232E88
C 9
R
P 000001FBE42ACE88
C 380
R
P 000001FBE42ACE88
S "array_3"
C 30
R
P 000001FBE42ACE88
C 380
R
P 000001FBE42ACE88
$ |array_3|
C 237
R
P 000001FBE42ACE88
C 380
R
P 000001FBE42ACE88
$ |array_3|
P 000001FBE6232F28
C 51
= 000001FBE6232DC8
R
P 000001FBE42ACE88
C 380
R
P 000001FBE42ACE88
P 000001FBE6232DC8
C 293
R
P 000001FBE42ACE88
C 380
R
P 000001FBE42ACE88
P 000001FBE6232DC8
C 290
= 000001FBE6232F28
R
P 000001FBE42ACE88
C 380
R
P 000001FBE42ACE88
P 000001FBE6232F28
C 244
R
P 000001FBE42ACE88
C 380
R
P 000001FBE42ACE88
P 000001FBE6232DC8
C 296
R
P 000001FBE42ACE88
C 380
R
P 000001FBE42ACE88
P 000001FBE6232DC8
C 295
R
P 000001FBE42ACE88
C 380
R
P 000001FBE42ACE88
P 000001FBE6232DC8
C 294
R
P 000001FBE42ACE88
C 380
R
P 000001FBE42ACE88
P 000001FBE6232DC8
C 9
R
P 000001FBE42ACE88
C 380
R
P 000001FBE42ACE88
U 4
P 000001FBE6232F08
P 000001FBE6232EE8
P 000001FBE6232E88
P 000001FBE6232DC8
p 4
C 59
= 000001FBE42A7158
R
P 000001FBE42ACE88
C 380
R
P 000001FBE42ACE88
P 000001FBE42A7158
C 294
R
P 000001FBE42ACE88
C 380
R
P 000001FBE42ACE88
P 000001FBE42A7158
C 9
R
P 000001FBE42ACE88
C 380
R
P 000001FBE42ACE88
P 000001FBE42A7158
C 371
R
P 000001FBE42ACE88
C 380
R
P 000001FBE42ACE88
C 450
= 000001FBE6E3A088
R
P 000001FBE42ACE88
C 380
R
P 000001FBE42ACE88
P 000001FBE6E3A088
C 459
R
P 000001FBE42ACE88
C 380
R
P 000001FBE42ACE88
P 000001FBE6E3A088
P 000001FBE42A7158
C 466
R
P 000001FBE42ACE88
C 380
R
P 000001FBE42ACE88
P 000001FBE6E3A088
C 479
R
P 000001FBE42ACE88
C 380
R
P 000001FBE42ACE88
P 000001FBE6E3A088
C 484
= 000001FBE7308778
R
P 000001FBE42ACE88
C 380
R
P 000001FBE42ACE88
P 000001FBE7308778
C 338
R
P 000001FBE42ACE88
C 380
R
P 000001FBE42ACE88
P 000001FBE6232F08
C 371
R
P 000001FBE42ACE88
C 380
R
P 000001FBE42ACE88
P 000001FBE7308778
P 000001FBE6232F08
I 0
P 0000000000000000
C 340
* 000001FBE5C22778 4
R
P 000001FBE42ACE88
C 380
R
P 000001FBE42ACE88
P 000001FBE5C22778
C 293
R
P 000001FBE42ACE88
C 380
R
P 000001FBE42ACE88
P 000001FBE5C22778
C 290
= 000001FBE6232F28
R
P 000001FBE42ACE88
C 380
R
P 000001FBE42ACE88
P 000001FBE6232F28
C 244
R
P 000001FBE42ACE88
C 380
R
P 000001FBE42ACE88
P 000001FBE5C22778
C 296
R
P 000001FBE42ACE88
C 380
R
P 000001FBE42ACE88
P 000001FBE5C22778
C 295
R
P 000001FBE42ACE88
C 380
R
P 000001FBE42ACE88
P 000001FBE5C22778
C 294
R
P 000001FBE42ACE88
C 380
R
P 000001FBE42ACE88
P 000001FBE5C22778
C 9
R
P 000001FBE42ACE88
C 380
R
P 000001FBE42ACE88
P 000001FBE5C22778
C 371
R
P 000001FBE42ACE88
C 380
R
P 000001FBE42ACE88
P 000001FBE6232EE8
C 371
R
P 000001FBE42ACE88
C 380
R
P 000001FBE42ACE88
P 000001FBE7308778
P 000001FBE6232EE8
I 0
P 0000000000000000
C 340
* 000001FBE5E4F2F8 4
R
P 000001FBE42ACE88
C 380
R
P 000001FBE42ACE88
P 000001FBE5E4F2F8
C 293
R
P 000001FBE42ACE88
C 380
R
P 000001FBE42ACE88
P 000001FBE5E4F2F8
C 293
R
P 000001FBE42ACE88
C 380
R
P 000001FBE42ACE88
P 000001FBE5E4F2F8
C 294
R
P 000001FBE42ACE88
C 380
R
P 000001FBE42ACE88
P 000001FBE5E4F2F8
C 293
R
P 000001FBE42ACE88
C 380
R
P 000001FBE42ACE88
P 000001FBE5E4F2F8
C 293
R
P 000001FBE42ACE88
C 380
R
P 000001FBE42ACE88
P 000001FBE5E4F2F8
C 9
R
P 000001FBE42ACE88
C 380
R
P 000001FBE42ACE88
P 000001FBE5E4F2F8
C 371
R
P 000001FBE42ACE88
C 380
R
P 000001FBE42ACE88
P 000001FBE6232E88
C 371
R
P 000001FBE42ACE88
C 380
R
P 000001FBE42ACE88
P 000001FBE7308778
P 000001FBE6232E88
I 0
P 0000000000000000
C 340
* 000001FBE42A3DC8 4
R
P 000001FBE42ACE88
C 380
R
P 000001FBE42ACE88
P 000001FBE42A3DC8
C 293
R
P 000001FBE42ACE88
C 380
R
P 000001FBE42ACE88
P 000001FBE42A3DC8
C 290
= 000001FBE6232F28
R
P 000001FBE42ACE88
C 380
R
P 000001FBE42ACE88
P 000001FBE6232F28
C 244
R
P 000001FBE42ACE88
C 380
R
P 000001FBE42ACE88
P 000001FBE42A3DC8
C 296
R
P 000001FBE42ACE88
C 380
R
P 000001FBE42ACE88
P 000001FBE42A3DC8
C 295
R
P 000001FBE42ACE88
C 380
R
P 000001FBE42ACE88
P 000001FBE42A3DC8
C 294
R
P 000001FBE42ACE88
C 380
R
P 000001FBE42ACE88
P 000001FBE42A3DC8
C 9
R
P 000001FBE42ACE88
C 380
R
P 000001FBE42ACE88
P 000001FBE42A3DC8
C 371
R
P 000001FBE42ACE88
C 380
R
P 000001FBE42ACE88
P 000001FBE6232DC8
C 371
R
P 000001FBE42ACE88
C 380
R
P 000001FBE42ACE88
P 000001FBE7308778
P 000001FBE6232DC8
I 0
P 0000000000000000
C 340
* 000001FBE5C226B8 4
R
P 000001FBE42ACE88
C 380
R
P 000001FBE42ACE88
P 000001FBE5C226B8
C 293
R
P 000001FBE42ACE88
C 380
R
P 000001FBE42ACE88
P 000001FBE5C226B8
C 290
= 000001FBE6232F28
R
P 000001FBE42ACE88
C 380
R
P 000001FBE42ACE88
P 000001FBE6232F28
C 244
R
P 000001FBE42ACE88
C 380
R
P 000001FBE42ACE88
P 000001FBE5C226B8
C 296
R
P 000001FBE42ACE88
C 380
R
P 000001FBE42ACE88
P 000001FBE5C226B8
C 295
R
P 000001FBE42ACE88
C 380
R
P 000001FBE42ACE88
P 000001FBE5C226B8
C 294
R
P 000001FBE42ACE88
C 380
R
P 000001FBE42ACE88
P 000001FBE5C226B8
C 9
R
P 000001FBE42ACE88
C 380
R
P 000001FBE42ACE88
P 000001FBE5C226B8
C 371
R
P 000001FBE42ACE88
C 380
R
P 000001FBE42ACE88
C 32
= 000001FBE42A8FB8
R
P 000001FBE42ACE88
C 380
R
P 000001FBE42ACE88
P 000001FBE42A8FB8
C 293
R
P 000001FBE42ACE88
C 380
R
P 000001FBE42ACE88
P 000001FBE42A8FB8
C 9
R
P 000001FBE42ACE88
C 380
R
P 000001FBE42ACE88
P 000001FBE42A8FB8
P 000001FBE42A8FB8
C 37
= 000001FBE6232F28
R
P 000001FBE42ACE88
C 380
R
P 000001FBE42ACE88
P 000001FBE6232F28
C 293
R
P 000001FBE42ACE88
C 380
R
P 000001FBE42ACE88
P 000001FBE6232F28
C 9
R
P 000001FBE42ACE88
C 380
R
P 000001FBE42ACE88
S "array_0"
C 30
R
P 000001FBE42ACE88
C 380
R
P 000001FBE42ACE88
$ |array_0|
C 237
R
P 000001FBE42ACE88
C 380
R
P 000001FBE42ACE88
$ |array_0|
P 000001FBE6232F28
C 51
= 000001FBE6232F08
R
P 000001FBE42ACE88
C 380
R
P 000001FBE42ACE88
P 000001FBE6232F08
C 293
R
P 000001FBE42ACE88
C 380
R
P 000001FBE42ACE88
P 000001FBE6232F08
C 290
= 000001FBE6232F28
R
P 000001FBE42ACE88
C 380
R
P 000001FBE42ACE88
P 000001FBE6232F28
C 244
R
P 000001FBE42ACE88
C 380
R
P 000001FBE42ACE88
P 000001FBE6232F08
C 296
R
P 000001FBE42ACE88
C 380
R
P 000001FBE42ACE88
P 000001FBE6232F08
C 295
R
P 000001FBE42ACE88
C 380
R
P 000001FBE42ACE88
P 000001FBE6232F08
C 294
R
P 000001FBE42ACE88
C 380
R
P 000001FBE42ACE88
P 000001FBE6232F08
C 9
R
P 000001FBE42ACE88
C 380
R
P 000001FBE42ACE88
S "array_1"
C 30
R
P 000001FBE42ACE88
C 380
R
P 000001FBE42ACE88
$ |array_1|
C 237
R
P 000001FBE42ACE88
C 380
R
P 000001FBE42ACE88
$ |array_1|
P 000001FBE6232F28
C 51
= 000001FBE6232EE8
R
P 000001FBE42ACE88
C 380
R
P 000001FBE42ACE88
P 000001FBE6232EE8
C 293
R
P 000001FBE42ACE88
C 380
R
P 000001FBE42ACE88
P 000001FBE6232EE8
C 290
= 000001FBE6232F28
R
P 000001FBE42ACE88
C 380
R
P 000001FBE42ACE88
P 000001FBE6232F28
C 244
R
P 000001FBE42ACE88
C 380
R
P 000001FBE42ACE88
P 000001FBE6232EE8
C 296
R
P 000001FBE42ACE88
C 380
R
P 000001FBE42ACE88
P 000001FBE6232EE8
C 295
R
P 000001FBE42ACE88
C 380
R
P 000001FBE42ACE88
P 000001FBE6232EE8
C 294
R
P 000001FBE42ACE88
C 380
R
P 000001FBE42ACE88
P 000001FBE6232EE8
C 9
R
P 000001FBE42ACE88
C 380
R
P 000001FBE42ACE88
S "array_2"
C 30
R
P 000001FBE42ACE88
C 380
R
P 000001FBE42ACE88
$ |array_2|
C 237
R
P 000001FBE42ACE88
C 380
R
P 000001FBE42ACE88
$ |array_2|
P 000001FBE6232F28
C 51
= 000001FBE6232E88
R
P 000001FBE42ACE88
C 380
R
P 000001FBE42ACE88
P 000001FBE6232E88
C 293
R
P 000001FBE42ACE88
C 380
R
P 000001FBE42ACE88
P 000001FBE6232E88
C 290
= 000001FBE6232F28
R
P 000001FBE42ACE88
C 380
R
P 000001FBE42ACE88
P 000001FBE6232F28
C 244
R
P 000001FBE42ACE88
C 380
R
P 000001FBE42ACE88
P 000001FBE6232E88
C 296
R
P 000001FBE42ACE88
C 380
R
P 000001FBE42ACE88
P 000001FBE6232E88
C 295
R
P 000001FBE42ACE88
C 380
R
P 000001FBE42ACE88
P 000001FBE6232E88
C 294
R
P 000001FBE42ACE88
C 380
R
P 000001FBE42ACE88
P 000001FBE6232E88
C 9
R
P 000001FBE42ACE88
C 380
R
P 000001FBE42ACE88
S "array_3"
C 30
R
P 000001FBE42ACE88
C 380
R
P 000001FBE42ACE88
$ |array_3|
C 237
R
P 000001FBE42ACE88
C 380
R
P 000001FBE42ACE88
$ |array_3|
P 000001FBE6232F28
C 51
= 000001FBE6232DC8
R
P 000001FBE42ACE88
C 380
R
P 000001FBE42ACE88
P 000001FBE6232DC8
C 293
R
P 000001FBE42ACE88
C 380
R
P 000001FBE42ACE88
P 000001FBE6232DC8
C 290
= 000001FBE6232F28
R
P 000001FBE42ACE88
C 380
R
P 000001FBE42ACE88
P 000001FBE6232F28
C 244
R
P 000001FBE42ACE88
C 380
R
P 000001FBE42ACE88
P 000001FBE6232DC8
C 296
R
P 000001FBE42ACE88
C 380
R
P 000001FBE42ACE88
P 000001FBE6232DC8
C 295
R
P 000001FBE42ACE88
C 380
R
P 000001FBE42ACE88
P 000001FBE6232DC8
C 294
R
P 000001FBE42ACE88
C 380
R
P 000001FBE42ACE88
P 000001FBE6232DC8
C 9
R
P 000001FBE42ACE88
C 380
R
P 000001FBE42ACE88
S "array_4"
C 30
R
P 000001FBE42ACE88
C 380
R
P 000001FBE42ACE88
$ |array_4|
C 237
R
P 000001FBE42ACE88
C 380
R
P 000001FBE42ACE88
$ |array_4|
P 000001FBE6232F28
C 51
= 000001FBE6232C88
R
P 000001FBE42ACE88
C 380
R
P 000001FBE42ACE88
P 000001FBE6232C88
C 293
R
P 000001FBE42ACE88
C 380
R
P 000001FBE42ACE88
P 000001FBE6232C88
C 290
= 000001FBE6232F28
R
P 000001FBE42ACE88
C 380
R
P 000001FBE42ACE88
P 000001FBE6232F28
C 244
R
P 000001FBE42ACE88
C 380
R
P 000001FBE42ACE88
P 000001FBE6232C88
C 296
R
P 000001FBE42ACE88
C 380
R
P 000001FBE42ACE88
P 000001FBE6232C88
C 295
R
P 000001FBE42ACE88
C 380
R
P 000001FBE42ACE88
P 000001FBE6232C88
C 294
R
P 000001FBE42ACE88
C 380
R
P 000001FBE42ACE88
P 000001FBE6232C88
C 9
R
P 000001FBE42ACE88
C 380
R
P 000001FBE42ACE88
U 5
P 000001FBE6232F08
P 000001FBE6232EE8
P 000001FBE6232E88
P 000001FBE6232DC8
P 000001FBE6232C88
p 5
C 59
= 000001FBE5E4D328
R
P 000001FBE42ACE88
C 380
R
P 000001FBE42ACE88
P 000001FBE5E4D328
C 294
R
P 000001FBE42ACE88
C 380
R
P 000001FBE42ACE88
P 000001FBE5E4D328
C 9
R
P 000001FBE42ACE88
C 380
R
P 000001FBE42ACE88
P 000001FBE5E4D328
C 371
R
P 000001FBE42ACE88
C 380
R
P 000001FBE42ACE88
C 450
= 000001FBE73342C8
R
P 000001FBE42ACE88
C 380
R
P 000001FBE42ACE88
P 000001FBE73342C8
C 459
R
P 000001FBE42ACE88
C 380
R
P 000001FBE42ACE88
P 000001FBE73342C8
P 000001FBE5E4D328
C 466
R
P 000001FBE42ACE88
C 380
R
P 000001FBE42ACE88
P 000001FBE73342C8
C 479
R
P 000001FBE42ACE88
C 380
M "BitvectorExample1"
R
P 000001FBE42ACE88
U 32
C 35
= 000001FBE42A94B8
R
P 000001FBE42ACE88
C 380
R
P 000001FBE42ACE88
P 000001FBE42A94B8
C 293
R
P 000001FBE42ACE88
C 380
R
P 000001FBE42ACE88
P 000001FBE42A94B8
C 9
R
P 000001FBE42ACE88
C 380
R
P 000001FBE42ACE88
S "x"
C 30
R
P 000001FBE42ACE88
C 380
R
P 000001FBE42ACE88
$ |x|
C 237
R
P 000001FBE42ACE88
C 380
R
P 000001FBE42ACE88
$ |x|
P 000001FBE42A94B8
C 51
= 000001FBE62330E8
R
P 000001FBE42ACE88
C 380
R
P 000001FBE42ACE88
P 000001FBE62330E8
C 293
R
P 000001FBE42ACE88
C 380
R
P 000001FBE42ACE88
P 000001FBE62330E8
C 290
= 000001FBE42A94B8
R
P 000001FBE42ACE88
C 380
R
P 000001FBE42ACE88
P 000001FBE42A94B8
C 244
R
P 000001FBE42ACE88
C 380
R
P 000001FBE42ACE88
P 000001FBE62330E8
C 296
R
P 000001FBE42ACE88
C 380
R
P 000001FBE42ACE88
P 000001FBE62330E8
C 295
R
P 000001FBE42ACE88
C 380
R
P 000001FBE42ACE88
P 000001FBE62330E8
C 294
R
P 000001FBE42ACE88
C 380
R
P 000001FBE42ACE88
P 000001FBE62330E8
C 9
R
P 000001FBE42ACE88
C 380
R
P 000001FBE42ACE88
S "0"
P 000001FBE42A94B8
C 152
= 000001FBE62330A8
R
P 000001FBE42ACE88
C 380
R
P 000001FBE42ACE88
P 000001FBE62330A8
C 293
R
P 000001FBE42ACE88
C 380
R
P 000001FBE42ACE88
P 000001FBE62330A8
C 290
= 000001FBE42A94B8
R
P 000001FBE42ACE88
C 380
R
P 000001FBE42ACE88
P 000001FBE42A94B8
C 244
R
P 000001FBE42ACE88
C 380
R
P 000001FBE42ACE88
P 000001FBE62330A8
C 296
R
P 000001FBE42ACE88
C 380
R
P 000001FBE42ACE88
P 000001FBE62330A8
C 295
R
P 000001FBE42ACE88
C 380
R
P 000001FBE42ACE88
P 000001FBE62330A8
C 294
R
P 000001FBE42ACE88
C 380
R
P 000001FBE42ACE88
P 000001FBE62330A8
C 9
R
P 000001FBE42ACE88
C 380
R
P 000001FBE42ACE88
U 32
C 35
= 000001FBE42A94B8
R
P 000001FBE42ACE88
C 380
R
P 000001FBE42ACE88
P 000001FBE42A94B8
C 293
R
P 000001FBE42ACE88
C 380
R
P 000001FBE42ACE88
P 000001FBE42A94B8
C 9
R
P 000001FBE42ACE88
C 380
R
P 000001FBE42ACE88
I 10
P 000001FBE42A94B8
C 154
= 000001FBE6232CC8
R
P 000001FBE42ACE88
C 380
R
P 000001FBE42ACE88
P 000001FBE6232CC8
C 293
R
P 000001FBE42ACE88
C 380
R
P 000001FBE42ACE88
P 000001FBE6232CC8
C 290
= 000001FBE42A94B8
R
P 000001FBE42ACE88
C 380
R
P 000001FBE42ACE88
P 000001FBE42A94B8
C 244
R
P 000001FBE42ACE88
C 380
R
P 000001FBE42ACE88
P 000001FBE6232CC8
C 296
R
P 000001FBE42ACE88
C 380
R
P 000001FBE42ACE88
P 000001FBE6232CC8
C 295
R
P 000001FBE42ACE88
C 380
R
P 000001FBE42ACE88
P 000001FBE6232CC8
C 294
R
P 000001FBE42ACE88
C 380
R
P 000001FBE42ACE88
P 000001FBE6232CC8
C 9
R
P 000001FBE42ACE88
C 380
R
P 000001FBE42ACE88
P 000001FBE62330E8
P 000001FBE6232CC8
C 94
= 000001FBE5C1CF40
R
P 000001FBE42ACE88
C 380
R
P 000001FBE42ACE88
P 000001FBE5C1CF40
C 294
R
P 000001FBE42ACE88
C 380
R
P 000001FBE42ACE88
P 000001FBE5C1CF40
C 9
R
P 000001FBE42ACE88
C 380
R
P 000001FBE42ACE88
P 000001FBE62330E8
P 000001FBE6232CC8
C 104
= 000001FBE5C27310
R
P 000001FBE42ACE88
C 380
R
P 000001FBE42ACE88
P 000001FBE5C27310
C 294
R
P 000001FBE42ACE88
C 380
R
P 000001FBE42ACE88
P 000001FBE5C27310
C 9
R
P 000001FBE42ACE88
C 380
R
P 000001FBE42ACE88
P 000001FBE5C1CF40
P 000001FBE62330A8
C 104
= 000001FBE5C27268
R
P 000001FBE42ACE88
C 380
R
P 000001FBE42ACE88
P 000001FBE5C27268
C 294
R
P 000001FBE42ACE88
C 380
R
P 000001FBE42ACE88
P 000001FBE5C27268
C 9
R
P 000001FBE42ACE88
C 380
R
P 000001FBE42ACE88
P 000001FBE5C27310
P 000001FBE5C27268
C 62
= 000001FBE5C1CD48
R
P 000001FBE42ACE88
C 380
R
P 000001FBE42ACE88
P 000001FBE5C1CD48
C 294
R
P 000001FBE42ACE88
C 380
R
P 000001FBE42ACE88
P 000001FBE5C1CD48
C 9
R
P 000001FBE42ACE88
C 380
R
P 000001FBE42ACE88
P 000001FBE5C1CD48
C 371
R
P 000001FBE42ACE88
C 380
R
P 000001FBE42ACE88
C 450
= 000001FBE7334428
R
P 000001FBE42ACE88
C 380
R
P 000001FBE42ACE88
P 000001FBE7334428
C 459
R
P 000001FBE42ACE88
C 380
R
P 000001FBE42ACE88
C 13
= 000001FBE78569E8
R
P 000001FBE42ACE88
C 380
R
P 000001FBE42ACE88
P 000001FBE78569E8
C 14
R
P 000001FBE42ACE88
C 380
R
P 000001FBE42ACE88
S "mbqi"
C 30
R
P 000001FBE42ACE88
C 380
R
P 000001FBE42ACE88
$ |mbqi|
C 237
R
P 000001FBE42ACE88
C 380
R
P 000001FBE42ACE88
P 000001FBE78569E8
$ |mbqi|
I 0
C 16
R
P 000001FBE42ACE88
C 380
R
P 000001FBE42ACE88
P 000001FBE7334428
P 000001FBE78569E8
C 458
R
P 000001FBE42ACE88
C 380
R
P 000001FBE42ACE88
P 000001FBE5C1CD48
C 60
= 000001FBE5C22508
R
P 000001FBE42ACE88
C 380
R
P 000001FBE42ACE88
P 000001FBE5C22508
C 294
R
P 000001FBE42ACE88
C 380
R
P 000001FBE42ACE88
P 000001FBE5C22508
C 9
R
P 000001FBE42ACE88
C 380
R
P 000001FBE42ACE88
P 000001FBE7334428
P 000001FBE5C22508
C 466
R
P 000001FBE42ACE88
C 380
R
P 000001FBE42ACE88
P 000001FBE7334428
C 479
R
P 000001FBE42ACE88
C 380
R
P 000001FBE42ACE88
P 000001FBE7334428
C 484
= 000001FBE7AB9A78
R
P 000001FBE42ACE88
C 380
R
P 000001FBE42ACE88
P 000001FBE7AB9A78
C 338
R
P 000001FBE42ACE88
C 380
R
P 000001FBE42ACE88
P 000001FBE7AB9A78
C 375
R
P 000001FBE42ACE88
C 380
M "BitvectorExample2"
R
P 000001FBE42ACE88
U 32
C 35
= 000001FBE42A94B8
R
P 000001FBE42ACE88
C 380
R
P 000001FBE42ACE88
P 000001FBE42A94B8
C 293
R
P 000001FBE42ACE88
C 380
R
P 000001FBE42ACE88
P 000001FBE42A94B8
C 9
R
P 000001FBE42ACE88
C 380
R
P 000001FBE42ACE88
U 32
C 35
= 000001FBE42A94B8
R
P 000001FBE42ACE88
C 380
R
P 000001FBE42ACE88
P 000001FBE42A94B8
C 293
R
P 000001FBE42ACE88
C 380
R
P 000001FBE42ACE88
P 000001FBE42A94B8
C 9
R
P 000001FBE42ACE88
C 380
R
P 000001FBE42ACE88
S "x"
C 30
R
P 000001FBE42ACE88
C 380
R
P 000001FBE42ACE88
$ |x|
C 237
R
P 000001FBE42ACE88
C 380
R
P 000001FBE42ACE88
$ |x|
P 000001FBE42A94B8
C 51
= 000001FBE62330E8
R
P 000001FBE42ACE88
C 380
R
P 000001FBE42ACE88
P 000001FBE62330E8
C 293
R
P 000001FBE42ACE88
C 380
R
P 000001FBE42ACE88
P 000001FBE62330E8
C 290
= 000001FBE42A94B8
R
P 000001FBE42ACE88
C 380
R
P 000001FBE42ACE88
P 000001FBE42A94B8
C 244
R
P 000001FBE42ACE88
C 380
R
P 000001FBE42ACE88
P 000001FBE62330E8
C 296
R
P 000001FBE42ACE88
C 380
R
P 000001FBE42ACE88
P 000001FBE62330E8
C 295
R
P 000001FBE42ACE88
C 380
R
P 000001FBE42ACE88
P 000001FBE62330E8
C 294
R
P 000001FBE42ACE88
C 380
R
P 000001FBE42ACE88
P 000001FBE62330E8
C 9
R
P 000001FBE42ACE88
C 380
R
P 000001FBE42ACE88
U 32
C 35
= 000001FBE42A94B8
R
P 000001FBE42ACE88
C 380
R
P 000001FBE42ACE88
P 000001FBE42A94B8
C 293
R
P 000001FBE42ACE88
C 380
R
P 000001FBE42ACE88
P 000001FBE42A94B8
C 9
R
P 000001FBE42ACE88
C 380
R
P 000001FBE42ACE88
S "y"
C 30
R
P 000001FBE42ACE88
C 380
R
P 000001FBE42ACE88
$ |y|
C 237
R
P 000001FBE42ACE88
C 380
R
P 000001FBE42ACE88
$ |y|
P 000001FBE42A94B8
C 51
= 000001FBE62330C8
R
P 000001FBE42ACE88
C 380
R
P 000001FBE42ACE88
P 000001FBE62330C8
C 293
R
P 000001FBE42ACE88
C 380
R
P 000001FBE42ACE88
P 000001FBE62330C8
C 290
= 000001FBE42A94B8
R
P 000001FBE42ACE88
C 380
R
P 000001FBE42ACE88
P 000001FBE42A94B8
C 244
R
P 000001FBE42ACE88
C 380
R
P 000001FBE42ACE88
P 000001FBE62330C8
C 296
R
P 000001FBE42ACE88
C 380
R
P 000001FBE42ACE88
P 000001FBE62330C8
C 295
R
P 000001FBE42ACE88
C 380
R
P 000001FBE42ACE88
P 000001FBE62330C8
C 294
R
P 000001FBE42ACE88
C 380
R
P 000001FBE42ACE88
P 000001FBE62330C8
C 9
R
P 000001FBE42ACE88
C 380
R
P 000001FBE42ACE88
P 000001FBE62330E8
P 000001FBE62330C8
C 88
= 000001FBE5C27348
R
P 000001FBE42ACE88
C 380
R
P 000001FBE42ACE88
P 000001FBE5C27348
C 294
R
P 000001FBE42ACE88
C 380
R
P 000001FBE42ACE88
P 000001FBE5C27348
C 9
R
P 000001FBE42ACE88
C 380
R
P 000001FBE42ACE88
S "103"
P 000001FBE42A94B8
C 152
= 000001FBE42AAC98
R
P 000001FBE42ACE88
C 380
R
P 000001FBE42ACE88
P 000001FBE42AAC98
C 293
R
P 000001FBE42ACE88
C 380
R
P 000001FBE42ACE88
P 000001FBE42AAC98
C 290
= 000001FBE42A94B8
R
P 000001FBE42ACE88
C 380
R
P 000001FBE42ACE88
P 000001FBE42A94B8
C 244
R
P 000001FBE42ACE88
C 380
R
P 000001FBE42ACE88
P 000001FBE42AAC98
C 296
R
P 000001FBE42ACE88
C 380
R
P 000001FBE42ACE88
P 000001FBE42AAC98
C 295
R
P 000001FBE42ACE88
C 380
R
P 000001FBE42ACE88
P 000001FBE42AAC98
C 294
R
P 000001FBE42ACE88
C 380
R
P 000001FBE42ACE88
P 000001FBE42AAC98
C 9
R
P 000001FBE42ACE88
C 380
R
P 000001FBE42ACE88
P 000001FBE5C27348
P 000001FBE42AAC98
C 94
= 000001FBE5C26D98
R
P 000001FBE42ACE88
C 380
R
P 000001FBE42ACE88
P 000001FBE5C26D98
C 294
R
P 000001FBE42ACE88
C 380
R
P 000001FBE42ACE88
P 000001FBE5C26D98
C 9
R
P 000001FBE42ACE88
C 380
R
P 000001FBE42ACE88
P 000001FBE62330E8
P 000001FBE62330C8
C 95
= 000001FBE5C26F58
R
P 000001FBE42ACE88
C 380
R
P 000001FBE42ACE88
P 000001FBE5C26F58
C 294
R
P 000001FBE42ACE88
C 380
R
P 000001FBE42ACE88
P 000001FBE5C26F58
C 9
R
P 000001FBE42ACE88
C 380
R
P 000001FBE42ACE88
P 000001FBE5C26D98
P 000001FBE5C26F58
C 58
= 000001FBE5E4B060
R
P 000001FBE42ACE88
C 380
R
P 000001FBE42ACE88
P 000001FBE5E4B060
C 294
R
P 000001FBE42ACE88
C 380
R
P 000001FBE42ACE88
P 000001FBE5E4B060
C 9
R
P 000001FBE42ACE88
C 380
R
P 000001FBE42ACE88
C 450
= 000001FBE795FDD8
R
P 000001FBE42ACE88
C 380
R
P 000001FBE42ACE88
P 000001FBE795FDD8
C 459
R
P 000001FBE42ACE88
C 380
R
P 000001FBE42ACE88
P 000001FBE795FDD8
P 000001FBE5E4B060
C 466
R
P 000001FBE42ACE88
C 380
R
P 000001FBE42ACE88
P 000001FBE795FDD8
C 479
R
P 000001FBE42ACE88
C 380
R
P 000001FBE42ACE88
P 000001FBE795FDD8
C 484
= 000001FBE899FC58
R
P 000001FBE42ACE88
C 380
R
P 000001FBE42ACE88
P 000001FBE899FC58
C 338
R
P 000001FBE42ACE88
C 380
R
P 000001FBE42ACE88
P 000001FBE899FC58
C 375
R
P 000001FBE42ACE88
C 380
M "ParserExample1"
R
P 000001FBE42ACE88
S "\040declare-const x Int\041 \040declare-const y Int\041 \040assert \040and \040> x y\041 \040> x 0\041\041\041"
U 0
s 0
p 0
U 0
s 0
p 0
C 377
= 000001FBE8A91FB8
R
P 000001FBE42ACE88
C 380
R
P 000001FBE42ACE88
P 000001FBE8A91FB8
C 502
R
P 000001FBE42ACE88
C 380
R
P 000001FBE42ACE88
P 000001FBE8A91FB8
C 504
R
P 000001FBE42ACE88
C 380
R
P 000001FBE42ACE88
P 000001FBE8A91FB8
U 0
C 505
= 000001FBE61775F8
R
P 000001FBE42ACE88
C 380
R
P 000001FBE42ACE88
P 000001FBE61775F8
C 9
R
P 000001FBE42ACE88
C 380
R
P 000001FBE42ACE88
P 000001FBE61775F8
C 293
R
P 000001FBE42ACE88
C 380
R
P 000001FBE42ACE88
P 000001FBE61775F8
C 290
= 000001FBE42A8FB8
R
P 000001FBE42ACE88
C 380
R
P 000001FBE42ACE88
P 000001FBE42A8FB8
C 244
R
P 000001FBE42ACE88
C 380
R
P 000001FBE42ACE88
P 000001FBE61775F8
C 296
R
P 000001FBE42ACE88
C 380
R
P 000001FBE42ACE88
P 000001FBE61775F8
C 295
R
P 000001FBE42ACE88
C 380
R
P 000001FBE42ACE88
P 000001FBE61775F8
C 294
R
P 000001FBE42ACE88
C 380
R
P 000001FBE42ACE88
P 000001FBE61775F8
C 9
R
P 000001FBE42ACE88
C 380
R
P 000001FBE42ACE88
P 000001FBE61775F8
C 371
R
P 000001FBE42ACE88
C 380
R
P 000001FBE42ACE88
C 450
= 000001FBE7960148
R
P 000001FBE42ACE88
C 380
R
P 000001FBE42ACE88
P 000001FBE7960148
C 459
R
P 000001FBE42ACE88
C 380
R
P 000001FBE42ACE88
P 000001FBE7960148
P 000001FBE61775F8
C 466
R
P 000001FBE42ACE88
C 380
R
P 000001FBE42ACE88
P 000001FBE7960148
C 479
R
P 000001FBE42ACE88
C 380
R
P 000001FBE42ACE88
P 000001FBE7960148
C 484
= 000001FBE87B9A48
R
P 000001FBE42ACE88
C 380
R
P 000001FBE42ACE88
P 000001FBE87B9A48
C 338
R
P 000001FBE42ACE88
C 380
M "ParserExample2"
R
P 000001FBE42ACE88
S "a"
C 30
R
P 000001FBE42ACE88
C 380
R
P 000001FBE42ACE88
$ |a|
C 237
R
P 000001FBE42ACE88
C 380
R
P 000001FBE42ACE88
S "b"
C 30
R
P 000001FBE42ACE88
C 380
R
P 000001FBE42ACE88
$ |b|
C 237
R
P 000001FBE42ACE88
C 380
R
P 000001FBE42ACE88
C 33
= 000001FBE42A9078
R
P 000001FBE42ACE88
C 380
R
P 000001FBE42ACE88
P 000001FBE42A9078
C 293
R
P 000001FBE42ACE88
C 380
R
P 000001FBE42ACE88
P 000001FBE42A9078
C 9
R
P 000001FBE42ACE88
C 380
R
P 000001FBE42ACE88
$ |a|
U 0
p 0
P 000001FBE42A9078
C 49
= 000001FBE5C22118
R
P 000001FBE42ACE88
C 380
R
P 000001FBE42ACE88
P 000001FBE5C22118
C 293
R
P 000001FBE42ACE88
C 380
R
P 000001FBE42ACE88
P 000001FBE5C22118
C 9
R
P 000001FBE42ACE88
C 380
R
P 000001FBE42ACE88
C 33
= 000001FBE42A9078
R
P 000001FBE42ACE88
C 380
R
P 000001FBE42ACE88
P 000001FBE42A9078
C 293
R
P 000001FBE42ACE88
C 380
R
P 000001FBE42ACE88
P 000001FBE42A9078
C 9
R
P 000001FBE42ACE88
C 380
R
P 000001FBE42ACE88
$ |b|
U 0
p 0
P 000001FBE42A9078
C 49
= 000001FBE5C21FC8
R
P 000001FBE42ACE88
C 380
R
P 000001FBE42ACE88
P 000001FBE5C21FC8
C 293
R
P 000001FBE42ACE88
C 380
R
P 000001FBE42ACE88
P 000001FBE5C21FC8
C 9
R
P 000001FBE42ACE88
C 380
R
P 000001FBE42ACE88
S "\040assert \040> a b\041\041"
U 0
s 0
p 0
U 2
$ |a|
$ |b|
s 2
P 000001FBE5C22118
P 000001FBE5C21FC8
p 2
C 377
= 000001FBE8A91D38
R
P 000001FBE42ACE88
C 380
R
P 000001FBE42ACE88
P 000001FBE8A91D38
C 502
R
P 000001FBE42ACE88
C 380
R
P 000001FBE42ACE88
P 000001FBE8A91D38
C 504
R
P 000001FBE42ACE88
C 380
R
P 000001FBE42ACE88
P 000001FBE8A91D38
U 0
C 505
= 000001FBE6165648
R
P 000001FBE42ACE88
C 380
R
P 000001FBE42ACE88
P 000001FBE6165648
C 9
R
P 000001FBE42ACE88
C 380
R
P 000001FBE42ACE88
P 000001FBE6165648
C 293
R
P 000001FBE42ACE88
C 380
R
P 000001FBE42ACE88
P 000001FBE6165648
C 290
= 000001FBE42A8FB8
R
P 000001FBE42ACE88
C 380
R
P 000001FBE42ACE88
P 000001FBE42A8FB8
C 244
R
P 000001FBE42ACE88
C 380
R
P 000001FBE42ACE88
P 000001FBE6165648
C 296
R
P 000001FBE42ACE88
C 380
R
P 000001FBE42ACE88
P 000001FBE6165648
C 295
R
P 000001FBE42ACE88
C 380
R
P 000001FBE42ACE88
P 000001FBE6165648
C 294
R
P 000001FBE42ACE88
C 380
R
P 000001FBE42ACE88
P 000001FBE6165648
C 9
R
P 000001FBE42ACE88
C 380
R
P 000001FBE42ACE88
P 000001FBE6165648
C 371
R
P 000001FBE42ACE88
C 380
R
P 000001FBE42ACE88
C 450
= 000001FBE878A1F8
R
P 000001FBE42ACE88
C 380
R
P 000001FBE42ACE88
P 000001FBE878A1F8
C 459
R
P 000001FBE42ACE88
C 380
R
P 000001FBE42ACE88
P 000001FBE878A1F8
P 000001FBE6165648
C 466
R
P 000001FBE42ACE88
C 380
R
P 000001FBE42ACE88
P 000001FBE878A1F8
C 479
R
P 000001FBE42ACE88
C 380
R
P 000001FBE42ACE88
P 000001FBE878A1F8
C 484
= 000001FBE89B4A88
R
P 000001FBE42ACE88
C 380
R
P 000001FBE42ACE88
P 000001FBE89B4A88
C 338
R
P 000001FBE42ACE88
C 380
R
P 000001FBE42ACE88
S "\040declare-const x Int \040declare-const y Int\041\041 \040assert \040> x y\041\041"
U 0
s 0
p 0
U 0
s 0
p 0
C 377
= 000001FBE8A92238
R
P 000001FBE42ACE88
C 380
R
P 000001FBE42ACE88
U 4
C 382
M "ITEExample"
R
P 000001FBE42ACE88
C 57
= 000001FBE42A9038
R
P 000001FBE42ACE88
C 380
R
P 000001FBE42ACE88
P 000001FBE42A9038
C 294
R
P 000001FBE42ACE88
C 380
R
P 000001FBE42ACE88
P 000001FBE42A9038
C 9
R
P 000001FBE42ACE88
C 380
R
P 000001FBE42ACE88
I 1
P 000001FBE42A9078
C 154
= 000001FBE42A9BD8
R
P 000001FBE42ACE88
C 380
R
P 000001FBE42ACE88
P 000001FBE42A9BD8
C 294
R
P 000001FBE42ACE88
C 380
R
P 000001FBE42ACE88
P 000001FBE42A9BD8
C 9
R
P 000001FBE42ACE88
C 380
R
P 000001FBE42ACE88
I 0
P 000001FBE42A9078
C 154
= 000001FBE42A9978
R
P 000001FBE42ACE88
C 380
R
P 000001FBE42ACE88
P 000001FBE42A9978
C 294
R
P 000001FBE42ACE88
C 380
R
P 000001FBE42ACE88
P 000001FBE42A9978
C 9
R
P 000001FBE42ACE88
C 380
R
P 000001FBE42ACE88
P 000001FBE42A9038
P 000001FBE42A9BD8
P 000001FBE42A9978
C 61
= 000001FBE84E9DA8
R
P 000001FBE42ACE88
C 380
R
P 000001FBE42ACE88
P 000001FBE84E9DA8
C 293
R
P 000001FBE42ACE88
C 380
R
P 000001FBE42ACE88
P 000001FBE84E9DA8
C 290
= 000001FBE42A9078
R
P 000001FBE42ACE88
C 380
R
P 000001FBE42ACE88
P 000001FBE42A9078
C 244
R
P 000001FBE42ACE88
C 380
R
P 000001FBE42ACE88
P 000001FBE84E9DA8
C 296
R
P 000001FBE42ACE88
C 380
R
P 000001FBE42ACE88
P 000001FBE84E9DA8
C 295
R
P 000001FBE42ACE88
C 380
R
P 000001FBE42ACE88
P 000001FBE84E9DA8
C 294
R
P 000001FBE42ACE88
C 380
R
P 000001FBE42ACE88
P 000001FBE84E9DA8
C 9
R
P 000001FBE42ACE88
C 380
R
P 000001FBE42ACE88
P 000001FBE84E9DA8
C 371
R
P 000001FBE42ACE88
C 380
M "EvalExample1"
R
P 000001FBE42ACE88
S "x"
C 30
R
P 000001FBE42ACE88
C 380
R
P 000001FBE42ACE88
$ |x|
C 237
R
P 000001FBE42ACE88
C 380
R
P 000001FBE42ACE88
$ |x|
P 000001FBE42A9078
C 51
= 000001FBE42A9918
R
P 000001FBE42ACE88
C 380
R
P 000001FBE42ACE88
P 000001FBE42A9918
C 293
R
P 000001FBE42ACE88
C 380
R
P 000001FBE42ACE88
P 000001FBE42A9918
C 290
= 000001FBE42A9078
R
P 000001FBE42ACE88
C 380
R
P 000001FBE42ACE88
P 000001FBE42A9078
C 244
R
P 000001FBE42ACE88
C 380
R
P 000001FBE42ACE88
P 000001FBE42A9918
C 296
R
P 000001FBE42ACE88
C 380
R
P 000001FBE42ACE88
P 000001FBE42A9918
C 295
R
P 000001FBE42ACE88
C 380
R
P 000001FBE42ACE88
P 000001FBE42A9918
C 294
R
P 000001FBE42ACE88
C 380
R
P 000001FBE42ACE88
P 000001FBE42A9918
C 9
R
P 000001FBE42ACE88
C 380
R
P 000001FBE42ACE88
S "y"
C 30
R
P 000001FBE42ACE88
C 380
R
P 000001FBE42ACE88
$ |y|
C 237
R
P 000001FBE42ACE88
C 380
R
P 000001FBE42ACE88
$ |y|
P 000001FBE42A9078
C 51
= 000001FBE42A9938
R
P 000001FBE42ACE88
C 380
R
P 000001FBE42ACE88
P 000001FBE42A9938
C 293
R
P 000001FBE42ACE88
C 380
R
P 000001FBE42ACE88
P 000001FBE42A9938
C 290
= 000001FBE42A9078
R
P 000001FBE42ACE88
C 380
R
P 000001FBE42ACE88
P 000001FBE42A9078
C 244
R
P 000001FBE42ACE88
C 380
R
P 000001FBE42ACE88
P 000001FBE42A9938
C 296
R
P 000001FBE42ACE88
C 380
R
P 000001FBE42ACE88
P 000001FBE42A9938
C 295
R
P 000001FBE42ACE88
C 380
R
P 000001FBE42ACE88
P 000001FBE42A9938
C 294
R
P 000001FBE42ACE88
C 380
R
P 000001FBE42ACE88
P 000001FBE42A9938
C 9
R
P 000001FBE42ACE88
C 380
R
P 000001FBE42ACE88
I 2
P 000001FBE42A9078
C 154
= 000001FBE42A9E58
R
P 000001FBE42ACE88
C 380
R
P 000001FBE42ACE88
P 000001FBE42A9E58
C 294
R
P 000001FBE42ACE88
C 380
R
P 000001FBE42ACE88
P 000001FBE42A9E58
C 9
R
P 000001FBE42ACE88
C 380
R
P 000001FBE42ACE88
C 450
= 000001FBE878BB68
R
P 000001FBE42ACE88
C 380
R
P 000001FBE42ACE88
P 000001FBE878BB68
C 459
R
P 000001FBE42ACE88
C 380
R
P 000001FBE42ACE88
P 000001FBE42A9918
P 000001FBE42A9938
C 75
= 000001FBE6177DA0
R
P 000001FBE42ACE88
C 380
R
P 000001FBE42ACE88
P 000001FBE6177DA0
C 294
R
P 000001FBE42ACE88
C 380
R
P 000001FBE42ACE88
P 000001FBE6177DA0
C 9
R
P 000001FBE42ACE88
C 380
R
P 000001FBE42ACE88
P 000001FBE878BB68
P 000001FBE6177DA0
C 466
R
P 000001FBE42ACE88
C 380
R
P 000001FBE42ACE88
P 000001FBE42A9918
P 000001FBE42A9E58
C 77
= 000001FBE5C23B28
R
P 000001FBE42ACE88
C 380
R
P 000001FBE42ACE88
P 000001FBE5C23B28
C 294
R
P 000001FBE42ACE88
C 380
R
P 000001FBE42ACE88
P 000001FBE5C23B28
C 9
R
P 000001FBE42ACE88
C 380
R
P 000001FBE42ACE88
P 000001FBE878BB68
P 000001FBE5C23B28
C 466
R
P 000001FBE42ACE88
C 380
R
P 000001FBE42ACE88
P 000001FBE878BB68
C 479
R
P 000001FBE42ACE88
C 380
R
P 000001FBE42ACE88
P 000001FBE878BB68
C 484
= 000001FBE8B287A8
R
P 000001FBE42ACE88
C 380
R
P 000001FBE42ACE88
P 000001FBE8B287A8
C 338
R
P 000001FBE42ACE88
C 380
R
P 000001FBE42ACE88
P 000001FBE8B287A8
C 375
R
P 000001FBE42ACE88
C 380
R
P 000001FBE42ACE88
U 2
P 000001FBE42A9918
P 000001FBE42A9938
p 2
C 67
= 000001FBE42A5468
R
P 000001FBE42ACE88
C 380
R
P 000001FBE42ACE88
P 000001FBE42A5468
C 293
R
P 000001FBE42ACE88
C 380
R
P 000001FBE42ACE88
P 000001FBE42A5468
C 290
= 000001FBE42A9078
R
P 000001FBE42ACE88
C 380
R
P 000001FBE42ACE88
P 000001FBE42A9078
C 244
R
P 000001FBE42ACE88
C 380
R
P 000001FBE42ACE88
P 000001FBE42A5468
C 296
R
P 000001FBE42ACE88
C 380
R
P 000001FBE42ACE88
P 000001FBE42A5468
C 295
R
P 000001FBE42ACE88
C 380
R
P 000001FBE42ACE88
P 000001FBE42A5468
C 294
R
P 000001FBE42ACE88
C 380
R
P 000001FBE42ACE88
P 000001FBE42A5468
C 9
R
P 000001FBE42ACE88
C 380
R
P 000001FBE42ACE88
P 000001FBE8B287A8
P 000001FBE42A5468
I 0
P 0000000000000000
C 340
* 000001FBE42AAC18 4
R
P 000001FBE42ACE88
C 380
R
P 000001FBE42ACE88
P 000001FBE42AAC18
C 293
R
P 000001FBE42ACE88
C 380
R
P 000001FBE42ACE88
P 000001FBE42AAC18
C 290
= 000001FBE42A9078
R
P 000001FBE42ACE88
C 380
R
P 000001FBE42ACE88
P 000001FBE42A9078
C 244
R
P 000001FBE42ACE88
C 380
R
P 000001FBE42ACE88
P 000001FBE42AAC18
C 296
R
P 000001FBE42ACE88
C 380
R
P 000001FBE42ACE88
P 000001FBE42AAC18
C 295
R
P 000001FBE42ACE88
C 380
R
P 000001FBE42ACE88
P 000001FBE42AAC18
C 294
R
P 000001FBE42ACE88
C 380
R
P 000001FBE42ACE88
P 000001FBE42AAC18
C 9
R
P 000001FBE42ACE88
C 380
R
P 000001FBE42ACE88
P 000001FBE42AAC18
C 299
R
P 000001FBE42ACE88
C 380
M "EvalExample2"
R
P 000001FBE42ACE88
S "mk_tuple"
C 30
R
P 000001FBE42ACE88
C 380
R
P 000001FBE42ACE88
$ |mk_tuple|
C 237
R
P 000001FBE42ACE88
C 380
R
P 000001FBE42ACE88
S "first"
C 30
R
P 000001FBE42ACE88
C 380
R
P 000001FBE42ACE88
$ |first|
C 237
R
P 000001FBE42ACE88
C 380
R
P 000001FBE42ACE88
S "second"
C 30
R
P 000001FBE42ACE88
C 380
R
P 000001FBE42ACE88
$ |second|
C 237
R
P 000001FBE42ACE88
C 380
R
P 000001FBE42ACE88
$ |mk_tuple|
U 2
$ |first|
$ |second|
s 2
P 000001FBE42A9078
P 000001FBE42A9078
p 2
P 0000000000000000
P 0000000000000000
P 0000000000000000
p 2
C 39
= 000001FBE6190238
* 000001FBE84F0268 5
@ 000001FBE622B9E8 6 0
@ 000001FBE5C1C098 6 1
R
P 000001FBE42ACE88
C 380
R
P 000001FBE42ACE88
P 000001FBE6190238
C 293
R
P 000001FBE42ACE88
C 380
R
P 000001FBE42ACE88
P 000001FBE6190238
C 9
R
P 000001FBE42ACE88
C 380
R
P 000001FBE42ACE88
P 000001FBE6190238
C 251
R
P 000001FBE42ACE88
C 380
R
P 000001FBE42ACE88
P 000001FBE6190238
U 0
C 252
= 000001FBE622B9E8
R
P 000001FBE42ACE88
C 380
R
P 000001FBE42ACE88
P 000001FBE622B9E8
C 293
R
P 000001FBE42ACE88
C 380
R
P 000001FBE42ACE88
P 000001FBE622B9E8
C 9
R
P 000001FBE42ACE88
C 380
R
P 000001FBE42ACE88
P 000001FBE6190238
U 1
C 252
= 000001FBE5C1C098
R
P 000001FBE42ACE88
C 380
R
P 000001FBE42ACE88
P 000001FBE5C1C098
C 293
R
P 000001FBE42ACE88
C 380
R
P 000001FBE42ACE88
P 000001FBE5C1C098
C 9
R
P 000001FBE42ACE88
C 380
R
P 000001FBE42ACE88
P 000001FBE6190238
C 251
R
P 000001FBE42ACE88
C 380
R
P 000001FBE42ACE88
P 000001FBE6190238
U 0
C 252
= 000001FBE622B9E8
R
P 000001FBE42ACE88
C 380
R
P 000001FBE42ACE88
P 000001FBE622B9E8
C 293
R
P 000001FBE42ACE88
C 380
R
P 000001FBE42ACE88
P 000001FBE622B9E8
C 9
R
P 000001FBE42ACE88
C 380
R
P 000001FBE42ACE88
P 000001FBE6190238
U 1
C 252
= 000001FBE5C1C098
R
P 000001FBE42ACE88
C 380
R
P 000001FBE42ACE88
P 000001FBE5C1C098
C 293
R
P 000001FBE42ACE88
C 380
R
P 000001FBE42ACE88
P 000001FBE5C1C098
C 9
R
P 000001FBE42ACE88
C 380
R
P 000001FBE42ACE88
S "t1"
C 30
R
P 000001FBE42ACE88
C 380
R
P 000001FBE42ACE88
$ |t1|
C 237
R
P 000001FBE42ACE88
C 380
R
P 000001FBE42ACE88
$ |t1|
P 000001FBE6190238
C 51
= 000001FBE6190258
R
P 000001FBE42ACE88
C 380
R
P 000001FBE42ACE88
P 000001FBE6190258
C 293
R
P 000001FBE42ACE88
C 380
R
P 000001FBE42ACE88
P 000001FBE6190258
C 290
= 000001FBE6190238
R
P 000001FBE42ACE88
C 380
R
P 000001FBE42ACE88
P 000001FBE6190238
C 244
R
P 000001FBE42ACE88
C 380
R
P 000001FBE42ACE88
P 000001FBE6190258
C 296
R
P 000001FBE42ACE88
C 380
R
P 000001FBE42ACE88
P 000001FBE6190258
C 295
R
P 000001FBE42ACE88
C 380
R
P 000001FBE42ACE88
P 000001FBE6190258
C 294
R
P 000001FBE42ACE88
C 380
R
P 000001FBE42ACE88
P 000001FBE6190258
C 9
R
P 000001FBE42ACE88
C 380
R
P 000001FBE42ACE88
S "t2"
C 30
R
P 000001FBE42ACE88
C 380
R
P 000001FBE42ACE88
$ |t2|
C 237
R
P 000001FBE42ACE88
C 380
R
P 000001FBE42ACE88
$ |t2|
P 000001FBE6190238
C 51
= 000001FBE6190338
R
P 000001FBE42ACE88
C 380
R
P 000001FBE42ACE88
P 000001FBE6190338
C 293
R
P 000001FBE42ACE88
C 380
R
P 000001FBE42ACE88
P 000001FBE6190338
C 290
= 000001FBE6190238
R
P 000001FBE42ACE88
C 380
R
P 000001FBE42ACE88
P 000001FBE6190238
C 244
R
P 000001FBE42ACE88
C 380
R
P 000001FBE42ACE88
P 000001FBE6190338
C 296
R
P 000001FBE42ACE88
C 380
R
P 000001FBE42ACE88
P 000001FBE6190338
C 295
R
P 000001FBE42ACE88
C 380
R
P 000001FBE42ACE88
P 000001FBE6190338
C 294
R
P 000001FBE42ACE88
C 380
R
P 000001FBE42ACE88
P 000001FBE6190338
C 9
R
P 000001FBE42ACE88
C 380
R
P 000001FBE42ACE88
C 450
= 000001FBE8F928D8
R
P 000001FBE42ACE88
C 380
R
P 000001FBE42ACE88
P 000001FBE8F928D8
C 459
R
P 000001FBE42ACE88
C 380
R
P 000001FBE42ACE88
P 000001FBE6190258
P 000001FBE6190338
C 58
= 000001FBE6177C50
R
P 000001FBE42ACE88
C 380
R
P 000001FBE42ACE88
P 000001FBE6177C50
C 294
R
P 000001FBE42ACE88
C 380
R
P 000001FBE42ACE88
P 000001FBE6177C50
C 9
R
P 000001FBE42ACE88
C 380
R
P 000001FBE42ACE88
P 000001FBE6177C50
C 60
= 000001FBE5C21C68
R
P 000001FBE42ACE88
C 380
R
P 000001FBE42ACE88
P 000001FBE5C21C68
C 294
R
P 000001FBE42ACE88
C 380
R
P 000001FBE42ACE88
P 000001FBE5C21C68
C 9
R
P 000001FBE42ACE88
C 380
R
P 000001FBE42ACE88
P 000001FBE8F928D8
P 000001FBE5C21C68
C 466
R
P 000001FBE42ACE88
C 380
R
P 000001FBE42ACE88
P 000001FBE622B9E8
U 1
P 000001FBE6190258
p 1
C 50
= 000001FBE5C21C38
R
P 000001FBE42ACE88
C 380
R
P 000001FBE42ACE88
P 000001FBE5C21C38
C 293
R
P 000001FBE42ACE88
C 380
R
P 000001FBE42ACE88
P 000001FBE5C21C38
C 290
= 000001FBE42A9078
R
P 000001FBE42ACE88
C 380
R
P 000001FBE42ACE88
P 000001FBE42A9078
C 244
R
P 000001FBE42ACE88
C 380
R
P 000001FBE42ACE88
P 000001FBE5C21C38
C 296
R
P 000001FBE42ACE88
C 380
R
P 000001FBE42ACE88
P 000001FBE5C21C38
C 295
R
P 000001FBE42ACE88
C 380
R
P 000001FBE42ACE88
P 000001FBE5C21C38
C 294
R
P 000001FBE42ACE88
C 380
R
P 000001FBE42ACE88
P 000001FBE5C21C38
C 9
R
P 000001FBE42ACE88
C 380
R
P 000001FBE42ACE88
P 000001FBE622B9E8
U 1
P 000001FBE6190338
p 1
C 50
= 000001FBE5620868
R
P 000001FBE42ACE88
C 380
R
P 000001FBE42ACE88
P 000001FBE5620868
C 293
R
P 000001FBE42ACE88
C 380
R
P 000001FBE42ACE88
P 000001FBE5620868
C 290
= 000001FBE42A9078
R
P 000001FBE42ACE88
C 380
R
P 000001FBE42ACE88
P 000001FBE42A9078
C 244
R
P 000001FBE42ACE88
C 380
R
P 000001FBE42ACE88
P 000001FBE5620868
C 296
R
P 000001FBE42ACE88
C 380
R
P 000001FBE42ACE88
P 000001FBE5620868
C 295
R
P 000001FBE42ACE88
C 380
R
P 000001FBE42ACE88
P 000001FBE5620868
C 294
R
P 000001FBE42ACE88
C 380
R
P 000001FBE42ACE88
P 000001FBE5620868
C 9
R
P 000001FBE42ACE88
C 380
R
P 000001FBE42ACE88
P 000001FBE5C21C38
P 000001FBE5620868
C 58
= 000001FBE61770F0
R
P 000001FBE42ACE88
C 380
R
P 000001FBE42ACE88
P 000001FBE61770F0
C 294
R
P 000001FBE42ACE88
C 380
R
P 000001FBE42ACE88
P 000001FBE61770F0
C 9
R
P 000001FBE42ACE88
C 380
R
P 000001FBE42ACE88
P 000001FBE8F928D8
P 000001FBE61770F0
C 466
R
P 000001FBE42ACE88
C 380
R
P 000001FBE42ACE88
P 000001FBE8F928D8
C 479
R
P 000001FBE42ACE88
C 380
R
P 000001FBE42ACE88
P 000001FBE8F928D8
C 484
= 000001FBE5F30ED8
R
P 000001FBE42ACE88
C 380
R
P 000001FBE42ACE88
P 000001FBE5F30ED8
C 338
R
P 000001FBE42ACE88
C 380
R
P 000001FBE42ACE88
P 000001FBE5F30ED8
C 375
R
P 000001FBE42ACE88
C 380
R
P 000001FBE42ACE88
P 000001FBE5F30ED8
P 000001FBE6190258
I 0
P 0000000000000000
C 340
* 000001FBE5C27188 4
R
P 000001FBE42ACE88
C 380
R
P 000001FBE42ACE88
P 000001FBE5C27188
C 293
R
P 000001FBE42ACE88
C 380
R
P 000001FBE42ACE88
P 000001FBE5C27188
C 290
= 000001FBE6190238
R
P 000001FBE42ACE88
C 380
R
P 000001FBE42ACE88
P 000001FBE6190238
C 244
R
P 000001FBE42ACE88
C 380
R
P 000001FBE42ACE88
P 000001FBE5C27188
C 296
R
P 000001FBE42ACE88
C 380
R
P 000001FBE42ACE88
P 000001FBE5C27188
C 295
R
P 000001FBE42ACE88
C 380
R
P 000001FBE42ACE88
P 000001FBE5C27188
C 294
R
P 000001FBE42ACE88
C 380
R
P 000001FBE42ACE88
P 000001FBE5C27188
C 9
R
P 000001FBE42ACE88
C 380
R
P 000001FBE42ACE88
P 000001FBE5C27188
C 371
R
P 000001FBE42ACE88
C 380
R
P 000001FBE42ACE88
P 000001FBE5F30ED8
P 000001FBE6190338
I 0
P 0000000000000000
C 340
* 000001FBE5C1BF10 4
R
P 000001FBE42ACE88
C 380
R
P 000001FBE42ACE88
P 000001FBE5C1BF10
C 293
R
P 000001FBE42ACE88
C 380
R
P 000001FBE42ACE88
P 000001FBE5C1BF10
C 290
= 000001FBE6190238
R
P 000001FBE42ACE88
C 380
R
P 000001FBE42ACE88
P 000001FBE6190238
C 244
R
P 000001FBE42ACE88
C 380
R
P 000001FBE42ACE88
P 000001FBE5C1BF10
C 296
R
P 000001FBE42ACE88
C 380
R
P 000001FBE42ACE88
P 000001FBE5C1BF10
C 295
R
P 000001FBE42ACE88
C 380
R
P 000001FBE42ACE88
P 000001FBE5C1BF10
C 294
R
P 000001FBE42ACE88
C 380
R
P 000001FBE42ACE88
P 000001FBE5C1BF10
C 9
R
P 000001FBE42ACE88
C 380
R
P 000001FBE42ACE88
P 000001FBE5C1BF10
C 371
R
P 000001FBE42ACE88
C 380
R
P 000001FBE42ACE88
P 000001FBE5C1C098
U 1
P 000001FBE6190338
p 1
C 50
= 000001FBE5620838
R
P 000001FBE42ACE88
C 380
R
P 000001FBE42ACE88
P 000001FBE5620838
C 293
R
P 000001FBE42ACE88
C 380
R
P 000001FBE42ACE88
P 000001FBE5620838
C 290
= 000001FBE42A9078
R
P 000001FBE42ACE88
C 380
R
P 000001FBE42ACE88
P 000001FBE42A9078
C 244
R
P 000001FBE42ACE88
C 380
R
P 000001FBE42ACE88
P 000001FBE5620838
C 296
R
P 000001FBE42ACE88
C 380
R
P 000001FBE42ACE88
P 000001FBE5620838
C 295
R
P 000001FBE42ACE88
C 380
R
P 000001FBE42ACE88
P 000001FBE5620838
C 294
R
P 000001FBE42ACE88
C 380
R
P 000001FBE42ACE88
P 000001FBE5620838
C 9
R
P 000001FBE42ACE88
C 380
R
P 000001FBE42ACE88
P 000001FBE5F30ED8
P 000001FBE5620838
I 0
P 0000000000000000
C 340
* 000001FBE42AABB8 4
R
P 000001FBE42ACE88
C 380
R
P 000001FBE42ACE88
P 000001FBE42AABB8
C 293
R
P 000001FBE42ACE88
C 380
R
P 000001FBE42ACE88
P 000001FBE42AABB8
C 290
= 000001FBE42A9078
R
P 000001FBE42ACE88
C 380
R
P 000001FBE42ACE88
P 000001FBE42A9078
C 244
R
P 000001FBE42ACE88
C 380
R
P 000001FBE42ACE88
P 000001FBE42AABB8
C 296
R
P 000001FBE42ACE88
C 380
R
P 000001FBE42ACE88
P 000001FBE42AABB8
C 295
R
P 000001FBE42ACE88
C 380
R
P 000001FBE42ACE88
P 000001FBE42AABB8
C 294
R
P 000001FBE42ACE88
C 380
R
P 000001FBE42ACE88
P 000001FBE42AABB8
C 9
R
P 000001FBE42ACE88
C 380
R
P 000001FBE42ACE88
P 000001FBE42AABB8
C 299
R
P 000001FBE42ACE88
C 380
M "FindSmallModelExample"
R
P 000001FBE42ACE88
U 32
C 35
= 000001FBE42A94B8
R
P 000001FBE42ACE88
C 380
R
P 000001FBE42ACE88
P 000001FBE42A94B8
C 293
R
P 000001FBE42ACE88
C 380
R
P 000001FBE42ACE88
P 000001FBE42A94B8
C 9
R
P 000001FBE42ACE88
C 380
R
P 000001FBE42ACE88
S "x"
C 30
R
P 000001FBE42ACE88
C 380
R
P 000001FBE42ACE88
$ |x|
C 237
R
P 000001FBE42ACE88
C 380
R
P 000001FBE42ACE88
$ |x|
P 000001FBE42A94B8
C 51
= 000001FBE62330E8
R
P 000001FBE42ACE88
C 380
R
P 000001FBE42ACE88
P 000001FBE62330E8
C 293
R
P 000001FBE42ACE88
C 380
R
P 000001FBE42ACE88
P 000001FBE62330E8
C 290
= 000001FBE42A94B8
R
P 000001FBE42ACE88
C 380
R
P 000001FBE42ACE88
P 000001FBE42A94B8
C 244
R
P 000001FBE42ACE88
C 380
R
P 000001FBE42ACE88
P 000001FBE62330E8
C 296
R
P 000001FBE42ACE88
C 380
R
P 000001FBE42ACE88
P 000001FBE62330E8
C 295
R
P 000001FBE42ACE88
C 380
R
P 000001FBE42ACE88
P 000001FBE62330E8
C 294
R
P 000001FBE42ACE88
C 380
R
P 000001FBE42ACE88
P 000001FBE62330E8
C 9
R
P 000001FBE42ACE88
C 380
R
P 000001FBE42ACE88
U 32
C 35
= 000001FBE42A94B8
R
P 000001FBE42ACE88
C 380
R
P 000001FBE42ACE88
P 000001FBE42A94B8
C 293
R
P 000001FBE42ACE88
C 380
R
P 000001FBE42ACE88
P 000001FBE42A94B8
C 9
R
P 000001FBE42ACE88
C 380
R
P 000001FBE42ACE88
S "y"
C 30
R
P 000001FBE42ACE88
C 380
R
P 000001FBE42ACE88
$ |y|
C 237
R
P 000001FBE42ACE88
C 380
R
P 000001FBE42ACE88
$ |y|
P 000001FBE42A94B8
C 51
= 000001FBE62330C8
R
P 000001FBE42ACE88
C 380
R
P 000001FBE42ACE88
P 000001FBE62330C8
C 293
R
P 000001FBE42ACE88
C 380
R
P 000001FBE42ACE88
P 000001FBE62330C8
C 290
= 000001FBE42A94B8
R
P 000001FBE42ACE88
C 380
R
P 000001FBE42ACE88
P 000001FBE42A94B8
C 244
R
P 000001FBE42ACE88
C 380
R
P 000001FBE42ACE88
P 000001FBE62330C8
C 296
R
P 000001FBE42ACE88
C 380
R
P 000001FBE42ACE88
P 000001FBE62330C8
C 295
R
P 000001FBE42ACE88
C 380
R
P 000001FBE42ACE88
P 000001FBE62330C8
C 294
R
P 000001FBE42ACE88
C 380
R
P 000001FBE42ACE88
P 000001FBE62330C8
C 9
R
P 000001FBE42ACE88
C 380
R
P 000001FBE42ACE88
U 32
C 35
= 000001FBE42A94B8
R
P 000001FBE42ACE88
C 380
R
P 000001FBE42ACE88
P 000001FBE42A94B8
C 293
R
P 000001FBE42ACE88
C 380
R
P 000001FBE42ACE88
P 000001FBE42A94B8
C 9
R
P 000001FBE42ACE88
C 380
R
P 000001FBE42ACE88
S "z"
C 30
R
P 000001FBE42ACE88
C 380
R
P 000001FBE42ACE88
$ |z|
C 237
R
P 000001FBE42ACE88
C 380
R
P 000001FBE42ACE88
$ |z|
P 000001FBE42A94B8
C 51
= 000001FBE61903D8
R
P 000001FBE42ACE88
C 380
R
P 000001FBE42ACE88
P 000001FBE61903D8
C 293
R
P 000001FBE42ACE88
C 380
R
P 000001FBE42ACE88
P 000001FBE61903D8
C 290
= 000001FBE42A94B8
R
P 000001FBE42ACE88
C 380
R
P 000001FBE42ACE88
P 000001FBE42A94B8
C 244
R
P 000001FBE42ACE88
C 380
R
P 000001FBE42ACE88
P 000001FBE61903D8
C 296
R
P 000001FBE42ACE88
C 380
R
P 000001FBE42ACE88
P 000001FBE61903D8
C 295
R
P 000001FBE42ACE88
C 380
R
P 000001FBE42ACE88
P 000001FBE61903D8
C 294
R
P 000001FBE42ACE88
C 380
R
P 000001FBE42ACE88
P 000001FBE61903D8
C 9
R
P 000001FBE42ACE88
C 380
R
P 000001FBE42ACE88
C 450
= 000001FBE8F92F08
R
P 000001FBE42ACE88
C 380
R
P 000001FBE42ACE88
P 000001FBE8F92F08
C 459
R
P 000001FBE42ACE88
C 380
R
P 000001FBE42ACE88
P 000001FBE62330C8
P 000001FBE61903D8
C 93
= 000001FBE6165610
R
P 000001FBE42ACE88
C 380
R
P 000001FBE42ACE88
P 000001FBE6165610
C 294
R
P 000001FBE42ACE88
C 380
R
P 000001FBE42ACE88
P 000001FBE6165610
C 9
R
P 000001FBE42ACE88
C 380
R
P 000001FBE42ACE88
P 000001FBE62330E8
P 000001FBE6165610
C 103
= 000001FBE6177A20
R
P 000001FBE42ACE88
C 380
R
P 000001FBE42ACE88
P 000001FBE6177A20
C 294
R
P 000001FBE42ACE88
C 380
R
P 000001FBE42ACE88
P 000001FBE6177A20
C 9
R
P 000001FBE42ACE88
C 380
R
P 000001FBE42ACE88
P 000001FBE8F92F08
P 000001FBE6177A20
C 466
R
P 000001FBE42ACE88
C 380
R
P 000001FBE42ACE88
P 000001FBE8F92F08
C 462
R
P 000001FBE42ACE88
C 380
R
P 000001FBE42ACE88
U 32
C 35
= 000001FBE42A94B8
R
P 000001FBE42ACE88
C 380
R
P 000001FBE42ACE88
P 000001FBE42A94B8
C 293
R
P 000001FBE42ACE88
C 380
R
P 000001FBE42ACE88
P 000001FBE42A94B8
C 9
R
P 000001FBE42ACE88
C 380
R
P 000001FBE42ACE88
I 2147483647
P 000001FBE42A94B8
C 154
= 000001FBE6190418
R
P 000001FBE42ACE88
C 380
R
P 000001FBE42ACE88
P 000001FBE6190418
C 293
R
P 000001FBE42ACE88
C 380
R
P 000001FBE42ACE88
P 000001FBE6190418
C 290
= 000001FBE42A94B8
R
P 000001FBE42ACE88
C 380
R
P 000001FBE42ACE88
P 000001FBE42A94B8
C 244
R
P 000001FBE42ACE88
C 380
R
P 000001FBE42ACE88
P 000001FBE6190418
C 296
R
P 000001FBE42ACE88
C 380
R
P 000001FBE42ACE88
P 000001FBE6190418
C 295
R
P 000001FBE42ACE88
C 380
R
P 000001FBE42ACE88
P 000001FBE6190418
C 294
R
P 000001FBE42ACE88
C 380
R
P 000001FBE42ACE88
P 000001FBE6190418
C 9
R
P 000001FBE42ACE88
C 380
R
P 000001FBE42ACE88
P 000001FBE62330E8
P 000001FBE6190418
C 103
= 000001FBE5C2A7D0
R
P 000001FBE42ACE88
C 380
R
P 000001FBE42ACE88
P 000001FBE5C2A7D0
C 294
R
P 000001FBE42ACE88
C 380
R
P 000001FBE42ACE88
P 000001FBE5C2A7D0
C 9
R
P 000001FBE42ACE88
C 380
R
P 000001FBE42ACE88
P 000001FBE8F92F08
P 000001FBE5C2A7D0
C 466
R
P 000001FBE42ACE88
C 380
R
P 000001FBE42ACE88
U 32
C 35
= 000001FBE42A94B8
R
P 000001FBE42ACE88
C 380
R
P 000001FBE42ACE88
P 000001FBE42A94B8
C 293
R
P 000001FBE42ACE88
C 380
R
P 000001FBE42ACE88
P 000001FBE42A94B8
C 9
R
P 000001FBE42ACE88
C 380
R
P 000001FBE42ACE88
I 2147483647
P 000001FBE42A94B8
C 154
= 000001FBE6190418
R
P 000001FBE42ACE88
C 380
R
P 000001FBE42ACE88
P 000001FBE6190418
C 293
R
P 000001FBE42ACE88
C 380
R
P 000001FBE42ACE88
P 000001FBE6190418
C 290
= 000001FBE42A94B8
R
P 000001FBE42ACE88
C 380
R
P 000001FBE42ACE88
P 000001FBE42A94B8
C 244
R
P 000001FBE42ACE88
C 380
R
P 000001FBE42ACE88
P 000001FBE6190418
C 296
R
P 000001FBE42ACE88
C 380
R
P 000001FBE42ACE88
P 000001FBE6190418
C 295
R
P 000001FBE42ACE88
C 380
R
P 000001FBE42ACE88
P 000001FBE6190418
C 294
R
P 000001FBE42ACE88
C 380
R
P 000001FBE42ACE88
P 000001FBE6190418
C 9
R
P 000001FBE42ACE88
C 380
R
P 000001FBE42ACE88
P 000001FBE62330C8
P 000001FBE6190418
C 103
= 000001FBE6159268
R
P 000001FBE42ACE88
C 380
R
P 000001FBE42ACE88
P 000001FBE6159268
C 294
R
P 000001FBE42ACE88
C 380
R
P 000001FBE42ACE88
P 000001FBE6159268
C 9
R
P 000001FBE42ACE88
C 380
R
P 000001FBE42ACE88
P 000001FBE8F92F08
P 000001FBE6159268
C 466
R
P 000001FBE42ACE88
C 380
R
P 000001FBE42ACE88
U 32
C 35
= 000001FBE42A94B8
R
P 000001FBE42ACE88
C 380
R
P 000001FBE42ACE88
P 000001FBE42A94B8
C 293
R
P 000001FBE42ACE88
C 380
R
P 000001FBE42ACE88
P 000001FBE42A94B8
C 9
R
P 000001FBE42ACE88
C 380
R
P 000001FBE42ACE88
I 2147483647
P 000001FBE42A94B8
C 154
= 000001FBE6190418
R
P 000001FBE42ACE88
C 380
R
P 000001FBE42ACE88
P 000001FBE6190418
C 293
R
P 000001FBE42ACE88
C 380
R
P 000001FBE42ACE88
P 000001FBE6190418
C 290
= 000001FBE42A94B8
R
P 000001FBE42ACE88
C 380
R
P 000001FBE42ACE88
P 000001FBE42A94B8
C 244
R
P 000001FBE42ACE88
C 380
R
P 000001FBE42ACE88
P 000001FBE6190418
C 296
R
P 000001FBE42ACE88
C 380
R
P 000001FBE42ACE88
P 000001FBE6190418
C 295
R
P 000001FBE42ACE88
C 380
R
P 000001FBE42ACE88
P 000001FBE6190418
C 294
R
P 000001FBE42ACE88
C 380
R
P 000001FBE42ACE88
P 000001FBE6190418
C 9
R
P 000001FBE42ACE88
C 380
R
P 000001FBE42ACE88
P 000001FBE61903D8
P 000001FBE6190418
C 103
= 000001FBE5C2AAA8
R
P 000001FBE42ACE88
C 380
R
P 000001FBE42ACE88
P 000001FBE5C2AAA8
C 294
R
P 000001FBE42ACE88
C 380
R
P 000001FBE42ACE88
P 000001FBE5C2AAA8
C 9
R
P 000001FBE42ACE88
C 380
R
P 000001FBE42ACE88
P 000001FBE8F92F08
P 000001FBE5C2AAA8
C 466
R
P 000001FBE42ACE88
C 380
R
P 000001FBE42ACE88
P 000001FBE8F92F08
C 479
R
P 000001FBE42ACE88
C 380
R
P 000001FBE42ACE88
P 000001FBE8F92F08
C 484
= 000001FBE88CBFE8
R
P 000001FBE42ACE88
C 380
R
P 000001FBE42ACE88
P 000001FBE88CBFE8
C 338
R
P 000001FBE42ACE88
C 380
R
P 000001FBE42ACE88
P 000001FBE88CBFE8
C 375
R
P 000001FBE42ACE88
C 380
R
P 000001FBE42ACE88
P 000001FBE8F92F08
C 484
= 000001FBE88CBE08
R
P 000001FBE42ACE88
C 380
R
P 000001FBE42ACE88
P 000001FBE88CBE08
C 338
R
P 000001FBE42ACE88
C 380
R
P 000001FBE42ACE88
P 000001FBE88CBE08
P 000001FBE62330E8
I 0
P 0000000000000000
C 340
* 000001FBE6232A48 4
R
P 000001FBE42ACE88
C 380
R
P 000001FBE42ACE88
P 000001FBE6232A48
C 293
R
P 000001FBE42ACE88
C 380
R
P 000001FBE42ACE88
P 000001FBE6232A48
C 290
= 000001FBE42A94B8
R
P 000001FBE42ACE88
C 380
R
P 000001FBE42ACE88
P 000001FBE42A94B8
C 244
R
P 000001FBE42ACE88
C 380
R
P 000001FBE42ACE88
P 000001FBE6232A48
C 296
R
P 000001FBE42ACE88
C 380
R
P 000001FBE42ACE88
P 000001FBE6232A48
C 295
R
P 000001FBE42ACE88
C 380
R
P 000001FBE42ACE88
P 000001FBE6232A48
C 294
R
P 000001FBE42ACE88
C 380
R
P 000001FBE42ACE88
P 000001FBE6232A48
C 9
R
P 000001FBE42ACE88
C 380
R
P 000001FBE42ACE88
P 000001FBE6232A48
I 0
C 306
R
P 000001FBE42ACE88
C 380
R
P 000001FBE42ACE88
P 000001FBE8F92F08
C 484
= 000001FBE88CC4F8
R
P 000001FBE42ACE88
C 380
R
P 000001FBE42ACE88
P 000001FBE88CC4F8
C 338
R
P 000001FBE42ACE88
C 380
R
P 000001FBE42ACE88
P 000001FBE88CC4F8
P 000001FBE62330C8
I 0
P 0000000000000000
C 340
* 000001FBE6232A08 4
R
P 000001FBE42ACE88
C 380
R
P 000001FBE42ACE88
P 000001FBE6232A08
C 293
R
P 000001FBE42ACE88
C 380
R
P 000001FBE42ACE88
P 000001FBE6232A08
C 290
= 000001FBE42A94B8
R
P 000001FBE42ACE88
C 380
R
P 000001FBE42ACE88
P 000001FBE42A94B8
C 244
R
P 000001FBE42ACE88
C 380
R
P 000001FBE42ACE88
P 000001FBE6232A08
C 296
R
P 000001FBE42ACE88
C 380
R
P 000001FBE42ACE88
P 000001FBE6232A08
C 295
R
P 000001FBE42ACE88
C 380
R
P 000001FBE42ACE88
P 000001FBE6232A08
C 294
R
P 000001FBE42ACE88
C 380
R
P 000001FBE42ACE88
P 000001FBE6232A08
C 9
R
P 000001FBE42ACE88
C 380
R
P 000001FBE42ACE88
P 000001FBE6232A08
I 0
C 306
R
P 000001FBE42ACE88
C 380
R
P 000001FBE42ACE88
P 000001FBE8F92F08
C 484
= 000001FBE88CD3C8
R
P 000001FBE42ACE88
C 380
R
P 000001FBE42ACE88
P 000001FBE88CD3C8
C 338
R
P 000001FBE42ACE88
C 380
R
P 000001FBE42ACE88
P 000001FBE88CD3C8
P 000001FBE61903D8
I 0
P 0000000000000000
C 340
* 000001FBE6232A28 4
R
P 000001FBE42ACE88
C 380
R
P 000001FBE42ACE88
P 000001FBE6232A28
C 293
R
P 000001FBE42ACE88
C 380
R
P 000001FBE42ACE88
P 000001FBE6232A28
C 290
= 000001FBE42A94B8
R
P 000001FBE42ACE88
C 380
R
P 000001FBE42ACE88
P 000001FBE42A94B8
C 244
R
P 000001FBE42ACE88
C 380
R
P 000001FBE42ACE88
P 000001FBE6232A28
C 296
R
P 000001FBE42ACE88
C 380
R
P 000001FBE42ACE88
P 000001FBE6232A28
C 295
R
P 000001FBE42ACE88
C 380
R
P 000001FBE42ACE88
P 000001FBE6232A28
C 294
R
P 000001FBE42ACE88
C 380
R
P 000001FBE42ACE88
P 000001FBE6232A28
C 9
R
P 000001FBE42ACE88
C 380
R
P 000001FBE42ACE88
P 000001FBE6232A28
I 0
C 306
R
P 000001FBE42ACE88
C 380
R
P 000001FBE42ACE88
U 32
C 35
= 000001FBE42A94B8
R
P 000001FBE42ACE88
C 380
R
P 000001FBE42ACE88
P 000001FBE42A94B8
C 293
R
P 000001FBE42ACE88
C 380
R
P 000001FBE42ACE88
P 000001FBE42A94B8
C 9
R
P 000001FBE42ACE88
C 380
R
P 000001FBE42ACE88
I 71581704
P 000001FBE42A94B8
C 154
= 000001FBE62329C8
R
P 000001FBE42ACE88
C 380
R
P 000001FBE42ACE88
P 000001FBE62329C8
C 293
R
P 000001FBE42ACE88
C 380
R
P 000001FBE42ACE88
P 000001FBE62329C8
C 290
= 000001FBE42A94B8
R
P 000001FBE42ACE88
C 380
R
P 000001FBE42ACE88
P 000001FBE42A94B8
C 244
R
P 000001FBE42ACE88
C 380
R
P 000001FBE42ACE88
P 000001FBE62329C8
C 296
R
P 000001FBE42ACE88
C 380
R
P 000001FBE42ACE88
P 000001FBE62329C8
C 295
R
P 000001FBE42ACE88
C 380
R
P 000001FBE42ACE88
P 000001FBE62329C8
C 294
R
P 000001FBE42ACE88
C 380
R
P 000001FBE42ACE88
P 000001FBE62329C8
C 9
R
P 000001FBE42ACE88
C 380
R
P 000001FBE42ACE88
P 000001FBE62330E8
P 000001FBE62329C8
C 103
= 000001FBE601AC38
R
P 000001FBE42ACE88
C 380
R
P 000001FBE42ACE88
P 000001FBE601AC38
C 294
R
P 000001FBE42ACE88
C 380
R
P 000001FBE42ACE88
P 000001FBE601AC38
C 9
R
P 000001FBE42ACE88
C 380
R
P 000001FBE42ACE88
P 000001FBE8F92F08
P 000001FBE601AC38
C 466
R
P 000001FBE42ACE88
C 380
R
P 000001FBE42ACE88
U 32
C 35
= 000001FBE42A94B8
R
P 000001FBE42ACE88
C 380
R
P 000001FBE42ACE88
P 000001FBE42A94B8
C 293
R
P 000001FBE42ACE88
C 380
R
P 000001FBE42ACE88
P 000001FBE42A94B8
C 9
R
P 000001FBE42ACE88
C 380
R
P 000001FBE42ACE88
I 143163409
P 000001FBE42A94B8
C 154
= 000001FBE6232A48
R
P 000001FBE42ACE88
C 380
R
P 000001FBE42ACE88
P 000001FBE6232A48
C 293
R
P 000001FBE42ACE88
C 380
R
P 000001FBE42ACE88
P 000001FBE6232A48
C 290
= 000001FBE42A94B8
R
P 000001FBE42ACE88
C 380
R
P 000001FBE42ACE88
P 000001FBE42A94B8
C 244
R
P 000001FBE42ACE88
C 380
R
P 000001FBE42ACE88
P 000001FBE6232A48
C 296
R
P 000001FBE42ACE88
C 380
R
P 000001FBE42ACE88
P 000001FBE6232A48
C 295
R
P 000001FBE42ACE88
C 380
R
P 000001FBE42ACE88
P 000001FBE6232A48
C 294
R
P 000001FBE42ACE88
C 380
R
P 000001FBE42ACE88
P 000001FBE6232A48
C 9
R
P 000001FBE42ACE88
C 380
R
P 000001FBE42ACE88
P 000001FBE62330E8
P 000001FBE6232A48
C 103
= 000001FBE6047720
R
P 000001FBE42ACE88
C 380
R
P 000001FBE42ACE88
P 000001FBE6047720
C 294
R
P 000001FBE42ACE88
C 380
R
P 000001FBE42ACE88
P 000001FBE6047720
C 9
R
P 000001FBE42ACE88
C 380
R
P 000001FBE42ACE88
P 000001FBE8F92F08
P 000001FBE6047720
C 466
R
P 000001FBE42ACE88
C 380
R
P 000001FBE42ACE88
U 32
C 35
= 000001FBE42A94B8
R
P 000001FBE42ACE88
C 380
R
P 000001FBE42ACE88
P 000001FBE42A94B8
C 293
R
P 000001FBE42ACE88
C 380
R
P 000001FBE42ACE88
P 000001FBE42A94B8
C 9
R
P 000001FBE42ACE88
C 380
R
P 000001FBE42ACE88
I 1208483840
P 000001FBE42A94B8
C 154
= 000001FBE6232A08
R
P 000001FBE42ACE88
C 380
R
P 000001FBE42ACE88
P 000001FBE6232A08
C 293
R
P 000001FBE42ACE88
C 380
R
P 000001FBE42ACE88
P 000001FBE6232A08
C 290
= 000001FBE42A94B8
R
P 000001FBE42ACE88
C 380
R
P 000001FBE42ACE88
P 000001FBE42A94B8
C 244
R
P 000001FBE42ACE88
C 380
R
P 000001FBE42ACE88
P 000001FBE6232A08
C 296
R
P 000001FBE42ACE88
C 380
R
P 000001FBE42ACE88
P 000001FBE6232A08
C 295
R
P 000001FBE42ACE88
C 380
R
P 000001FBE42ACE88
P 000001FBE6232A08
C 294
R
P 000001FBE42ACE88
C 380
R
P 000001FBE42ACE88
P 000001FBE6232A08
C 9
R
P 000001FBE42ACE88
C 380
R
P 000001FBE42ACE88
P 000001FBE62330C8
P 000001FBE6232A08
C 103
= 000001FBE6035F88
R
P 000001FBE42ACE88
C 380
R
P 000001FBE42ACE88
P 000001FBE6035F88
C 294
R
P 000001FBE42ACE88
C 380
R
P 000001FBE42ACE88
P 000001FBE6035F88
C 9
R
P 000001FBE42ACE88
C 380
R
P 000001FBE42ACE88
P 000001FBE8F92F08
P 000001FBE6035F88
C 466
R
P 000001FBE42ACE88
C 380
R
P 000001FBE42ACE88
U 32
C 35
= 000001FBE42A94B8
R
P 000001FBE42ACE88
C 380
R
P 000001FBE42ACE88
P 000001FBE42A94B8
C 293
R
P 000001FBE42ACE88
C 380
R
P 000001FBE42ACE88
P 000001FBE42A94B8
C 9
R
P 000001FBE42ACE88
C 380
R
P 000001FBE42ACE88
I 1082163216
P 000001FBE42A94B8
C 154
= 000001FBE6232A28
R
P 000001FBE42ACE88
C 380
R
P 000001FBE42ACE88
P 000001FBE6232A28
C 293
R
P 000001FBE42ACE88
C 380
R
P 000001FBE42ACE88
P 000001FBE6232A28
C 290
= 000001FBE42A94B8
R
P 000001FBE42ACE88
C 380
R
P 000001FBE42ACE88
P 000001FBE42A94B8
C 244
R
P 000001FBE42ACE88
C 380
R
P 000001FBE42ACE88
P 000001FBE6232A28
C 296
R
P 000001FBE42ACE88
C 380
R
P 000001FBE42ACE88
P 000001FBE6232A28
C 295
R
P 000001FBE42ACE88
C 380
R
P 000001FBE42ACE88
P 000001FBE6232A28
C 294
R
P 000001FBE42ACE88
C 380
R
P 000001FBE42ACE88
P 000001FBE6232A28
C 9
R
P 000001FBE42ACE88
C 380
R
P 000001FBE42ACE88
P 000001FBE61903D8
P 000001FBE6232A28
C 103
= 000001FBE6159310
R
P 000001FBE42ACE88
C 380
R
P 000001FBE42ACE88
P 000001FBE6159310
C 294
R
P 000001FBE42ACE88
C 380
R
P 000001FBE42ACE88
P 000001FBE6159310
C 9
R
P 000001FBE42ACE88
C 380
R
P 000001FBE42ACE88
P 000001FBE8F92F08
P 000001FBE6159310
C 466
R
P 000001FBE42ACE88
C 380
R
P 000001FBE42ACE88
P 000001FBE8F92F08
C 479
R
P 000001FBE42ACE88
C 380
R
P 000001FBE42ACE88
P 000001FBE8F92F08
C 484
= 000001FBE88CCB88
R
P 000001FBE42ACE88
C 380
R
P 000001FBE42ACE88
P 000001FBE88CCB88
C 338
R
P 000001FBE42ACE88
C 380
R
P 000001FBE42ACE88
P 000001FBE88CCB88
C 375
R
P 000001FBE42ACE88
C 380
R
P 000001FBE42ACE88
P 000001FBE8F92F08
C 484
= 000001FBE88CD338
R
P 000001FBE42ACE88
C 380
R
P 000001FBE42ACE88
P 000001FBE88CD338
C 338
R
P 000001FBE42ACE88
C 380
R
P 000001FBE42ACE88
P 000001FBE88CD338
P 000001FBE62330E8
I 0
P 0000000000000000
C 340
* 000001FBE62329E8 4
R
P 000001FBE42ACE88
C 380
R
P 000001FBE42ACE88
P 000001FBE62329E8
C 293
R
P 000001FBE42ACE88
C 380
R
P 000001FBE42ACE88
P 000001FBE62329E8
C 290
= 000001FBE42A94B8
R
P 000001FBE42ACE88
C 380
R
P 000001FBE42ACE88
P 000001FBE42A94B8
C 244
R
P 000001FBE42ACE88
C 380
R
P 000001FBE42ACE88
P 000001FBE62329E8
C 296
R
P 000001FBE42ACE88
C 380
R
P 000001FBE42ACE88
P 000001FBE62329E8
C 295
R
P 000001FBE42ACE88
C 380
R
P 000001FBE42ACE88
P 000001FBE62329E8
C 294
R
P 000001FBE42ACE88
C 380
R
P 000001FBE42ACE88
P 000001FBE62329E8
C 9
R
P 000001FBE42ACE88
C 380
R
P 000001FBE42ACE88
P 000001FBE62329E8
I 0
C 306
R
P 000001FBE42ACE88
C 380
R
P 000001FBE42ACE88
P 000001FBE8F92F08
C 484
= 000001FBE88CCBB8
R
P 000001FBE42ACE88
C 380
R
P 000001FBE42ACE88
P 000001FBE88CCBB8
C 338
R
P 000001FBE42ACE88
C 380
R
P 000001FBE42ACE88
P 000001FBE88CCBB8
P 000001FBE62330C8
I 0
P 0000000000000000
C 340
* 000001FBE6232A08 4
R
P 000001FBE42ACE88
C 380
R
P 000001FBE42ACE88
P 000001FBE6232A08
C 293
R
P 000001FBE42ACE88
C 380
R
P 000001FBE42ACE88
P 000001FBE6232A08
C 290
= 000001FBE42A94B8
R
P 000001FBE42ACE88
C 380
R
P 000001FBE42ACE88
P 000001FBE42A94B8
C 244
R
P 000001FBE42ACE88
C 380
R
P 000001FBE42ACE88
P 000001FBE6232A08
C 296
R
P 000001FBE42ACE88
C 380
R
P 000001FBE42ACE88
P 000001FBE6232A08
C 295
R
P 000001FBE42ACE88
C 380
R
P 000001FBE42ACE88
P 000001FBE6232A08
C 294
R
P 000001FBE42ACE88
C 380
R
P 000001FBE42ACE88
P 000001FBE6232A08
C 9
R
P 000001FBE42ACE88
C 380
R
P 000001FBE42ACE88
P 000001FBE6232A08
I 0
C 306
R
P 000001FBE42ACE88
C 380
R
P 000001FBE42ACE88
P 000001FBE8F92F08
C 484
= 000001FBE88CCC18
R
P 000001FBE42ACE88
C 380
R
P 000001FBE42ACE88
P 000001FBE88CCC18
C 338
R
P 000001FBE42ACE88
C 380
R
P 000001FBE42ACE88
P 000001FBE88CCC18
P 000001FBE61903D8
I 0
P 0000000000000000
C 340
* 000001FBE6232808 4
R
P 000001FBE42ACE88
C 380
R
P 000001FBE42ACE88
P 000001FBE6232808
C 293
R
P 000001FBE42ACE88
C 380
R
P 000001FBE42ACE88
P 000001FBE6232808
C 290
= 000001FBE42A94B8
R
P 000001FBE42ACE88
C 380
R
P 000001FBE42ACE88
P 000001FBE42A94B8
C 244
R
P 000001FBE42ACE88
C 380
R
P 000001FBE42ACE88
P 000001FBE6232808
C 296
R
P 000001FBE42ACE88
C 380
R
P 000001FBE42ACE88
P 000001FBE6232808
C 295
R
P 000001FBE42ACE88
C 380
R
P 000001FBE42ACE88
P 000001FBE6232808
C 294
R
P 000001FBE42ACE88
C 380
R
P 000001FBE42ACE88
P 000001FBE6232808
C 9
R
P 000001FBE42ACE88
C 380
R
P 000001FBE42ACE88
P 000001FBE6232808
I 0
C 306
R
P 000001FBE42ACE88
C 380
R
P 000001FBE42ACE88
U 32
C 35
= 000001FBE42A94B8
R
P 000001FBE42ACE88
C 380
R
P 000001FBE42ACE88
P 000001FBE42A94B8
C 293
R
P 000001FBE42ACE88
C 380
R
P 000001FBE42ACE88
P 000001FBE42A94B8
C 9
R
P 000001FBE42ACE88
C 380
R
P 000001FBE42ACE88
I 4472844
P 000001FBE42A94B8
C 154
= 000001FBE6232768
R
P 000001FBE42ACE88
C 380
R
P 000001FBE42ACE88
P 000001FBE6232768
C 293
R
P 000001FBE42ACE88
C 380
R
P 000001FBE42ACE88
P 000001FBE6232768
C 290
= 000001FBE42A94B8
R
P 000001FBE42ACE88
C 380
R
P 000001FBE42ACE88
P 000001FBE42A94B8
C 244
R
P 000001FBE42ACE88
C 380
R
P 000001FBE42ACE88
P 000001FBE6232768
C 296
R
P 000001FBE42ACE88
C 380
R
P 000001FBE42ACE88
P 000001FBE6232768
C 295
R
P 000001FBE42ACE88
C 380
R
P 000001FBE42ACE88
P 000001FBE6232768
C 294
R
P 000001FBE42ACE88
C 380
R
P 000001FBE42ACE88
P 000001FBE6232768
C 9
R
P 000001FBE42ACE88
C 380
R
P 000001FBE42ACE88
P 000001FBE62330E8
P 000001FBE6232768
C 103
= 000001FBE5EFA248
R
P 000001FBE42ACE88
C 380
R
P 000001FBE42ACE88
P 000001FBE5EFA248
C 294
R
P 000001FBE42ACE88
C 380
R
P 000001FBE42ACE88
P 000001FBE5EFA248
C 9
R
P 000001FBE42ACE88
C 380
R
P 000001FBE42ACE88
P 000001FBE8F92F08
P 000001FBE5EFA248
C 466
R
P 000001FBE42ACE88
C 380
R
P 000001FBE42ACE88
U 32
C 35
= 000001FBE42A94B8
R
P 000001FBE42ACE88
C 380
R
P 000001FBE42ACE88
P 000001FBE42A94B8
C 293
R
P 000001FBE42ACE88
C 380
R
P 000001FBE42ACE88
P 000001FBE42A94B8
C 9
R
P 000001FBE42ACE88
C 380
R
P 000001FBE42ACE88
I 8945689
P 000001FBE42A94B8
C 154
= 000001FBE62329E8
R
P 000001FBE42ACE88
C 380
R
P 000001FBE42ACE88
P 000001FBE62329E8
C 293
R
P 000001FBE42ACE88
C 380
R
P 000001FBE42ACE88
P 000001FBE62329E8
C 290
= 000001FBE42A94B8
R
P 000001FBE42ACE88
C 380
R
P 000001FBE42ACE88
P 000001FBE42A94B8
C 244
R
P 000001FBE42ACE88
C 380
R
P 000001FBE42ACE88
P 000001FBE62329E8
C 296
R
P 000001FBE42ACE88
C 380
R
P 000001FBE42ACE88
P 000001FBE62329E8
C 295
R
P 000001FBE42ACE88
C 380
R
P 000001FBE42ACE88
P 000001FBE62329E8
C 294
R
P 000001FBE42ACE88
C 380
R
P 000001FBE42ACE88
P 000001FBE62329E8
C 9
R
P 000001FBE42ACE88
C 380
R
P 000001FBE42ACE88
P 000001FBE62330E8
P 000001FBE62329E8
C 103
= 000001FBE6158078
R
P 000001FBE42ACE88
C 380
R
P 000001FBE42ACE88
P 000001FBE6158078
C 294
R
P 000001FBE42ACE88
C 380
R
P 000001FBE42ACE88
P 000001FBE6158078
C 9
R
P 000001FBE42ACE88
C 380
R
P 000001FBE42ACE88
P 000001FBE8F92F08
P 000001FBE6158078
C 466
R
P 000001FBE42ACE88
C 380
R
P 000001FBE42ACE88
U 32
C 35
= 000001FBE42A94B8
R
P 000001FBE42ACE88
C 380
R
P 000001FBE42ACE88
P 000001FBE42A94B8
C 293
R
P 000001FBE42ACE88
C 380
R
P 000001FBE42ACE88
P 000001FBE42A94B8
C 9
R
P 000001FBE42ACE88
C 380
R
P 000001FBE42ACE88
I 1208483840
P 000001FBE42A94B8
C 154
= 000001FBE6232A08
R
P 000001FBE42ACE88
C 380
R
P 000001FBE42ACE88
P 000001FBE6232A08
C 293
R
P 000001FBE42ACE88
C 380
R
P 000001FBE42ACE88
P 000001FBE6232A08
C 290
= 000001FBE42A94B8
R
P 000001FBE42ACE88
C 380
R
P 000001FBE42ACE88
P 000001FBE42A94B8
C 244
R
P 000001FBE42ACE88
C 380
R
P 000001FBE42ACE88
P 000001FBE6232A08
C 296
R
P 000001FBE42ACE88
C 380
R
P 000001FBE42ACE88
P 000001FBE6232A08
C 295
R
P 000001FBE42ACE88
C 380
R
P 000001FBE42ACE88
P 000001FBE6232A08
C 294
R
P 000001FBE42ACE88
C 380
R
P 000001FBE42ACE88
P 000001FBE6232A08
C 9
R
P 000001FBE42ACE88
C 380
R
P 000001FBE42ACE88
P 000001FBE62330C8
P 000001FBE6232A08
C 103
= 000001FBE6035F88
R
P 000001FBE42ACE88
C 380
R
P 000001FBE42ACE88
P 000001FBE6035F88
C 294
R
P 000001FBE42ACE88
C 380
R
P 000001FBE42ACE88
P 000001FBE6035F88
C 9
R
P 000001FBE42ACE88
C 380
R
P 000001FBE42ACE88
P 000001FBE8F92F08
P 000001FBE6035F88
C 466
R
P 000001FBE42ACE88
C 380
R
P 000001FBE42ACE88
U 32
C 35
= 000001FBE42A94B8
R
P 000001FBE42ACE88
C 380
R
P 000001FBE42ACE88
P 000001FBE42A94B8
C 293
R
P 000001FBE42ACE88
C 380
R
P 000001FBE42ACE88
P 000001FBE42A94B8
C 9
R
P 000001FBE42ACE88
C 380
R
P 000001FBE42ACE88
I 1082130456
P 000001FBE42A94B8
C 154
= 000001FBE6232808
R
P 000001FBE42ACE88
C 380
R
P 000001FBE42ACE88
P 000001FBE6232808
C 293
R
P 000001FBE42ACE88
C 380
R
P 000001FBE42ACE88
P 000001FBE6232808
C 290
= 000001FBE42A94B8
R
P 000001FBE42ACE88
C 380
R
P 000001FBE42ACE88
P 000001FBE42A94B8
C 244
R
P 000001FBE42ACE88
C 380
R
P 000001FBE42ACE88
P 000001FBE6232808
C 296
R
P 000001FBE42ACE88
C 380
R
P 000001FBE42ACE88
P 000001FBE6232808
C 295
R
P 000001FBE42ACE88
C 380
R
P 000001FBE42ACE88
P 000001FBE6232808
C 294
R
P 000001FBE42ACE88
C 380
R
P 000001FBE42ACE88
P 000001FBE6232808
C 9
R
P 000001FBE42ACE88
C 380
R
P 000001FBE42ACE88
P 000001FBE61903D8
P 000001FBE6232808
C 103
= 000001FBE604C7E0
R
P 000001FBE42ACE88
C 380
R
P 000001FBE42ACE88
P 000001FBE604C7E0
C 294
R
P 000001FBE42ACE88
C 380
R
P 000001FBE42ACE88
P 000001FBE604C7E0
C 9
R
P 000001FBE42ACE88
C 380
R
P 000001FBE42ACE88
P 000001FBE8F92F08
P 000001FBE604C7E0
C 466
R
P 000001FBE42ACE88
C 380
R
P 000001FBE42ACE88
P 000001FBE8F92F08
C 479
R
P 000001FBE42ACE88
C 380
R
P 000001FBE42ACE88
P 000001FBE8F92F08
C 484
= 000001FBE88CDA88
R
P 000001FBE42ACE88
C 380
R
P 000001FBE42ACE88
P 000001FBE88CDA88
C 338
R
P 000001FBE42ACE88
C 380
R
P 000001FBE42ACE88
P 000001FBE88CDA88
C 375
R
P 000001FBE42ACE88
C 380
R
P 000001FBE42ACE88
P 000001FBE8F92F08
C 484
= 000001FBE88CDB78
R
P 000001FBE42ACE88
C 380
R
P 000001FBE42ACE88
P 000001FBE88CDB78
C 338
R
P 000001FBE42ACE88
C 380
R
P 000001FBE42ACE88
P 000001FBE88CDB78
P 000001FBE62330E8
I 0
P 0000000000000000
C 340
* 000001FBE62327A8 4
R
P 000001FBE42ACE88
C 380
R
P 000001FBE42ACE88
P 000001FBE62327A8
C 293
R
P 000001FBE42ACE88
C 380
R
P 000001FBE42ACE88
P 000001FBE62327A8
C 290
= 000001FBE42A94B8
R
P 000001FBE42ACE88
C 380
R
P 000001FBE42ACE88
P 000001FBE42A94B8
C 244
R
P 000001FBE42ACE88
C 380
R
P 000001FBE42ACE88
P 000001FBE62327A8
C 296
R
P 000001FBE42ACE88
C 380
R
P 000001FBE42ACE88
P 000001FBE62327A8
C 295
R
P 000001FBE42ACE88
C 380
R
P 000001FBE42ACE88
P 000001FBE62327A8
C 294
R
P 000001FBE42ACE88
C 380
R
P 000001FBE42ACE88
P 000001FBE62327A8
C 9
R
P 000001FBE42ACE88
C 380
R
P 000001FBE42ACE88
P 000001FBE62327A8
I 0
C 306
R
P 000001FBE42ACE88
C 380
R
P 000001FBE42ACE88
P 000001FBE8F92F08
C 484
= 000001FBE88CDA28
R
P 000001FBE42ACE88
C 380
R
P 000001FBE42ACE88
P 000001FBE88CDA28
C 338
R
P 000001FBE42ACE88
C 380
R
P 000001FBE42ACE88
P 000001FBE88CDA28
P 000001FBE62330C8
I 0
P 0000000000000000
C 340
* 000001FBE6232A08 4
R
P 000001FBE42ACE88
C 380
R
P 000001FBE42ACE88
P 000001FBE6232A08
C 293
R
P 000001FBE42ACE88
C 380
R
P 000001FBE42ACE88
P 000001FBE6232A08
C 290
= 000001FBE42A94B8
R
P 000001FBE42ACE88
C 380
R
P 000001FBE42ACE88
P 000001FBE42A94B8
C 244
R
P 000001FBE42ACE88
C 380
R
P 000001FBE42ACE88
P 000001FBE6232A08
C 296
R
P 000001FBE42ACE88
C 380
R
P 000001FBE42ACE88
P 000001FBE6232A08
C 295
R
P 000001FBE42ACE88
C 380
R
P 000001FBE42ACE88
P 000001FBE6232A08
C 294
R
P 000001FBE42ACE88
C 380
R
P 000001FBE42ACE88
P 000001FBE6232A08
C 9
R
P 000001FBE42ACE88
C 380
R
P 000001FBE42ACE88
P 000001FBE6232A08
I 0
C 306
R
P 000001FBE42ACE88
C 380
R
P 000001FBE42ACE88
P 000001FBE8F92F08
C 484
= 000001FBE88CDAB8
R
P 000001FBE42ACE88
C 380
R
P 000001FBE42ACE88
P 000001FBE88CDAB8
C 338
R
P 000001FBE42ACE88
C 380
R
P 000001FBE42ACE88
P 000001FBE88CDAB8
P 000001FBE61903D8
I 0
P 0000000000000000
C 340
* 000001FBE62327C8 4
R
P 000001FBE42ACE88
C 380
R
P 000001FBE42ACE88
P 000001FBE62327C8
C 293
R
P 000001FBE42ACE88
C 380
R
P 000001FBE42ACE88
P 000001FBE62327C8
C 290
= 000001FBE42A94B8
R
P 000001FBE42ACE88
C 380
R
P 000001FBE42ACE88
P 000001FBE42A94B8
C 244
R
P 000001FBE42ACE88
C 380
R
P 000001FBE42ACE88
P 000001FBE62327C8
C 296
R
P 000001FBE42ACE88
C 380
R
P 000001FBE42ACE88
P 000001FBE62327C8
C 295
R
P 000001FBE42ACE88
C 380
R
P 000001FBE42ACE88
P 000001FBE62327C8
C 294
R
P 000001FBE42ACE88
C 380
R
P 000001FBE42ACE88
P 000001FBE62327C8
C 9
R
P 000001FBE42ACE88
C 380
R
P 000001FBE42ACE88
P 000001FBE62327C8
I 0
C 306
R
P 000001FBE42ACE88
C 380
R
P 000001FBE42ACE88
U 32
C 35
= 000001FBE42A94B8
R
P 000001FBE42ACE88
C 380
R
P 000001FBE42ACE88
P 000001FBE42A94B8
C 293
R
P 000001FBE42ACE88
C 380
R
P 000001FBE42ACE88
P 000001FBE42A94B8
C 9
R
P 000001FBE42ACE88
C 380
R
P 000001FBE42ACE88
I 278541
P 000001FBE42A94B8
C 154
= 000001FBE6232568
R
P 000001FBE42ACE88
C 380
R
P 000001FBE42ACE88
P 000001FBE6232568
C 293
R
P 000001FBE42ACE88
C 380
R
P 000001FBE42ACE88
P 000001FBE6232568
C 290
= 000001FBE42A94B8
R
P 000001FBE42ACE88
C 380
R
P 000001FBE42ACE88
P 000001FBE42A94B8
C 244
R
P 000001FBE42ACE88
C 380
R
P 000001FBE42ACE88
P 000001FBE6232568
C 296
R
P 000001FBE42ACE88
C 380
R
P 000001FBE42ACE88
P 000001FBE6232568
C 295
R
P 000001FBE42ACE88
C 380
R
P 000001FBE42ACE88
P 000001FBE6232568
C 294
R
P 000001FBE42ACE88
C 380
R
P 000001FBE42ACE88
P 000001FBE6232568
C 9
R
P 000001FBE42ACE88
C 380
R
P 000001FBE42ACE88
P 000001FBE62330E8
P 000001FBE6232568
C 103
= 000001FBE86BE278
R
P 000001FBE42ACE88
C 380
R
P 000001FBE42ACE88
P 000001FBE86BE278
C 294
R
P 000001FBE42ACE88
C 380
R
P 000001FBE42ACE88
P 000001FBE86BE278
C 9
R
P 000001FBE42ACE88
C 380
R
P 000001FBE42ACE88
P 000001FBE8F92F08
P 000001FBE86BE278
C 466
R
P 000001FBE42ACE88
C 380
R
P 000001FBE42ACE88
U 32
C 35
= 000001FBE42A94B8
R
P 000001FBE42ACE88
C 380
R
P 000001FBE42ACE88
P 000001FBE42A94B8
C 293
R
P 000001FBE42ACE88
C 380
R
P 000001FBE42ACE88
P 000001FBE42A94B8
C 9
R
P 000001FBE42ACE88
C 380
R
P 000001FBE42ACE88
I 557083
P 000001FBE42A94B8
C 154
= 000001FBE62327A8
R
P 000001FBE42ACE88
C 380
R
P 000001FBE42ACE88
P 000001FBE62327A8
C 293
R
P 000001FBE42ACE88
C 380
R
P 000001FBE42ACE88
P 000001FBE62327A8
C 290
= 000001FBE42A94B8
R
P 000001FBE42ACE88
C 380
R
P 000001FBE42ACE88
P 000001FBE42A94B8
C 244
R
P 000001FBE42ACE88
C 380
R
P 000001FBE42ACE88
P 000001FBE62327A8
C 296
R
P 000001FBE42ACE88
C 380
R
P 000001FBE42ACE88
P 000001FBE62327A8
C 295
R
P 000001FBE42ACE88
C 380
R
P 000001FBE42ACE88
P 000001FBE62327A8
C 294
R
P 000001FBE42ACE88
C 380
R
P 000001FBE42ACE88
P 000001FBE62327A8
C 9
R
P 000001FBE42ACE88
C 380
R
P 000001FBE42ACE88
P 000001FBE62330E8
P 000001FBE62327A8
C 103
= 000001FBE5EF9E90
R
P 000001FBE42ACE88
C 380
R
P 000001FBE42ACE88
P 000001FBE5EF9E90
C 294
R
P 000001FBE42ACE88
C 380
R
P 000001FBE42ACE88
P 000001FBE5EF9E90
C 9
R
P 000001FBE42ACE88
C 380
R
P 000001FBE42ACE88
P 000001FBE8F92F08
P 000001FBE5EF9E90
C 466
R
P 000001FBE42ACE88
C 380
R
P 000001FBE42ACE88
U 32
C 35
= 000001FBE42A94B8
R
P 000001FBE42ACE88
C 380
R
P 000001FBE42ACE88
P 000001FBE42A94B8
C 293
R
P 000001FBE42ACE88
C 380
R
P 000001FBE42ACE88
P 000001FBE42A94B8
C 9
R
P 000001FBE42ACE88
C 380
R
P 000001FBE42ACE88
I 1208483840
P 000001FBE42A94B8
C 154
= 000001FBE6232A08
R
P 000001FBE42ACE88
C 380
R
P 000001FBE42ACE88
P 000001FBE6232A08
C 293
R
P 000001FBE42ACE88
C 380
R
P 000001FBE42ACE88
P 000001FBE6232A08
C 290
= 000001FBE42A94B8
R
P 000001FBE42ACE88
C 380
R
P 000001FBE42ACE88
P 000001FBE42A94B8
C 244
R
P 000001FBE42ACE88
C 380
R
P 000001FBE42ACE88
P 000001FBE6232A08
C 296
R
P 000001FBE42ACE88
C 380
R
P 000001FBE42ACE88
P 000001FBE6232A08
C 295
R
P 000001FBE42ACE88
C 380
R
P 000001FBE42ACE88
P 000001FBE6232A08
C 294
R
P 000001FBE42ACE88
C 380
R
P 000001FBE42ACE88
P 000001FBE6232A08
C 9
R
P 000001FBE42ACE88
C 380
R
P 000001FBE42ACE88
P 000001FBE62330C8
P 000001FBE6232A08
C 103
= 000001FBE6035F88
R
P 000001FBE42ACE88
C 380
R
P 000001FBE42ACE88
P 000001FBE6035F88
C 294
R
P 000001FBE42ACE88
C 380
R
P 000001FBE42ACE88
P 000001FBE6035F88
C 9
R
P 000001FBE42ACE88
C 380
R
P 000001FBE42ACE88
P 000001FBE8F92F08
P 000001FBE6035F88
C 466
R
P 000001FBE42ACE88
C 380
R
P 000001FBE42ACE88
U 32
C 35
= 000001FBE42A94B8
R
P 000001FBE42ACE88
C 380
R
P 000001FBE42ACE88
P 000001FBE42A94B8
C 293
R
P 000001FBE42ACE88
C 380
R
P 000001FBE42ACE88
P 000001FBE42A94B8
C 9
R
P 000001FBE42ACE88
C 380
R
P 000001FBE42ACE88
I 1073741850
P 000001FBE42A94B8
C 154
= 000001FBE62327C8
R
P 000001FBE42ACE88
C 380
R
P 000001FBE42ACE88
P 000001FBE62327C8
C 293
R
P 000001FBE42ACE88
C 380
R
P 000001FBE42ACE88
P 000001FBE62327C8
C 290
= 000001FBE42A94B8
R
P 000001FBE42ACE88
C 380
R
P 000001FBE42ACE88
P 000001FBE42A94B8
C 244
R
P 000001FBE42ACE88
C 380
R
P 000001FBE42ACE88
P 000001FBE62327C8
C 296
R
P 000001FBE42ACE88
C 380
R
P 000001FBE42ACE88
P 000001FBE62327C8
C 295
R
P 000001FBE42ACE88
C 380
R
P 000001FBE42ACE88
P 000001FBE62327C8
C 294
R
P 000001FBE42ACE88
C 380
R
P 000001FBE42ACE88
P 000001FBE62327C8
C 9
R
P 000001FBE42ACE88
C 380
R
P 000001FBE42ACE88
P 000001FBE61903D8
P 000001FBE62327C8
C 103
= 000001FBE5EEA0E8
R
P 000001FBE42ACE88
C 380
R
P 000001FBE42ACE88
P 000001FBE5EEA0E8
C 294
R
P 000001FBE42ACE88
C 380
R
P 000001FBE42ACE88
P 000001FBE5EEA0E8
C 9
R
P 000001FBE42ACE88
C 380
R
P 000001FBE42ACE88
P 000001FBE8F92F08
P 000001FBE5EEA0E8
C 466
R
P 000001FBE42ACE88
C 380
R
P 000001FBE42ACE88
P 000001FBE8F92F08
C 479
R
P 000001FBE42ACE88
C 380
R
P 000001FBE42ACE88
P 000001FBE8F92F08
C 484
= 000001FBE88CE958
R
P 000001FBE42ACE88
C 380
R
P 000001FBE42ACE88
P 000001FBE88CE958
C 338
R
P 000001FBE42ACE88
C 380
R
P 000001FBE42ACE88
P 000001FBE88CE958
C 375
R
P 000001FBE42ACE88
C 380
R
P 000001FBE42ACE88
P 000001FBE8F92F08
C 484
= 000001FBE88CE268
R
P 000001FBE42ACE88
C 380
R
P 000001FBE42ACE88
P 000001FBE88CE268
C 338
R
P 000001FBE42ACE88
C 380
R
P 000001FBE42ACE88
P 000001FBE88CE268
P 000001FBE62330E8
I 0
P 0000000000000000
C 340
* 000001FBE6232588 4
R
P 000001FBE42ACE88
C 380
R
P 000001FBE42ACE88
P 000001FBE6232588
C 293
R
P 000001FBE42ACE88
C 380
R
P 000001FBE42ACE88
P 000001FBE6232588
C 290
= 000001FBE42A94B8
R
P 000001FBE42ACE88
C 380
R
P 000001FBE42ACE88
P 000001FBE42A94B8
C 244
R
P 000001FBE42ACE88
C 380
R
P 000001FBE42ACE88
P 000001FBE6232588
C 296
R
P 000001FBE42ACE88
C 380
R
P 000001FBE42ACE88
P 000001FBE6232588
C 295
R
P 000001FBE42ACE88
C 380
R
P 000001FBE42ACE88
P 000001FBE6232588
C 294
R
P 000001FBE42ACE88
C 380
R
P 000001FBE42ACE88
P 000001FBE6232588
C 9
R
P 000001FBE42ACE88
C 380
R
P 000001FBE42ACE88
P 000001FBE6232588
I 0
C 306
R
P 000001FBE42ACE88
C 380
R
P 000001FBE42ACE88
P 000001FBE8F92F08
C 484
= 000001FBE88CE118
R
P 000001FBE42ACE88
C 380
R
P 000001FBE42ACE88
P 000001FBE88CE118
C 338
R
P 000001FBE42ACE88
C 380
R
P 000001FBE42ACE88
P 000001FBE88CE118
P 000001FBE62330C8
I 0
P 0000000000000000
C 340
* 000001FBE62325A8 4
R
P 000001FBE42ACE88
C 380
R
P 000001FBE42ACE88
P 000001FBE62325A8
C 293
R
P 000001FBE42ACE88
C 380
R
P 000001FBE42ACE88
P 000001FBE62325A8
C 290
= 000001FBE42A94B8
R
P 000001FBE42ACE88
C 380
R
P 000001FBE42ACE88
P 000001FBE42A94B8
C 244
R
P 000001FBE42ACE88
C 380
R
P 000001FBE42ACE88
P 000001FBE62325A8
C 296
R
P 000001FBE42ACE88
C 380
R
P 000001FBE42ACE88
P 000001FBE62325A8
C 295
R
P 000001FBE42ACE88
C 380
R
P 000001FBE42ACE88
P 000001FBE62325A8
C 294
R
P 000001FBE42ACE88
C 380
R
P 000001FBE42ACE88
P 000001FBE62325A8
C 9
R
P 000001FBE42ACE88
C 380
R
P 000001FBE42ACE88
P 000001FBE62325A8
I 0
C 306
R
P 000001FBE42ACE88
C 380
R
P 000001FBE42ACE88
P 000001FBE8F92F08
C 484
= 000001FBE88CEB98
R
P 000001FBE42ACE88
C 380
R
P 000001FBE42ACE88
P 000001FBE88CEB98
C 338
R
P 000001FBE42ACE88
C 380
R
P 000001FBE42ACE88
P 000001FBE88CEB98
P 000001FBE61903D8
I 0
P 0000000000000000
C 340
* 000001FBE62327C8 4
R
P 000001FBE42ACE88
C 380
R
P 000001FBE42ACE88
P 000001FBE62327C8
C 293
R
P 000001FBE42ACE88
C 380
R
P 000001FBE42ACE88
P 000001FBE62327C8
C 290
= 000001FBE42A94B8
R
P 000001FBE42ACE88
C 380
R
P 000001FBE42ACE88
P 000001FBE42A94B8
C 244
R
P 000001FBE42ACE88
C 380
R
P 000001FBE42ACE88
P 000001FBE62327C8
C 296
R
P 000001FBE42ACE88
C 380
R
P 000001FBE42ACE88
P 000001FBE62327C8
C 295
R
P 000001FBE42ACE88
C 380
R
P 000001FBE42ACE88
P 000001FBE62327C8
C 294
R
P 000001FBE42ACE88
C 380
R
P 000001FBE42ACE88
P 000001FBE62327C8
C 9
R
P 000001FBE42ACE88
C 380
R
P 000001FBE42ACE88
P 000001FBE62327C8
I 0
C 306
R
P 000001FBE42ACE88
C 380
R
P 000001FBE42ACE88
U 32
C 35
= 000001FBE42A94B8
R
P 000001FBE42ACE88
C 380
R
P 000001FBE42ACE88
P 000001FBE42A94B8
C 293
R
P 000001FBE42ACE88
C 380
R
P 000001FBE42ACE88
P 000001FBE42A94B8
C 9
R
P 000001FBE42ACE88
C 380
R
P 000001FBE42ACE88
I 16413
P 000001FBE42A94B8
C 154
= 000001FBE6232468
R
P 000001FBE42ACE88
C 380
R
P 000001FBE42ACE88
P 000001FBE6232468
C 293
R
P 000001FBE42ACE88
C 380
R
P 000001FBE42ACE88
P 000001FBE6232468
C 290
= 000001FBE42A94B8
R
P 000001FBE42ACE88
C 380
R
P 000001FBE42ACE88
P 000001FBE42A94B8
C 244
R
P 000001FBE42ACE88
C 380
R
P 000001FBE42ACE88
P 000001FBE6232468
C 296
R
P 000001FBE42ACE88
C 380
R
P 000001FBE42ACE88
P 000001FBE6232468
C 295
R
P 000001FBE42ACE88
C 380
R
P 000001FBE42ACE88
P 000001FBE6232468
C 294
R
P 000001FBE42ACE88
C 380
R
P 000001FBE42ACE88
P 000001FBE6232468
C 9
R
P 000001FBE42ACE88
C 380
R
P 000001FBE42ACE88
P 000001FBE62330E8
P 000001FBE6232468
C 103
= 000001FBE6158200
R
P 000001FBE42ACE88
C 380
R
P 000001FBE42ACE88
P 000001FBE6158200
C 294
R
P 000001FBE42ACE88
C 380
R
P 000001FBE42ACE88
P 000001FBE6158200
C 9
R
P 000001FBE42ACE88
C 380
R
P 000001FBE42ACE88
P 000001FBE8F92F08
P 000001FBE6158200
C 466
R
P 000001FBE42ACE88
C 380
R
P 000001FBE42ACE88
U 32
C 35
= 000001FBE42A94B8
R
P 000001FBE42ACE88
C 380
R
P 000001FBE42ACE88
P 000001FBE42A94B8
C 293
R
P 000001FBE42ACE88
C 380
R
P 000001FBE42ACE88
P 000001FBE42A94B8
C 9
R
P 000001FBE42ACE88
C 380
R
P 000001FBE42ACE88
I 32827
P 000001FBE42A94B8
C 154
= 000001FBE6232588
R
P 000001FBE42ACE88
C 380
R
P 000001FBE42ACE88
P 000001FBE6232588
C 293
R
P 000001FBE42ACE88
C 380
R
P 000001FBE42ACE88
P 000001FBE6232588
C 290
= 000001FBE42A94B8
R
P 000001FBE42ACE88
C 380
R
P 000001FBE42ACE88
P 000001FBE42A94B8
C 244
R
P 000001FBE42ACE88
C 380
R
P 000001FBE42ACE88
P 000001FBE6232588
C 296
R
P 000001FBE42ACE88
C 380
R
P 000001FBE42ACE88
P 000001FBE6232588
C 295
R
P 000001FBE42ACE88
C 380
R
P 000001FBE42ACE88
P 000001FBE6232588
C 294
R
P 000001FBE42ACE88
C 380
R
P 000001FBE42ACE88
P 000001FBE6232588
C 9
R
P 000001FBE42ACE88
C 380
R
P 000001FBE42ACE88
P 000001FBE62330E8
P 000001FBE6232588
C 103
= 000001FBE5C25F60
R
P 000001FBE42ACE88
C 380
R
P 000001FBE42ACE88
P 000001FBE5C25F60
C 294
R
P 000001FBE42ACE88
C 380
R
P 000001FBE42ACE88
P 000001FBE5C25F60
C 9
R
P 000001FBE42ACE88
C 380
R
P 000001FBE42ACE88
P 000001FBE8F92F08
P 000001FBE5C25F60
C 466
R
P 000001FBE42ACE88
C 380
R
P 000001FBE42ACE88
U 32
C 35
= 000001FBE42A94B8
R
P 000001FBE42ACE88
C 380
R
P 000001FBE42ACE88
P 000001FBE42A94B8
C 293
R
P 000001FBE42ACE88
C 380
R
P 000001FBE42ACE88
P 000001FBE42A94B8
C 9
R
P 000001FBE42ACE88
C 380
R
P 000001FBE42ACE88
I 1207959552
P 000001FBE42A94B8
C 154
= 000001FBE62325A8
R
P 000001FBE42ACE88
C 380
R
P 000001FBE42ACE88
P 000001FBE62325A8
C 293
R
P 000001FBE42ACE88
C 380
R
P 000001FBE42ACE88
P 000001FBE62325A8
C 290
= 000001FBE42A94B8
R
P 000001FBE42ACE88
C 380
R
P 000001FBE42ACE88
P 000001FBE42A94B8
C 244
R
P 000001FBE42ACE88
C 380
R
P 000001FBE42ACE88
P 000001FBE62325A8
C 296
R
P 000001FBE42ACE88
C 380
R
P 000001FBE42ACE88
P 000001FBE62325A8
C 295
R
P 000001FBE42ACE88
C 380
R
P 000001FBE42ACE88
P 000001FBE62325A8
C 294
R
P 000001FBE42ACE88
C 380
R
P 000001FBE42ACE88
P 000001FBE62325A8
C 9
R
P 000001FBE42ACE88
C 380
R
P 000001FBE42ACE88
P 000001FBE62330C8
P 000001FBE62325A8
C 103
= 000001FBE604B890
R
P 000001FBE42ACE88
C 380
R
P 000001FBE42ACE88
P 000001FBE604B890
C 294
R
P 000001FBE42ACE88
C 380
R
P 000001FBE42ACE88
P 000001FBE604B890
C 9
R
P 000001FBE42ACE88
C 380
R
P 000001FBE42ACE88
P 000001FBE8F92F08
P 000001FBE604B890
C 466
R
P 000001FBE42ACE88
C 380
R
P 000001FBE42ACE88
U 32
C 35
= 000001FBE42A94B8
R
P 000001FBE42ACE88
C 380
R
P 000001FBE42ACE88
P 000001FBE42A94B8
C 293
R
P 000001FBE42ACE88
C 380
R
P 000001FBE42ACE88
P 000001FBE42A94B8
C 9
R
P 000001FBE42ACE88
C 380
R
P 000001FBE42ACE88
I 1073741850
P 000001FBE42A94B8
C 154
= 000001FBE62327C8
R
P 000001FBE42ACE88
C 380
R
P 000001FBE42ACE88
P 000001FBE62327C8
C 293
R
P 000001FBE42ACE88
C 380
R
P 000001FBE42ACE88
P 000001FBE62327C8
C 290
= 000001FBE42A94B8
R
P 000001FBE42ACE88
C 380
R
P 000001FBE42ACE88
P 000001FBE42A94B8
C 244
R
P 000001FBE42ACE88
C 380
R
P 000001FBE42ACE88
P 000001FBE62327C8
C 296
R
P 000001FBE42ACE88
C 380
R
P 000001FBE42ACE88
P 000001FBE62327C8
C 295
R
P 000001FBE42ACE88
C 380
R
P 000001FBE42ACE88
P 000001FBE62327C8
C 294
R
P 000001FBE42ACE88
C 380
R
P 000001FBE42ACE88
P 000001FBE62327C8
C 9
R
P 000001FBE42ACE88
C 380
R
P 000001FBE42ACE88
P 000001FBE61903D8
P 000001FBE62327C8
C 103
= 000001FBE5EEA0E8
R
P 000001FBE42ACE88
C 380
R
P 000001FBE42ACE88
P 000001FBE5EEA0E8
C 294
R
P 000001FBE42ACE88
C 380
R
P 000001FBE42ACE88
P 000001FBE5EEA0E8
C 9
R
P 000001FBE42ACE88
C 380
R
P 000001FBE42ACE88
P 000001FBE8F92F08
P 000001FBE5EEA0E8
C 466
R
P 000001FBE42ACE88
C 380
R
P 000001FBE42ACE88
P 000001FBE8F92F08
C 479
R
P 000001FBE42ACE88
C 380
R
P 000001FBE42ACE88
P 000001FBE8F92F08
C 484
= 000001FBE88CF018
R
P 000001FBE42ACE88
C 380
R
P 000001FBE42ACE88
P 000001FBE88CF018
C 338
R
P 000001FBE42ACE88
C 380
R
P 000001FBE42ACE88
P 000001FBE88CF018
C 375
R
P 000001FBE42ACE88
C 380
R
P 000001FBE42ACE88
P 000001FBE8F92F08
C 484
= 000001FBE88CF048
R
P 000001FBE42ACE88
C 380
R
P 000001FBE42ACE88
P 000001FBE88CF048
C 338
R
P 000001FBE42ACE88
C 380
R
P 000001FBE42ACE88
P 000001FBE88CF048
P 000001FBE62330E8
I 0
P 0000000000000000
C 340
* 000001FBE6232488 4
R
P 000001FBE42ACE88
C 380
R
P 000001FBE42ACE88
P 000001FBE6232488
C 293
R
P 000001FBE42ACE88
C 380
R
P 000001FBE42ACE88
P 000001FBE6232488
C 290
= 000001FBE42A94B8
R
P 000001FBE42ACE88
C 380
R
P 000001FBE42ACE88
P 000001FBE42A94B8
C 244
R
P 000001FBE42ACE88
C 380
R
P 000001FBE42ACE88
P 000001FBE6232488
C 296
R
P 000001FBE42ACE88
C 380
R
P 000001FBE42ACE88
P 000001FBE6232488
C 295
R
P 000001FBE42ACE88
C 380
R
P 000001FBE42ACE88
P 000001FBE6232488
C 294
R
P 000001FBE42ACE88
C 380
R
P 000001FBE42ACE88
P 000001FBE6232488
C 9
R
P 000001FBE42ACE88
C 380
R
P 000001FBE42ACE88
P 000001FBE6232488
I 0
C 306
R
P 000001FBE42ACE88
C 380
R
P 000001FBE42ACE88
P 000001FBE8F92F08
C 484
= 000001FBE88CF438
R
P 000001FBE42ACE88
C 380
R
P 000001FBE42ACE88
P 000001FBE88CF438
C 338
R
P 000001FBE42ACE88
C 380
R
P 000001FBE42ACE88
P 000001FBE88CF438
P 000001FBE62330C8
I 0
P 0000000000000000
C 340
* 000001FBE62325A8 4
R
P 000001FBE42ACE88
C 380
R
P 000001FBE42ACE88
P 000001FBE62325A8
C 293
R
P 000001FBE42ACE88
C 380
R
P 000001FBE42ACE88
P 000001FBE62325A8
C 290
= 000001FBE42A94B8
R
P 000001FBE42ACE88
C 380
R
P 000001FBE42ACE88
P 000001FBE42A94B8
C 244
R
P 000001FBE42ACE88
C 380
R
P 000001FBE42ACE88
P 000001FBE62325A8
C 296
R
P 000001FBE42ACE88
C 380
R
P 000001FBE42ACE88
P 000001FBE62325A8
C 295
R
P 000001FBE42ACE88
C 380
R
P 000001FBE42ACE88
P 000001FBE62325A8
C 294
R
P 000001FBE42ACE88
C 380
R
P 000001FBE42ACE88
P 000001FBE62325A8
C 9
R
P 000001FBE42ACE88
C 380
R
P 000001FBE42ACE88
P 000001FBE62325A8
I 0
C 306
R
P 000001FBE42ACE88
C 380
R
P 000001FBE42ACE88
P 000001FBE8F92F08
C 484
= 000001FBE88CF0D8
R
P 000001FBE42ACE88
C 380
R
P 000001FBE42ACE88
P 000001FBE88CF0D8
C 338
R
P 000001FBE42ACE88
C 380
R
P 000001FBE42ACE88
P 000001FBE88CF0D8
P 000001FBE61903D8
I 0
P 0000000000000000
C 340
* 000001FBE62327C8 4
R
P 000001FBE42ACE88
C 380
R
P 000001FBE42ACE88
P 000001FBE62327C8
C 293
R
P 000001FBE42ACE88
C 380
R
P 000001FBE42ACE88
P 000001FBE62327C8
C 290
= 000001FBE42A94B8
R
P 000001FBE42ACE88
C 380
R
P 000001FBE42ACE88
P 000001FBE42A94B8
C 244
R
P 000001FBE42ACE88
C 380
R
P 000001FBE42ACE88
P 000001FBE62327C8
C 296
R
P 000001FBE42ACE88
C 380
R
P 000001FBE42ACE88
P 000001FBE62327C8
C 295
R
P 000001FBE42ACE88
C 380
R
P 000001FBE42ACE88
P 000001FBE62327C8
C 294
R
P 000001FBE42ACE88
C 380
R
P 000001FBE42ACE88
P 000001FBE62327C8
C 9
R
P 000001FBE42ACE88
C 380
R
P 000001FBE42ACE88
P 000001FBE62327C8
I 0
C 306
R
P 000001FBE42ACE88
C 380
R
P 000001FBE42ACE88
U 32
C 35
= 000001FBE42A94B8
R
P 000001FBE42ACE88
C 380
R
P 000001FBE42ACE88
P 000001FBE42A94B8
C 293
R
P 000001FBE42ACE88
C 380
R
P 000001FBE42ACE88
P 000001FBE42A94B8
C 9
R
P 000001FBE42ACE88
C 380
R
P 000001FBE42ACE88
I 8205
P 000001FBE42A94B8
C 154
= 000001FBE6232328
R
P 000001FBE42ACE88
C 380
R
P 000001FBE42ACE88
P 000001FBE6232328
C 293
R
P 000001FBE42ACE88
C 380
R
P 000001FBE42ACE88
P 000001FBE6232328
C 290
= 000001FBE42A94B8
R
P 000001FBE42ACE88
C 380
R
P 000001FBE42ACE88
P 000001FBE42A94B8
C 244
R
P 000001FBE42ACE88
C 380
R
P 000001FBE42ACE88
P 000001FBE6232328
C 296
R
P 000001FBE42ACE88
C 380
R
P 000001FBE42ACE88
P 000001FBE6232328
C 295
R
P 000001FBE42ACE88
C 380
R
P 000001FBE42ACE88
P 000001FBE6232328
C 294
R
P 000001FBE42ACE88
C 380
R
P 000001FBE42ACE88
P 000001FBE6232328
C 9
R
P 000001FBE42ACE88
C 380
R
P 000001FBE42ACE88
P 000001FBE62330E8
P 000001FBE6232328
C 103
= 000001FBE5EF9CD0
R
P 000001FBE42ACE88
C 380
R
P 000001FBE42ACE88
P 000001FBE5EF9CD0
C 294
R
P 000001FBE42ACE88
C 380
R
P 000001FBE42ACE88
P 000001FBE5EF9CD0
C 9
R
P 000001FBE42ACE88
C 380
R
P 000001FBE42ACE88
P 000001FBE8F92F08
P 000001FBE5EF9CD0
C 466
R
P 000001FBE42ACE88
C 380
R
P 000001FBE42ACE88
U 32
C 35
= 000001FBE42A94B8
R
P 000001FBE42ACE88
C 380
R
P 000001FBE42ACE88
P 000001FBE42A94B8
C 293
R
P 000001FBE42ACE88
C 380
R
P 000001FBE42ACE88
P 000001FBE42A94B8
C 9
R
P 000001FBE42ACE88
C 380
R
P 000001FBE42ACE88
I 16411
P 000001FBE42A94B8
C 154
= 000001FBE6232488
R
P 000001FBE42ACE88
C 380
R
P 000001FBE42ACE88
P 000001FBE6232488
C 293
R
P 000001FBE42ACE88
C 380
R
P 000001FBE42ACE88
P 000001FBE6232488
C 290
= 000001FBE42A94B8
R
P 000001FBE42ACE88
C 380
R
P 000001FBE42ACE88
P 000001FBE42A94B8
C 244
R
P 000001FBE42ACE88
C 380
R
P 000001FBE42ACE88
P 000001FBE6232488
C 296
R
P 000001FBE42ACE88
C 380
R
P 000001FBE42ACE88
P 000001FBE6232488
C 295
R
P 000001FBE42ACE88
C 380
R
P 000001FBE42ACE88
P 000001FBE6232488
C 294
R
P 000001FBE42ACE88
C 380
R
P 000001FBE42ACE88
P 000001FBE6232488
C 9
R
P 000001FBE42ACE88
C 380
R
P 000001FBE42ACE88
P 000001FBE62330E8
P 000001FBE6232488
C 103
= 000001FBE604BE40
R
P 000001FBE42ACE88
C 380
R
P 000001FBE42ACE88
P 000001FBE604BE40
C 294
R
P 000001FBE42ACE88
C 380
R
P 000001FBE42ACE88
P 000001FBE604BE40
C 9
R
P 000001FBE42ACE88
C 380
R
P 000001FBE42ACE88
P 000001FBE8F92F08
P 000001FBE604BE40
C 466
R
P 000001FBE42ACE88
C 380
R
P 000001FBE42ACE88
U 32
C 35
= 000001FBE42A94B8
R
P 000001FBE42ACE88
C 380
R
P 000001FBE42ACE88
P 000001FBE42A94B8
C 293
R
P 000001FBE42ACE88
C 380
R
P 000001FBE42ACE88
P 000001FBE42A94B8
C 9
R
P 000001FBE42ACE88
C 380
R
P 000001FBE42ACE88
I 1207959552
P 000001FBE42A94B8
C 154
= 000001FBE62325A8
R
P 000001FBE42ACE88
C 380
R
P 000001FBE42ACE88
P 000001FBE62325A8
C 293
R
P 000001FBE42ACE88
C 380
R
P 000001FBE42ACE88
P 000001FBE62325A8
C 290
= 000001FBE42A94B8
R
P 000001FBE42ACE88
C 380
R
P 000001FBE42ACE88
P 000001FBE42A94B8
C 244
R
P 000001FBE42ACE88
C 380
R
P 000001FBE42ACE88
P 000001FBE62325A8
C 296
R
P 000001FBE42ACE88
C 380
R
P 000001FBE42ACE88
P 000001FBE62325A8
C 295
R
P 000001FBE42ACE88
C 380
R
P 000001FBE42ACE88
P 000001FBE62325A8
C 294
R
P 000001FBE42ACE88
C 380
R
P 000001FBE42ACE88
P 000001FBE62325A8
C 9
R
P 000001FBE42ACE88
C 380
R
P 000001FBE42ACE88
P 000001FBE62330C8
P 000001FBE62325A8
C 103
= 000001FBE604B890
R
P 000001FBE42ACE88
C 380
R
P 000001FBE42ACE88
P 000001FBE604B890
C 294
R
P 000001FBE42ACE88
C 380
R
P 000001FBE42ACE88
P 000001FBE604B890
C 9
R
P 000001FBE42ACE88
C 380
R
P 000001FBE42ACE88
P 000001FBE8F92F08
P 000001FBE604B890
C 466
R
P 000001FBE42ACE88
C 380
R
P 000001FBE42ACE88
U 32
C 35
= 000001FBE42A94B8
R
P 000001FBE42ACE88
C 380
R
P 000001FBE42ACE88
P 000001FBE42A94B8
C 293
R
P 000001FBE42ACE88
C 380
R
P 000001FBE42ACE88
P 000001FBE42A94B8
C 9
R
P 000001FBE42ACE88
C 380
R
P 000001FBE42ACE88
I 1073741850
P 000001FBE42A94B8
C 154
= 000001FBE62327C8
R
P 000001FBE42ACE88
C 380
R
P 000001FBE42ACE88
P 000001FBE62327C8
C 293
R
P 000001FBE42ACE88
C 380
R
P 000001FBE42ACE88
P 000001FBE62327C8
C 290
= 000001FBE42A94B8
R
P 000001FBE42ACE88
C 380
R
P 000001FBE42ACE88
P 000001FBE42A94B8
C 244
R
P 000001FBE42ACE88
C 380
R
P 000001FBE42ACE88
P 000001FBE62327C8
C 296
R
P 000001FBE42ACE88
C 380
R
P 000001FBE42ACE88
P 000001FBE62327C8
C 295
R
P 000001FBE42ACE88
C 380
R
P 000001FBE42ACE88
P 000001FBE62327C8
C 294
R
P 000001FBE42ACE88
C 380
R
P 000001FBE42ACE88
P 000001FBE62327C8
C 9
R
P 000001FBE42ACE88
C 380
R
P 000001FBE42ACE88
P 000001FBE61903D8
P 000001FBE62327C8
C 103
= 000001FBE5EEA0E8
R
P 000001FBE42ACE88
C 380
R
P 000001FBE42ACE88
P 000001FBE5EEA0E8
C 294
R
P 000001FBE42ACE88
C 380
R
P 000001FBE42ACE88
P 000001FBE5EEA0E8
C 9
R
P 000001FBE42ACE88
C 380
R
P 000001FBE42ACE88
P 000001FBE8F92F08
P 000001FBE5EEA0E8
C 466
R
P 000001FBE42ACE88
C 380
R
P 000001FBE42ACE88
P 000001FBE8F92F08
C 479
R
P 000001FBE42ACE88
C 380
R
P 000001FBE42ACE88
P 000001FBE8F92F08
C 484
= 000001FBE88D01E8
R
P 000001FBE42ACE88
C 380
R
P 000001FBE42ACE88
P 000001FBE88D01E8
C 338
R
P 000001FBE42ACE88
C 380
R
P 000001FBE42ACE88
P 000001FBE88D01E8
C 375
R
P 000001FBE42ACE88
C 380
R
P 000001FBE42ACE88
P 000001FBE8F92F08
C 484
= 000001FBE88CFAF8
R
P 000001FBE42ACE88
C 380
R
P 000001FBE42ACE88
P 000001FBE88CFAF8
C 338
R
P 000001FBE42ACE88
C 380
R
P 000001FBE42ACE88
P 000001FBE88CFAF8
P 000001FBE62330E8
I 0
P 0000000000000000
C 340
* 000001FBE6232348 4
R
P 000001FBE42ACE88
C 380
R
P 000001FBE42ACE88
P 000001FBE6232348
C 293
R
P 000001FBE42ACE88
C 380
R
P 000001FBE42ACE88
P 000001FBE6232348
C 290
= 000001FBE42A94B8
R
P 000001FBE42ACE88
C 380
R
P 000001FBE42ACE88
P 000001FBE42A94B8
C 244
R
P 000001FBE42ACE88
C 380
R
P 000001FBE42ACE88
P 000001FBE6232348
C 296
R
P 000001FBE42ACE88
C 380
R
P 000001FBE42ACE88
P 000001FBE6232348
C 295
R
P 000001FBE42ACE88
C 380
R
P 000001FBE42ACE88
P 000001FBE6232348
C 294
R
P 000001FBE42ACE88
C 380
R
P 000001FBE42ACE88
P 000001FBE6232348
C 9
R
P 000001FBE42ACE88
C 380
R
P 000001FBE42ACE88
P 000001FBE6232348
I 0
C 306
R
P 000001FBE42ACE88
C 380
R
P 000001FBE42ACE88
P 000001FBE8F92F08
C 484
= 000001FBE88CFBE8
R
P 000001FBE42ACE88
C 380
R
P 000001FBE42ACE88
P 000001FBE88CFBE8
C 338
R
P 000001FBE42ACE88
C 380
R
P 000001FBE42ACE88
P 000001FBE88CFBE8
P 000001FBE62330C8
I 0
P 0000000000000000
C 340
* 000001FBE62325A8 4
R
P 000001FBE42ACE88
C 380
R
P 000001FBE42ACE88
P 000001FBE62325A8
C 293
R
P 000001FBE42ACE88
C 380
R
P 000001FBE42ACE88
P 000001FBE62325A8
C 290
= 000001FBE42A94B8
R
P 000001FBE42ACE88
C 380
R
P 000001FBE42ACE88
P 000001FBE42A94B8
C 244
R
P 000001FBE42ACE88
C 380
R
P 000001FBE42ACE88
P 000001FBE62325A8
C 296
R
P 000001FBE42ACE88
C 380
R
P 000001FBE42ACE88
P 000001FBE62325A8
C 295
R
P 000001FBE42ACE88
C 380
R
P 000001FBE42ACE88
P 000001FBE62325A8
C 294
R
P 000001FBE42ACE88
C 380
R
P 000001FBE42ACE88
P 000001FBE62325A8
C 9
R
P 000001FBE42ACE88
C 380
R
P 000001FBE42ACE88
P 000001FBE62325A8
I 0
C 306
R
P 000001FBE42ACE88
C 380
R
P 000001FBE42ACE88
P 000001FBE8F92F08
C 484
= 000001FBE88D04E8
R
P 000001FBE42ACE88
C 380
R
P 000001FBE42ACE88
P 000001FBE88D04E8
C 338
R
P 000001FBE42ACE88
C 380
R
P 000001FBE42ACE88
P 000001FBE88D04E8
P 000001FBE61903D8
I 0
P 0000000000000000
C 340
* 000001FBE62327C8 4
R
P 000001FBE42ACE88
C 380
R
P 000001FBE42ACE88
P 000001FBE62327C8
C 293
R
P 000001FBE42ACE88
C 380
R
P 000001FBE42ACE88
P 000001FBE62327C8
C 290
= 000001FBE42A94B8
R
P 000001FBE42ACE88
C 380
R
P 000001FBE42ACE88
P 000001FBE42A94B8
C 244
R
P 000001FBE42ACE88
C 380
R
P 000001FBE42ACE88
P 000001FBE62327C8
C 296
R
P 000001FBE42ACE88
C 380
R
P 000001FBE42ACE88
P 000001FBE62327C8
C 295
R
P 000001FBE42ACE88
C 380
R
P 000001FBE42ACE88
P 000001FBE62327C8
C 294
R
P 000001FBE42ACE88
C 380
R
P 000001FBE42ACE88
P 000001FBE62327C8
C 9
R
P 000001FBE42ACE88
C 380
R
P 000001FBE42ACE88
P 000001FBE62327C8
I 0
C 306
R
P 000001FBE42ACE88
C 380
R
P 000001FBE42ACE88
U 32
C 35
= 000001FBE42A94B8
R
P 000001FBE42ACE88
C 380
R
P 000001FBE42ACE88
P 000001FBE42A94B8
C 293
R
P 000001FBE42ACE88
C 380
R
P 000001FBE42ACE88
P 000001FBE42A94B8
C 9
R
P 000001FBE42ACE88
C 380
R
P 000001FBE42ACE88
I 14
P 000001FBE42A94B8
C 154
= 000001FBE6232268
R
P 000001FBE42ACE88
C 380
R
P 000001FBE42ACE88
P 000001FBE6232268
C 293
R
P 000001FBE42ACE88
C 380
R
P 000001FBE42ACE88
P 000001FBE6232268
C 290
= 000001FBE42A94B8
R
P 000001FBE42ACE88
C 380
R
P 000001FBE42ACE88
P 000001FBE42A94B8
C 244
R
P 000001FBE42ACE88
C 380
R
P 000001FBE42ACE88
P 000001FBE6232268
C 296
R
P 000001FBE42ACE88
C 380
R
P 000001FBE42ACE88
P 000001FBE6232268
C 295
R
P 000001FBE42ACE88
C 380
R
P 000001FBE42ACE88
P 000001FBE6232268
C 294
R
P 000001FBE42ACE88
C 380
R
P 000001FBE42ACE88
P 000001FBE6232268
C 9
R
P 000001FBE42ACE88
C 380
R
P 000001FBE42ACE88
P 000001FBE62330E8
P 000001FBE6232268
C 103
= 000001FBE5C2A450
R
P 000001FBE42ACE88
C 380
R
P 000001FBE42ACE88
P 000001FBE5C2A450
C 294
R
P 000001FBE42ACE88
C 380
R
P 000001FBE42ACE88
P 000001FBE5C2A450
C 9
R
P 000001FBE42ACE88
C 380
R
P 000001FBE42ACE88
P 000001FBE8F92F08
P 000001FBE5C2A450
C 466
R
P 000001FBE42ACE88
C 380
R
P 000001FBE42ACE88
U 32
C 35
= 000001FBE42A94B8
R
P 000001FBE42ACE88
C 380
R
P 000001FBE42ACE88
P 000001FBE42A94B8
C 293
R
P 000001FBE42ACE88
C 380
R
P 000001FBE42ACE88
P 000001FBE42A94B8
C 9
R
P 000001FBE42ACE88
C 380
R
P 000001FBE42ACE88
I 29
P 000001FBE42A94B8
C 154
= 000001FBE6232348
R
P 000001FBE42ACE88
C 380
R
P 000001FBE42ACE88
P 000001FBE6232348
C 293
R
P 000001FBE42ACE88
C 380
R
P 000001FBE42ACE88
P 000001FBE6232348
C 290
= 000001FBE42A94B8
R
P 000001FBE42ACE88
C 380
R
P 000001FBE42ACE88
P 000001FBE42A94B8
C 244
R
P 000001FBE42ACE88
C 380
R
P 000001FBE42ACE88
P 000001FBE6232348
C 296
R
P 000001FBE42ACE88
C 380
R
P 000001FBE42ACE88
P 000001FBE6232348
C 295
R
P 000001FBE42ACE88
C 380
R
P 000001FBE42ACE88
P 000001FBE6232348
C 294
R
P 000001FBE42ACE88
C 380
R
P 000001FBE42ACE88
P 000001FBE6232348
C 9
R
P 000001FBE42ACE88
C 380
R
P 000001FBE42ACE88
P 000001FBE62330E8
P 000001FBE6232348
C 103
= 000001FBE604B4A0
R
P 000001FBE42ACE88
C 380
R
P 000001FBE42ACE88
P 000001FBE604B4A0
C 294
R
P 000001FBE42ACE88
C 380
R
P 000001FBE42ACE88
P 000001FBE604B4A0
C 9
R
P 000001FBE42ACE88
C 380
R
P 000001FBE42ACE88
P 000001FBE8F92F08
P 000001FBE604B4A0
C 466
R
P 000001FBE42ACE88
C 380
R
P 000001FBE42ACE88
U 32
C 35
= 000001FBE42A94B8
R
P 000001FBE42ACE88
C 380
R
P 000001FBE42ACE88
P 000001FBE42A94B8
C 293
R
P 000001FBE42ACE88
C 380
R
P 000001FBE42ACE88
P 000001FBE42A94B8
C 9
R
P 000001FBE42ACE88
C 380
R
P 000001FBE42ACE88
I 1207959552
P 000001FBE42A94B8
C 154
= 000001FBE62325A8
R
P 000001FBE42ACE88
C 380
R
P 000001FBE42ACE88
P 000001FBE62325A8
C 293
R
P 000001FBE42ACE88
C 380
R
P 000001FBE42ACE88
P 000001FBE62325A8
C 290
= 000001FBE42A94B8
R
P 000001FBE42ACE88
C 380
R
P 000001FBE42ACE88
P 000001FBE42A94B8
C 244
R
P 000001FBE42ACE88
C 380
R
P 000001FBE42ACE88
P 000001FBE62325A8
C 296
R
P 000001FBE42ACE88
C 380
R
P 000001FBE42ACE88
P 000001FBE62325A8
C 295
R
P 000001FBE42ACE88
C 380
R
P 000001FBE42ACE88
P 000001FBE62325A8
C 294
R
P 000001FBE42ACE88
C 380
R
P 000001FBE42ACE88
P 000001FBE62325A8
C 9
R
P 000001FBE42ACE88
C 380
R
P 000001FBE42ACE88
P 000001FBE62330C8
P 000001FBE62325A8
C 103
= 000001FBE604B890
R
P 000001FBE42ACE88
C 380
R
P 000001FBE42ACE88
P 000001FBE604B890
C 294
R
P 000001FBE42ACE88
C 380
R
P 000001FBE42ACE88
P 000001FBE604B890
C 9
R
P 000001FBE42ACE88
C 380
R
P 000001FBE42ACE88
P 000001FBE8F92F08
P 000001FBE604B890
C 466
R
P 000001FBE42ACE88
C 380
R
P 000001FBE42ACE88
U 32
C 35
= 000001FBE42A94B8
R
P 000001FBE42ACE88
C 380
R
P 000001FBE42ACE88
P 000001FBE42A94B8
C 293
R
P 000001FBE42ACE88
C 380
R
P 000001FBE42ACE88
P 000001FBE42A94B8
C 9
R
P 000001FBE42ACE88
C 380
R
P 000001FBE42ACE88
I 1073741850
P 000001FBE42A94B8
C 154
= 000001FBE62327C8
R
P 000001FBE42ACE88
C 380
R
P 000001FBE42ACE88
P 000001FBE62327C8
C 293
R
P 000001FBE42ACE88
C 380
R
P 000001FBE42ACE88
P 000001FBE62327C8
C 290
= 000001FBE42A94B8
R
P 000001FBE42ACE88
C 380
R
P 000001FBE42ACE88
P 000001FBE42A94B8
C 244
R
P 000001FBE42ACE88
C 380
R
P 000001FBE42ACE88
P 000001FBE62327C8
C 296
R
P 000001FBE42ACE88
C 380
R
P 000001FBE42ACE88
P 000001FBE62327C8
C 295
R
P 000001FBE42ACE88
C 380
R
P 000001FBE42ACE88
P 000001FBE62327C8
C 294
R
P 000001FBE42ACE88
C 380
R
P 000001FBE42ACE88
P 000001FBE62327C8
C 9
R
P 000001FBE42ACE88
C 380
R
P 000001FBE42ACE88
P 000001FBE61903D8
P 000001FBE62327C8
C 103
= 000001FBE5EEA0E8
R
P 000001FBE42ACE88
C 380
R
P 000001FBE42ACE88
P 000001FBE5EEA0E8
C 294
R
P 000001FBE42ACE88
C 380
R
P 000001FBE42ACE88
P 000001FBE5EEA0E8
C 9
R
P 000001FBE42ACE88
C 380
R
P 000001FBE42ACE88
P 000001FBE8F92F08
P 000001FBE5EEA0E8
C 466
R
P 000001FBE42ACE88
C 380
R
P 000001FBE42ACE88
P 000001FBE8F92F08
C 479
R
P 000001FBE42ACE88
C 380
R
P 000001FBE42ACE88
P 000001FBE8F92F08
C 484
= 000001FBE88CFA38
R
P 000001FBE42ACE88
C 380
R
P 000001FBE42ACE88
P 000001FBE88CFA38
C 338
R
P 000001FBE42ACE88
C 380
R
P 000001FBE42ACE88
P 000001FBE88CFA38
C 375
R
P 000001FBE42ACE88
C 380
R
P 000001FBE42ACE88
P 000001FBE8F92F08
C 484
= 000001FBE88D00C8
R
P 000001FBE42ACE88
C 380
R
P 000001FBE42ACE88
P 000001FBE88D00C8
C 338
R
P 000001FBE42ACE88
C 380
R
P 000001FBE42ACE88
P 000001FBE88D00C8
P 000001FBE62330E8
I 0
P 0000000000000000
C 340
* 000001FBE6232288 4
R
P 000001FBE42ACE88
C 380
R
P 000001FBE42ACE88
P 000001FBE6232288
C 293
R
P 000001FBE42ACE88
C 380
R
P 000001FBE42ACE88
P 000001FBE6232288
C 290
= 000001FBE42A94B8
R
P 000001FBE42ACE88
C 380
R
P 000001FBE42ACE88
P 000001FBE42A94B8
C 244
R
P 000001FBE42ACE88
C 380
R
P 000001FBE42ACE88
P 000001FBE6232288
C 296
R
P 000001FBE42ACE88
C 380
R
P 000001FBE42ACE88
P 000001FBE6232288
C 295
R
P 000001FBE42ACE88
C 380
R
P 000001FBE42ACE88
P 000001FBE6232288
C 294
R
P 000001FBE42ACE88
C 380
R
P 000001FBE42ACE88
P 000001FBE6232288
C 9
R
P 000001FBE42ACE88
C 380
R
P 000001FBE42ACE88
P 000001FBE6232288
I 0
C 306
R
P 000001FBE42ACE88
C 380
R
P 000001FBE42ACE88
P 000001FBE8F92F08
C 484
= 000001FBE88D04B8
R
P 000001FBE42ACE88
C 380
R
P 000001FBE42ACE88
P 000001FBE88D04B8
C 338
R
P 000001FBE42ACE88
C 380
R
P 000001FBE42ACE88
P 000001FBE88D04B8
P 000001FBE62330C8
I 0
P 0000000000000000
C 340
* 000001FBE62325A8 4
R
P 000001FBE42ACE88
C 380
R
P 000001FBE42ACE88
P 000001FBE62325A8
C 293
R
P 000001FBE42ACE88
C 380
R
P 000001FBE42ACE88
P 000001FBE62325A8
C 290
= 000001FBE42A94B8
R
P 000001FBE42ACE88
C 380
R
P 000001FBE42ACE88
P 000001FBE42A94B8
C 244
R
P 000001FBE42ACE88
C 380
R
P 000001FBE42ACE88
P 000001FBE62325A8
C 296
R
P 000001FBE42ACE88
C 380
R
P 000001FBE42ACE88
P 000001FBE62325A8
C 295
R
P 000001FBE42ACE88
C 380
R
P 000001FBE42ACE88
P 000001FBE62325A8
C 294
R
P 000001FBE42ACE88
C 380
R
P 000001FBE42ACE88
P 000001FBE62325A8
C 9
R
P 000001FBE42ACE88
C 380
R
P 000001FBE42ACE88
P 000001FBE62325A8
I 0
C 306
R
P 000001FBE42ACE88
C 380
R
P 000001FBE42ACE88
P 000001FBE8F92F08
C 484
= 000001FBE88D0038
R
P 000001FBE42ACE88
C 380
R
P 000001FBE42ACE88
P 000001FBE88D0038
C 338
R
P 000001FBE42ACE88
C 380
R
P 000001FBE42ACE88
P 000001FBE88D0038
P 000001FBE61903D8
I 0
P 0000000000000000
C 340
* 000001FBE62322A8 4
R
P 000001FBE42ACE88
C 380
R
P 000001FBE42ACE88
P 000001FBE62322A8
C 293
R
P 000001FBE42ACE88
C 380
R
P 000001FBE42ACE88
P 000001FBE62322A8
C 290
= 000001FBE42A94B8
R
P 000001FBE42ACE88
C 380
R
P 000001FBE42ACE88
P 000001FBE42A94B8
C 244
R
P 000001FBE42ACE88
C 380
R
P 000001FBE42ACE88
P 000001FBE62322A8
C 296
R
P 000001FBE42ACE88
C 380
R
P 000001FBE42ACE88
P 000001FBE62322A8
C 295
R
P 000001FBE42ACE88
C 380
R
P 000001FBE42ACE88
P 000001FBE62322A8
C 294
R
P 000001FBE42ACE88
C 380
R
P 000001FBE42ACE88
P 000001FBE62322A8
C 9
R
P 000001FBE42ACE88
C 380
R
P 000001FBE42ACE88
P 000001FBE62322A8
I 0
C 306
R
P 000001FBE42ACE88
C 380
R
P 000001FBE42ACE88
U 32
C 35
= 000001FBE42A94B8
R
P 000001FBE42ACE88
C 380
R
P 000001FBE42ACE88
P 000001FBE42A94B8
C 293
R
P 000001FBE42ACE88
C 380
R
P 000001FBE42ACE88
P 000001FBE42A94B8
C 9
R
P 000001FBE42ACE88
C 380
R
P 000001FBE42ACE88
I 6
P 000001FBE42A94B8
C 154
= 000001FBE6232888
R
P 000001FBE42ACE88
C 380
R
P 000001FBE42ACE88
P 000001FBE6232888
C 293
R
P 000001FBE42ACE88
C 380
R
P 000001FBE42ACE88
P 000001FBE6232888
C 290
= 000001FBE42A94B8
R
P 000001FBE42ACE88
C 380
R
P 000001FBE42ACE88
P 000001FBE42A94B8
C 244
R
P 000001FBE42ACE88
C 380
R
P 000001FBE42ACE88
P 000001FBE6232888
C 296
R
P 000001FBE42ACE88
C 380
R
P 000001FBE42ACE88
P 000001FBE6232888
C 295
R
P 000001FBE42ACE88
C 380
R
P 000001FBE42ACE88
P 000001FBE6232888
C 294
R
P 000001FBE42ACE88
C 380
R
P 000001FBE42ACE88
P 000001FBE6232888
C 9
R
P 000001FBE42ACE88
C 380
R
P 000001FBE42ACE88
P 000001FBE62330E8
P 000001FBE6232888
C 103
= 000001FBE5C2A798
R
P 000001FBE42ACE88
C 380
R
P 000001FBE42ACE88
P 000001FBE5C2A798
C 294
R
P 000001FBE42ACE88
C 380
R
P 000001FBE42ACE88
P 000001FBE5C2A798
C 9
R
P 000001FBE42ACE88
C 380
R
P 000001FBE42ACE88
P 000001FBE8F92F08
P 000001FBE5C2A798
C 466
R
P 000001FBE42ACE88
C 380
R
P 000001FBE42ACE88
U 32
C 35
= 000001FBE42A94B8
R
P 000001FBE42ACE88
C 380
R
P 000001FBE42ACE88
P 000001FBE42A94B8
C 293
R
P 000001FBE42ACE88
C 380
R
P 000001FBE42ACE88
P 000001FBE42A94B8
C 9
R
P 000001FBE42ACE88
C 380
R
P 000001FBE42ACE88
I 13
P 000001FBE42A94B8
C 154
= 000001FBE6232288
R
P 000001FBE42ACE88
C 380
R
P 000001FBE42ACE88
P 000001FBE6232288
C 293
R
P 000001FBE42ACE88
C 380
R
P 000001FBE42ACE88
P 000001FBE6232288
C 290
= 000001FBE42A94B8
R
P 000001FBE42ACE88
C 380
R
P 000001FBE42ACE88
P 000001FBE42A94B8
C 244
R
P 000001FBE42ACE88
C 380
R
P 000001FBE42ACE88
P 000001FBE6232288
C 296
R
P 000001FBE42ACE88
C 380
R
P 000001FBE42ACE88
P 000001FBE6232288
C 295
R
P 000001FBE42ACE88
C 380
R
P 000001FBE42ACE88
P 000001FBE6232288
C 294
R
P 000001FBE42ACE88
C 380
R
P 000001FBE42ACE88
P 000001FBE6232288
C 9
R
P 000001FBE42ACE88
C 380
R
P 000001FBE42ACE88
P 000001FBE62330E8
P 000001FBE6232288
C 103
= 000001FBE5EE9EB8
R
P 000001FBE42ACE88
C 380
R
P 000001FBE42ACE88
P 000001FBE5EE9EB8
C 294
R
P 000001FBE42ACE88
C 380
R
P 000001FBE42ACE88
P 000001FBE5EE9EB8
C 9
R
P 000001FBE42ACE88
C 380
R
P 000001FBE42ACE88
P 000001FBE8F92F08
P 000001FBE5EE9EB8
C 466
R
P 000001FBE42ACE88
C 380
R
P 000001FBE42ACE88
U 32
C 35
= 000001FBE42A94B8
R
P 000001FBE42ACE88
C 380
R
P 000001FBE42ACE88
P 000001FBE42A94B8
C 293
R
P 000001FBE42ACE88
C 380
R
P 000001FBE42ACE88
P 000001FBE42A94B8
C 9
R
P 000001FBE42ACE88
C 380
R
P 000001FBE42ACE88
I 1207959552
P 000001FBE42A94B8
C 154
= 000001FBE62325A8
R
P 000001FBE42ACE88
C 380
R
P 000001FBE42ACE88
P 000001FBE62325A8
C 293
R
P 000001FBE42ACE88
C 380
R
P 000001FBE42ACE88
P 000001FBE62325A8
C 290
= 000001FBE42A94B8
R
P 000001FBE42ACE88
C 380
R
P 000001FBE42ACE88
P 000001FBE42A94B8
C 244
R
P 000001FBE42ACE88
C 380
R
P 000001FBE42ACE88
P 000001FBE62325A8
C 296
R
P 000001FBE42ACE88
C 380
R
P 000001FBE42ACE88
P 000001FBE62325A8
C 295
R
P 000001FBE42ACE88
C 380
R
P 000001FBE42ACE88
P 000001FBE62325A8
C 294
R
P 000001FBE42ACE88
C 380
R
P 000001FBE42ACE88
P 000001FBE62325A8
C 9
R
P 000001FBE42ACE88
C 380
R
P 000001FBE42ACE88
P 000001FBE62330C8
P 000001FBE62325A8
C 103
= 000001FBE604B890
R
P 000001FBE42ACE88
C 380
R
P 000001FBE42ACE88
P 000001FBE604B890
C 294
R
P 000001FBE42ACE88
C 380
R
P 000001FBE42ACE88
P 000001FBE604B890
C 9
R
P 000001FBE42ACE88
C 380
R
P 000001FBE42ACE88
P 000001FBE8F92F08
P 000001FBE604B890
C 466
R
P 000001FBE42ACE88
C 380
R
P 000001FBE42ACE88
U 32
C 35
= 000001FBE42A94B8
R
P 000001FBE42ACE88
C 380
R
P 000001FBE42ACE88
P 000001FBE42A94B8
C 293
R
P 000001FBE42ACE88
C 380
R
P 000001FBE42ACE88
P 000001FBE42A94B8
C 9
R
P 000001FBE42ACE88
C 380
R
P 000001FBE42ACE88
I 1073741826
P 000001FBE42A94B8
C 154
= 000001FBE62322A8
R
P 000001FBE42ACE88
C 380
R
P 000001FBE42ACE88
P 000001FBE62322A8
C 293
R
P 000001FBE42ACE88
C 380
R
P 000001FBE42ACE88
P 000001FBE62322A8
C 290
= 000001FBE42A94B8
R
P 000001FBE42ACE88
C 380
R
P 000001FBE42ACE88
P 000001FBE42A94B8
C 244
R
P 000001FBE42ACE88
C 380
R
P 000001FBE42ACE88
P 000001FBE62322A8
C 296
R
P 000001FBE42ACE88
C 380
R
P 000001FBE42ACE88
P 000001FBE62322A8
C 295
R
P 000001FBE42ACE88
C 380
R
P 000001FBE42ACE88
P 000001FBE62322A8
C 294
R
P 000001FBE42ACE88
C 380
R
P 000001FBE42ACE88
P 000001FBE62322A8
C 9
R
P 000001FBE42ACE88
C 380
R
P 000001FBE42ACE88
P 000001FBE61903D8
P 000001FBE62322A8
C 103
= 000001FBE6047D08
R
P 000001FBE42ACE88
C 380
R
P 000001FBE42ACE88
P 000001FBE6047D08
C 294
R
P 000001FBE42ACE88
C 380
R
P 000001FBE42ACE88
P 000001FBE6047D08
C 9
R
P 000001FBE42ACE88
C 380
R
P 000001FBE42ACE88
P 000001FBE8F92F08
P 000001FBE6047D08
C 466
R
P 000001FBE42ACE88
C 380
R
P 000001FBE42ACE88
P 000001FBE8F92F08
C 479
R
P 000001FBE42ACE88
C 380
R
P 000001FBE42ACE88
P 000001FBE8F92F08
C 484
= 000001FBE88D09C8
R
P 000001FBE42ACE88
C 380
R
P 000001FBE42ACE88
P 000001FBE88D09C8
C 338
R
P 000001FBE42ACE88
C 380
R
P 000001FBE42ACE88
P 000001FBE88D09C8
C 375
R
P 000001FBE42ACE88
C 380
R
P 000001FBE42ACE88
P 000001FBE8F92F08
C 484
= 000001FBE88D0668
R
P 000001FBE42ACE88
C 380
R
P 000001FBE42ACE88
P 000001FBE88D0668
C 338
R
P 000001FBE42ACE88
C 380
R
P 000001FBE42ACE88
P 000001FBE88D0668
P 000001FBE62330E8
I 0
P 0000000000000000
C 340
* 000001FBE6232688 4
R
P 000001FBE42ACE88
C 380
R
P 000001FBE42ACE88
P 000001FBE6232688
C 293
R
P 000001FBE42ACE88
C 380
R
P 000001FBE42ACE88
P 000001FBE6232688
C 290
= 000001FBE42A94B8
R
P 000001FBE42ACE88
C 380
R
P 000001FBE42ACE88
P 000001FBE42A94B8
C 244
R
P 000001FBE42ACE88
C 380
R
P 000001FBE42ACE88
P 000001FBE6232688
C 296
R
P 000001FBE42ACE88
C 380
R
P 000001FBE42ACE88
P 000001FBE6232688
C 295
R
P 000001FBE42ACE88
C 380
R
P 000001FBE42ACE88
P 000001FBE6232688
C 294
R
P 000001FBE42ACE88
C 380
R
P 000001FBE42ACE88
P 000001FBE6232688
C 9
R
P 000001FBE42ACE88
C 380
R
P 000001FBE42ACE88
P 000001FBE6232688
I 0
C 306
R
P 000001FBE42ACE88
C 380
R
P 000001FBE42ACE88
P 000001FBE8F92F08
C 484
= 000001FBE88D0CC8
R
P 000001FBE42ACE88
C 380
R
P 000001FBE42ACE88
P 000001FBE88D0CC8
C 338
R
P 000001FBE42ACE88
C 380
R
P 000001FBE42ACE88
P 000001FBE88D0CC8
P 000001FBE62330C8
I 0
P 0000000000000000
C 340
* 000001FBE62325A8 4
R
P 000001FBE42ACE88
C 380
R
P 000001FBE42ACE88
P 000001FBE62325A8
C 293
R
P 000001FBE42ACE88
C 380
R
P 000001FBE42ACE88
P 000001FBE62325A8
C 290
= 000001FBE42A94B8
R
P 000001FBE42ACE88
C 380
R
P 000001FBE42ACE88
P 000001FBE42A94B8
C 244
R
P 000001FBE42ACE88
C 380
R
P 000001FBE42ACE88
P 000001FBE62325A8
C 296
R
P 000001FBE42ACE88
C 380
R
P 000001FBE42ACE88
P 000001FBE62325A8
C 295
R
P 000001FBE42ACE88
C 380
R
P 000001FBE42ACE88
P 000001FBE62325A8
C 294
R
P 000001FBE42ACE88
C 380
R
P 000001FBE42ACE88
P 000001FBE62325A8
C 9
R
P 000001FBE42ACE88
C 380
R
P 000001FBE42ACE88
P 000001FBE62325A8
I 0
C 306
R
P 000001FBE42ACE88
C 380
R
P 000001FBE42ACE88
P 000001FBE8F92F08
C 484
= 000001FBE88D0BD8
R
P 000001FBE42ACE88
C 380
R
P 000001FBE42ACE88
P 000001FBE88D0BD8
C 338
R
P 000001FBE42ACE88
C 380
R
P 000001FBE42ACE88
P 000001FBE88D0BD8
P 000001FBE61903D8
I 0
P 0000000000000000
C 340
* 000001FBE62322A8 4
R
P 000001FBE42ACE88
C 380
R
P 000001FBE42ACE88
P 000001FBE62322A8
C 293
R
P 000001FBE42ACE88
C 380
R
P 000001FBE42ACE88
P 000001FBE62322A8
C 290
= 000001FBE42A94B8
R
P 000001FBE42ACE88
C 380
R
P 000001FBE42ACE88
P 000001FBE42A94B8
C 244
R
P 000001FBE42ACE88
C 380
R
P 000001FBE42ACE88
P 000001FBE62322A8
C 296
R
P 000001FBE42ACE88
C 380
R
P 000001FBE42ACE88
P 000001FBE62322A8
C 295
R
P 000001FBE42ACE88
C 380
R
P 000001FBE42ACE88
P 000001FBE62322A8
C 294
R
P 000001FBE42ACE88
C 380
R
P 000001FBE42ACE88
P 000001FBE62322A8
C 9
R
P 000001FBE42ACE88
C 380
R
P 000001FBE42ACE88
P 000001FBE62322A8
I 0
C 306
R
P 000001FBE42ACE88
C 380
R
P 000001FBE42ACE88
U 32
C 35
= 000001FBE42A94B8
R
P 000001FBE42ACE88
C 380
R
P 000001FBE42ACE88
P 000001FBE42A94B8
C 293
R
P 000001FBE42ACE88
C 380
R
P 000001FBE42ACE88
P 000001FBE42A94B8
C 9
R
P 000001FBE42ACE88
C 380
R
P 000001FBE42ACE88
I 2
P 000001FBE42A94B8
C 154
= 000001FBE42A9E38
R
P 000001FBE42ACE88
C 380
R
P 000001FBE42ACE88
P 000001FBE42A9E38
C 293
R
P 000001FBE42ACE88
C 380
R
P 000001FBE42ACE88
P 000001FBE42A9E38
C 290
= 000001FBE42A94B8
R
P 000001FBE42ACE88
C 380
R
P 000001FBE42ACE88
P 000001FBE42A94B8
C 244
R
P 000001FBE42ACE88
C 380
R
P 000001FBE42ACE88
P 000001FBE42A9E38
C 296
R
P 000001FBE42ACE88
C 380
R
P 000001FBE42ACE88
P 000001FBE42A9E38
C 295
R
P 000001FBE42ACE88
C 380
R
P 000001FBE42ACE88
P 000001FBE42A9E38
C 294
R
P 000001FBE42ACE88
C 380
R
P 000001FBE42ACE88
P 000001FBE42A9E38
C 9
R
P 000001FBE42ACE88
C 380
R
P 000001FBE42ACE88
P 000001FBE62330E8
P 000001FBE42A9E38
C 103
= 000001FBE5C25E48
R
P 000001FBE42ACE88
C 380
R
P 000001FBE42ACE88
P 000001FBE5C25E48
C 294
R
P 000001FBE42ACE88
C 380
R
P 000001FBE42ACE88
P 000001FBE5C25E48
C 9
R
P 000001FBE42ACE88
C 380
R
P 000001FBE42ACE88
P 000001FBE8F92F08
P 000001FBE5C25E48
C 466
R
P 000001FBE42ACE88
C 380
R
P 000001FBE42ACE88
U 32
C 35
= 000001FBE42A94B8
R
P 000001FBE42ACE88
C 380
R
P 000001FBE42ACE88
P 000001FBE42A94B8
C 293
R
P 000001FBE42ACE88
C 380
R
P 000001FBE42ACE88
P 000001FBE42A94B8
C 9
R
P 000001FBE42ACE88
C 380
R
P 000001FBE42ACE88
I 5
P 000001FBE42A94B8
C 154
= 000001FBE6232688
R
P 000001FBE42ACE88
C 380
R
P 000001FBE42ACE88
P 000001FBE6232688
C 293
R
P 000001FBE42ACE88
C 380
R
P 000001FBE42ACE88
P 000001FBE6232688
C 290
= 000001FBE42A94B8
R
P 000001FBE42ACE88
C 380
R
P 000001FBE42ACE88
P 000001FBE42A94B8
C 244
R
P 000001FBE42ACE88
C 380
R
P 000001FBE42ACE88
P 000001FBE6232688
C 296
R
P 000001FBE42ACE88
C 380
R
P 000001FBE42ACE88
P 000001FBE6232688
C 295
R
P 000001FBE42ACE88
C 380
R
P 000001FBE42ACE88
P 000001FBE6232688
C 294
R
P 000001FBE42ACE88
C 380
R
P 000001FBE42ACE88
P 000001FBE6232688
C 9
R
P 000001FBE42ACE88
C 380
R
P 000001FBE42ACE88
P 000001FBE62330E8
P 000001FBE6232688
C 103
= 000001FBE5EE9F28
R
P 000001FBE42ACE88
C 380
R
P 000001FBE42ACE88
P 000001FBE5EE9F28
C 294
R
P 000001FBE42ACE88
C 380
R
P 000001FBE42ACE88
P 000001FBE5EE9F28
C 9
R
P 000001FBE42ACE88
C 380
R
P 000001FBE42ACE88
P 000001FBE8F92F08
P 000001FBE5EE9F28
C 466
R
P 000001FBE42ACE88
C 380
R
P 000001FBE42ACE88
U 32
C 35
= 000001FBE42A94B8
R
P 000001FBE42ACE88
C 380
R
P 000001FBE42ACE88
P 000001FBE42A94B8
C 293
R
P 000001FBE42ACE88
C 380
R
P 000001FBE42ACE88
P 000001FBE42A94B8
C 9
R
P 000001FBE42ACE88
C 380
R
P 000001FBE42ACE88
I 1207959552
P 000001FBE42A94B8
C 154
= 000001FBE62325A8
R
P 000001FBE42ACE88
C 380
R
P 000001FBE42ACE88
P 000001FBE62325A8
C 293
R
P 000001FBE42ACE88
C 380
R
P 000001FBE42ACE88
P 000001FBE62325A8
C 290
= 000001FBE42A94B8
R
P 000001FBE42ACE88
C 380
R
P 000001FBE42ACE88
P 000001FBE42A94B8
C 244
R
P 000001FBE42ACE88
C 380
R
P 000001FBE42ACE88
P 000001FBE62325A8
C 296
R
P 000001FBE42ACE88
C 380
R
P 000001FBE42ACE88
P 000001FBE62325A8
C 295
R
P 000001FBE42ACE88
C 380
R
P 000001FBE42ACE88
P 000001FBE62325A8
C 294
R
P 000001FBE42ACE88
C 380
R
P 000001FBE42ACE88
P 000001FBE62325A8
C 9
R
P 000001FBE42ACE88
C 380
R
P 000001FBE42ACE88
P 000001FBE62330C8
P 000001FBE62325A8
C 103
= 000001FBE604B890
R
P 000001FBE42ACE88
C 380
R
P 000001FBE42ACE88
P 000001FBE604B890
C 294
R
P 000001FBE42ACE88
C 380
R
P 000001FBE42ACE88
P 000001FBE604B890
C 9
R
P 000001FBE42ACE88
C 380
R
P 000001FBE42ACE88
P 000001FBE8F92F08
P 000001FBE604B890
C 466
R
P 000001FBE42ACE88
C 380
R
P 000001FBE42ACE88
U 32
C 35
= 000001FBE42A94B8
R
P 000001FBE42ACE88
C 380
R
P 000001FBE42ACE88
P 000001FBE42A94B8
C 293
R
P 000001FBE42ACE88
C 380
R
P 000001FBE42ACE88
P 000001FBE42A94B8
C 9
R
P 000001FBE42ACE88
C 380
R
P 000001FBE42ACE88
I 1073741826
P 000001FBE42A94B8
C 154
= 000001FBE62322A8
R
P 000001FBE42ACE88
C 380
R
P 000001FBE42ACE88
P 000001FBE62322A8
C 293
R
P 000001FBE42ACE88
C 380
R
P 000001FBE42ACE88
P 000001FBE62322A8
C 290
= 000001FBE42A94B8
R
P 000001FBE42ACE88
C 380
R
P 000001FBE42ACE88
P 000001FBE42A94B8
C 244
R
P 000001FBE42ACE88
C 380
R
P 000001FBE42ACE88
P 000001FBE62322A8
C 296
R
P 000001FBE42ACE88
C 380
R
P 000001FBE42ACE88
P 000001FBE62322A8
C 295
R
P 000001FBE42ACE88
C 380
R
P 000001FBE42ACE88
P 000001FBE62322A8
C 294
R
P 000001FBE42ACE88
C 380
R
P 000001FBE42ACE88
P 000001FBE62322A8
C 9
R
P 000001FBE42ACE88
C 380
R
P 000001FBE42ACE88
P 000001FBE61903D8
P 000001FBE62322A8
C 103
= 000001FBE6047D08
R
P 000001FBE42ACE88
C 380
R
P 000001FBE42ACE88
P 000001FBE6047D08
C 294
R
P 000001FBE42ACE88
C 380
R
P 000001FBE42ACE88
P 000001FBE6047D08
C 9
R
P 000001FBE42ACE88
C 380
R
P 000001FBE42ACE88
P 000001FBE8F92F08
P 000001FBE6047D08
C 466
R
P 000001FBE42ACE88
C 380
R
P 000001FBE42ACE88
P 000001FBE8F92F08
C 479
R
P 000001FBE42ACE88
C 380
R
P 000001FBE42ACE88
P 000001FBE8F92F08
C 484
= 000001FBE88D1538
R
P 000001FBE42ACE88
C 380
R
P 000001FBE42ACE88
P 000001FBE88D1538
C 338
R
P 000001FBE42ACE88
C 380
R
P 000001FBE42ACE88
P 000001FBE88D1538
C 375
R
P 000001FBE42ACE88
C 380
R
P 000001FBE42ACE88
P 000001FBE8F92F08
C 484
= 000001FBE88D1B38
R
P 000001FBE42ACE88
C 380
R
P 000001FBE42ACE88
P 000001FBE88D1B38
C 338
R
P 000001FBE42ACE88
C 380
R
P 000001FBE42ACE88
P 000001FBE88D1B38
P 000001FBE62330E8
I 0
P 0000000000000000
C 340
* 000001FBE42A9E38 4
R
P 000001FBE42ACE88
C 380
R
P 000001FBE42ACE88
P 000001FBE42A9E38
C 293
R
P 000001FBE42ACE88
C 380
R
P 000001FBE42ACE88
P 000001FBE42A9E38
C 290
= 000001FBE42A94B8
R
P 000001FBE42ACE88
C 380
R
P 000001FBE42ACE88
P 000001FBE42A94B8
C 244
R
P 000001FBE42ACE88
C 380
R
P 000001FBE42ACE88
P 000001FBE42A9E38
C 296
R
P 000001FBE42ACE88
C 380
R
P 000001FBE42ACE88
P 000001FBE42A9E38
C 295
R
P 000001FBE42ACE88
C 380
R
P 000001FBE42ACE88
P 000001FBE42A9E38
C 294
R
P 000001FBE42ACE88
C 380
R
P 000001FBE42ACE88
P 000001FBE42A9E38
C 9
R
P 000001FBE42ACE88
C 380
R
P 000001FBE42ACE88
P 000001FBE42A9E38
I 0
C 306
R
P 000001FBE42ACE88
C 380
R
P 000001FBE42ACE88
P 000001FBE8F92F08
C 484
= 000001FBE88D18C8
R
P 000001FBE42ACE88
C 380
R
P 000001FBE42ACE88
P 000001FBE88D18C8
C 338
R
P 000001FBE42ACE88
C 380
R
P 000001FBE42ACE88
P 000001FBE88D18C8
P 000001FBE62330C8
I 0
P 0000000000000000
C 340
* 000001FBE62325A8 4
R
P 000001FBE42ACE88
C 380
R
P 000001FBE42ACE88
P 000001FBE62325A8
C 293
R
P 000001FBE42ACE88
C 380
R
P 000001FBE42ACE88
P 000001FBE62325A8
C 290
= 000001FBE42A94B8
R
P 000001FBE42ACE88
C 380
R
P 000001FBE42ACE88
P 000001FBE42A94B8
C 244
R
P 000001FBE42ACE88
C 380
R
P 000001FBE42ACE88
P 000001FBE62325A8
C 296
R
P 000001FBE42ACE88
C 380
R
P 000001FBE42ACE88
P 000001FBE62325A8
C 295
R
P 000001FBE42ACE88
C 380
R
P 000001FBE42ACE88
P 000001FBE62325A8
C 294
R
P 000001FBE42ACE88
C 380
R
P 000001FBE42ACE88
P 000001FBE62325A8
C 9
R
P 000001FBE42ACE88
C 380
R
P 000001FBE42ACE88
P 000001FBE62325A8
I 0
C 306
R
P 000001FBE42ACE88
C 380
R
P 000001FBE42ACE88
P 000001FBE8F92F08
C 484
= 000001FBE88D11A8
R
P 000001FBE42ACE88
C 380
R
P 000001FBE42ACE88
P 000001FBE88D11A8
C 338
R
P 000001FBE42ACE88
C 380
R
P 000001FBE42ACE88
P 000001FBE88D11A8
P 000001FBE61903D8
I 0
P 0000000000000000
C 340
* 000001FBE6232188 4
R
P 000001FBE42ACE88
C 380
R
P 000001FBE42ACE88
P 000001FBE6232188
C 293
R
P 000001FBE42ACE88
C 380
R
P 000001FBE42ACE88
P 000001FBE6232188
C 290
= 000001FBE42A94B8
R
P 000001FBE42ACE88
C 380
R
P 000001FBE42ACE88
P 000001FBE42A94B8
C 244
R
P 000001FBE42ACE88
C 380
R
P 000001FBE42ACE88
P 000001FBE6232188
C 296
R
P 000001FBE42ACE88
C 380
R
P 000001FBE42ACE88
P 000001FBE6232188
C 295
R
P 000001FBE42ACE88
C 380
R
P 000001FBE42ACE88
P 000001FBE6232188
C 294
R
P 000001FBE42ACE88
C 380
R
P 000001FBE42ACE88
P 000001FBE6232188
C 9
R
P 000001FBE42ACE88
C 380
R
P 000001FBE42ACE88
P 000001FBE6232188
I 0
C 306
R
P 000001FBE42ACE88
C 380
R
P 000001FBE42ACE88
U 32
C 35
= 000001FBE42A94B8
R
P 000001FBE42ACE88
C 380
R
P 000001FBE42ACE88
P 000001FBE42A94B8
C 293
R
P 000001FBE42ACE88
C 380
R
P 000001FBE42ACE88
P 000001FBE42A94B8
C 9
R
P 000001FBE42ACE88
C 380
R
P 000001FBE42ACE88
I 1
P 000001FBE42A94B8
C 154
= 000001FBE42A9DD8
R
P 000001FBE42ACE88
C 380
R
P 000001FBE42ACE88
P 000001FBE42A9DD8
C 293
R
P 000001FBE42ACE88
C 380
R
P 000001FBE42ACE88
P 000001FBE42A9DD8
C 290
= 000001FBE42A94B8
R
P 000001FBE42ACE88
C 380
R
P 000001FBE42ACE88
P 000001FBE42A94B8
C 244
R
P 000001FBE42ACE88
C 380
R
P 000001FBE42ACE88
P 000001FBE42A9DD8
C 296
R
P 000001FBE42ACE88
C 380
R
P 000001FBE42ACE88
P 000001FBE42A9DD8
C 295
R
P 000001FBE42ACE88
C 380
R
P 000001FBE42ACE88
P 000001FBE42A9DD8
C 294
R
P 000001FBE42ACE88
C 380
R
P 000001FBE42ACE88
P 000001FBE42A9DD8
C 9
R
P 000001FBE42ACE88
C 380
R
P 000001FBE42ACE88
P 000001FBE62330E8
P 000001FBE42A9DD8
C 103
= 000001FBE6019268
R
P 000001FBE42ACE88
C 380
R
P 000001FBE42ACE88
P 000001FBE6019268
C 294
R
P 000001FBE42ACE88
C 380
R
P 000001FBE42ACE88
P 000001FBE6019268
C 9
R
P 000001FBE42ACE88
C 380
R
P 000001FBE42ACE88
P 000001FBE8F92F08
P 000001FBE6019268
C 466
R
P 000001FBE42ACE88
C 380
R
P 000001FBE42ACE88
U 32
C 35
= 000001FBE42A94B8
R
P 000001FBE42ACE88
C 380
R
P 000001FBE42ACE88
P 000001FBE42A94B8
C 293
R
P 000001FBE42ACE88
C 380
R
P 000001FBE42ACE88
P 000001FBE42A94B8
C 9
R
P 000001FBE42ACE88
C 380
R
P 000001FBE42ACE88
I 2
P 000001FBE42A94B8
C 154
= 000001FBE42A9E38
R
P 000001FBE42ACE88
C 380
R
P 000001FBE42ACE88
P 000001FBE42A9E38
C 293
R
P 000001FBE42ACE88
C 380
R
P 000001FBE42ACE88
P 000001FBE42A9E38
C 290
= 000001FBE42A94B8
R
P 000001FBE42ACE88
C 380
R
P 000001FBE42ACE88
P 000001FBE42A94B8
C 244
R
P 000001FBE42ACE88
C 380
R
P 000001FBE42ACE88
P 000001FBE42A9E38
C 296
R
P 000001FBE42ACE88
C 380
R
P 000001FBE42ACE88
P 000001FBE42A9E38
C 295
R
P 000001FBE42ACE88
C 380
R
P 000001FBE42ACE88
P 000001FBE42A9E38
C 294
R
P 000001FBE42ACE88
C 380
R
P 000001FBE42ACE88
P 000001FBE42A9E38
C 9
R
P 000001FBE42ACE88
C 380
R
P 000001FBE42ACE88
P 000001FBE62330E8
P 000001FBE42A9E38
C 103
= 000001FBE5C25E48
R
P 000001FBE42ACE88
C 380
R
P 000001FBE42ACE88
P 000001FBE5C25E48
C 294
R
P 000001FBE42ACE88
C 380
R
P 000001FBE42ACE88
P 000001FBE5C25E48
C 9
R
P 000001FBE42ACE88
C 380
R
P 000001FBE42ACE88
P 000001FBE8F92F08
P 000001FBE5C25E48
C 466
R
P 000001FBE42ACE88
C 380
R
P 000001FBE42ACE88
U 32
C 35
= 000001FBE42A94B8
R
P 000001FBE42ACE88
C 380
R
P 000001FBE42ACE88
P 000001FBE42A94B8
C 293
R
P 000001FBE42ACE88
C 380
R
P 000001FBE42ACE88
P 000001FBE42A94B8
C 9
R
P 000001FBE42ACE88
C 380
R
P 000001FBE42ACE88
I 1207959552
P 000001FBE42A94B8
C 154
= 000001FBE62325A8
R
P 000001FBE42ACE88
C 380
R
P 000001FBE42ACE88
P 000001FBE62325A8
C 293
R
P 000001FBE42ACE88
C 380
R
P 000001FBE42ACE88
P 000001FBE62325A8
C 290
= 000001FBE42A94B8
R
P 000001FBE42ACE88
C 380
R
P 000001FBE42ACE88
P 000001FBE42A94B8
C 244
R
P 000001FBE42ACE88
C 380
R
P 000001FBE42ACE88
P 000001FBE62325A8
C 296
R
P 000001FBE42ACE88
C 380
R
P 000001FBE42ACE88
P 000001FBE62325A8
C 295
R
P 000001FBE42ACE88
C 380
R
P 000001FBE42ACE88
P 000001FBE62325A8
C 294
R
P 000001FBE42ACE88
C 380
R
P 000001FBE42ACE88
P 000001FBE62325A8
C 9
R
P 000001FBE42ACE88
C 380
R
P 000001FBE42ACE88
P 000001FBE62330C8
P 000001FBE62325A8
C 103
= 000001FBE604B890
R
P 000001FBE42ACE88
C 380
R
P 000001FBE42ACE88
P 000001FBE604B890
C 294
R
P 000001FBE42ACE88
C 380
R
P 000001FBE42ACE88
P 000001FBE604B890
C 9
R
P 000001FBE42ACE88
C 380
R
P 000001FBE42ACE88
P 000001FBE8F92F08
P 000001FBE604B890
C 466
R
P 000001FBE42ACE88
C 380
R
P 000001FBE42ACE88
U 32
C 35
= 000001FBE42A94B8
R
P 000001FBE42ACE88
C 380
R
P 000001FBE42ACE88
P 000001FBE42A94B8
C 293
R
P 000001FBE42ACE88
C 380
R
P 000001FBE42ACE88
P 000001FBE42A94B8
C 9
R
P 000001FBE42ACE88
C 380
R
P 000001FBE42ACE88
I 1073741825
P 000001FBE42A94B8
C 154
= 000001FBE6232188
R
P 000001FBE42ACE88
C 380
R
P 000001FBE42ACE88
P 000001FBE6232188
C 293
R
P 000001FBE42ACE88
C 380
R
P 000001FBE42ACE88
P 000001FBE6232188
C 290
= 000001FBE42A94B8
R
P 000001FBE42ACE88
C 380
R
P 000001FBE42ACE88
P 000001FBE42A94B8
C 244
R
P 000001FBE42ACE88
C 380
R
P 000001FBE42ACE88
P 000001FBE6232188
C 296
R
P 000001FBE42ACE88
C 380
R
P 000001FBE42ACE88
P 000001FBE6232188
C 295
R
P 000001FBE42ACE88
C 380
R
P 000001FBE42ACE88
P 000001FBE6232188
C 294
R
P 000001FBE42ACE88
C 380
R
P 000001FBE42ACE88
P 000001FBE6232188
C 9
R
P 000001FBE42ACE88
C 380
R
P 000001FBE42ACE88
P 000001FBE61903D8
P 000001FBE6232188
C 103
= 000001FBE604BB30
R
P 000001FBE42ACE88
C 380
R
P 000001FBE42ACE88
P 000001FBE604BB30
C 294
R
P 000001FBE42ACE88
C 380
R
P 000001FBE42ACE88
P 000001FBE604BB30
C 9
R
P 000001FBE42ACE88
C 380
R
P 000001FBE42ACE88
P 000001FBE8F92F08
P 000001FBE604BB30
C 466
R
P 000001FBE42ACE88
C 380
R
P 000001FBE42ACE88
P 000001FBE8F92F08
C 479
R
P 000001FBE42ACE88
C 380
R
P 000001FBE42ACE88
P 000001FBE8F92F08
C 484
= 000001FBE88D11D8
R
P 000001FBE42ACE88
C 380
R
P 000001FBE42ACE88
P 000001FBE88D11D8
C 338
R
P 000001FBE42ACE88
C 380
R
P 000001FBE42ACE88
P 000001FBE88D11D8
C 375
R
P 000001FBE42ACE88
C 380
R
P 000001FBE42ACE88
P 000001FBE8F92F08
C 484
= 000001FBE88D16B8
R
P 000001FBE42ACE88
C 380
R
P 000001FBE42ACE88
P 000001FBE88D16B8
C 338
R
P 000001FBE42ACE88
C 380
R
P 000001FBE42ACE88
P 000001FBE88D16B8
P 000001FBE62330E8
I 0
P 0000000000000000
C 340
* 000001FBE62330A8 4
R
P 000001FBE42ACE88
C 380
R
P 000001FBE42ACE88
P 000001FBE62330A8
C 293
R
P 000001FBE42ACE88
C 380
R
P 000001FBE42ACE88
P 000001FBE62330A8
C 290
= 000001FBE42A94B8
R
P 000001FBE42ACE88
C 380
R
P 000001FBE42ACE88
P 000001FBE42A94B8
C 244
R
P 000001FBE42ACE88
C 380
R
P 000001FBE42ACE88
P 000001FBE62330A8
C 296
R
P 000001FBE42ACE88
C 380
R
P 000001FBE42ACE88
P 000001FBE62330A8
C 295
R
P 000001FBE42ACE88
C 380
R
P 000001FBE42ACE88
P 000001FBE62330A8
C 294
R
P 000001FBE42ACE88
C 380
R
P 000001FBE42ACE88
P 000001FBE62330A8
C 9
R
P 000001FBE42ACE88
C 380
R
P 000001FBE42ACE88
P 000001FBE62330A8
I 0
C 306
R
P 000001FBE42ACE88
C 380
R
P 000001FBE42ACE88
P 000001FBE8F92F08
C 484
= 000001FBE88D12F8
R
P 000001FBE42ACE88
C 380
R
P 000001FBE42ACE88
P 000001FBE88D12F8
C 338
R
P 000001FBE42ACE88
C 380
R
P 000001FBE42ACE88
P 000001FBE88D12F8
P 000001FBE62330C8
I 0
P 0000000000000000
C 340
* 000001FBE62320E8 4
R
P 000001FBE42ACE88
C 380
R
P 000001FBE42ACE88
P 000001FBE62320E8
C 293
R
P 000001FBE42ACE88
C 380
R
P 000001FBE42ACE88
P 000001FBE62320E8
C 290
= 000001FBE42A94B8
R
P 000001FBE42ACE88
C 380
R
P 000001FBE42ACE88
P 000001FBE42A94B8
C 244
R
P 000001FBE42ACE88
C 380
R
P 000001FBE42ACE88
P 000001FBE62320E8
C 296
R
P 000001FBE42ACE88
C 380
R
P 000001FBE42ACE88
P 000001FBE62320E8
C 295
R
P 000001FBE42ACE88
C 380
R
P 000001FBE42ACE88
P 000001FBE62320E8
C 294
R
P 000001FBE42ACE88
C 380
R
P 000001FBE42ACE88
P 000001FBE62320E8
C 9
R
P 000001FBE42ACE88
C 380
R
P 000001FBE42ACE88
P 000001FBE62320E8
I 0
C 306
R
P 000001FBE42ACE88
C 380
R
P 000001FBE42ACE88
P 000001FBE8F92F08
C 484
= 000001FBE88D13B8
R
P 000001FBE42ACE88
C 380
R
P 000001FBE42ACE88
P 000001FBE88D13B8
C 338
R
P 000001FBE42ACE88
C 380
R
P 000001FBE42ACE88
P 000001FBE88D13B8
P 000001FBE61903D8
I 0
P 0000000000000000
C 340
* 000001FBE6232188 4
R
P 000001FBE42ACE88
C 380
R
P 000001FBE42ACE88
P 000001FBE6232188
C 293
R
P 000001FBE42ACE88
C 380
R
P 000001FBE42ACE88
P 000001FBE6232188
C 290
= 000001FBE42A94B8
R
P 000001FBE42ACE88
C 380
R
P 000001FBE42ACE88
P 000001FBE42A94B8
C 244
R
P 000001FBE42ACE88
C 380
R
P 000001FBE42ACE88
P 000001FBE6232188
C 296
R
P 000001FBE42ACE88
C 380
R
P 000001FBE42ACE88
P 000001FBE6232188
C 295
R
P 000001FBE42ACE88
C 380
R
P 000001FBE42ACE88
P 000001FBE6232188
C 294
R
P 000001FBE42ACE88
C 380
R
P 000001FBE42ACE88
P 000001FBE6232188
C 9
R
P 000001FBE42ACE88
C 380
R
P 000001FBE42ACE88
P 000001FBE6232188
I 0
C 306
R
P 000001FBE42ACE88
C 380
R
P 000001FBE42ACE88
U 32
C 35
= 000001FBE42A94B8
R
P 000001FBE42ACE88
C 380
R
P 000001FBE42ACE88
P 000001FBE42A94B8
C 293
R
P 000001FBE42ACE88
C 380
R
P 000001FBE42ACE88
P 000001FBE42A94B8
C 9
R
P 000001FBE42ACE88
C 380
R
P 000001FBE42ACE88
I 536870912
P 000001FBE42A94B8
C 154
= 000001FBE62322C8
R
P 000001FBE42ACE88
C 380
R
P 000001FBE42ACE88
P 000001FBE62322C8
C 293
R
P 000001FBE42ACE88
C 380
R
P 000001FBE42ACE88
P 000001FBE62322C8
C 290
= 000001FBE42A94B8
R
P 000001FBE42ACE88
C 380
R
P 000001FBE42ACE88
P 000001FBE42A94B8
C 244
R
P 000001FBE42ACE88
C 380
R
P 000001FBE42ACE88
P 000001FBE62322C8
C 296
R
P 000001FBE42ACE88
C 380
R
P 000001FBE42ACE88
P 000001FBE62322C8
C 295
R
P 000001FBE42ACE88
C 380
R
P 000001FBE42ACE88
P 000001FBE62322C8
C 294
R
P 000001FBE42ACE88
C 380
R
P 000001FBE42ACE88
P 000001FBE62322C8
C 9
R
P 000001FBE42ACE88
C 380
R
P 000001FBE42ACE88
P 000001FBE62330C8
P 000001FBE62322C8
C 103
= 000001FBE6047E58
R
P 000001FBE42ACE88
C 380
R
P 000001FBE42ACE88
P 000001FBE6047E58
C 294
R
P 000001FBE42ACE88
C 380
R
P 000001FBE42ACE88
P 000001FBE6047E58
C 9
R
P 000001FBE42ACE88
C 380
R
P 000001FBE42ACE88
P 000001FBE8F92F08
P 000001FBE6047E58
C 466
R
P 000001FBE42ACE88
C 380
R
P 000001FBE42ACE88
U 32
C 35
= 000001FBE42A94B8
R
P 000001FBE42ACE88
C 380
R
P 000001FBE42ACE88
P 000001FBE42A94B8
C 293
R
P 000001FBE42ACE88
C 380
R
P 000001FBE42ACE88
P 000001FBE42A94B8
C 9
R
P 000001FBE42ACE88
C 380
R
P 000001FBE42ACE88
I 0
P 000001FBE42A94B8
C 154
= 000001FBE62330A8
R
P 000001FBE42ACE88
C 380
R
P 000001FBE42ACE88
P 000001FBE62330A8
C 293
R
P 000001FBE42ACE88
C 380
R
P 000001FBE42ACE88
P 000001FBE62330A8
C 290
= 000001FBE42A94B8
R
P 000001FBE42ACE88
C 380
R
P 000001FBE42ACE88
P 000001FBE42A94B8
C 244
R
P 000001FBE42ACE88
C 380
R
P 000001FBE42ACE88
P 000001FBE62330A8
C 296
R
P 000001FBE42ACE88
C 380
R
P 000001FBE42ACE88
P 000001FBE62330A8
C 295
R
P 000001FBE42ACE88
C 380
R
P 000001FBE42ACE88
P 000001FBE62330A8
C 294
R
P 000001FBE42ACE88
C 380
R
P 000001FBE42ACE88
P 000001FBE62330A8
C 9
R
P 000001FBE42ACE88
C 380
R
P 000001FBE42ACE88
P 000001FBE62330E8
P 000001FBE62330A8
C 103
= 000001FBE86AC7B8
R
P 000001FBE42ACE88
C 380
R
P 000001FBE42ACE88
P 000001FBE86AC7B8
C 294
R
P 000001FBE42ACE88
C 380
R
P 000001FBE42ACE88
P 000001FBE86AC7B8
C 9
R
P 000001FBE42ACE88
C 380
R
P 000001FBE42ACE88
P 000001FBE8F92F08
P 000001FBE86AC7B8
C 466
R
P 000001FBE42ACE88
C 380
R
P 000001FBE42ACE88
U 32
C 35
= 000001FBE42A94B8
R
P 000001FBE42ACE88
C 380
R
P 000001FBE42ACE88
P 000001FBE42A94B8
C 293
R
P 000001FBE42ACE88
C 380
R
P 000001FBE42ACE88
P 000001FBE42A94B8
C 9
R
P 000001FBE42ACE88
C 380
R
P 000001FBE42ACE88
I 1073741824
P 000001FBE42A94B8
C 154
= 000001FBE62320E8
R
P 000001FBE42ACE88
C 380
R
P 000001FBE42ACE88
P 000001FBE62320E8
C 293
R
P 000001FBE42ACE88
C 380
R
P 000001FBE42ACE88
P 000001FBE62320E8
C 290
= 000001FBE42A94B8
R
P 000001FBE42ACE88
C 380
R
P 000001FBE42ACE88
P 000001FBE42A94B8
C 244
R
P 000001FBE42ACE88
C 380
R
P 000001FBE42ACE88
P 000001FBE62320E8
C 296
R
P 000001FBE42ACE88
C 380
R
P 000001FBE42ACE88
P 000001FBE62320E8
C 295
R
P 000001FBE42ACE88
C 380
R
P 000001FBE42ACE88
P 000001FBE62320E8
C 294
R
P 000001FBE42ACE88
C 380
R
P 000001FBE42ACE88
P 000001FBE62320E8
C 9
R
P 000001FBE42ACE88
C 380
R
P 000001FBE42ACE88
P 000001FBE62330C8
P 000001FBE62320E8
C 103
= 000001FBE6048A28
R
P 000001FBE42ACE88
C 380
R
P 000001FBE42ACE88
P 000001FBE6048A28
C 294
R
P 000001FBE42ACE88
C 380
R
P 000001FBE42ACE88
P 000001FBE6048A28
C 9
R
P 000001FBE42ACE88
C 380
R
P 000001FBE42ACE88
P 000001FBE8F92F08
P 000001FBE6048A28
C 466
R
P 000001FBE42ACE88
C 380
R
P 000001FBE42ACE88
U 32
C 35
= 000001FBE42A94B8
R
P 000001FBE42ACE88
C 380
R
P 000001FBE42ACE88
P 000001FBE42A94B8
C 293
R
P 000001FBE42ACE88
C 380
R
P 000001FBE42ACE88
P 000001FBE42A94B8
C 9
R
P 000001FBE42ACE88
C 380
R
P 000001FBE42ACE88
I 1073741825
P 000001FBE42A94B8
C 154
= 000001FBE6232188
R
P 000001FBE42ACE88
C 380
R
P 000001FBE42ACE88
P 000001FBE6232188
C 293
R
P 000001FBE42ACE88
C 380
R
P 000001FBE42ACE88
P 000001FBE6232188
C 290
= 000001FBE42A94B8
R
P 000001FBE42ACE88
C 380
R
P 000001FBE42ACE88
P 000001FBE42A94B8
C 244
R
P 000001FBE42ACE88
C 380
R
P 000001FBE42ACE88
P 000001FBE6232188
C 296
R
P 000001FBE42ACE88
C 380
R
P 000001FBE42ACE88
P 000001FBE6232188
C 295
R
P 000001FBE42ACE88
C 380
R
P 000001FBE42ACE88
P 000001FBE6232188
C 294
R
P 000001FBE42ACE88
C 380
R
P 000001FBE42ACE88
P 000001FBE6232188
C 9
R
P 000001FBE42ACE88
C 380
R
P 000001FBE42ACE88
P 000001FBE61903D8
P 000001FBE6232188
C 103
= 000001FBE604BB30
R
P 000001FBE42ACE88
C 380
R
P 000001FBE42ACE88
P 000001FBE604BB30
C 294
R
P 000001FBE42ACE88
C 380
R
P 000001FBE42ACE88
P 000001FBE604BB30
C 9
R
P 000001FBE42ACE88
C 380
R
P 000001FBE42ACE88
P 000001FBE8F92F08
P 000001FBE604BB30
C 466
R
P 000001FBE42ACE88
C 380
R
P 000001FBE42ACE88
P 000001FBE8F92F08
C 479
R
P 000001FBE42ACE88
C 380
R
P 000001FBE42ACE88
P 000001FBE8F92F08
C 484
= 000001FBE88D1688
R
P 000001FBE42ACE88
C 380
R
P 000001FBE42ACE88
P 000001FBE88D1688
C 338
R
P 000001FBE42ACE88
C 380
R
P 000001FBE42ACE88
P 000001FBE88D1688
C 375
R
P 000001FBE42ACE88
C 380
R
P 000001FBE42ACE88
P 000001FBE8F92F08
C 484
= 000001FBE88D1A78
R
P 000001FBE42ACE88
C 380
R
P 000001FBE42ACE88
P 000001FBE88D1A78
C 338
R
P 000001FBE42ACE88
C 380
R
P 000001FBE42ACE88
P 000001FBE88D1A78
P 000001FBE62330E8
I 0
P 0000000000000000
C 340
* 000001FBE62330A8 4
R
P 000001FBE42ACE88
C 380
R
P 000001FBE42ACE88
P 000001FBE62330A8
C 293
R
P 000001FBE42ACE88
C 380
R
P 000001FBE42ACE88
P 000001FBE62330A8
C 290
= 000001FBE42A94B8
R
P 000001FBE42ACE88
C 380
R
P 000001FBE42ACE88
P 000001FBE42A94B8
C 244
R
P 000001FBE42ACE88
C 380
R
P 000001FBE42ACE88
P 000001FBE62330A8
C 296
R
P 000001FBE42ACE88
C 380
R
P 000001FBE42ACE88
P 000001FBE62330A8
C 295
R
P 000001FBE42ACE88
C 380
R
P 000001FBE42ACE88
P 000001FBE62330A8
C 294
R
P 000001FBE42ACE88
C 380
R
P 000001FBE42ACE88
P 000001FBE62330A8
C 9
R
P 000001FBE42ACE88
C 380
R
P 000001FBE42ACE88
P 000001FBE62330A8
I 0
C 306
R
P 000001FBE42ACE88
C 380
R
P 000001FBE42ACE88
P 000001FBE8F92F08
C 484
= 000001FBE88D1448
R
P 000001FBE42ACE88
C 380
R
P 000001FBE42ACE88
P 000001FBE88D1448
C 338
R
P 000001FBE42ACE88
C 380
R
P 000001FBE42ACE88
P 000001FBE88D1448
P 000001FBE62330C8
I 0
P 0000000000000000
C 340
* 000001FBE62330A8 4
R
P 000001FBE42ACE88
C 380
R
P 000001FBE42ACE88
P 000001FBE62330A8
C 293
R
P 000001FBE42ACE88
C 380
R
P 000001FBE42ACE88
P 000001FBE62330A8
C 290
= 000001FBE42A94B8
R
P 000001FBE42ACE88
C 380
R
P 000001FBE42ACE88
P 000001FBE42A94B8
C 244
R
P 000001FBE42ACE88
C 380
R
P 000001FBE42ACE88
P 000001FBE62330A8
C 296
R
P 000001FBE42ACE88
C 380
R
P 000001FBE42ACE88
P 000001FBE62330A8
C 295
R
P 000001FBE42ACE88
C 380
R
P 000001FBE42ACE88
P 000001FBE62330A8
C 294
R
P 000001FBE42ACE88
C 380
R
P 000001FBE42ACE88
P 000001FBE62330A8
C 9
R
P 000001FBE42ACE88
C 380
R
P 000001FBE42ACE88
P 000001FBE62330A8
I 0
C 306
R
P 000001FBE42ACE88
C 380
R
P 000001FBE42ACE88
P 000001FBE8F92F08
C 484
= 000001FBE88D1898
R
P 000001FBE42ACE88
C 380
R
P 000001FBE42ACE88
P 000001FBE88D1898
C 338
R
P 000001FBE42ACE88
C 380
R
P 000001FBE42ACE88
P 000001FBE88D1898
P 000001FBE61903D8
I 0
P 0000000000000000
C 340
* 000001FBE6232188 4
R
P 000001FBE42ACE88
C 380
R
P 000001FBE42ACE88
P 000001FBE6232188
C 293
R
P 000001FBE42ACE88
C 380
R
P 000001FBE42ACE88
P 000001FBE6232188
C 290
= 000001FBE42A94B8
R
P 000001FBE42ACE88
C 380
R
P 000001FBE42ACE88
P 000001FBE42A94B8
C 244
R
P 000001FBE42ACE88
C 380
R
P 000001FBE42ACE88
P 000001FBE6232188
C 296
R
P 000001FBE42ACE88
C 380
R
P 000001FBE42ACE88
P 000001FBE6232188
C 295
R
P 000001FBE42ACE88
C 380
R
P 000001FBE42ACE88
P 000001FBE6232188
C 294
R
P 000001FBE42ACE88
C 380
R
P 000001FBE42ACE88
P 000001FBE6232188
C 9
R
P 000001FBE42ACE88
C 380
R
P 000001FBE42ACE88
P 000001FBE6232188
I 0
C 306
R
P 000001FBE42ACE88
C 380
R
P 000001FBE42ACE88
U 32
C 35
= 000001FBE42A94B8
R
P 000001FBE42ACE88
C 380
R
P 000001FBE42ACE88
P 000001FBE42A94B8
C 293
R
P 000001FBE42ACE88
C 380
R
P 000001FBE42ACE88
P 000001FBE42A94B8
C 9
R
P 000001FBE42ACE88
C 380
R
P 000001FBE42ACE88
I 536870912
P 000001FBE42A94B8
C 154
= 000001FBE62322C8
R
P 000001FBE42ACE88
C 380
R
P 000001FBE42ACE88
P 000001FBE62322C8
C 293
R
P 000001FBE42ACE88
C 380
R
P 000001FBE42ACE88
P 000001FBE62322C8
C 290
= 000001FBE42A94B8
R
P 000001FBE42ACE88
C 380
R
P 000001FBE42ACE88
P 000001FBE42A94B8
C 244
R
P 000001FBE42ACE88
C 380
R
P 000001FBE42ACE88
P 000001FBE62322C8
C 296
R
P 000001FBE42ACE88
C 380
R
P 000001FBE42ACE88
P 000001FBE62322C8
C 295
R
P 000001FBE42ACE88
C 380
R
P 000001FBE42ACE88
P 000001FBE62322C8
C 294
R
P 000001FBE42ACE88
C 380
R
P 000001FBE42ACE88
P 000001FBE62322C8
C 9
R
P 000001FBE42ACE88
C 380
R
P 000001FBE42ACE88
P 000001FBE61903D8
P 000001FBE62322C8
C 103
= 000001FBE6018F20
R
P 000001FBE42ACE88
C 380
R
P 000001FBE42ACE88
P 000001FBE6018F20
C 294
R
P 000001FBE42ACE88
C 380
R
P 000001FBE42ACE88
P 000001FBE6018F20
C 9
R
P 000001FBE42ACE88
C 380
R
P 000001FBE42ACE88
P 000001FBE8F92F08
P 000001FBE6018F20
C 466
R
P 000001FBE42ACE88
C 380
R
P 000001FBE42ACE88
U 32
C 35
= 000001FBE42A94B8
R
P 000001FBE42ACE88
C 380
R
P 000001FBE42ACE88
P 000001FBE42A94B8
C 293
R
P 000001FBE42ACE88
C 380
R
P 000001FBE42ACE88
P 000001FBE42A94B8
C 9
R
P 000001FBE42ACE88
C 380
R
P 000001FBE42ACE88
I 0
P 000001FBE42A94B8
C 154
= 000001FBE62330A8
R
P 000001FBE42ACE88
C 380
R
P 000001FBE42ACE88
P 000001FBE62330A8
C 293
R
P 000001FBE42ACE88
C 380
R
P 000001FBE42ACE88
P 000001FBE62330A8
C 290
= 000001FBE42A94B8
R
P 000001FBE42ACE88
C 380
R
P 000001FBE42ACE88
P 000001FBE42A94B8
C 244
R
P 000001FBE42ACE88
C 380
R
P 000001FBE42ACE88
P 000001FBE62330A8
C 296
R
P 000001FBE42ACE88
C 380
R
P 000001FBE42ACE88
P 000001FBE62330A8
C 295
R
P 000001FBE42ACE88
C 380
R
P 000001FBE42ACE88
P 000001FBE62330A8
C 294
R
P 000001FBE42ACE88
C 380
R
P 000001FBE42ACE88
P 000001FBE62330A8
C 9
R
P 000001FBE42ACE88
C 380
R
P 000001FBE42ACE88
P 000001FBE62330E8
P 000001FBE62330A8
C 103
= 000001FBE86AC7B8
R
P 000001FBE42ACE88
C 380
R
P 000001FBE42ACE88
P 000001FBE86AC7B8
C 294
R
P 000001FBE42ACE88
C 380
R
P 000001FBE42ACE88
P 000001FBE86AC7B8
C 9
R
P 000001FBE42ACE88
C 380
R
P 000001FBE42ACE88
P 000001FBE8F92F08
P 000001FBE86AC7B8
C 466
R
P 000001FBE42ACE88
C 380
R
P 000001FBE42ACE88
U 32
C 35
= 000001FBE42A94B8
R
P 000001FBE42ACE88
C 380
R
P 000001FBE42ACE88
P 000001FBE42A94B8
C 293
R
P 000001FBE42ACE88
C 380
R
P 000001FBE42ACE88
P 000001FBE42A94B8
C 9
R
P 000001FBE42ACE88
C 380
R
P 000001FBE42ACE88
I 0
P 000001FBE42A94B8
C 154
= 000001FBE62330A8
R
P 000001FBE42ACE88
C 380
R
P 000001FBE42ACE88
P 000001FBE62330A8
C 293
R
P 000001FBE42ACE88
C 380
R
P 000001FBE42ACE88
P 000001FBE62330A8
C 290
= 000001FBE42A94B8
R
P 000001FBE42ACE88
C 380
R
P 000001FBE42ACE88
P 000001FBE42A94B8
C 244
R
P 000001FBE42ACE88
C 380
R
P 000001FBE42ACE88
P 000001FBE62330A8
C 296
R
P 000001FBE42ACE88
C 380
R
P 000001FBE42ACE88
P 000001FBE62330A8
C 295
R
P 000001FBE42ACE88
C 380
R
P 000001FBE42ACE88
P 000001FBE62330A8
C 294
R
P 000001FBE42ACE88
C 380
R
P 000001FBE42ACE88
P 000001FBE62330A8
C 9
R
P 000001FBE42ACE88
C 380
R
P 000001FBE42ACE88
P 000001FBE62330C8
P 000001FBE62330A8
C 103
= 000001FBE6019188
R
P 000001FBE42ACE88
C 380
R
P 000001FBE42ACE88
P 000001FBE6019188
C 294
R
P 000001FBE42ACE88
C 380
R
P 000001FBE42ACE88
P 000001FBE6019188
C 9
R
P 000001FBE42ACE88
C 380
R
P 000001FBE42ACE88
P 000001FBE8F92F08
P 000001FBE6019188
C 466
R
P 000001FBE42ACE88
C 380
R
P 000001FBE42ACE88
U 32
C 35
= 000001FBE42A94B8
R
P 000001FBE42ACE88
C 380
R
P 000001FBE42ACE88
P 000001FBE42A94B8
C 293
R
P 000001FBE42ACE88
C 380
R
P 000001FBE42ACE88
P 000001FBE42A94B8
C 9
R
P 000001FBE42ACE88
C 380
R
P 000001FBE42ACE88
I 1073741825
P 000001FBE42A94B8
C 154
= 000001FBE6232188
R
P 000001FBE42ACE88
C 380
R
P 000001FBE42ACE88
P 000001FBE6232188
C 293
R
P 000001FBE42ACE88
C 380
R
P 000001FBE42ACE88
P 000001FBE6232188
C 290
= 000001FBE42A94B8
R
P 000001FBE42ACE88
C 380
R
P 000001FBE42ACE88
P 000001FBE42A94B8
C 244
R
P 000001FBE42ACE88
C 380
R
P 000001FBE42ACE88
P 000001FBE6232188
C 296
R
P 000001FBE42ACE88
C 380
R
P 000001FBE42ACE88
P 000001FBE6232188
C 295
R
P 000001FBE42ACE88
C 380
R
P 000001FBE42ACE88
P 000001FBE6232188
C 294
R
P 000001FBE42ACE88
C 380
R
P 000001FBE42ACE88
P 000001FBE6232188
C 9
R
P 000001FBE42ACE88
C 380
R
P 000001FBE42ACE88
P 000001FBE61903D8
P 000001FBE6232188
C 103
= 000001FBE604BB30
R
P 000001FBE42ACE88
C 380
R
P 000001FBE42ACE88
P 000001FBE604BB30
C 294
R
P 000001FBE42ACE88
C 380
R
P 000001FBE42ACE88
P 000001FBE604BB30
C 9
R
P 000001FBE42ACE88
C 380
R
P 000001FBE42ACE88
P 000001FBE8F92F08
P 000001FBE604BB30
C 466
R
P 000001FBE42ACE88
C 380
R
P 000001FBE42ACE88
P 000001FBE8F92F08
C 479
R
P 000001FBE42ACE88
C 380
R
P 000001FBE42ACE88
P 000001FBE8F92F08
C 484
= 000001FBE88D1958
R
P 000001FBE42ACE88
C 380
R
P 000001FBE42ACE88
P 000001FBE88D1958
C 338
R
P 000001FBE42ACE88
C 380
R
P 000001FBE42ACE88
P 000001FBE88D1958
C 375
R
P 000001FBE42ACE88
C 380
R
P 000001FBE42ACE88
P 000001FBE8F92F08
C 484
= 000001FBE88D1568
R
P 000001FBE42ACE88
C 380
R
P 000001FBE42ACE88
P 000001FBE88D1568
C 338
R
P 000001FBE42ACE88
C 380
R
P 000001FBE42ACE88
P 000001FBE88D1568
P 000001FBE62330E8
I 0
P 0000000000000000
C 340
* 000001FBE62330A8 4
R
P 000001FBE42ACE88
C 380
R
P 000001FBE42ACE88
P 000001FBE62330A8
C 293
R
P 000001FBE42ACE88
C 380
R
P 000001FBE42ACE88
P 000001FBE62330A8
C 290
= 000001FBE42A94B8
R
P 000001FBE42ACE88
C 380
R
P 000001FBE42ACE88
P 000001FBE42A94B8
C 244
R
P 000001FBE42ACE88
C 380
R
P 000001FBE42ACE88
P 000001FBE62330A8
C 296
R
P 000001FBE42ACE88
C 380
R
P 000001FBE42ACE88
P 000001FBE62330A8
C 295
R
P 000001FBE42ACE88
C 380
R
P 000001FBE42ACE88
P 000001FBE62330A8
C 294
R
P 000001FBE42ACE88
C 380
R
P 000001FBE42ACE88
P 000001FBE62330A8
C 9
R
P 000001FBE42ACE88
C 380
R
P 000001FBE42ACE88
P 000001FBE62330A8
I 0
C 306
R
P 000001FBE42ACE88
C 380
R
P 000001FBE42ACE88
P 000001FBE8F92F08
C 484
= 000001FBE88D15F8
R
P 000001FBE42ACE88
C 380
R
P 000001FBE42ACE88
P 000001FBE88D15F8
C 338
R
P 000001FBE42ACE88
C 380
R
P 000001FBE42ACE88
P 000001FBE88D15F8
P 000001FBE62330C8
I 0
P 0000000000000000
C 340
* 000001FBE62330A8 4
R
P 000001FBE42ACE88
C 380
R
P 000001FBE42ACE88
P 000001FBE62330A8
C 293
R
P 000001FBE42ACE88
C 380
R
P 000001FBE42ACE88
P 000001FBE62330A8
C 290
= 000001FBE42A94B8
R
P 000001FBE42ACE88
C 380
R
P 000001FBE42ACE88
P 000001FBE42A94B8
C 244
R
P 000001FBE42ACE88
C 380
R
P 000001FBE42ACE88
P 000001FBE62330A8
C 296
R
P 000001FBE42ACE88
C 380
R
P 000001FBE42ACE88
P 000001FBE62330A8
C 295
R
P 000001FBE42ACE88
C 380
R
P 000001FBE42ACE88
P 000001FBE62330A8
C 294
R
P 000001FBE42ACE88
C 380
R
P 000001FBE42ACE88
P 000001FBE62330A8
C 9
R
P 000001FBE42ACE88
C 380
R
P 000001FBE42ACE88
P 000001FBE62330A8
I 0
C 306
R
P 000001FBE42ACE88
C 380
R
P 000001FBE42ACE88
P 000001FBE8F92F08
C 484
= 000001FBE88D1628
R
P 000001FBE42ACE88
C 380
R
P 000001FBE42ACE88
P 000001FBE88D1628
C 338
R
P 000001FBE42ACE88
C 380
R
P 000001FBE42ACE88
P 000001FBE88D1628
P 000001FBE61903D8
I 0
P 0000000000000000
C 340
* 000001FBE42A9DD8 4
R
P 000001FBE42ACE88
C 380
R
P 000001FBE42ACE88
P 000001FBE42A9DD8
C 293
R
P 000001FBE42ACE88
C 380
R
P 000001FBE42ACE88
P 000001FBE42A9DD8
C 290
= 000001FBE42A94B8
R
P 000001FBE42ACE88
C 380
R
P 000001FBE42ACE88
P 000001FBE42A94B8
C 244
R
P 000001FBE42ACE88
C 380
R
P 000001FBE42ACE88
P 000001FBE42A9DD8
C 296
R
P 000001FBE42ACE88
C 380
R
P 000001FBE42ACE88
P 000001FBE42A9DD8
C 295
R
P 000001FBE42ACE88
C 380
R
P 000001FBE42ACE88
P 000001FBE42A9DD8
C 294
R
P 000001FBE42ACE88
C 380
R
P 000001FBE42ACE88
P 000001FBE42A9DD8
C 9
R
P 000001FBE42ACE88
C 380
R
P 000001FBE42ACE88
P 000001FBE42A9DD8
I 0
C 306
R
P 000001FBE42ACE88
C 380
R
P 000001FBE42ACE88
U 32
C 35
= 000001FBE42A94B8
R
P 000001FBE42ACE88
C 380
R
P 000001FBE42ACE88
P 000001FBE42A94B8
C 293
R
P 000001FBE42ACE88
C 380
R
P 000001FBE42ACE88
P 000001FBE42A94B8
C 9
R
P 000001FBE42ACE88
C 380
R
P 000001FBE42ACE88
I 0
P 000001FBE42A94B8
C 154
= 000001FBE62330A8
R
P 000001FBE42ACE88
C 380
R
P 000001FBE42ACE88
P 000001FBE62330A8
C 293
R
P 000001FBE42ACE88
C 380
R
P 000001FBE42ACE88
P 000001FBE62330A8
C 290
= 000001FBE42A94B8
R
P 000001FBE42ACE88
C 380
R
P 000001FBE42ACE88
P 000001FBE42A94B8
C 244
R
P 000001FBE42ACE88
C 380
R
P 000001FBE42ACE88
P 000001FBE62330A8
C 296
R
P 000001FBE42ACE88
C 380
R
P 000001FBE42ACE88
P 000001FBE62330A8
C 295
R
P 000001FBE42ACE88
C 380
R
P 000001FBE42ACE88
P 000001FBE62330A8
C 294
R
P 000001FBE42ACE88
C 380
R
P 000001FBE42ACE88
P 000001FBE62330A8
C 9
R
P 000001FBE42ACE88
C 380
R
P 000001FBE42ACE88
P 000001FBE61903D8
P 000001FBE62330A8
C 103
= 000001FBE604C690
R
P 000001FBE42ACE88
C 380
R
P 000001FBE42ACE88
P 000001FBE604C690
C 294
R
P 000001FBE42ACE88
C 380
R
P 000001FBE42ACE88
P 000001FBE604C690
C 9
R
P 000001FBE42ACE88
C 380
R
P 000001FBE42ACE88
P 000001FBE8F92F08
P 000001FBE604C690
C 466
R
P 000001FBE42ACE88
C 380
R
P 000001FBE42ACE88
U 32
C 35
= 000001FBE42A94B8
R
P 000001FBE42ACE88
C 380
R
P 000001FBE42ACE88
P 000001FBE42A94B8
C 293
R
P 000001FBE42ACE88
C 380
R
P 000001FBE42ACE88
P 000001FBE42A94B8
C 9
R
P 000001FBE42ACE88
C 380
R
P 000001FBE42ACE88
I 0
P 000001FBE42A94B8
C 154
= 000001FBE62330A8
R
P 000001FBE42ACE88
C 380
R
P 000001FBE42ACE88
P 000001FBE62330A8
C 293
R
P 000001FBE42ACE88
C 380
R
P 000001FBE42ACE88
P 000001FBE62330A8
C 290
= 000001FBE42A94B8
R
P 000001FBE42ACE88
C 380
R
P 000001FBE42ACE88
P 000001FBE42A94B8
C 244
R
P 000001FBE42ACE88
C 380
R
P 000001FBE42ACE88
P 000001FBE62330A8
C 296
R
P 000001FBE42ACE88
C 380
R
P 000001FBE42ACE88
P 000001FBE62330A8
C 295
R
P 000001FBE42ACE88
C 380
R
P 000001FBE42ACE88
P 000001FBE62330A8
C 294
R
P 000001FBE42ACE88
C 380
R
P 000001FBE42ACE88
P 000001FBE62330A8
C 9
R
P 000001FBE42ACE88
C 380
R
P 000001FBE42ACE88
P 000001FBE62330E8
P 000001FBE62330A8
C 103
= 000001FBE86AC7B8
R
P 000001FBE42ACE88
C 380
R
P 000001FBE42ACE88
P 000001FBE86AC7B8
C 294
R
P 000001FBE42ACE88
C 380
R
P 000001FBE42ACE88
P 000001FBE86AC7B8
C 9
R
P 000001FBE42ACE88
C 380
R
P 000001FBE42ACE88
P 000001FBE8F92F08
P 000001FBE86AC7B8
C 466
R
P 000001FBE42ACE88
C 380
R
P 000001FBE42ACE88
U 32
C 35
= 000001FBE42A94B8
R
P 000001FBE42ACE88
C 380
R
P 000001FBE42ACE88
P 000001FBE42A94B8
C 293
R
P 000001FBE42ACE88
C 380
R
P 000001FBE42ACE88
P 000001FBE42A94B8
C 9
R
P 000001FBE42ACE88
C 380
R
P 000001FBE42ACE88
I 0
P 000001FBE42A94B8
C 154
= 000001FBE62330A8
R
P 000001FBE42ACE88
C 380
R
P 000001FBE42ACE88
P 000001FBE62330A8
C 293
R
P 000001FBE42ACE88
C 380
R
P 000001FBE42ACE88
P 000001FBE62330A8
C 290
= 000001FBE42A94B8
R
P 000001FBE42ACE88
C 380
R
P 000001FBE42ACE88
P 000001FBE42A94B8
C 244
R
P 000001FBE42ACE88
C 380
R
P 000001FBE42ACE88
P 000001FBE62330A8
C 296
R
P 000001FBE42ACE88
C 380
R
P 000001FBE42ACE88
P 000001FBE62330A8
C 295
R
P 000001FBE42ACE88
C 380
R
P 000001FBE42ACE88
P 000001FBE62330A8
C 294
R
P 000001FBE42ACE88
C 380
R
P 000001FBE42ACE88
P 000001FBE62330A8
C 9
R
P 000001FBE42ACE88
C 380
R
P 000001FBE42ACE88
P 000001FBE62330C8
P 000001FBE62330A8
C 103
= 000001FBE6019188
R
P 000001FBE42ACE88
C 380
R
P 000001FBE42ACE88
P 000001FBE6019188
C 294
R
P 000001FBE42ACE88
C 380
R
P 000001FBE42ACE88
P 000001FBE6019188
C 9
R
P 000001FBE42ACE88
C 380
R
P 000001FBE42ACE88
P 000001FBE8F92F08
P 000001FBE6019188
C 466
R
P 000001FBE42ACE88
C 380
R
P 000001FBE42ACE88
U 32
C 35
= 000001FBE42A94B8
R
P 000001FBE42ACE88
C 380
R
P 000001FBE42ACE88
P 000001FBE42A94B8
C 293
R
P 000001FBE42ACE88
C 380
R
P 000001FBE42ACE88
P 000001FBE42A94B8
C 9
R
P 000001FBE42ACE88
C 380
R
P 000001FBE42ACE88
I 1
P 000001FBE42A94B8
C 154
= 000001FBE42A9DD8
R
P 000001FBE42ACE88
C 380
R
P 000001FBE42ACE88
P 000001FBE42A9DD8
C 293
R
P 000001FBE42ACE88
C 380
R
P 000001FBE42ACE88
P 000001FBE42A9DD8
C 290
= 000001FBE42A94B8
R
P 000001FBE42ACE88
C 380
R
P 000001FBE42ACE88
P 000001FBE42A94B8
C 244
R
P 000001FBE42ACE88
C 380
R
P 000001FBE42ACE88
P 000001FBE42A9DD8
C 296
R
P 000001FBE42ACE88
C 380
R
P 000001FBE42ACE88
P 000001FBE42A9DD8
C 295
R
P 000001FBE42ACE88
C 380
R
P 000001FBE42ACE88
P 000001FBE42A9DD8
C 294
R
P 000001FBE42ACE88
C 380
R
P 000001FBE42ACE88
P 000001FBE42A9DD8
C 9
R
P 000001FBE42ACE88
C 380
R
P 000001FBE42ACE88
P 000001FBE61903D8
P 000001FBE42A9DD8
C 103
= 000001FBE604BFC8
R
P 000001FBE42ACE88
C 380
R
P 000001FBE42ACE88
P 000001FBE604BFC8
C 294
R
P 000001FBE42ACE88
C 380
R
P 000001FBE42ACE88
P 000001FBE604BFC8
C 9
R
P 000001FBE42ACE88
C 380
R
P 000001FBE42ACE88
P 000001FBE8F92F08
P 000001FBE604BFC8
C 466
R
P 000001FBE42ACE88
C 380
R
P 000001FBE42ACE88
P 000001FBE8F92F08
C 479
R
P 000001FBE42ACE88
C 380
R
P 000001FBE42ACE88
P 000001FBE8F92F08
C 484
= 000001FBE88D1BC8
R
P 000001FBE42ACE88
C 380
R
P 000001FBE42ACE88
P 000001FBE88D1BC8
C 338
R
P 000001FBE42ACE88
C 380
R
P 000001FBE42ACE88
P 000001FBE88D1BC8
C 375
R
P 000001FBE42ACE88
C 380
R
P 000001FBE42ACE88
P 000001FBE8F92F08
C 484
= 000001FBE88D1C28
R
P 000001FBE42ACE88
C 380
R
P 000001FBE42ACE88
P 000001FBE88D1C28
C 338
R
P 000001FBE42ACE88
C 380
R
P 000001FBE42ACE88
P 000001FBE88D1C28
P 000001FBE62330E8
I 0
P 0000000000000000
C 340
* 000001FBE62330A8 4
R
P 000001FBE42ACE88
C 380
R
P 000001FBE42ACE88
P 000001FBE62330A8
C 293
R
P 000001FBE42ACE88
C 380
R
P 000001FBE42ACE88
P 000001FBE62330A8
C 290
= 000001FBE42A94B8
R
P 000001FBE42ACE88
C 380
R
P 000001FBE42ACE88
P 000001FBE42A94B8
C 244
R
P 000001FBE42ACE88
C 380
R
P 000001FBE42ACE88
P 000001FBE62330A8
C 296
R
P 000001FBE42ACE88
C 380
R
P 000001FBE42ACE88
P 000001FBE62330A8
C 295
R
P 000001FBE42ACE88
C 380
R
P 000001FBE42ACE88
P 000001FBE62330A8
C 294
R
P 000001FBE42ACE88
C 380
R
P 000001FBE42ACE88
P 000001FBE62330A8
C 9
R
P 000001FBE42ACE88
C 380
R
P 000001FBE42ACE88
P 000001FBE62330A8
I 0
C 306
R
P 000001FBE42ACE88
C 380
R
P 000001FBE42ACE88
P 000001FBE8F92F08
C 484
= 000001FBE88D1A18
R
P 000001FBE42ACE88
C 380
R
P 000001FBE42ACE88
P 000001FBE88D1A18
C 338
R
P 000001FBE42ACE88
C 380
R
P 000001FBE42ACE88
P 000001FBE88D1A18
P 000001FBE62330C8
I 0
P 0000000000000000
C 340
* 000001FBE62330A8 4
R
P 000001FBE42ACE88
C 380
R
P 000001FBE42ACE88
P 000001FBE62330A8
C 293
R
P 000001FBE42ACE88
C 380
R
P 000001FBE42ACE88
P 000001FBE62330A8
C 290
= 000001FBE42A94B8
R
P 000001FBE42ACE88
C 380
R
P 000001FBE42ACE88
P 000001FBE42A94B8
C 244
R
P 000001FBE42ACE88
C 380
R
P 000001FBE42ACE88
P 000001FBE62330A8
C 296
R
P 000001FBE42ACE88
C 380
R
P 000001FBE42ACE88
P 000001FBE62330A8
C 295
R
P 000001FBE42ACE88
C 380
R
P 000001FBE42ACE88
P 000001FBE62330A8
C 294
R
P 000001FBE42ACE88
C 380
R
P 000001FBE42ACE88
P 000001FBE62330A8
C 9
R
P 000001FBE42ACE88
C 380
R
P 000001FBE42ACE88
P 000001FBE62330A8
I 0
C 306
R
P 000001FBE42ACE88
C 380
R
P 000001FBE42ACE88
P 000001FBE8F92F08
C 484
= 000001FBE88D1CE8
R
P 000001FBE42ACE88
C 380
R
P 000001FBE42ACE88
P 000001FBE88D1CE8
C 338
R
P 000001FBE42ACE88
C 380
R
P 000001FBE42ACE88
P 000001FBE88D1CE8
P 000001FBE61903D8
I 0
P 0000000000000000
C 340
* 000001FBE62330A8 4
R
P 000001FBE42ACE88
C 380
R
P 000001FBE42ACE88
P 000001FBE62330A8
C 293
R
P 000001FBE42ACE88
C 380
R
P 000001FBE42ACE88
P 000001FBE62330A8
C 290
= 000001FBE42A94B8
R
P 000001FBE42ACE88
C 380
R
P 000001FBE42ACE88
P 000001FBE42A94B8
C 244
R
P 000001FBE42ACE88
C 380
R
P 000001FBE42ACE88
P 000001FBE62330A8
C 296
R
P 000001FBE42ACE88
C 380
R
P 000001FBE42ACE88
P 000001FBE62330A8
C 295
R
P 000001FBE42ACE88
C 380
R
P 000001FBE42ACE88
P 000001FBE62330A8
C 294
R
P 000001FBE42ACE88
C 380
R
P 000001FBE42ACE88
P 000001FBE62330A8
C 9
R
P 000001FBE42ACE88
C 380
R
P 000001FBE42ACE88
P 000001FBE62330A8
I 0
C 306
R
P 000001FBE42ACE88
C 380
R
P 000001FBE42ACE88
P 000001FBE8F92F08
U 1
C 463
R
P 000001FBE42ACE88
C 380
M "SimplifierExample"
R
P 000001FBE42ACE88
S "x"
C 30
R
P 000001FBE42ACE88
C 380
R
P 000001FBE42ACE88
$ |x|
C 237
R
P 000001FBE42ACE88
C 380
R
P 000001FBE42ACE88
$ |x|
P 000001FBE42A9078
C 51
= 000001FBE42A9918
R
P 000001FBE42ACE88
C 380
R
P 000001FBE42ACE88
P 000001FBE42A9918
C 293
R
P 000001FBE42ACE88
C 380
R
P 000001FBE42ACE88
P 000001FBE42A9918
C 290
= 000001FBE42A9078
R
P 000001FBE42ACE88
C 380
R
P 000001FBE42ACE88
P 000001FBE42A9078
C 244
R
P 000001FBE42ACE88
C 380
R
P 000001FBE42ACE88
P 000001FBE42A9918
C 296
R
P 000001FBE42ACE88
C 380
R
P 000001FBE42ACE88
P 000001FBE42A9918
C 295
R
P 000001FBE42ACE88
C 380
R
P 000001FBE42ACE88
P 000001FBE42A9918
C 294
R
P 000001FBE42ACE88
C 380
R
P 000001FBE42ACE88
P 000001FBE42A9918
C 9
R
P 000001FBE42ACE88
C 380
R
P 000001FBE42ACE88
S "y"
C 30
R
P 000001FBE42ACE88
C 380
R
P 000001FBE42ACE88
$ |y|
C 237
R
P 000001FBE42ACE88
C 380
R
P 000001FBE42ACE88
$ |y|
P 000001FBE42A9078
C 51
= 000001FBE42A9938
R
P 000001FBE42ACE88
C 380
R
P 000001FBE42ACE88
P 000001FBE42A9938
C 293
R
P 000001FBE42ACE88
C 380
R
P 000001FBE42ACE88
P 000001FBE42A9938
C 290
= 000001FBE42A9078
R
P 000001FBE42ACE88
C 380
R
P 000001FBE42ACE88
P 000001FBE42A9078
C 244
R
P 000001FBE42ACE88
C 380
R
P 000001FBE42ACE88
P 000001FBE42A9938
C 296
R
P 000001FBE42ACE88
C 380
R
P 000001FBE42ACE88
P 000001FBE42A9938
C 295
R
P 000001FBE42ACE88
C 380
R
P 000001FBE42ACE88
P 000001FBE42A9938
C 294
R
P 000001FBE42ACE88
C 380
R
P 000001FBE42ACE88
P 000001FBE42A9938
C 9
R
P 000001FBE42ACE88
C 380
R
P 000001FBE42ACE88
S "z"
C 30
R
P 000001FBE42ACE88
C 380
R
P 000001FBE42ACE88
$ |z|
C 237
R
P 000001FBE42ACE88
C 380
R
P 000001FBE42ACE88
$ |z|
P 000001FBE42A9078
C 51
= 000001FBE6232828
R
P 000001FBE42ACE88
C 380
R
P 000001FBE42ACE88
P 000001FBE6232828
C 293
R
P 000001FBE42ACE88
C 380
R
P 000001FBE42ACE88
P 000001FBE6232828
C 290
= 000001FBE42A9078
R
P 000001FBE42ACE88
C 380
R
P 000001FBE42ACE88
P 000001FBE42A9078
C 244
R
P 000001FBE42ACE88
C 380
R
P 000001FBE42ACE88
P 000001FBE6232828
C 296
R
P 000001FBE42ACE88
C 380
R
P 000001FBE42ACE88
P 000001FBE6232828
C 295
R
P 000001FBE42ACE88
C 380
R
P 000001FBE42ACE88
P 000001FBE6232828
C 294
R
P 000001FBE42ACE88
C 380
R
P 000001FBE42ACE88
P 000001FBE6232828
C 9
R
P 000001FBE42ACE88
C 380
R
P 000001FBE42ACE88
S "u"
C 30
R
P 000001FBE42ACE88
C 380
R
P 000001FBE42ACE88
$ |u|
C 237
R
P 000001FBE42ACE88
C 380
R
P 000001FBE42ACE88
$ |u|
P 000001FBE42A9078
C 51
= 000001FBE6190458
R
P 000001FBE42ACE88
C 380
R
P 000001FBE42ACE88
P 000001FBE6190458
C 293
R
P 000001FBE42ACE88
C 380
R
P 000001FBE42ACE88
P 000001FBE6190458
C 290
= 000001FBE42A9078
R
P 000001FBE42ACE88
C 380
R
P 000001FBE42ACE88
P 000001FBE42A9078
C 244
R
P 000001FBE42ACE88
C 380
R
P 000001FBE42ACE88
P 000001FBE6190458
C 296
R
P 000001FBE42ACE88
C 380
R
P 000001FBE42ACE88
P 000001FBE6190458
C 295
R
P 000001FBE42ACE88
C 380
R
P 000001FBE42ACE88
P 000001FBE6190458
C 294
R
P 000001FBE42ACE88
C 380
R
P 000001FBE42ACE88
P 000001FBE6190458
C 9
R
P 000001FBE42ACE88
C 380
R
P 000001FBE42ACE88
U 2
P 000001FBE42A9918
P 000001FBE6232828
p 2
C 67
= 000001FBE5EE9DD8
R
P 000001FBE42ACE88
C 380
R
P 000001FBE42ACE88
P 000001FBE5EE9DD8
C 293
R
P 000001FBE42ACE88
C 380
R
P 000001FBE42ACE88
P 000001FBE5EE9DD8
C 290
= 000001FBE42A9078
R
P 000001FBE42ACE88
C 380
R
P 000001FBE42ACE88
P 000001FBE42A9078
C 244
R
P 000001FBE42ACE88
C 380
R
P 000001FBE42ACE88
P 000001FBE5EE9DD8
C 296
R
P 000001FBE42ACE88
C 380
R
P 000001FBE42ACE88
P 000001FBE5EE9DD8
C 295
R
P 000001FBE42ACE88
C 380
R
P 000001FBE42ACE88
P 000001FBE5EE9DD8
C 294
R
P 000001FBE42ACE88
C 380
R
P 000001FBE42ACE88
P 000001FBE5EE9DD8
C 9
R
P 000001FBE42ACE88
C 380
R
P 000001FBE42ACE88
U 2
P 000001FBE42A9938
P 000001FBE5EE9DD8
p 2
C 69
= 000001FBE601AA08
R
P 000001FBE42ACE88
C 380
R
P 000001FBE42ACE88
P 000001FBE601AA08
C 293
R
P 000001FBE42ACE88
C 380
R
P 000001FBE42ACE88
P 000001FBE601AA08
C 290
= 000001FBE42A9078
R
P 000001FBE42ACE88
C 380
R
P 000001FBE42ACE88
P 000001FBE42A9078
C 244
R
P 000001FBE42ACE88
C 380
R
P 000001FBE42ACE88
P 000001FBE601AA08
C 296
R
P 000001FBE42ACE88
C 380
R
P 000001FBE42ACE88
P 000001FBE601AA08
C 295
R
P 000001FBE42ACE88
C 380
R
P 000001FBE42ACE88
P 000001FBE601AA08
C 294
R
P 000001FBE42ACE88
C 380
R
P 000001FBE42ACE88
P 000001FBE601AA08
C 9
R
P 000001FBE42ACE88
C 380
R
P 000001FBE42ACE88
U 2
P 000001FBE42A9918
P 000001FBE601AA08
p 2
C 67
= 000001FBE5EE9F60
R
P 000001FBE42ACE88
C 380
R
P 000001FBE42ACE88
P 000001FBE5EE9F60
C 293
R
P 000001FBE42ACE88
C 380
R
P 000001FBE42ACE88
P 000001FBE5EE9F60
C 290
= 000001FBE42A9078
R
P 000001FBE42ACE88
C 380
R
P 000001FBE42ACE88
P 000001FBE42A9078
C 244
R
P 000001FBE42ACE88
C 380
R
P 000001FBE42ACE88
P 000001FBE5EE9F60
C 296
R
P 000001FBE42ACE88
C 380
R
P 000001FBE42ACE88
P 000001FBE5EE9F60
C 295
R
P 000001FBE42ACE88
C 380
R
P 000001FBE42ACE88
P 000001FBE5EE9F60
C 294
R
P 000001FBE42ACE88
C 380
R
P 000001FBE42ACE88
P 000001FBE5EE9F60
C 9
R
P 000001FBE42ACE88
C 380
R
P 000001FBE42ACE88
P 000001FBE5EE9F60
C 329
= 000001FBE601C6D0
R
P 000001FBE42ACE88
C 380
R
P 000001FBE42ACE88
P 000001FBE601C6D0
C 293
R
P 000001FBE42ACE88
C 380
R
P 000001FBE42ACE88
P 000001FBE601C6D0
C 290
= 000001FBE42A9078
R
P 000001FBE42ACE88
C 380
R
P 000001FBE42ACE88
P 000001FBE42A9078
C 244
R
P 000001FBE42ACE88
C 380
R
P 000001FBE42ACE88
P 000001FBE601C6D0
C 296
R
P 000001FBE42ACE88
C 380
R
P 000001FBE42ACE88
P 000001FBE601C6D0
C 295
R
P 000001FBE42ACE88
C 380
R
P 000001FBE42ACE88
P 000001FBE601C6D0
C 294
R
P 000001FBE42ACE88
C 380
R
P 000001FBE42ACE88
P 000001FBE601C6D0
C 9
R
P 000001FBE42ACE88
C 380
R
P 000001FBE42ACE88
P 000001FBE5EE9F60
C 371
R
P 000001FBE42ACE88
C 380
R
P 000001FBE42ACE88
P 000001FBE601C6D0
C 371
R
P 000001FBE42ACE88
C 380
M "FiniteDomainExample"
R
P 000001FBE42ACE88
S "S"
C 30
R
P 000001FBE42ACE88
C 380
R
P 000001FBE42ACE88
$ |S|
C 237
R
P 000001FBE42ACE88
C 380
R
P 000001FBE42ACE88
$ |S|
U 10
C 36
= 000001FBE6190478
R
P 000001FBE42ACE88
C 380
R
P 000001FBE42ACE88
P 000001FBE6190478
C 293
R
P 000001FBE42ACE88
C 380
R
P 000001FBE42ACE88
P 000001FBE6190478
C 9
R
P 000001FBE42ACE88
C 380
R
P 000001FBE42ACE88
S "T"
C 30
R
P 000001FBE42ACE88
C 380
R
P 000001FBE42ACE88
$ |T|
C 237
R
P 000001FBE42ACE88
C 380
R
P 000001FBE42ACE88
$ |T|
U 10
C 36
= 000001FBE61904D8
R
P 000001FBE42ACE88
C 380
R
P 000001FBE42ACE88
P 000001FBE61904D8
C 293
R
P 000001FBE42ACE88
C 380
R
P 000001FBE42ACE88
P 000001FBE61904D8
C 9
R
P 000001FBE42ACE88
C 380
R
P 000001FBE42ACE88
I 1
P 000001FBE6190478
C 154
= 000001FBE61905D8
R
P 000001FBE42ACE88
C 380
R
P 000001FBE42ACE88
P 000001FBE61905D8
C 293
R
P 000001FBE42ACE88
C 380
R
P 000001FBE42ACE88
P 000001FBE61905D8
C 290
= 000001FBE6190478
R
P 000001FBE42ACE88
C 380
R
P 000001FBE42ACE88
P 000001FBE6190478
C 244
R
P 000001FBE42ACE88
C 380
R
P 000001FBE42ACE88
P 000001FBE61905D8
C 296
R
P 000001FBE42ACE88
C 380
R
P 000001FBE42ACE88
P 000001FBE61905D8
C 295
R
P 000001FBE42ACE88
C 380
R
P 000001FBE42ACE88
P 000001FBE61905D8
C 294
R
P 000001FBE42ACE88
C 380
R
P 000001FBE42ACE88
P 000001FBE61905D8
C 9
R
P 000001FBE42ACE88
C 380
R
P 000001FBE42ACE88
I 1
P 000001FBE61904D8
C 154
= 000001FBE61905F8
R
P 000001FBE42ACE88
C 380
R
P 000001FBE42ACE88
P 000001FBE61905F8
C 293
R
P 000001FBE42ACE88
C 380
R
P 000001FBE42ACE88
P 000001FBE61905F8
C 290
= 000001FBE61904D8
R
P 000001FBE42ACE88
C 380
R
P 000001FBE42ACE88
P 000001FBE61904D8
C 244
R
P 000001FBE42ACE88
C 380
R
P 000001FBE42ACE88
P 000001FBE61905F8
C 296
R
P 000001FBE42ACE88
C 380
R
P 000001FBE42ACE88
P 000001FBE61905F8
C 295
R
P 000001FBE42ACE88
C 380
R
P 000001FBE42ACE88
P 000001FBE61905F8
C 294
R
P 000001FBE42ACE88
C 380
R
P 000001FBE42ACE88
P 000001FBE61905F8
C 9
R
P 000001FBE42ACE88
C 380
R
P 000001FBE42ACE88
P 000001FBE6190478
C 371
R
P 000001FBE42ACE88
C 380
R
P 000001FBE42ACE88
P 000001FBE61904D8
C 371
R
P 000001FBE42ACE88
C 380
R
P 000001FBE42ACE88
P 000001FBE61905D8
C 299
R
P 000001FBE42ACE88
C 380
R
P 000001FBE42ACE88
P 000001FBE61905F8
C 299
R
P 000001FBE42ACE88
C 380
R
P 000001FBE42ACE88
P 000001FBE61905D8
I 0
C 306
R
P 000001FBE42ACE88
C 380
R
P 000001FBE42ACE88
P 000001FBE61905F8
I 0
C 306
R
P 000001FBE42ACE88
C 380
M "FloatingPointExample1"
R
P 000001FBE42ACE88
U 11
U 53
C 630
= 000001FBE6190658
R
P 000001FBE42ACE88
C 380
R
P 000001FBE42ACE88
P 000001FBE6190658
C 293
R
P 000001FBE42ACE88
C 380
R
P 000001FBE42ACE88
P 000001FBE6190658
C 9
R
P 000001FBE42ACE88
C 380
R
P 000001FBE42ACE88
P 000001FBE6190658
C 371
R
P 000001FBE42ACE88
C 380
R
P 000001FBE42ACE88
S "-1e1"
P 000001FBE6190658
C 152
= 000001FBE6190698
R
P 000001FBE42ACE88
C 380
R
P 000001FBE42ACE88
P 000001FBE6190698
C 293
R
P 000001FBE42ACE88
C 380
R
P 000001FBE42ACE88
P 000001FBE6190698
C 290
= 000001FBE6190658
R
P 000001FBE42ACE88
C 380
R
P 000001FBE42ACE88
P 000001FBE6190658
C 244
R
P 000001FBE42ACE88
C 380
R
P 000001FBE42ACE88
P 000001FBE6190698
C 296
R
P 000001FBE42ACE88
C 380
R
P 000001FBE42ACE88
P 000001FBE6190698
C 295
R
P 000001FBE42ACE88
C 380
R
P 000001FBE42ACE88
P 000001FBE6190698
C 294
R
P 000001FBE42ACE88
C 380
R
P 000001FBE42ACE88
P 000001FBE6190698
C 9
R
P 000001FBE42ACE88
C 380
R
P 000001FBE42ACE88
S "-10"
P 000001FBE6190658
C 152
= 000001FBE6190698
R
P 000001FBE42ACE88
C 380
R
P 000001FBE42ACE88
P 000001FBE6190698
C 293
R
P 000001FBE42ACE88
C 380
R
P 000001FBE42ACE88
P 000001FBE6190698
C 290
= 000001FBE6190658
R
P 000001FBE42ACE88
C 380
R
P 000001FBE42ACE88
P 000001FBE6190658
C 244
R
P 000001FBE42ACE88
C 380
R
P 000001FBE42ACE88
P 000001FBE6190698
C 296
R
P 000001FBE42ACE88
C 380
R
P 000001FBE42ACE88
P 000001FBE6190698
C 295
R
P 000001FBE42ACE88
C 380
R
P 000001FBE42ACE88
P 000001FBE6190698
C 294
R
P 000001FBE42ACE88
C 380
R
P 000001FBE42ACE88
P 000001FBE6190698
C 9
R
P 000001FBE42ACE88
C 380
R
P 000001FBE42ACE88
S "-1.25p3"
P 000001FBE6190658
C 152
= 000001FBE6190698
R
P 000001FBE42ACE88
C 380
R
P 000001FBE42ACE88
P 000001FBE6190698
C 293
R
P 000001FBE42ACE88
C 380
R
P 000001FBE42ACE88
P 000001FBE6190698
C 290
= 000001FBE6190658
R
P 000001FBE42ACE88
C 380
R
P 000001FBE42ACE88
P 000001FBE6190658
C 244
R
P 000001FBE42ACE88
C 380
R
P 000001FBE42ACE88
P 000001FBE6190698
C 296
R
P 000001FBE42ACE88
C 380
R
P 000001FBE42ACE88
P 000001FBE6190698
C 295
R
P 000001FBE42ACE88
C 380
R
P 000001FBE42ACE88
P 000001FBE6190698
C 294
R
P 000001FBE42ACE88
C 380
R
P 000001FBE42ACE88
P 000001FBE6190698
C 9
R
P 000001FBE42ACE88
C 380
R
P 000001FBE42ACE88
P 000001FBE6190698
C 299
R
P 000001FBE42ACE88
C 380
R
P 000001FBE42ACE88
P 000001FBE6190698
C 299
R
P 000001FBE42ACE88
C 380
R
P 000001FBE42ACE88
P 000001FBE6190698
C 299
R
P 000001FBE42ACE88
C 380
R
P 000001FBE42ACE88
P 000001FBE6190698
P 000001FBE6190698
C 664
= 000001FBE604B350
R
P 000001FBE42ACE88
C 380
R
P 000001FBE42ACE88
P 000001FBE604B350
C 294
R
P 000001FBE42ACE88
C 380
R
P 000001FBE42ACE88
P 000001FBE604B350
C 9
R
P 000001FBE42ACE88
C 380
R
P 000001FBE42ACE88
P 000001FBE6190698
P 000001FBE6190698
C 664
= 000001FBE604B350
R
P 000001FBE42ACE88
C 380
R
P 000001FBE42ACE88
P 000001FBE604B350
C 294
R
P 000001FBE42ACE88
C 380
R
P 000001FBE42ACE88
P 000001FBE604B350
C 9
R
P 000001FBE42ACE88
C 380
R
P 000001FBE42ACE88
U 2
P 000001FBE604B350
P 000001FBE604B350
p 2
C 65
= 000001FBE6048BE8
R
P 000001FBE42ACE88
C 380
R
P 000001FBE42ACE88
P 000001FBE6048BE8
C 294
R
P 000001FBE42ACE88
C 380
R
P 000001FBE42ACE88
P 000001FBE6048BE8
C 9
R
P 000001FBE42ACE88
C 380
R
P 000001FBE42ACE88
P 000001FBE6048BE8
C 60
= 000001FBE86A67E8
R
P 000001FBE42ACE88
C 380
R
P 000001FBE42ACE88
P 000001FBE86A67E8
C 294
R
P 000001FBE42ACE88
C 380
R
P 000001FBE42ACE88
P 000001FBE86A67E8
C 9
R
P 000001FBE42ACE88
C 380
R
P 000001FBE42ACE88
C 450
= 000001FBE898C3B8
R
P 000001FBE42ACE88
C 380
R
P 000001FBE42ACE88
P 000001FBE898C3B8
C 459
R
P 000001FBE42ACE88
C 380
R
P 000001FBE42ACE88
P 000001FBE898C3B8
P 000001FBE86A67E8
C 466
R
P 000001FBE42ACE88
C 380
R
P 000001FBE42ACE88
P 000001FBE898C3B8
C 479
R
P 000001FBE42ACE88
C 380
R
P 000001FBE42ACE88
S "x"
C 30
R
P 000001FBE42ACE88
C 380
R
P 000001FBE42ACE88
$ |x|
C 237
R
P 000001FBE42ACE88
C 380
R
P 000001FBE42ACE88
$ |x|
P 000001FBE6190658
C 51
= 000001FBE6232D48
R
P 000001FBE42ACE88
C 380
R
P 000001FBE42ACE88
P 000001FBE6232D48
C 293
R
P 000001FBE42ACE88
C 380
R
P 000001FBE42ACE88
P 000001FBE6232D48
C 290
= 000001FBE6190658
R
P 000001FBE42ACE88
C 380
R
P 000001FBE42ACE88
P 000001FBE6190658
C 244
R
P 000001FBE42ACE88
C 380
R
P 000001FBE42ACE88
P 000001FBE6232D48
C 296
R
P 000001FBE42ACE88
C 380
R
P 000001FBE42ACE88
P 000001FBE6232D48
C 295
R
P 000001FBE42ACE88
C 380
R
P 000001FBE42ACE88
P 000001FBE6232D48
C 294
R
P 000001FBE42ACE88
C 380
R
P 000001FBE42ACE88
P 000001FBE6232D48
C 9
R
P 000001FBE42ACE88
C 380
R
P 000001FBE42ACE88
P 000001FBE6190658
C 639
= 000001FBE6232CA8
R
P 000001FBE42ACE88
C 380
R
P 000001FBE42ACE88
P 000001FBE6232CA8
C 294
R
P 000001FBE42ACE88
C 380
R
P 000001FBE42ACE88
P 000001FBE6232CA8
C 9
R
P 000001FBE42ACE88
C 380
R
P 000001FBE42ACE88
S "QF_FP"
C 30
R
P 000001FBE42ACE88
C 380
R
P 000001FBE42ACE88
$ |QF_FP|
C 237
R
P 000001FBE42ACE88
C 380
R
P 000001FBE42ACE88
$ |QF_FP|
C 452
= 000001FBE898C468
R
P 000001FBE42ACE88
C 380
R
P 000001FBE42ACE88
P 000001FBE898C468
C 459
R
P 000001FBE42ACE88
C 380
R
P 000001FBE42ACE88
P 000001FBE6232CA8
P 000001FBE6232D48
C 664
= 000001FBE6048C20
R
P 000001FBE42ACE88
C 380
R
P 000001FBE42ACE88
P 000001FBE6048C20
C 294
R
P 000001FBE42ACE88
C 380
R
P 000001FBE42ACE88
P 000001FBE6048C20
C 9
R
P 000001FBE42ACE88
C 380
R
P 000001FBE42ACE88
P 000001FBE898C468
P 000001FBE6048C20
C 466
R
P 000001FBE42ACE88
C 380
R
P 000001FBE42ACE88
P 000001FBE898C468
C 479
R
P 000001FBE42ACE88
C 380
R
P 000001FBE42ACE88
P 000001FBE898C468
C 489
R
P 000001FBE42ACE88
C 380
R
P 000001FBE42ACE88
S "QF_FP"
C 30
R
P 000001FBE42ACE88
C 380
R
P 000001FBE42ACE88
$ |QF_FP|
C 237
R
P 000001FBE42ACE88
C 380
R
P 000001FBE42ACE88
$ |QF_FP|
C 452
= 000001FBE898C678
R
P 000001FBE42ACE88
C 380
R
P 000001FBE42ACE88
P 000001FBE898C678
C 459
R
P 000001FBE42ACE88
C 380
R
P 000001FBE42ACE88
P 000001FBE6232CA8
P 000001FBE6232CA8
C 58
= 000001FBE5C2A3A8
R
P 000001FBE42ACE88
C 380
R
P 000001FBE42ACE88
P 000001FBE5C2A3A8
C 294
R
P 000001FBE42ACE88
C 380
R
P 000001FBE42ACE88
P 000001FBE5C2A3A8
C 9
R
P 000001FBE42ACE88
C 380
R
P 000001FBE42ACE88
P 000001FBE898C678
P 000001FBE5C2A3A8
C 466
R
P 000001FBE42ACE88
C 380
R
P 000001FBE42ACE88
P 000001FBE898C678
C 479
R
P 000001FBE42ACE88
C 380
R
P 000001FBE42ACE88
P 000001FBE898C678
C 489
R
P 000001FBE42ACE88
C 380
R
P 000001FBE42ACE88
S "-1e1"
P 000001FBE6190658
C 152
= 000001FBE6190698
R
P 000001FBE42ACE88
C 380
R
P 000001FBE42ACE88
P 000001FBE6190698
C 293
R
P 000001FBE42ACE88
C 380
R
P 000001FBE42ACE88
P 000001FBE6190698
C 290
= 000001FBE6190658
R
P 000001FBE42ACE88
C 380
R
P 000001FBE42ACE88
P 000001FBE6190658
C 244
R
P 000001FBE42ACE88
C 380
R
P 000001FBE42ACE88
P 000001FBE6190698
C 296
R
P 000001FBE42ACE88
C 380
R
P 000001FBE42ACE88
P 000001FBE6190698
C 295
R
P 000001FBE42ACE88
C 380
R
P 000001FBE42ACE88
P 000001FBE6190698
C 294
R
P 000001FBE42ACE88
C 380
R
P 000001FBE42ACE88
P 000001FBE6190698
C 9
R
P 000001FBE42ACE88
C 380
R
P 000001FBE42ACE88
S "-1.25p3"
P 000001FBE6190658
C 152
= 000001FBE6190698
R
P 000001FBE42ACE88
C 380
R
P 000001FBE42ACE88
P 000001FBE6190698
C 293
R
P 000001FBE42ACE88
C 380
R
P 000001FBE42ACE88
P 000001FBE6190698
C 290
= 000001FBE6190658
R
P 000001FBE42ACE88
C 380
R
P 000001FBE42ACE88
P 000001FBE6190658
C 244
R
P 000001FBE42ACE88
C 380
R
P 000001FBE42ACE88
P 000001FBE6190698
C 296
R
P 000001FBE42ACE88
C 380
R
P 000001FBE42ACE88
P 000001FBE6190698
C 295
R
P 000001FBE42ACE88
C 380
R
P 000001FBE42ACE88
P 000001FBE6190698
C 294
R
P 000001FBE42ACE88
C 380
R
P 000001FBE42ACE88
P 000001FBE6190698
C 9
R
P 000001FBE42ACE88
C 380
R
P 000001FBE42ACE88
S "x_plus_y"
C 30
R
P 000001FBE42ACE88
C 380
R
P 000001FBE42ACE88
$ |x_plus_y|
C 237
R
P 000001FBE42ACE88
C 380
R
P 000001FBE42ACE88
$ |x_plus_y|
P 000001FBE6190658
C 51
= 000001FBE6232C48
R
P 000001FBE42ACE88
C 380
R
P 000001FBE42ACE88
P 000001FBE6232C48
C 293
R
P 000001FBE42ACE88
C 380
R
P 000001FBE42ACE88
P 000001FBE6232C48
C 290
= 000001FBE6190658
R
P 000001FBE42ACE88
C 380
R
P 000001FBE42ACE88
P 000001FBE6190658
C 244
R
P 000001FBE42ACE88
C 380
R
P 000001FBE42ACE88
P 000001FBE6232C48
C 296
R
P 000001FBE42ACE88
C 380
R
P 000001FBE42ACE88
P 000001FBE6232C48
C 295
R
P 000001FBE42ACE88
C 380
R
P 000001FBE42ACE88
P 000001FBE6232C48
C 294
R
P 000001FBE42ACE88
C 380
R
P 000001FBE42ACE88
P 000001FBE6232C48
C 9
R
P 000001FBE42ACE88
C 380
R
P 000001FBE42ACE88
S "100"
P 000001FBE6190658
C 152
= 000001FBE6232C28
R
P 000001FBE42ACE88
C 380
R
P 000001FBE42ACE88
P 000001FBE6232C28
C 293
R
P 000001FBE42ACE88
C 380
R
P 000001FBE42ACE88
P 000001FBE6232C28
C 290
= 000001FBE6190658
R
P 000001FBE42ACE88
C 380
R
P 000001FBE42ACE88
P 000001FBE6190658
C 244
R
P 000001FBE42ACE88
C 380
R
P 000001FBE42ACE88
P 000001FBE6232C28
C 296
R
P 000001FBE42ACE88
C 380
R
P 000001FBE42ACE88
P 000001FBE6232C28
C 295
R
P 000001FBE42ACE88
C 380
R
P 000001FBE42ACE88
P 000001FBE6232C28
C 294
R
P 000001FBE42ACE88
C 380
R
P 000001FBE42ACE88
P 000001FBE6232C28
C 9
R
P 000001FBE42ACE88
C 380
R
P 000001FBE42ACE88
S "QF_FP"
C 30
R
P 000001FBE42ACE88
C 380
R
P 000001FBE42ACE88
$ |QF_FP|
C 237
R
P 000001FBE42ACE88
C 380
R
P 000001FBE42ACE88
$ |QF_FP|
C 452
= 000001FBE898C7D8
R
P 000001FBE42ACE88
C 380
R
P 000001FBE42ACE88
P 000001FBE898C7D8
C 459
R
P 000001FBE42ACE88
C 380
R
P 000001FBE42ACE88
C 622
= 000001FBE6232AA8
R
P 000001FBE42ACE88
C 380
R
P 000001FBE42ACE88
P 000001FBE6232AA8
C 294
R
P 000001FBE42ACE88
C 380
R
P 000001FBE42ACE88
P 000001FBE6232AA8
C 9
R
P 000001FBE42ACE88
C 380
R
P 000001FBE42ACE88
P 000001FBE6232AA8
P 000001FBE6190698
P 000001FBE6190698
C 650
= 000001FBE84E9E68
R
P 000001FBE42ACE88
C 380
R
P 000001FBE42ACE88
P 000001FBE84E9E68
C 294
R
P 000001FBE42ACE88
C 380
R
P 000001FBE42ACE88
P 000001FBE84E9E68
C 9
R
P 000001FBE42ACE88
C 380
R
P 000001FBE42ACE88
P 000001FBE6232C48
P 000001FBE84E9E68
C 58
= 000001FBE6019038
R
P 000001FBE42ACE88
C 380
R
P 000001FBE42ACE88
P 000001FBE6019038
C 294
R
P 000001FBE42ACE88
C 380
R
P 000001FBE42ACE88
P 000001FBE6019038
C 9
R
P 000001FBE42ACE88
C 380
R
P 000001FBE42ACE88
P 000001FBE898C7D8
P 000001FBE6019038
C 466
R
P 000001FBE42ACE88
C 380
R
P 000001FBE42ACE88
P 000001FBE6232C48
P 000001FBE6232C28
C 664
= 000001FBE5C2A6B8
R
P 000001FBE42ACE88
C 380
R
P 000001FBE42ACE88
P 000001FBE5C2A6B8
C 294
R
P 000001FBE42ACE88
C 380
R
P 000001FBE42ACE88
P 000001FBE5C2A6B8
C 9
R
P 000001FBE42ACE88
C 380
R
P 000001FBE42ACE88
P 000001FBE5C2A6B8
C 60
= 000001FBE84ECF08
R
P 000001FBE42ACE88
C 380
R
P 000001FBE42ACE88
P 000001FBE84ECF08
C 294
R
P 000001FBE42ACE88
C 380
R
P 000001FBE42ACE88
P 000001FBE84ECF08
C 9
R
P 000001FBE42ACE88
C 380
R
P 000001FBE42ACE88
P 000001FBE898C7D8
P 000001FBE84ECF08
C 466
R
P 000001FBE42ACE88
C 380
R
P 000001FBE42ACE88
P 000001FBE898C7D8
C 479
R
P 000001FBE42ACE88
C 380
R
P 000001FBE42ACE88
P 000001FBE898C7D8
C 489
R
P 000001FBE42ACE88
C 380
R
C 3
= 000001FBE9979958
R
P 000001FBE9979958
S "proof"
S "true"
C 5
R
P 000001FBE9979958
C 7
= 000001FBE8B1C818
R
P 000001FBE9979958
C 4
R
P 000001FBE8B1C818
U 2
C 370
R
P 000001FBE8B1C818
C 380
M "ProveExample1"
R
P 000001FBE8B1C818
S "U"
C 30
R
P 000001FBE8B1C818
C 380
R
P 000001FBE8B1C818
$ |U|
C 237
R
P 000001FBE8B1C818
C 380
R
P 000001FBE8B1C818
$ |U|
C 31
= 000001FBE9A15AD8
R
P 000001FBE8B1C818
C 380
R
P 000001FBE8B1C818
P 000001FBE9A15AD8
C 293
R
P 000001FBE8B1C818
C 380
R
P 000001FBE8B1C818
P 000001FBE9A15AD8
C 9
R
P 000001FBE8B1C818
C 380
R
P 000001FBE8B1C818
S "g"
C 30
R
P 000001FBE8B1C818
C 380
R
P 000001FBE8B1C818
$ |g|
C 237
R
P 000001FBE8B1C818
C 380
R
P 000001FBE8B1C818
$ |g|
U 1
P 000001FBE9A15AD8
p 1
P 000001FBE9A15AD8
C 49
= 000001FBE9A276D8
R
P 000001FBE8B1C818
C 380
R
P 000001FBE8B1C818
P 000001FBE9A276D8
C 293
R
P 000001FBE8B1C818
C 380
R
P 000001FBE8B1C818
P 000001FBE9A276D8
C 9
R
P 000001FBE8B1C818
C 380
R
P 000001FBE8B1C818
S "x"
C 30
R
P 000001FBE8B1C818
C 380
R
P 000001FBE8B1C818
$ |x|
C 237
R
P 000001FBE8B1C818
C 380
R
P 000001FBE8B1C818
$ |x|
P 000001FBE9A15AD8
C 51
= 000001FBE9A15AF8
R
P 000001FBE8B1C818
C 380
R
P 000001FBE8B1C818
P 000001FBE9A15AF8
C 293
R
P 000001FBE8B1C818
C 380
R
P 000001FBE8B1C818
P 000001FBE9A15AF8
C 290
= 000001FBE9A15AD8
R
P 000001FBE8B1C818
C 380
R
P 000001FBE8B1C818
P 000001FBE9A15AD8
C 244
R
P 000001FBE8B1C818
C 380
R
P 000001FBE8B1C818
P 000001FBE9A15AF8
C 296
R
P 000001FBE8B1C818
C 380
R
P 000001FBE8B1C818
P 000001FBE9A15AF8
C 295
R
P 000001FBE8B1C818
C 380
R
P 000001FBE8B1C818
P 000001FBE9A15AF8
C 294
R
P 000001FBE8B1C818
C 380
R
P 000001FBE8B1C818
P 000001FBE9A15AF8
C 9
R
P 000001FBE8B1C818
C 380
R
P 000001FBE8B1C818
S "y"
C 30
R
P 000001FBE8B1C818
C 380
R
P 000001FBE8B1C818
$ |y|
C 237
R
P 000001FBE8B1C818
C 380
R
P 000001FBE8B1C818
$ |y|
P 000001FBE9A15AD8
C 51
= 000001FBE9A15B18
R
P 000001FBE8B1C818
C 380
R
P 000001FBE8B1C818
P 000001FBE9A15B18
C 293
R
P 000001FBE8B1C818
C 380
R
P 000001FBE8B1C818
P 000001FBE9A15B18
C 290
= 000001FBE9A15AD8
R
P 000001FBE8B1C818
C 380
R
P 000001FBE8B1C818
P 000001FBE9A15AD8
C 244
R
P 000001FBE8B1C818
C 380
R
P 000001FBE8B1C818
P 000001FBE9A15B18
C 296
R
P 000001FBE8B1C818
C 380
R
P 000001FBE8B1C818
P 000001FBE9A15B18
C 295
R
P 000001FBE8B1C818
C 380
R
P 000001FBE8B1C818
P 000001FBE9A15B18
C 294
R
P 000001FBE8B1C818
C 380
R
P 000001FBE8B1C818
P 000001FBE9A15B18
C 9
R
P 000001FBE8B1C818
C 380
R
P 000001FBE8B1C818
P 000001FBE9A276D8
U 1
P 000001FBE9A15AF8
p 1
C 50
= 000001FBE9A072B8
R
P 000001FBE8B1C818
C 380
R
P 000001FBE8B1C818
P 000001FBE9A072B8
C 293
R
P 000001FBE8B1C818
C 380
R
P 000001FBE8B1C818
P 000001FBE9A072B8
C 290
= 000001FBE9A15AD8
R
P 000001FBE8B1C818
C 380
R
P 000001FBE8B1C818
P 000001FBE9A15AD8
C 244
R
P 000001FBE8B1C818
C 380
R
P 000001FBE8B1C818
P 000001FBE9A072B8
C 296
R
P 000001FBE8B1C818
C 380
R
P 000001FBE8B1C818
P 000001FBE9A072B8
C 295
R
P 000001FBE8B1C818
C 380
R
P 000001FBE8B1C818
P 000001FBE9A072B8
C 294
R
P 000001FBE8B1C818
C 380
R
P 000001FBE8B1C818
P 000001FBE9A072B8
C 9
R
P 000001FBE8B1C818
C 380
R
P 000001FBE8B1C818
P 000001FBE9A276D8
U 1
P 000001FBE9A15B18
p 1
C 50
= 000001FBE9A072E8
R
P 000001FBE8B1C818
C 380
R
P 000001FBE8B1C818
P 000001FBE9A072E8
C 293
R
P 000001FBE8B1C818
C 380
R
P 000001FBE8B1C818
P 000001FBE9A072E8
C 290
= 000001FBE9A15AD8
R
P 000001FBE8B1C818
C 380
R
P 000001FBE8B1C818
P 000001FBE9A15AD8
C 244
R
P 000001FBE8B1C818
C 380
R
P 000001FBE8B1C818
P 000001FBE9A072E8
C 296
R
P 000001FBE8B1C818
C 380
R
P 000001FBE8B1C818
P 000001FBE9A072E8
C 295
R
P 000001FBE8B1C818
C 380
R
P 000001FBE8B1C818
P 000001FBE9A072E8
C 294
R
P 000001FBE8B1C818
C 380
R
P 000001FBE8B1C818
P 000001FBE9A072E8
C 9
R
P 000001FBE8B1C818
C 380
R
P 000001FBE8B1C818
P 000001FBE9A15AF8
P 000001FBE9A15B18
C 58
= 000001FBE9A27710
R
P 000001FBE8B1C818
C 380
R
P 000001FBE8B1C818
P 000001FBE9A27710
C 294
R
P 000001FBE8B1C818
C 380
R
P 000001FBE8B1C818
P 000001FBE9A27710
C 9
R
P 000001FBE8B1C818
C 380
R
P 000001FBE8B1C818
P 000001FBE9A072B8
P 000001FBE9A072E8
C 58
= 000001FBE9A27748
R
P 000001FBE8B1C818
C 380
R
P 000001FBE8B1C818
P 000001FBE9A27748
C 294
R
P 000001FBE8B1C818
C 380
R
P 000001FBE8B1C818
P 000001FBE9A27748
C 9
R
P 000001FBE8B1C818
C 380
R
P 000001FBE8B1C818
P 000001FBE9A27710
P 000001FBE9A27748
C 63
= 000001FBE9A27780
R
P 000001FBE8B1C818
C 380
R
P 000001FBE8B1C818
P 000001FBE9A27780
C 294
R
P 000001FBE8B1C818
C 380
R
P 000001FBE8B1C818
P 000001FBE9A27780
C 9
R
P 000001FBE8B1C818
C 380
R
P 000001FBE8B1C818
P 000001FBE9A27780
C 371
R
P 000001FBE8B1C818
C 380
R
P 000001FBE8B1C818
C 450
= 000001FBE898DD28
R
P 000001FBE8B1C818
C 380
R
P 000001FBE8B1C818
P 000001FBE898DD28
C 459
R
P 000001FBE8B1C818
C 380
R
P 000001FBE8B1C818
C 13
= 000001FBE98EA548
R
P 000001FBE8B1C818
C 380
R
P 000001FBE8B1C818
P 000001FBE98EA548
C 14
R
P 000001FBE8B1C818
C 380
R
P 000001FBE8B1C818
S "mbqi"
C 30
R
P 000001FBE8B1C818
C 380
R
P 000001FBE8B1C818
$ |mbqi|
C 237
R
P 000001FBE8B1C818
C 380
R
P 000001FBE8B1C818
P 000001FBE98EA548
$ |mbqi|
I 0
C 16
R
P 000001FBE8B1C818
C 380
R
P 000001FBE8B1C818
P 000001FBE898DD28
P 000001FBE98EA548
C 458
R
P 000001FBE8B1C818
C 380
R
P 000001FBE8B1C818
P 000001FBE9A27780
C 60
= 000001FBE9A07318
R
P 000001FBE8B1C818
C 380
R
P 000001FBE8B1C818
P 000001FBE9A07318
C 294
R
P 000001FBE8B1C818
C 380
R
P 000001FBE8B1C818
P 000001FBE9A07318
C 9
R
P 000001FBE8B1C818
C 380
R
P 000001FBE8B1C818
P 000001FBE898DD28
P 000001FBE9A07318
C 466
R
P 000001FBE8B1C818
C 380
R
P 000001FBE8B1C818
P 000001FBE898DD28
C 479
R
P 000001FBE8B1C818
C 380
R
P 000001FBE8B1C818
P 000001FBE898DD28
C 485
= 000001FBE9A25A78
R
P 000001FBE8B1C818
C 380
R
P 000001FBE8B1C818
P 000001FBE9A25A78
C 293
R
P 000001FBE8B1C818
C 380
R
P 000001FBE8B1C818
P 000001FBE9A25A78
C 290
= 000001FBE9A15198
R
P 000001FBE8B1C818
C 380
R
P 000001FBE8B1C818
P 000001FBE9A15198
C 244
R
P 000001FBE8B1C818
C 380
R
P 000001FBE8B1C818
P 000001FBE9A25A78
C 296
R
P 000001FBE8B1C818
C 380
R
P 000001FBE8B1C818
P 000001FBE9A25A78
C 295
R
P 000001FBE8B1C818
C 380
R
P 000001FBE8B1C818
P 000001FBE9A25A78
C 294
R
P 000001FBE8B1C818
C 380
R
P 000001FBE8B1C818
P 000001FBE9A25A78
C 9
R
P 000001FBE8B1C818
C 380
R
P 000001FBE8B1C818
P 000001FBE9A25A78
C 371
R
P 000001FBE8B1C818
C 380
R
P 000001FBE8B1C818
P 000001FBE9A276D8
U 1
P 000001FBE9A072B8
p 1
C 50
= 000001FBE9A074F8
R
P 000001FBE8B1C818
C 380
R
P 000001FBE8B1C818
P 000001FBE9A074F8
C 293
R
P 000001FBE8B1C818
C 380
R
P 000001FBE8B1C818
P 000001FBE9A074F8
C 290
= 000001FBE9A15AD8
R
P 000001FBE8B1C818
C 380
R
P 000001FBE8B1C818
P 000001FBE9A15AD8
C 244
R
P 000001FBE8B1C818
C 380
R
P 000001FBE8B1C818
P 000001FBE9A074F8
C 296
R
P 000001FBE8B1C818
C 380
R
P 000001FBE8B1C818
P 000001FBE9A074F8
C 295
R
P 000001FBE8B1C818
C 380
R
P 000001FBE8B1C818
P 000001FBE9A074F8
C 294
R
P 000001FBE8B1C818
C 380
R
P 000001FBE8B1C818
P 000001FBE9A074F8
C 9
R
P 000001FBE8B1C818
C 380
R
P 000001FBE8B1C818
P 000001FBE9A074F8
P 000001FBE9A072E8
C 58
= 000001FBE9A279B0
R
P 000001FBE8B1C818
C 380
R
P 000001FBE8B1C818
P 000001FBE9A279B0
C 294
R
P 000001FBE8B1C818
C 380
R
P 000001FBE8B1C818
P 000001FBE9A279B0
C 9
R
P 000001FBE8B1C818
C 380
R
P 000001FBE8B1C818
P 000001FBE9A27710
P 000001FBE9A279B0
C 63
= 000001FBE9A27C50
R
P 000001FBE8B1C818
C 380
R
P 000001FBE8B1C818
P 000001FBE9A27C50
C 294
R
P 000001FBE8B1C818
C 380
R
P 000001FBE8B1C818
P 000001FBE9A27C50
C 9
R
P 000001FBE8B1C818
C 380
R
P 000001FBE8B1C818
P 000001FBE9A27C50
C 371
R
P 000001FBE8B1C818
C 380
R
P 000001FBE8B1C818
C 450
= 000001FBE898E8D8
R
P 000001FBE8B1C818
C 380
R
P 000001FBE8B1C818
P 000001FBE898E8D8
C 459
R
P 000001FBE8B1C818
C 380
R
P 000001FBE8B1C818
C 13
= 000001FBE98ED998
R
P 000001FBE8B1C818
C 380
R
P 000001FBE8B1C818
P 000001FBE98ED998
C 14
R
P 000001FBE8B1C818
C 380
R
P 000001FBE8B1C818
S "mbqi"
C 30
R
P 000001FBE8B1C818
C 380
R
P 000001FBE8B1C818
$ |mbqi|
C 237
R
P 000001FBE8B1C818
C 380
R
P 000001FBE8B1C818
P 000001FBE98ED998
$ |mbqi|
I 0
C 16
R
P 000001FBE8B1C818
C 380
R
P 000001FBE8B1C818
P 000001FBE898E8D8
P 000001FBE98ED998
C 458
R
P 000001FBE8B1C818
C 380
R
P 000001FBE8B1C818
P 000001FBE9A27C50
C 60
= 000001FBE9A07618
R
P 000001FBE8B1C818
C 380
R
P 000001FBE8B1C818
P 000001FBE9A07618
C 294
R
P 000001FBE8B1C818
C 380
R
P 000001FBE8B1C818
P 000001FBE9A07618
C 9
R
P 000001FBE8B1C818
C 380
R
P 000001FBE8B1C818
P 000001FBE898E8D8
P 000001FBE9A07618
C 466
R
P 000001FBE8B1C818
C 380
R
P 000001FBE8B1C818
P 000001FBE898E8D8
C 479
R
P 000001FBE8B1C818
C 380
R
P 000001FBE8B1C818
P 000001FBE898E8D8
C 484
= 000001FBE9E106B8
R
P 000001FBE8B1C818
C 380
R
P 000001FBE8B1C818
P 000001FBE9E106B8
C 338
R
P 000001FBE8B1C818
C 380
R
P 000001FBE8B1C818
P 000001FBE9E106B8
C 375
R
P 000001FBE8B1C818
C 380
R
P 000001FBE8B1C818
P 000001FBE9A279B0
C 60
= 000001FBE9A07708
R
P 000001FBE8B1C818
C 380
R
P 000001FBE8B1C818
P 000001FBE9A07708
C 294
R
P 000001FBE8B1C818
C 380
R
P 000001FBE8B1C818
P 000001FBE9A07708
C 9
R
P 000001FBE8B1C818
C 380
R
P 000001FBE8B1C818
C 450
= 000001FBE878BC18
R
P 000001FBE8B1C818
C 380
R
P 000001FBE8B1C818
P 000001FBE878BC18
C 459
R
P 000001FBE8B1C818
C 380
R
P 000001FBE8B1C818
P 000001FBE878BC18
P 000001FBE9A07708
C 466
R
P 000001FBE8B1C818
C 380
R
P 000001FBE8B1C818
P 000001FBE878BC18
C 479
R
P 000001FBE8B1C818
C 380
R
P 000001FBE8B1C818
P 000001FBE878BC18
C 484
= 000001FBEA21F588
R
P 000001FBE8B1C818
C 380
R
P 000001FBE8B1C818
P 000001FBEA21F588
C 338
R
P 000001FBE8B1C818
C 380
R
P 000001FBE8B1C818
P 000001FBEA21F588
C 375
R
P 000001FBE8B1C818
C 380
M "ProveExample2"
R
P 000001FBE8B1C818
C 33
= 000001FBE9A15238
R
P 000001FBE8B1C818
C 380
R
P 000001FBE8B1C818
P 000001FBE9A15238
C 293
R
P 000001FBE8B1C818
C 380
R
P 000001FBE8B1C818
P 000001FBE9A15238
C 9
R
P 000001FBE8B1C818
C 380
R
P 000001FBE8B1C818
S "g"
C 30
R
P 000001FBE8B1C818
C 380
R
P 000001FBE8B1C818
$ |g|
C 237
R
P 000001FBE8B1C818
C 380
R
P 000001FBE8B1C818
$ |g|
U 1
P 000001FBE9A15238
p 1
P 000001FBE9A15238
C 49
= 000001FBE9A27E48
R
P 000001FBE8B1C818
C 380
R
P 000001FBE8B1C818
P 000001FBE9A27E48
C 293
R
P 000001FBE8B1C818
C 380
R
P 000001FBE8B1C818
P 000001FBE9A27E48
C 9
R
P 000001FBE8B1C818
C 380
R
P 000001FBE8B1C818
S "x"
C 30
R
P 000001FBE8B1C818
C 380
R
P 000001FBE8B1C818
$ |x|
C 237
R
P 000001FBE8B1C818
C 380
R
P 000001FBE8B1C818
$ |x|
P 000001FBE9A15238
C 51
= 000001FBE9A15DF8
R
P 000001FBE8B1C818
C 380
R
P 000001FBE8B1C818
P 000001FBE9A15DF8
C 293
R
P 000001FBE8B1C818
C 380
R
P 000001FBE8B1C818
P 000001FBE9A15DF8
C 290
= 000001FBE9A15238
R
P 000001FBE8B1C818
C 380
R
P 000001FBE8B1C818
P 000001FBE9A15238
C 244
R
P 000001FBE8B1C818
C 380
R
P 000001FBE8B1C818
P 000001FBE9A15DF8
C 296
R
P 000001FBE8B1C818
C 380
R
P 000001FBE8B1C818
P 000001FBE9A15DF8
C 295
R
P 000001FBE8B1C818
C 380
R
P 000001FBE8B1C818
P 000001FBE9A15DF8
C 294
R
P 000001FBE8B1C818
C 380
R
P 000001FBE8B1C818
P 000001FBE9A15DF8
C 9
R
P 000001FBE8B1C818
C 380
R
P 000001FBE8B1C818
S "y"
C 30
R
P 000001FBE8B1C818
C 380
R
P 000001FBE8B1C818
$ |y|
C 237
R
P 000001FBE8B1C818
C 380
R
P 000001FBE8B1C818
$ |y|
P 000001FBE9A15238
C 51
= 000001FBE9A15E18
R
P 000001FBE8B1C818
C 380
R
P 000001FBE8B1C818
P 000001FBE9A15E18
C 293
R
P 000001FBE8B1C818
C 380
R
P 000001FBE8B1C818
P 000001FBE9A15E18
C 290
= 000001FBE9A15238
R
P 000001FBE8B1C818
C 380
R
P 000001FBE8B1C818
P 000001FBE9A15238
C 244
R
P 000001FBE8B1C818
C 380
R
P 000001FBE8B1C818
P 000001FBE9A15E18
C 296
R
P 000001FBE8B1C818
C 380
R
P 000001FBE8B1C818
P 000001FBE9A15E18
C 295
R
P 000001FBE8B1C818
C 380
R
P 000001FBE8B1C818
P 000001FBE9A15E18
C 294
R
P 000001FBE8B1C818
C 380
R
P 000001FBE8B1C818
P 000001FBE9A15E18
C 9
R
P 000001FBE8B1C818
C 380
R
P 000001FBE8B1C818
S "z"
C 30
R
P 000001FBE8B1C818
C 380
R
P 000001FBE8B1C818
$ |z|
C 237
R
P 000001FBE8B1C818
C 380
R
P 000001FBE8B1C818
$ |z|
P 000001FBE9A15238
C 51
= 000001FBE9A15E38
R
P 000001FBE8B1C818
C 380
R
P 000001FBE8B1C818
P 000001FBE9A15E38
C 293
R
P 000001FBE8B1C818
C 380
R
P 000001FBE8B1C818
P 000001FBE9A15E38
C 290
= 000001FBE9A15238
R
P 000001FBE8B1C818
C 380
R
P 000001FBE8B1C818
P 000001FBE9A15238
C 244
R
P 000001FBE8B1C818
C 380
R
P 000001FBE8B1C818
P 000001FBE9A15E38
C 296
R
P 000001FBE8B1C818
C 380
R
P 000001FBE8B1C818
P 000001FBE9A15E38
C 295
R
P 000001FBE8B1C818
C 380
R
P 000001FBE8B1C818
P 000001FBE9A15E38
C 294
R
P 000001FBE8B1C818
C 380
R
P 000001FBE8B1C818
P 000001FBE9A15E38
C 9
R
P 000001FBE8B1C818
C 380
R
P 000001FBE8B1C818
P 000001FBE9A27E48
U 1
P 000001FBE9A15DF8
p 1
C 50
= 000001FBE9A078E8
R
P 000001FBE8B1C818
C 380
R
P 000001FBE8B1C818
P 000001FBE9A078E8
C 293
R
P 000001FBE8B1C818
C 380
R
P 000001FBE8B1C818
P 000001FBE9A078E8
C 290
= 000001FBE9A15238
R
P 000001FBE8B1C818
C 380
R
P 000001FBE8B1C818
P 000001FBE9A15238
C 244
R
P 000001FBE8B1C818
C 380
R
P 000001FBE8B1C818
P 000001FBE9A078E8
C 296
R
P 000001FBE8B1C818
C 380
R
P 000001FBE8B1C818
P 000001FBE9A078E8
C 295
R
P 000001FBE8B1C818
C 380
R
P 000001FBE8B1C818
P 000001FBE9A078E8
C 294
R
P 000001FBE8B1C818
C 380
R
P 000001FBE8B1C818
P 000001FBE9A078E8
C 9
R
P 000001FBE8B1C818
C 380
R
P 000001FBE8B1C818
P 000001FBE9A27E48
U 1
P 000001FBE9A15E18
p 1
C 50
= 000001FBE9A07918
R
P 000001FBE8B1C818
C 380
R
P 000001FBE8B1C818
P 000001FBE9A07918
C 293
R
P 000001FBE8B1C818
C 380
R
P 000001FBE8B1C818
P 000001FBE9A07918
C 290
= 000001FBE9A15238
R
P 000001FBE8B1C818
C 380
R
P 000001FBE8B1C818
P 000001FBE9A15238
C 244
R
P 000001FBE8B1C818
C 380
R
P 000001FBE8B1C818
P 000001FBE9A07918
C 296
R
P 000001FBE8B1C818
C 380
R
P 000001FBE8B1C818
P 000001FBE9A07918
C 295
R
P 000001FBE8B1C818
C 380
R
P 000001FBE8B1C818
P 000001FBE9A07918
C 294
R
P 000001FBE8B1C818
C 380
R
P 000001FBE8B1C818
P 000001FBE9A07918
C 9
R
P 000001FBE8B1C818
C 380
R
P 000001FBE8B1C818
P 000001FBE9A27E48
U 1
P 000001FBE9A15E38
p 1
C 50
= 000001FBE9A07948
R
P 000001FBE8B1C818
C 380
R
P 000001FBE8B1C818
P 000001FBE9A07948
C 293
R
P 000001FBE8B1C818
C 380
R
P 000001FBE8B1C818
P 000001FBE9A07948
C 290
= 000001FBE9A15238
R
P 000001FBE8B1C818
C 380
R
P 000001FBE8B1C818
P 000001FBE9A15238
C 244
R
P 000001FBE8B1C818
C 380
R
P 000001FBE8B1C818
P 000001FBE9A07948
C 296
R
P 000001FBE8B1C818
C 380
R
P 000001FBE8B1C818
P 000001FBE9A07948
C 295
R
P 000001FBE8B1C818
C 380
R
P 000001FBE8B1C818
P 000001FBE9A07948
C 294
R
P 000001FBE8B1C818
C 380
R
P 000001FBE8B1C818
P 000001FBE9A07948
C 9
R
P 000001FBE8B1C818
C 380
R
P 000001FBE8B1C818
I 0
P 000001FBE9A15238
C 154
= 000001FBE9A15E58
R
P 000001FBE8B1C818
C 380
R
P 000001FBE8B1C818
P 000001FBE9A15E58
C 294
R
P 000001FBE8B1C818
C 380
R
P 000001FBE8B1C818
P 000001FBE9A15E58
C 9
R
P 000001FBE8B1C818
C 380
R
P 000001FBE8B1C818
U 2
P 000001FBE9A078E8
P 000001FBE9A07918
p 2
C 69
= 000001FBE9A27DD8
R
P 000001FBE8B1C818
C 380
R
P 000001FBE8B1C818
P 000001FBE9A27DD8
C 293
R
P 000001FBE8B1C818
C 380
R
P 000001FBE8B1C818
P 000001FBE9A27DD8
C 290
= 000001FBE9A15238
R
P 000001FBE8B1C818
C 380
R
P 000001FBE8B1C818
P 000001FBE9A15238
C 244
R
P 000001FBE8B1C818
C 380
R
P 000001FBE8B1C818
P 000001FBE9A27DD8
C 296
R
P 000001FBE8B1C818
C 380
R
P 000001FBE8B1C818
P 000001FBE9A27DD8
C 295
R
P 000001FBE8B1C818
C 380
R
P 000001FBE8B1C818
P 000001FBE9A27DD8
C 294
R
P 000001FBE8B1C818
C 380
R
P 000001FBE8B1C818
P 000001FBE9A27DD8
C 9
R
P 000001FBE8B1C818
C 380
R
P 000001FBE8B1C818
P 000001FBE9A27E48
U 1
P 000001FBE9A27DD8
p 1
C 50
= 000001FBE9A079A8
R
P 000001FBE8B1C818
C 380
R
P 000001FBE8B1C818
P 000001FBE9A079A8
C 293
R
P 000001FBE8B1C818
C 380
R
P 000001FBE8B1C818
P 000001FBE9A079A8
C 290
= 000001FBE9A15238
R
P 000001FBE8B1C818
C 380
R
P 000001FBE8B1C818
P 000001FBE9A15238
C 244
R
P 000001FBE8B1C818
C 380
R
P 000001FBE8B1C818
P 000001FBE9A079A8
C 296
R
P 000001FBE8B1C818
C 380
R
P 000001FBE8B1C818
P 000001FBE9A079A8
C 295
R
P 000001FBE8B1C818
C 380
R
P 000001FBE8B1C818
P 000001FBE9A079A8
C 294
R
P 000001FBE8B1C818
C 380
R
P 000001FBE8B1C818
P 000001FBE9A079A8
C 9
R
P 000001FBE8B1C818
C 380
R
P 000001FBE8B1C818
P 000001FBE9A079A8
P 000001FBE9A07948
C 58
= 000001FBE9A27EB8
R
P 000001FBE8B1C818
C 380
R
P 000001FBE8B1C818
P 000001FBE9A27EB8
C 294
R
P 000001FBE8B1C818
C 380
R
P 000001FBE8B1C818
P 000001FBE9A27EB8
C 9
R
P 000001FBE8B1C818
C 380
R
P 000001FBE8B1C818
P 000001FBE9A27EB8
C 60
= 000001FBE9A079D8
R
P 000001FBE8B1C818
C 380
R
P 000001FBE8B1C818
P 000001FBE9A079D8
C 294
R
P 000001FBE8B1C818
C 380
R
P 000001FBE8B1C818
P 000001FBE9A079D8
C 9
R
P 000001FBE8B1C818
C 380
R
P 000001FBE8B1C818
U 2
P 000001FBE9A15DF8
P 000001FBE9A15E38
p 2
C 67
= 000001FBE9A27E80
R
P 000001FBE8B1C818
C 380
R
P 000001FBE8B1C818
P 000001FBE9A27E80
C 293
R
P 000001FBE8B1C818
C 380
R
P 000001FBE8B1C818
P 000001FBE9A27E80
C 290
= 000001FBE9A15238
R
P 000001FBE8B1C818
C 380
R
P 000001FBE8B1C818
P 000001FBE9A15238
C 244
R
P 000001FBE8B1C818
C 380
R
P 000001FBE8B1C818
P 000001FBE9A27E80
C 296
R
P 000001FBE8B1C818
C 380
R
P 000001FBE8B1C818
P 000001FBE9A27E80
C 295
R
P 000001FBE8B1C818
C 380
R
P 000001FBE8B1C818
P 000001FBE9A27E80
C 294
R
P 000001FBE8B1C818
C 380
R
P 000001FBE8B1C818
P 000001FBE9A27E80
C 9
R
P 000001FBE8B1C818
C 380
R
P 000001FBE8B1C818
P 000001FBE9A27E80
P 000001FBE9A15E18
C 76
= 000001FBE9A27E10
R
P 000001FBE8B1C818
C 380
R
P 000001FBE8B1C818
P 000001FBE9A27E10
C 294
R
P 000001FBE8B1C818
C 380
R
P 000001FBE8B1C818
P 000001FBE9A27E10
C 9
R
P 000001FBE8B1C818
C 380
R
P 000001FBE8B1C818
P 000001FBE9A15E18
P 000001FBE9A15DF8
C 76
= 000001FBE9A27DA0
R
P 000001FBE8B1C818
C 380
R
P 000001FBE8B1C818
P 000001FBE9A27DA0
C 294
R
P 000001FBE8B1C818
C 380
R
P 000001FBE8B1C818
P 000001FBE9A27DA0
C 9
R
P 000001FBE8B1C818
C 380
R
P 000001FBE8B1C818
P 000001FBE9A15E38
P 000001FBE9A15E58
C 75
= 000001FBE9A27EF0
R
P 000001FBE8B1C818
C 380
R
P 000001FBE8B1C818
P 000001FBE9A27EF0
C 294
R
P 000001FBE8B1C818
C 380
R
P 000001FBE8B1C818
P 000001FBE9A27EF0
C 9
R
P 000001FBE8B1C818
C 380
R
P 000001FBE8B1C818
P 000001FBE9A27EF0
C 371
R
P 000001FBE8B1C818
C 380
R
P 000001FBE8B1C818
C 450
= 000001FBE9FB9328
R
P 000001FBE8B1C818
C 380
R
P 000001FBE8B1C818
P 000001FBE9FB9328
C 459
R
P 000001FBE8B1C818
C 380
R
P 000001FBE8B1C818
C 13
= 000001FBEA21F168
R
P 000001FBE8B1C818
C 380
R
P 000001FBE8B1C818
P 000001FBEA21F168
C 14
R
P 000001FBE8B1C818
C 380
R
P 000001FBE8B1C818
S "mbqi"
C 30
R
P 000001FBE8B1C818
C 380
R
P 000001FBE8B1C818
$ |mbqi|
C 237
R
P 000001FBE8B1C818
C 380
R
P 000001FBE8B1C818
P 000001FBEA21F168
$ |mbqi|
I 0
C 16
R
P 000001FBE8B1C818
C 380
R
P 000001FBE8B1C818
P 000001FBE9FB9328
P 000001FBEA21F168
C 458
R
P 000001FBE8B1C818
C 380
R
P 000001FBE8B1C818
P 000001FBE9FB9328
P 000001FBE9A079D8
C 466
R
P 000001FBE8B1C818
C 380
R
P 000001FBE8B1C818
P 000001FBE9FB9328
P 000001FBE9A27E10
C 466
R
P 000001FBE8B1C818
C 380
R
P 000001FBE8B1C818
P 000001FBE9FB9328
P 000001FBE9A27DA0
C 466
R
P 000001FBE8B1C818
C 380
R
P 000001FBE8B1C818
P 000001FBE9A27EF0
C 60
= 000001FBE9A07C78
R
P 000001FBE8B1C818
C 380
R
P 000001FBE8B1C818
P 000001FBE9A07C78
C 294
R
P 000001FBE8B1C818
C 380
R
P 000001FBE8B1C818
P 000001FBE9A07C78
C 9
R
P 000001FBE8B1C818
C 380
R
P 000001FBE8B1C818
P 000001FBE9FB9328
P 000001FBE9A07C78
C 466
R
P 000001FBE8B1C818
C 380
R
P 000001FBE8B1C818
P 000001FBE9FB9328
C 479
R
P 000001FBE8B1C818
C 380
R
P 000001FBE8B1C818
P 000001FBE9FB9328
C 485
= 000001FBE9A19300
R
P 000001FBE8B1C818
C 380
R
P 000001FBE8B1C818
P 000001FBE9A19300
C 293
R
P 000001FBE8B1C818
C 380
R
P 000001FBE8B1C818
P 000001FBE9A19300
C 290
= 000001FBE9A15198
R
P 000001FBE8B1C818
C 380
R
P 000001FBE8B1C818
P 000001FBE9A15198
C 244
R
P 000001FBE8B1C818
C 380
R
P 000001FBE8B1C818
P 000001FBE9A19300
C 296
R
P 000001FBE8B1C818
C 380
R
P 000001FBE8B1C818
P 000001FBE9A19300
C 295
R
P 000001FBE8B1C818
C 380
R
P 000001FBE8B1C818
P 000001FBE9A19300
C 294
R
P 000001FBE8B1C818
C 380
R
P 000001FBE8B1C818
P 000001FBE9A19300
C 9
R
P 000001FBE8B1C818
C 380
R
P 000001FBE8B1C818
P 000001FBE9A19300
C 371
R
P 000001FBE8B1C818
C 380
R
P 000001FBE8B1C818
I -1
P 000001FBE9A15238
C 154
= 000001FBE9A15E78
R
P 000001FBE8B1C818
C 380
R
P 000001FBE8B1C818
P 000001FBE9A15E78
C 294
R
P 000001FBE8B1C818
C 380
R
P 000001FBE8B1C818
P 000001FBE9A15E78
C 9
R
P 000001FBE8B1C818
C 380
R
P 000001FBE8B1C818
P 000001FBE9A15E38
P 000001FBE9A15E78
C 75
= 000001FBE9A28698
R
P 000001FBE8B1C818
C 380
R
P 000001FBE8B1C818
P 000001FBE9A28698
C 294
R
P 000001FBE8B1C818
C 380
R
P 000001FBE8B1C818
P 000001FBE9A28698
C 9
R
P 000001FBE8B1C818
C 380
R
P 000001FBE8B1C818
P 000001FBE9A28698
C 371
R
P 000001FBE8B1C818
C 380
R
P 000001FBE8B1C818
C 450
= 000001FBE9FB69E8
R
P 000001FBE8B1C818
C 380
R
P 000001FBE8B1C818
P 000001FBE9FB69E8
C 459
R
P 000001FBE8B1C818
C 380
R
P 000001FBE8B1C818
C 13
= 000001FBEAD402A8
R
P 000001FBE8B1C818
C 380
R
P 000001FBE8B1C818
P 000001FBEAD402A8
C 14
R
P 000001FBE8B1C818
C 380
R
P 000001FBE8B1C818
S "mbqi"
C 30
R
P 000001FBE8B1C818
C 380
R
P 000001FBE8B1C818
$ |mbqi|
C 237
R
P 000001FBE8B1C818
C 380
R
P 000001FBE8B1C818
P 000001FBEAD402A8
$ |mbqi|
I 0
C 16
R
P 000001FBE8B1C818
C 380
R
P 000001FBE8B1C818
P 000001FBE9FB69E8
P 000001FBEAD402A8
C 458
R
P 000001FBE8B1C818
C 380
R
P 000001FBE8B1C818
P 000001FBE9FB69E8
P 000001FBE9A079D8
C 466
R
P 000001FBE8B1C818
C 380
R
P 000001FBE8B1C818
P 000001FBE9FB69E8
P 000001FBE9A27E10
C 466
R
P 000001FBE8B1C818
C 380
R
P 000001FBE8B1C818
P 000001FBE9FB69E8
P 000001FBE9A27DA0
C 466
R
P 000001FBE8B1C818
C 380
R
P 000001FBE8B1C818
P 000001FBE9A28698
C 60
= 000001FBE9A084B8
R
P 000001FBE8B1C818
C 380
R
P 000001FBE8B1C818
P 000001FBE9A084B8
C 294
R
P 000001FBE8B1C818
C 380
R
P 000001FBE8B1C818
P 000001FBE9A084B8
C 9
R
P 000001FBE8B1C818
C 380
R
P 000001FBE8B1C818
P 000001FBE9FB69E8
P 000001FBE9A084B8
C 466
R
P 000001FBE8B1C818
C 380
R
P 000001FBE8B1C818
P 000001FBE9FB69E8
C 479
R
P 000001FBE8B1C818
C 380
R
P 000001FBE8B1C818
P 000001FBE9FB69E8
C 484
= 000001FBEB0008F8
R
P 000001FBE8B1C818
C 380
R
P 000001FBE8B1C818
P 000001FBEB0008F8
C 338
R
P 000001FBE8B1C818
C 380
R
P 000001FBE8B1C818
P 000001FBEB0008F8
C 375
R
P 000001FBE8B1C818
C 380
M "ArrayExample2"
R
P 000001FBE8B1C818
P 000001FBE9A15238
P 000001FBE9A15238
C 37
= 000001FBE9A15F18
R
P 000001FBE8B1C818
C 380
R
P 000001FBE8B1C818
P 000001FBE9A15F18
C 293
R
P 000001FBE8B1C818
C 380
R
P 000001FBE8B1C818
P 000001FBE9A15F18
C 9
R
P 000001FBE8B1C818
C 380
R
P 000001FBE8B1C818
S "a1"
C 30
R
P 000001FBE8B1C818
C 380
R
P 000001FBE8B1C818
$ |a1|
C 237
R
P 000001FBE8B1C818
C 380
R
P 000001FBE8B1C818
$ |a1|
P 000001FBE9A15F18
C 51
= 000001FBE9A15EF8
R
P 000001FBE8B1C818
C 380
R
P 000001FBE8B1C818
P 000001FBE9A15EF8
C 293
R
P 000001FBE8B1C818
C 380
R
P 000001FBE8B1C818
P 000001FBE9A15EF8
C 290
= 000001FBE9A15F18
R
P 000001FBE8B1C818
C 380
R
P 000001FBE8B1C818
P 000001FBE9A15F18
C 244
R
P 000001FBE8B1C818
C 380
R
P 000001FBE8B1C818
P 000001FBE9A15EF8
C 296
R
P 000001FBE8B1C818
C 380
R
P 000001FBE8B1C818
P 000001FBE9A15EF8
C 295
R
P 000001FBE8B1C818
C 380
R
P 000001FBE8B1C818
P 000001FBE9A15EF8
C 294
R
P 000001FBE8B1C818
C 380
R
P 000001FBE8B1C818
P 000001FBE9A15EF8
C 9
R
P 000001FBE8B1C818
C 380
R
P 000001FBE8B1C818
S "a2"
C 30
R
P 000001FBE8B1C818
C 380
R
P 000001FBE8B1C818
$ |a2|
C 237
R
P 000001FBE8B1C818
C 380
R
P 000001FBE8B1C818
P 000001FBE9A15238
P 000001FBE9A15238
C 37
= 000001FBE9A15F18
R
P 000001FBE8B1C818
C 380
R
P 000001FBE8B1C818
P 000001FBE9A15F18
C 293
R
P 000001FBE8B1C818
C 380
R
P 000001FBE8B1C818
P 000001FBE9A15F18
C 9
R
P 000001FBE8B1C818
C 380
R
P 000001FBE8B1C818
$ |a2|
P 000001FBE9A15F18
C 51
= 000001FBE9A15FF8
R
P 000001FBE8B1C818
C 380
R
P 000001FBE8B1C818
P 000001FBE9A15FF8
C 293
R
P 000001FBE8B1C818
C 380
R
P 000001FBE8B1C818
P 000001FBE9A15FF8
C 290
= 000001FBE9A15F18
R
P 000001FBE8B1C818
C 380
R
P 000001FBE8B1C818
P 000001FBE9A15F18
C 244
R
P 000001FBE8B1C818
C 380
R
P 000001FBE8B1C818
P 000001FBE9A15FF8
C 296
R
P 000001FBE8B1C818
C 380
R
P 000001FBE8B1C818
P 000001FBE9A15FF8
C 295
R
P 000001FBE8B1C818
C 380
R
P 000001FBE8B1C818
P 000001FBE9A15FF8
C 294
R
P 000001FBE8B1C818
C 380
R
P 000001FBE8B1C818
P 000001FBE9A15FF8
C 9
R
P 000001FBE8B1C818
C 380
R
P 000001FBE8B1C818
S "i1"
C 30
R
P 000001FBE8B1C818
C 380
R
P 000001FBE8B1C818
$ |i1|
C 237
R
P 000001FBE8B1C818
C 380
R
P 000001FBE8B1C818
$ |i1|
P 000001FBE9A15238
C 51
= 000001FBE9A16018
R
P 000001FBE8B1C818
C 380
R
P 000001FBE8B1C818
P 000001FBE9A16018
C 293
R
P 000001FBE8B1C818
C 380
R
P 000001FBE8B1C818
P 000001FBE9A16018
C 290
= 000001FBE9A15238
R
P 000001FBE8B1C818
C 380
R
P 000001FBE8B1C818
P 000001FBE9A15238
C 244
R
P 000001FBE8B1C818
C 380
R
P 000001FBE8B1C818
P 000001FBE9A16018
C 296
R
P 000001FBE8B1C818
C 380
R
P 000001FBE8B1C818
P 000001FBE9A16018
C 295
R
P 000001FBE8B1C818
C 380
R
P 000001FBE8B1C818
P 000001FBE9A16018
C 294
R
P 000001FBE8B1C818
C 380
R
P 000001FBE8B1C818
P 000001FBE9A16018
C 9
R
P 000001FBE8B1C818
C 380
R
P 000001FBE8B1C818
S "i2"
C 30
R
P 000001FBE8B1C818
C 380
R
P 000001FBE8B1C818
$ |i2|
C 237
R
P 000001FBE8B1C818
C 380
R
P 000001FBE8B1C818
$ |i2|
P 000001FBE9A15238
C 51
= 000001FBE9A16038
R
P 000001FBE8B1C818
C 380
R
P 000001FBE8B1C818
P 000001FBE9A16038
C 293
R
P 000001FBE8B1C818
C 380
R
P 000001FBE8B1C818
P 000001FBE9A16038
C 290
= 000001FBE9A15238
R
P 000001FBE8B1C818
C 380
R
P 000001FBE8B1C818
P 000001FBE9A15238
C 244
R
P 000001FBE8B1C818
C 380
R
P 000001FBE8B1C818
P 000001FBE9A16038
C 296
R
P 000001FBE8B1C818
C 380
R
P 000001FBE8B1C818
P 000001FBE9A16038
C 295
R
P 000001FBE8B1C818
C 380
R
P 000001FBE8B1C818
P 000001FBE9A16038
C 294
R
P 000001FBE8B1C818
C 380
R
P 000001FBE8B1C818
P 000001FBE9A16038
C 9
R
P 000001FBE8B1C818
C 380
R
P 000001FBE8B1C818
S "i3"
C 30
R
P 000001FBE8B1C818
C 380
R
P 000001FBE8B1C818
$ |i3|
C 237
R
P 000001FBE8B1C818
C 380
R
P 000001FBE8B1C818
$ |i3|
P 000001FBE9A15238
C 51
= 000001FBE9A16058
R
P 000001FBE8B1C818
C 380
R
P 000001FBE8B1C818
P 000001FBE9A16058
C 293
R
P 000001FBE8B1C818
C 380
R
P 000001FBE8B1C818
P 000001FBE9A16058
C 290
= 000001FBE9A15238
R
P 000001FBE8B1C818
C 380
R
P 000001FBE8B1C818
P 000001FBE9A15238
C 244
R
P 000001FBE8B1C818
C 380
R
P 000001FBE8B1C818
P 000001FBE9A16058
C 296
R
P 000001FBE8B1C818
C 380
R
P 000001FBE8B1C818
P 000001FBE9A16058
C 295
R
P 000001FBE8B1C818
C 380
R
P 000001FBE8B1C818
P 000001FBE9A16058
C 294
R
P 000001FBE8B1C818
C 380
R
P 000001FBE8B1C818
P 000001FBE9A16058
C 9
R
P 000001FBE8B1C818
C 380
R
P 000001FBE8B1C818
S "v1"
C 30
R
P 000001FBE8B1C818
C 380
R
P 000001FBE8B1C818
$ |v1|
C 237
R
P 000001FBE8B1C818
C 380
R
P 000001FBE8B1C818
$ |v1|
P 000001FBE9A15238
C 51
= 000001FBE9A16078
R
P 000001FBE8B1C818
C 380
R
P 000001FBE8B1C818
P 000001FBE9A16078
C 293
R
P 000001FBE8B1C818
C 380
R
P 000001FBE8B1C818
P 000001FBE9A16078
C 290
= 000001FBE9A15238
R
P 000001FBE8B1C818
C 380
R
P 000001FBE8B1C818
P 000001FBE9A15238
C 244
R
P 000001FBE8B1C818
C 380
R
P 000001FBE8B1C818
P 000001FBE9A16078
C 296
R
P 000001FBE8B1C818
C 380
R
P 000001FBE8B1C818
P 000001FBE9A16078
C 295
R
P 000001FBE8B1C818
C 380
R
P 000001FBE8B1C818
P 000001FBE9A16078
C 294
R
P 000001FBE8B1C818
C 380
R
P 000001FBE8B1C818
P 000001FBE9A16078
C 9
R
P 000001FBE8B1C818
C 380
R
P 000001FBE8B1C818
S "v2"
C 30
R
P 000001FBE8B1C818
C 380
R
P 000001FBE8B1C818
$ |v2|
C 237
R
P 000001FBE8B1C818
C 380
R
P 000001FBE8B1C818
$ |v2|
P 000001FBE9A15238
C 51
= 000001FBE9A16098
R
P 000001FBE8B1C818
C 380
R
P 000001FBE8B1C818
P 000001FBE9A16098
C 293
R
P 000001FBE8B1C818
C 380
R
P 000001FBE8B1C818
P 000001FBE9A16098
C 290
= 000001FBE9A15238
R
P 000001FBE8B1C818
C 380
R
P 000001FBE8B1C818
P 000001FBE9A15238
C 244
R
P 000001FBE8B1C818
C 380
R
P 000001FBE8B1C818
P 000001FBE9A16098
C 296
R
P 000001FBE8B1C818
C 380
R
P 000001FBE8B1C818
P 000001FBE9A16098
C 295
R
P 000001FBE8B1C818
C 380
R
P 000001FBE8B1C818
P 000001FBE9A16098
C 294
R
P 000001FBE8B1C818
C 380
R
P 000001FBE8B1C818
P 000001FBE9A16098
C 9
R
P 000001FBE8B1C818
C 380
R
P 000001FBE8B1C818
P 000001FBE9A15EF8
P 000001FBE9A16018
P 000001FBE9A16078
C 133
= 000001FBE9A26238
R
P 000001FBE8B1C818
C 380
R
P 000001FBE8B1C818
P 000001FBE9A26238
C 294
R
P 000001FBE8B1C818
C 380
R
P 000001FBE8B1C818
P 000001FBE9A26238
C 9
R
P 000001FBE8B1C818
C 380
R
P 000001FBE8B1C818
P 000001FBE9A15FF8
P 000001FBE9A16038
P 000001FBE9A16098
C 133
= 000001FBE9A262F8
R
P 000001FBE8B1C818
C 380
R
P 000001FBE8B1C818
P 000001FBE9A262F8
C 294
R
P 000001FBE8B1C818
C 380
R
P 000001FBE8B1C818
P 000001FBE9A262F8
C 9
R
P 000001FBE8B1C818
C 380
R
P 000001FBE8B1C818
P 000001FBE9A15EF8
P 000001FBE9A16058
C 131
= 000001FBE9A28AC0
R
P 000001FBE8B1C818
C 380
R
P 000001FBE8B1C818
P 000001FBE9A28AC0
C 293
R
P 000001FBE8B1C818
C 380
R
P 000001FBE8B1C818
P 000001FBE9A28AC0
C 290
= 000001FBE9A15238
R
P 000001FBE8B1C818
C 380
R
P 000001FBE8B1C818
P 000001FBE9A15238
C 244
R
P 000001FBE8B1C818
C 380
R
P 000001FBE8B1C818
P 000001FBE9A28AC0
C 296
R
P 000001FBE8B1C818
C 380
R
P 000001FBE8B1C818
P 000001FBE9A28AC0
C 295
R
P 000001FBE8B1C818
C 380
R
P 000001FBE8B1C818
P 000001FBE9A28AC0
C 294
R
P 000001FBE8B1C818
C 380
R
P 000001FBE8B1C818
P 000001FBE9A28AC0
C 9
R
P 000001FBE8B1C818
C 380
R
P 000001FBE8B1C818
P 000001FBE9A15FF8
P 000001FBE9A16058
C 131
= 000001FBE9A29188
R
P 000001FBE8B1C818
C 380
R
P 000001FBE8B1C818
P 000001FBE9A29188
C 293
R
P 000001FBE8B1C818
C 380
R
P 000001FBE8B1C818
P 000001FBE9A29188
C 290
= 000001FBE9A15238
R
P 000001FBE8B1C818
C 380
R
P 000001FBE8B1C818
P 000001FBE9A15238
C 244
R
P 000001FBE8B1C818
C 380
R
P 000001FBE8B1C818
P 000001FBE9A29188
C 296
R
P 000001FBE8B1C818
C 380
R
P 000001FBE8B1C818
P 000001FBE9A29188
C 295
R
P 000001FBE8B1C818
C 380
R
P 000001FBE8B1C818
P 000001FBE9A29188
C 294
R
P 000001FBE8B1C818
C 380
R
P 000001FBE8B1C818
P 000001FBE9A29188
C 9
R
P 000001FBE8B1C818
C 380
R
P 000001FBE8B1C818
P 000001FBE9A26238
P 000001FBE9A262F8
C 58
= 000001FBE9A28900
R
P 000001FBE8B1C818
C 380
R
P 000001FBE8B1C818
P 000001FBE9A28900
C 294
R
P 000001FBE8B1C818
C 380
R
P 000001FBE8B1C818
P 000001FBE9A28900
C 9
R
P 000001FBE8B1C818
C 380
R
P 000001FBE8B1C818
P 000001FBE9A16018
P 000001FBE9A16058
C 58
= 000001FBE9A28938
R
P 000001FBE8B1C818
C 380
R
P 000001FBE8B1C818
P 000001FBE9A28938
C 294
R
P 000001FBE8B1C818
C 380
R
P 000001FBE8B1C818
P 000001FBE9A28938
C 9
R
P 000001FBE8B1C818
C 380
R
P 000001FBE8B1C818
P 000001FBE9A16038
P 000001FBE9A16058
C 58
= 000001FBE9A28A50
R
P 000001FBE8B1C818
C 380
R
P 000001FBE8B1C818
P 000001FBE9A28A50
C 294
R
P 000001FBE8B1C818
C 380
R
P 000001FBE8B1C818
P 000001FBE9A28A50
C 9
R
P 000001FBE8B1C818
C 380
R
P 000001FBE8B1C818
P 000001FBE9A28AC0
P 000001FBE9A29188
C 58
= 000001FBE9A28A88
R
P 000001FBE8B1C818
C 380
R
P 000001FBE8B1C818
P 000001FBE9A28A88
C 294
R
P 000001FBE8B1C818
C 380
R
P 000001FBE8B1C818
P 000001FBE9A28A88
C 9
R
P 000001FBE8B1C818
C 380
R
P 000001FBE8B1C818
U 3
P 000001FBE9A28938
P 000001FBE9A28A50
P 000001FBE9A28A88
p 3
C 66
= 000001FBE9A25F78
R
P 000001FBE8B1C818
C 380
R
P 000001FBE8B1C818
P 000001FBE9A25F78
C 294
R
P 000001FBE8B1C818
C 380
R
P 000001FBE8B1C818
P 000001FBE9A25F78
C 9
R
P 000001FBE8B1C818
C 380
R
P 000001FBE8B1C818
P 000001FBE9A28900
P 000001FBE9A25F78
C 63
= 000001FBE9A28A18
R
P 000001FBE8B1C818
C 380
R
P 000001FBE8B1C818
P 000001FBE9A28A18
C 294
R
P 000001FBE8B1C818
C 380
R
P 000001FBE8B1C818
P 000001FBE9A28A18
C 9
R
P 000001FBE8B1C818
C 380
R
P 000001FBE8B1C818
P 000001FBE9A28A18
C 371
R
P 000001FBE8B1C818
C 380
R
P 000001FBE8B1C818
P 000001FBE9A28A18
C 371
R
P 000001FBE8B1C818
C 380
R
P 000001FBE8B1C818
C 450
= 000001FBE9FB7B18
R
P 000001FBE8B1C818
C 380
R
P 000001FBE8B1C818
P 000001FBE9FB7B18
C 459
R
P 000001FBE8B1C818
C 380
R
P 000001FBE8B1C818
C 13
= 000001FBEB0001D8
R
P 000001FBE8B1C818
C 380
R
P 000001FBE8B1C818
P 000001FBEB0001D8
C 14
R
P 000001FBE8B1C818
C 380
R
P 000001FBE8B1C818
S "mbqi"
C 30
R
P 000001FBE8B1C818
C 380
R
P 000001FBE8B1C818
$ |mbqi|
C 237
R
P 000001FBE8B1C818
C 380
R
P 000001FBE8B1C818
P 000001FBEB0001D8
$ |mbqi|
I 0
C 16
R
P 000001FBE8B1C818
C 380
R
P 000001FBE8B1C818
P 000001FBE9FB7B18
P 000001FBEB0001D8
C 458
R
P 000001FBE8B1C818
C 380
R
P 000001FBE8B1C818
P 000001FBE9A28A18
C 60
= 000001FBE9A08638
R
P 000001FBE8B1C818
C 380
R
P 000001FBE8B1C818
P 000001FBE9A08638
C 294
R
P 000001FBE8B1C818
C 380
R
P 000001FBE8B1C818
P 000001FBE9A08638
C 9
R
P 000001FBE8B1C818
C 380
R
P 000001FBE8B1C818
P 000001FBE9FB7B18
P 000001FBE9A08638
C 466
R
P 000001FBE8B1C818
C 380
R
P 000001FBE8B1C818
P 000001FBE9FB7B18
C 479
R
P 000001FBE8B1C818
C 380
R
P 000001FBE8B1C818
P 000001FBE9FB7B18
C 485
= 000001FBE9A194B0
R
P 000001FBE8B1C818
C 380
R
P 000001FBE8B1C818
P 000001FBE9A194B0
C 293
R
P 000001FBE8B1C818
C 380
R
P 000001FBE8B1C818
P 000001FBE9A194B0
C 290
= 000001FBE9A15198
R
P 000001FBE8B1C818
C 380
R
P 000001FBE8B1C818
P 000001FBE9A15198
C 244
R
P 000001FBE8B1C818
C 380
R
P 000001FBE8B1C818
P 000001FBE9A194B0
C 296
R
P 000001FBE8B1C818
C 380
R
P 000001FBE8B1C818
P 000001FBE9A194B0
C 295
R
P 000001FBE8B1C818
C 380
R
P 000001FBE8B1C818
P 000001FBE9A194B0
C 294
R
P 000001FBE8B1C818
C 380
R
P 000001FBE8B1C818
P 000001FBE9A194B0
C 9
R
P 000001FBE8B1C818
C 380
R
P 000001FBE8B1C818
P 000001FBE9A194B0
C 371
R
P 000001FBE8B1C818
C 380
M "TupleExample"
R
P 000001FBE8B1C818
S "mk_tuple"
C 30
R
P 000001FBE8B1C818
C 380
R
P 000001FBE8B1C818
$ |mk_tuple|
C 237
R
P 000001FBE8B1C818
C 380
R
P 000001FBE8B1C818
S "first"
C 30
R
P 000001FBE8B1C818
C 380
R
P 000001FBE8B1C818
$ |first|
C 237
R
P 000001FBE8B1C818
C 380
R
P 000001FBE8B1C818
S "second"
C 30
R
P 000001FBE8B1C818
C 380
R
P 000001FBE8B1C818
$ |second|
C 237
R
P 000001FBE8B1C818
C 380
R
P 000001FBE8B1C818
$ |mk_tuple|
U 2
$ |first|
$ |second|
s 2
P 000001FBE9A15238
P 000001FBE9A15238
p 2
P 0000000000000000
P 0000000000000000
P 0000000000000000
p 2
C 39
= 000001FBE9A160D8
* 000001FBE9A264F8 5
@ 000001FBEADC30E8 6 0
@ 000001FBE9A28E08 6 1
R
P 000001FBE8B1C818
C 380
R
P 000001FBE8B1C818
P 000001FBE9A160D8
C 293
R
P 000001FBE8B1C818
C 380
R
P 000001FBE8B1C818
P 000001FBE9A160D8
C 9
R
P 000001FBE8B1C818
C 380
R
P 000001FBE8B1C818
P 000001FBE9A160D8
C 251
R
P 000001FBE8B1C818
C 380
R
P 000001FBE8B1C818
P 000001FBE9A160D8
U 0
C 252
= 000001FBEADC30E8
R
P 000001FBE8B1C818
C 380
R
P 000001FBE8B1C818
P 000001FBEADC30E8
C 293
R
P 000001FBE8B1C818
C 380
R
P 000001FBE8B1C818
P 000001FBEADC30E8
C 9
R
P 000001FBE8B1C818
C 380
R
P 000001FBE8B1C818
P 000001FBE9A160D8
U 1
C 252
= 000001FBE9A28E08
R
P 000001FBE8B1C818
C 380
R
P 000001FBE8B1C818
P 000001FBE9A28E08
C 293
R
P 000001FBE8B1C818
C 380
R
P 000001FBE8B1C818
P 000001FBE9A28E08
C 9
R
P 000001FBE8B1C818
C 380
R
P 000001FBE8B1C818
P 000001FBE9A160D8
C 251
R
P 000001FBE8B1C818
C 380
R
P 000001FBE8B1C818
P 000001FBE9A160D8
U 0
C 252
= 000001FBEADC30E8
R
P 000001FBE8B1C818
C 380
R
P 000001FBE8B1C818
P 000001FBEADC30E8
C 293
R
P 000001FBE8B1C818
C 380
R
P 000001FBE8B1C818
P 000001FBEADC30E8
C 9
R
P 000001FBE8B1C818
C 380
R
P 000001FBE8B1C818
P 000001FBE9A160D8
U 1
C 252
= 000001FBE9A28E08
R
P 000001FBE8B1C818
C 380
R
P 000001FBE8B1C818
P 000001FBE9A28E08
C 293
R
P 000001FBE8B1C818
C 380
R
P 000001FBE8B1C818
P 000001FBE9A28E08
C 9
R
P 000001FBE8B1C818
C 380
R
P 000001FBE8B1C818
S "x"
C 30
R
P 000001FBE8B1C818
C 380
R
P 000001FBE8B1C818
$ |x|
C 237
R
P 000001FBE8B1C818
C 380
R
P 000001FBE8B1C818
$ |x|
P 000001FBE9A15238
C 51
= 000001FBE9A15DF8
R
P 000001FBE8B1C818
C 380
R
P 000001FBE8B1C818
P 000001FBE9A15DF8
C 293
R
P 000001FBE8B1C818
C 380
R
P 000001FBE8B1C818
P 000001FBE9A15DF8
C 290
= 000001FBE9A15238
R
P 000001FBE8B1C818
C 380
R
P 000001FBE8B1C818
P 000001FBE9A15238
C 244
R
P 000001FBE8B1C818
C 380
R
P 000001FBE8B1C818
P 000001FBE9A15DF8
C 296
R
P 000001FBE8B1C818
C 380
R
P 000001FBE8B1C818
P 000001FBE9A15DF8
C 295
R
P 000001FBE8B1C818
C 380
R
P 000001FBE8B1C818
P 000001FBE9A15DF8
C 294
R
P 000001FBE8B1C818
C 380
R
P 000001FBE8B1C818
P 000001FBE9A15DF8
C 9
R
P 000001FBE8B1C818
C 380
R
P 000001FBE8B1C818
S "y"
C 30
R
P 000001FBE8B1C818
C 380
R
P 000001FBE8B1C818
$ |y|
C 237
R
P 000001FBE8B1C818
C 380
R
P 000001FBE8B1C818
$ |y|
P 000001FBE9A15238
C 51
= 000001FBE9A15E18
R
P 000001FBE8B1C818
C 380
R
P 000001FBE8B1C818
P 000001FBE9A15E18
C 293
R
P 000001FBE8B1C818
C 380
R
P 000001FBE8B1C818
P 000001FBE9A15E18
C 290
= 000001FBE9A15238
R
P 000001FBE8B1C818
C 380
R
P 000001FBE8B1C818
P 000001FBE9A15238
C 244
R
P 000001FBE8B1C818
C 380
R
P 000001FBE8B1C818
P 000001FBE9A15E18
C 296
R
P 000001FBE8B1C818
C 380
R
P 000001FBE8B1C818
P 000001FBE9A15E18
C 295
R
P 000001FBE8B1C818
C 380
R
P 000001FBE8B1C818
P 000001FBE9A15E18
C 294
R
P 000001FBE8B1C818
C 380
R
P 000001FBE8B1C818
P 000001FBE9A15E18
C 9
R
P 000001FBE8B1C818
C 380
R
P 000001FBE8B1C818
P 000001FBE9A160D8
C 250
= 000001FBE9A264F8
R
P 000001FBE8B1C818
C 380
R
P 000001FBE8B1C818
P 000001FBE9A264F8
C 293
R
P 000001FBE8B1C818
C 380
R
P 000001FBE8B1C818
P 000001FBE9A264F8
C 9
R
P 000001FBE8B1C818
C 380
R
P 000001FBE8B1C818
P 000001FBE9A264F8
U 2
P 000001FBE9A15DF8
P 000001FBE9A15E18
p 2
C 50
= 000001FBEADC2C50
R
P 000001FBE8B1C818
C 380
R
P 000001FBE8B1C818
P 000001FBEADC2C50
C 293
R
P 000001FBE8B1C818
C 380
R
P 000001FBE8B1C818
P 000001FBEADC2C50
C 290
= 000001FBE9A160D8
R
P 000001FBE8B1C818
C 380
R
P 000001FBE8B1C818
P 000001FBE9A160D8
C 244
R
P 000001FBE8B1C818
C 380
R
P 000001FBE8B1C818
P 000001FBEADC2C50
C 296
R
P 000001FBE8B1C818
C 380
R
P 000001FBE8B1C818
P 000001FBEADC2C50
C 295
R
P 000001FBE8B1C818
C 380
R
P 000001FBE8B1C818
P 000001FBEADC2C50
C 294
R
P 000001FBE8B1C818
C 380
R
P 000001FBE8B1C818
P 000001FBEADC2C50
C 9
R
P 000001FBE8B1C818
C 380
R
P 000001FBE8B1C818
P 000001FBEADC30E8
U 1
P 000001FBEADC2C50
p 1
C 50
= 000001FBE9A08818
R
P 000001FBE8B1C818
C 380
R
P 000001FBE8B1C818
P 000001FBE9A08818
C 293
R
P 000001FBE8B1C818
C 380
R
P 000001FBE8B1C818
P 000001FBE9A08818
C 290
= 000001FBE9A15238
R
P 000001FBE8B1C818
C 380
R
P 000001FBE8B1C818
P 000001FBE9A15238
C 244
R
P 000001FBE8B1C818
C 380
R
P 000001FBE8B1C818
P 000001FBE9A08818
C 296
R
P 000001FBE8B1C818
C 380
R
P 000001FBE8B1C818
P 000001FBE9A08818
C 295
R
P 000001FBE8B1C818
C 380
R
P 000001FBE8B1C818
P 000001FBE9A08818
C 294
R
P 000001FBE8B1C818
C 380
R
P 000001FBE8B1C818
P 000001FBE9A08818
C 9
R
P 000001FBE8B1C818
C 380
R
P 000001FBE8B1C818
P 000001FBE9A15DF8
P 000001FBE9A08818
C 58
= 000001FBE9A28B30
R
P 000001FBE8B1C818
C 380
R
P 000001FBE8B1C818
P 000001FBE9A28B30
C 294
R
P 000001FBE8B1C818
C 380
R
P 000001FBE8B1C818
P 000001FBE9A28B30
C 9
R
P 000001FBE8B1C818
C 380
R
P 000001FBE8B1C818
P 000001FBE9A28B30
C 371
R
P 000001FBE8B1C818
C 380
R
P 000001FBE8B1C818
P 000001FBE9A28B30
C 371
R
P 000001FBE8B1C818
C 380
R
P 000001FBE8B1C818
C 450
= 000001FBE9FB7FE8
R
P 000001FBE8B1C818
C 380
R
P 000001FBE8B1C818
P 000001FBE9FB7FE8
C 459
R
P 000001FBE8B1C818
C 380
R
P 000001FBE8B1C818
C 13
= 000001FBEB0D6918
R
P 000001FBE8B1C818
C 380
R
P 000001FBE8B1C818
P 000001FBEB0D6918
C 14
R
P 000001FBE8B1C818
C 380
R
P 000001FBE8B1C818
S "mbqi"
C 30
R
P 000001FBE8B1C818
C 380
R
P 000001FBE8B1C818
$ |mbqi|
C 237
R
P 000001FBE8B1C818
C 380
R
P 000001FBE8B1C818
P 000001FBEB0D6918
$ |mbqi|
I 0
C 16
R
P 000001FBE8B1C818
C 380
R
P 000001FBE8B1C818
P 000001FBE9FB7FE8
P 000001FBEB0D6918
C 458
R
P 000001FBE8B1C818
C 380
R
P 000001FBE8B1C818
P 000001FBE9A28B30
C 60
= 000001FBE9A087E8
R
P 000001FBE8B1C818
C 380
R
P 000001FBE8B1C818
P 000001FBE9A087E8
C 294
R
P 000001FBE8B1C818
C 380
R
P 000001FBE8B1C818
P 000001FBE9A087E8
C 9
R
P 000001FBE8B1C818
C 380
R
P 000001FBE8B1C818
P 000001FBE9FB7FE8
P 000001FBE9A087E8
C 466
R
P 000001FBE8B1C818
C 380
R
P 000001FBE8B1C818
P 000001FBE9FB7FE8
C 479
R
P 000001FBE8B1C818
C 380
R
P 000001FBE8B1C818
P 000001FBE9FB7FE8
C 485
= 000001FBE9A26638
R
P 000001FBE8B1C818
C 380
R
P 000001FBE8B1C818
P 000001FBE9A26638
C 293
R
P 000001FBE8B1C818
C 380
R
P 000001FBE8B1C818
P 000001FBE9A26638
C 290
= 000001FBE9A15198
R
P 000001FBE8B1C818
C 380
R
P 000001FBE8B1C818
P 000001FBE9A15198
C 244
R
P 000001FBE8B1C818
C 380
R
P 000001FBE8B1C818
P 000001FBE9A26638
C 296
R
P 000001FBE8B1C818
C 380
R
P 000001FBE8B1C818
P 000001FBE9A26638
C 295
R
P 000001FBE8B1C818
C 380
R
P 000001FBE8B1C818
P 000001FBE9A26638
C 294
R
P 000001FBE8B1C818
C 380
R
P 000001FBE8B1C818
P 000001FBE9A26638
C 9
R
P 000001FBE8B1C818
C 380
R
P 000001FBE8B1C818
P 000001FBE9A26638
C 371
R
P 000001FBE8B1C818
C 380
M "EnumExample"
R
P 000001FBE8B1C818
S "fruit"
C 30
R
P 000001FBE8B1C818
C 380
R
P 000001FBE8B1C818
$ |fruit|
C 237
R
P 000001FBE8B1C818
C 380
R
P 000001FBE8B1C818
S "apple"
C 30
R
P 000001FBE8B1C818
C 380
R
P 000001FBE8B1C818
$ |apple|
C 237
R
P 000001FBE8B1C818
C 380
R
P 000001FBE8B1C818
S "banana"
C 30
R
P 000001FBE8B1C818
C 380
R
P 000001FBE8B1C818
$ |banana|
C 237
R
P 000001FBE8B1C818
C 380
R
P 000001FBE8B1C818
S "orange"
C 30
R
P 000001FBE8B1C818
C 380
R
P 000001FBE8B1C818
$ |orange|
C 237
R
P 000001FBE8B1C818
C 380
R
P 000001FBE8B1C818
$ |fruit|
U 3
$ |apple|
$ |banana|
$ |orange|
s 3
P 0000000000000000
P 0000000000000000
P 0000000000000000
p 3
P 0000000000000000
P 0000000000000000
P 0000000000000000
p 3
C 40
= 000001FBE9A160B8
@ 000001FBE9A08A58 4 0
@ 000001FBE9A08A88 4 1
@ 000001FBE9A08AB8 4 2
@ 000001FBEADC2FD0 5 0
@ 000001FBEADC3008 5 1
@ 000001FBEADC3040 5 2
R
P 000001FBE8B1C818
C 380
R
P 000001FBE8B1C818
P 000001FBE9A160B8
C 293
R
P 000001FBE8B1C818
C 380
R
P 000001FBE8B1C818
P 000001FBE9A160B8
C 9
R
P 000001FBE8B1C818
C 380
R
P 000001FBE8B1C818
P 000001FBE9A160B8
C 253
R
P 000001FBE8B1C818
C 380
R
P 000001FBE8B1C818
P 000001FBE9A160B8
U 0
C 254
= 000001FBE9A08A58
R
P 000001FBE8B1C818
C 380
R
P 000001FBE8B1C818
P 000001FBE9A08A58
C 293
R
P 000001FBE8B1C818
C 380
R
P 000001FBE8B1C818
P 000001FBE9A08A58
C 9
R
P 000001FBE8B1C818
C 380
R
P 000001FBE8B1C818
P 000001FBE9A160B8
U 1
C 254
= 000001FBE9A08A88
R
P 000001FBE8B1C818
C 380
R
P 000001FBE8B1C818
P 000001FBE9A08A88
C 293
R
P 000001FBE8B1C818
C 380
R
P 000001FBE8B1C818
P 000001FBE9A08A88
C 9
R
P 000001FBE8B1C818
C 380
R
P 000001FBE8B1C818
P 000001FBE9A160B8
U 2
C 254
= 000001FBE9A08AB8
R
P 000001FBE8B1C818
C 380
R
P 000001FBE8B1C818
P 000001FBE9A08AB8
C 293
R
P 000001FBE8B1C818
C 380
R
P 000001FBE8B1C818
P 000001FBE9A08AB8
C 9
R
P 000001FBE8B1C818
C 380
R
P 000001FBE8B1C818
P 000001FBE9A08A58
U 0
p 0
C 50
= 000001FBE9A160F8
R
P 000001FBE8B1C818
C 380
R
P 000001FBE8B1C818
P 000001FBE9A160F8
C 293
R
P 000001FBE8B1C818
C 380
R
P 000001FBE8B1C818
P 000001FBE9A160F8
C 290
= 000001FBE9A160B8
R
P 000001FBE8B1C818
C 380
R
P 000001FBE8B1C818
P 000001FBE9A160B8
C 244
R
P 000001FBE8B1C818
C 380
R
P 000001FBE8B1C818
P 000001FBE9A160F8
C 296
R
P 000001FBE8B1C818
C 380
R
P 000001FBE8B1C818
P 000001FBE9A160F8
C 295
R
P 000001FBE8B1C818
C 380
R
P 000001FBE8B1C818
P 000001FBE9A160F8
C 294
R
P 000001FBE8B1C818
C 380
R
P 000001FBE8B1C818
P 000001FBE9A160F8
C 9
R
P 000001FBE8B1C818
C 380
R
P 000001FBE8B1C818
P 000001FBE9A08A88
U 0
p 0
C 50
= 000001FBE9A16118
R
P 000001FBE8B1C818
C 380
R
P 000001FBE8B1C818
P 000001FBE9A16118
C 293
R
P 000001FBE8B1C818
C 380
R
P 000001FBE8B1C818
P 000001FBE9A16118
C 290
= 000001FBE9A160B8
R
P 000001FBE8B1C818
C 380
R
P 000001FBE8B1C818
P 000001FBE9A160B8
C 244
R
P 000001FBE8B1C818
C 380
R
P 000001FBE8B1C818
P 000001FBE9A16118
C 296
R
P 000001FBE8B1C818
C 380
R
P 000001FBE8B1C818
P 000001FBE9A16118
C 295
R
P 000001FBE8B1C818
C 380
R
P 000001FBE8B1C818
P 000001FBE9A16118
C 294
R
P 000001FBE8B1C818
C 380
R
P 000001FBE8B1C818
P 000001FBE9A16118
C 9
R
P 000001FBE8B1C818
C 380
R
P 000001FBE8B1C818
P 000001FBE9A08AB8
U 0
p 0
C 50
= 000001FBE9A16138
R
P 000001FBE8B1C818
C 380
R
P 000001FBE8B1C818
P 000001FBE9A16138
C 293
R
P 000001FBE8B1C818
C 380
R
P 000001FBE8B1C818
P 000001FBE9A16138
C 290
= 000001FBE9A160B8
R
P 000001FBE8B1C818
C 380
R
P 000001FBE8B1C818
P 000001FBE9A160B8
C 244
R
P 000001FBE8B1C818
C 380
R
P 000001FBE8B1C818
P 000001FBE9A16138
C 296
R
P 000001FBE8B1C818
C 380
R
P 000001FBE8B1C818
P 000001FBE9A16138
C 295
R
P 000001FBE8B1C818
C 380
R
P 000001FBE8B1C818
P 000001FBE9A16138
C 294
R
P 000001FBE8B1C818
C 380
R
P 000001FBE8B1C818
P 000001FBE9A16138
C 9
R
P 000001FBE8B1C818
C 380
R
P 000001FBE8B1C818
P 000001FBE9A160F8
C 371
R
P 000001FBE8B1C818
C 380
R
P 000001FBE8B1C818
P 000001FBE9A160B8
C 253
R
P 000001FBE8B1C818
C 380
R
P 000001FBE8B1C818
P 000001FBE9A160B8
U 0
C 254
= 000001FBE9A08A58
R
P 000001FBE8B1C818
C 380
R
P 000001FBE8B1C818
P 000001FBE9A08A58
C 293
R
P 000001FBE8B1C818
C 380
R
P 000001FBE8B1C818
P 000001FBE9A08A58
C 9
R
P 000001FBE8B1C818
C 380
R
P 000001FBE8B1C818
P 000001FBE9A160B8
U 1
C 254
= 000001FBE9A08A88
R
P 000001FBE8B1C818
C 380
R
P 000001FBE8B1C818
P 000001FBE9A08A88
C 293
R
P 000001FBE8B1C818
C 380
R
P 000001FBE8B1C818
P 000001FBE9A08A88
C 9
R
P 000001FBE8B1C818
C 380
R
P 000001FBE8B1C818
P 000001FBE9A160B8
U 2
C 254
= 000001FBE9A08AB8
R
P 000001FBE8B1C818
C 380
R
P 000001FBE8B1C818
P 000001FBE9A08AB8
C 293
R
P 000001FBE8B1C818
C 380
R
P 000001FBE8B1C818
P 000001FBE9A08AB8
C 9
R
P 000001FBE8B1C818
C 380
R
P 000001FBE8B1C818
P 000001FBE9A08A58
U 0
p 0
C 50
= 000001FBE9A160F8
R
P 000001FBE8B1C818
C 380
R
P 000001FBE8B1C818
P 000001FBE9A160F8
C 293
R
P 000001FBE8B1C818
C 380
R
P 000001FBE8B1C818
P 000001FBE9A160F8
C 290
= 000001FBE9A160B8
R
P 000001FBE8B1C818
C 380
R
P 000001FBE8B1C818
P 000001FBE9A160B8
C 244
R
P 000001FBE8B1C818
C 380
R
P 000001FBE8B1C818
P 000001FBE9A160F8
C 296
R
P 000001FBE8B1C818
C 380
R
P 000001FBE8B1C818
P 000001FBE9A160F8
C 295
R
P 000001FBE8B1C818
C 380
R
P 000001FBE8B1C818
P 000001FBE9A160F8
C 294
R
P 000001FBE8B1C818
C 380
R
P 000001FBE8B1C818
P 000001FBE9A160F8
C 9
R
P 000001FBE8B1C818
C 380
R
P 000001FBE8B1C818
P 000001FBE9A08A88
U 0
p 0
C 50
= 000001FBE9A16118
R
P 000001FBE8B1C818
C 380
R
P 000001FBE8B1C818
P 000001FBE9A16118
C 293
R
P 000001FBE8B1C818
C 380
R
P 000001FBE8B1C818
P 000001FBE9A16118
C 290
= 000001FBE9A160B8
R
P 000001FBE8B1C818
C 380
R
P 000001FBE8B1C818
P 000001FBE9A160B8
C 244
R
P 000001FBE8B1C818
C 380
R
P 000001FBE8B1C818
P 000001FBE9A16118
C 296
R
P 000001FBE8B1C818
C 380
R
P 000001FBE8B1C818
P 000001FBE9A16118
C 295
R
P 000001FBE8B1C818
C 380
R
P 000001FBE8B1C818
P 000001FBE9A16118
C 294
R
P 000001FBE8B1C818
C 380
R
P 000001FBE8B1C818
P 000001FBE9A16118
C 9
R
P 000001FBE8B1C818
C 380
R
P 000001FBE8B1C818
P 000001FBE9A08AB8
U 0
p 0
C 50
= 000001FBE9A16138
R
P 000001FBE8B1C818
C 380
R
P 000001FBE8B1C818
P 000001FBE9A16138
C 293
R
P 000001FBE8B1C818
C 380
R
P 000001FBE8B1C818
P 000001FBE9A16138
C 290
= 000001FBE9A160B8
R
P 000001FBE8B1C818
C 380
R
P 000001FBE8B1C818
P 000001FBE9A160B8
C 244
R
P 000001FBE8B1C818
C 380
R
P 000001FBE8B1C818
P 000001FBE9A16138
C 296
R
P 000001FBE8B1C818
C 380
R
P 000001FBE8B1C818
P 000001FBE9A16138
C 295
R
P 000001FBE8B1C818
C 380
R
P 000001FBE8B1C818
P 000001FBE9A16138
C 294
R
P 000001FBE8B1C818
C 380
R
P 000001FBE8B1C818
P 000001FBE9A16138
C 9
R
P 000001FBE8B1C818
C 380
R
P 000001FBE8B1C818
P 000001FBE9A16118
C 371
R
P 000001FBE8B1C818
C 380
R
P 000001FBE8B1C818
P 000001FBE9A160B8
C 253
R
P 000001FBE8B1C818
C 380
R
P 000001FBE8B1C818
P 000001FBE9A160B8
U 0
C 254
= 000001FBE9A08A58
R
P 000001FBE8B1C818
C 380
R
P 000001FBE8B1C818
P 000001FBE9A08A58
C 293
R
P 000001FBE8B1C818
C 380
R
P 000001FBE8B1C818
P 000001FBE9A08A58
C 9
R
P 000001FBE8B1C818
C 380
R
P 000001FBE8B1C818
P 000001FBE9A160B8
U 1
C 254
= 000001FBE9A08A88
R
P 000001FBE8B1C818
C 380
R
P 000001FBE8B1C818
P 000001FBE9A08A88
C 293
R
P 000001FBE8B1C818
C 380
R
P 000001FBE8B1C818
P 000001FBE9A08A88
C 9
R
P 000001FBE8B1C818
C 380
R
P 000001FBE8B1C818
P 000001FBE9A160B8
U 2
C 254
= 000001FBE9A08AB8
R
P 000001FBE8B1C818
C 380
R
P 000001FBE8B1C818
P 000001FBE9A08AB8
C 293
R
P 000001FBE8B1C818
C 380
R
P 000001FBE8B1C818
P 000001FBE9A08AB8
C 9
R
P 000001FBE8B1C818
C 380
R
P 000001FBE8B1C818
P 000001FBE9A08A58
U 0
p 0
C 50
= 000001FBE9A160F8
R
P 000001FBE8B1C818
C 380
R
P 000001FBE8B1C818
P 000001FBE9A160F8
C 293
R
P 000001FBE8B1C818
C 380
R
P 000001FBE8B1C818
P 000001FBE9A160F8
C 290
= 000001FBE9A160B8
R
P 000001FBE8B1C818
C 380
R
P 000001FBE8B1C818
P 000001FBE9A160B8
C 244
R
P 000001FBE8B1C818
C 380
R
P 000001FBE8B1C818
P 000001FBE9A160F8
C 296
R
P 000001FBE8B1C818
C 380
R
P 000001FBE8B1C818
P 000001FBE9A160F8
C 295
R
P 000001FBE8B1C818
C 380
R
P 000001FBE8B1C818
P 000001FBE9A160F8
C 294
R
P 000001FBE8B1C818
C 380
R
P 000001FBE8B1C818
P 000001FBE9A160F8
C 9
R
P 000001FBE8B1C818
C 380
R
P 000001FBE8B1C818
P 000001FBE9A08A88
U 0
p 0
C 50
= 000001FBE9A16118
R
P 000001FBE8B1C818
C 380
R
P 000001FBE8B1C818
P 000001FBE9A16118
C 293
R
P 000001FBE8B1C818
C 380
R
P 000001FBE8B1C818
P 000001FBE9A16118
C 290
= 000001FBE9A160B8
R
P 000001FBE8B1C818
C 380
R
P 000001FBE8B1C818
P 000001FBE9A160B8
C 244
R
P 000001FBE8B1C818
C 380
R
P 000001FBE8B1C818
P 000001FBE9A16118
C 296
R
P 000001FBE8B1C818
C 380
R
P 000001FBE8B1C818
P 000001FBE9A16118
C 295
R
P 000001FBE8B1C818
C 380
R
P 000001FBE8B1C818
P 000001FBE9A16118
C 294
R
P 000001FBE8B1C818
C 380
R
P 000001FBE8B1C818
P 000001FBE9A16118
C 9
R
P 000001FBE8B1C818
C 380
R
P 000001FBE8B1C818
P 000001FBE9A08AB8
U 0
p 0
C 50
= 000001FBE9A16138
R
P 000001FBE8B1C818
C 380
R
P 000001FBE8B1C818
P 000001FBE9A16138
C 293
R
P 000001FBE8B1C818
C 380
R
P 000001FBE8B1C818
P 000001FBE9A16138
C 290
= 000001FBE9A160B8
R
P 000001FBE8B1C818
C 380
R
P 000001FBE8B1C818
P 000001FBE9A160B8
C 244
R
P 000001FBE8B1C818
C 380
R
P 000001FBE8B1C818
P 000001FBE9A16138
C 296
R
P 000001FBE8B1C818
C 380
R
P 000001FBE8B1C818
P 000001FBE9A16138
C 295
R
P 000001FBE8B1C818
C 380
R
P 000001FBE8B1C818
P 000001FBE9A16138
C 294
R
P 000001FBE8B1C818
C 380
R
P 000001FBE8B1C818
P 000001FBE9A16138
C 9
R
P 000001FBE8B1C818
C 380
R
P 000001FBE8B1C818
P 000001FBE9A16138
C 371
R
P 000001FBE8B1C818
C 380
R
P 000001FBE8B1C818
P 000001FBE9A160B8
C 253
R
P 000001FBE8B1C818
C 380
R
P 000001FBE8B1C818
P 000001FBE9A160B8
U 0
C 255
= 000001FBEADC3040
R
P 000001FBE8B1C818
C 380
R
P 000001FBE8B1C818
P 000001FBEADC3040
C 293
R
P 000001FBE8B1C818
C 380
R
P 000001FBE8B1C818
P 000001FBEADC3040
C 9
R
P 000001FBE8B1C818
C 380
R
P 000001FBE8B1C818
P 000001FBE9A160B8
U 1
C 255
= 000001FBEADC3008
R
P 000001FBE8B1C818
C 380
R
P 000001FBE8B1C818
P 000001FBEADC3008
C 293
R
P 000001FBE8B1C818
C 380
R
P 000001FBE8B1C818
P 000001FBEADC3008
C 9
R
P 000001FBE8B1C818
C 380
R
P 000001FBE8B1C818
P 000001FBE9A160B8
U 2
C 255
= 000001FBEADC2FD0
R
P 000001FBE8B1C818
C 380
R
P 000001FBE8B1C818
P 000001FBEADC2FD0
C 293
R
P 000001FBE8B1C818
C 380
R
P 000001FBE8B1C818
P 000001FBEADC2FD0
C 9
R
P 000001FBE8B1C818
C 380
R
P 000001FBE8B1C818
P 000001FBEADC3040
C 371
R
P 000001FBE8B1C818
C 380
R
P 000001FBE8B1C818
P 000001FBE9A160B8
C 253
R
P 000001FBE8B1C818
C 380
R
P 000001FBE8B1C818
P 000001FBE9A160B8
U 0
C 255
= 000001FBEADC3040
R
P 000001FBE8B1C818
C 380
R
P 000001FBE8B1C818
P 000001FBEADC3040
C 293
R
P 000001FBE8B1C818
C 380
R
P 000001FBE8B1C818
P 000001FBEADC3040
C 9
R
P 000001FBE8B1C818
C 380
R
P 000001FBE8B1C818
P 000001FBE9A160B8
U 1
C 255
= 000001FBEADC3008
R
P 000001FBE8B1C818
C 380
R
P 000001FBE8B1C818
P 000001FBEADC3008
C 293
R
P 000001FBE8B1C818
C 380
R
P 000001FBE8B1C818
P 000001FBEADC3008
C 9
R
P 000001FBE8B1C818
C 380
R
P 000001FBE8B1C818
P 000001FBE9A160B8
U 2
C 255
= 000001FBEADC2FD0
R
P 000001FBE8B1C818
C 380
R
P 000001FBE8B1C818
P 000001FBEADC2FD0
C 293
R
P 000001FBE8B1C818
C 380
R
P 000001FBE8B1C818
P 000001FBEADC2FD0
C 9
R
P 000001FBE8B1C818
C 380
R
P 000001FBE8B1C818
P 000001FBEADC3008
C 371
R
P 000001FBE8B1C818
C 380
R
P 000001FBE8B1C818
P 000001FBE9A160B8
C 253
R
P 000001FBE8B1C818
C 380
R
P 000001FBE8B1C818
P 000001FBE9A160B8
U 0
C 255
= 000001FBEADC3040
R
P 000001FBE8B1C818
C 380
R
P 000001FBE8B1C818
P 000001FBEADC3040
C 293
R
P 000001FBE8B1C818
C 380
R
P 000001FBE8B1C818
P 000001FBEADC3040
C 9
R
P 000001FBE8B1C818
C 380
R
P 000001FBE8B1C818
P 000001FBE9A160B8
U 1
C 255
= 000001FBEADC3008
R
P 000001FBE8B1C818
C 380
R
P 000001FBE8B1C818
P 000001FBEADC3008
C 293
R
P 000001FBE8B1C818
C 380
R
P 000001FBE8B1C818
P 000001FBEADC3008
C 9
R
P 000001FBE8B1C818
C 380
R
P 000001FBE8B1C818
P 000001FBE9A160B8
U 2
C 255
= 000001FBEADC2FD0
R
P 000001FBE8B1C818
C 380
R
P 000001FBE8B1C818
P 000001FBEADC2FD0
C 293
R
P 000001FBE8B1C818
C 380
R
P 000001FBE8B1C818
P 000001FBEADC2FD0
C 9
R
P 000001FBE8B1C818
C 380
R
P 000001FBE8B1C818
P 000001FBEADC2FD0
C 371
R
P 000001FBE8B1C818
C 380
R
P 000001FBE8B1C818
P 000001FBE9A160B8
C 253
R
P 000001FBE8B1C818
C 380
R
P 000001FBE8B1C818
P 000001FBE9A160B8
U 0
C 254
= 000001FBE9A08A58
R
P 000001FBE8B1C818
C 380
R
P 000001FBE8B1C818
P 000001FBE9A08A58
C 293
R
P 000001FBE8B1C818
C 380
R
P 000001FBE8B1C818
P 000001FBE9A08A58
C 9
R
P 000001FBE8B1C818
C 380
R
P 000001FBE8B1C818
P 000001FBE9A160B8
U 1
C 254
= 000001FBE9A08A88
R
P 000001FBE8B1C818
C 380
R
P 000001FBE8B1C818
P 000001FBE9A08A88
C 293
R
P 000001FBE8B1C818
C 380
R
P 000001FBE8B1C818
P 000001FBE9A08A88
C 9
R
P 000001FBE8B1C818
C 380
R
P 000001FBE8B1C818
P 000001FBE9A160B8
U 2
C 254
= 000001FBE9A08AB8
R
P 000001FBE8B1C818
C 380
R
P 000001FBE8B1C818
P 000001FBE9A08AB8
C 293
R
P 000001FBE8B1C818
C 380
R
P 000001FBE8B1C818
P 000001FBE9A08AB8
C 9
R
P 000001FBE8B1C818
C 380
R
P 000001FBE8B1C818
P 000001FBE9A08A58
U 0
p 0
C 50
= 000001FBE9A160F8
R
P 000001FBE8B1C818
C 380
R
P 000001FBE8B1C818
P 000001FBE9A160F8
C 293
R
P 000001FBE8B1C818
C 380
R
P 000001FBE8B1C818
P 000001FBE9A160F8
C 290
= 000001FBE9A160B8
R
P 000001FBE8B1C818
C 380
R
P 000001FBE8B1C818
P 000001FBE9A160B8
C 244
R
P 000001FBE8B1C818
C 380
R
P 000001FBE8B1C818
P 000001FBE9A160F8
C 296
R
P 000001FBE8B1C818
C 380
R
P 000001FBE8B1C818
P 000001FBE9A160F8
C 295
R
P 000001FBE8B1C818
C 380
R
P 000001FBE8B1C818
P 000001FBE9A160F8
C 294
R
P 000001FBE8B1C818
C 380
R
P 000001FBE8B1C818
P 000001FBE9A160F8
C 9
R
P 000001FBE8B1C818
C 380
R
P 000001FBE8B1C818
P 000001FBE9A08A88
U 0
p 0
C 50
= 000001FBE9A16118
R
P 000001FBE8B1C818
C 380
R
P 000001FBE8B1C818
P 000001FBE9A16118
C 293
R
P 000001FBE8B1C818
C 380
R
P 000001FBE8B1C818
P 000001FBE9A16118
C 290
= 000001FBE9A160B8
R
P 000001FBE8B1C818
C 380
R
P 000001FBE8B1C818
P 000001FBE9A160B8
C 244
R
P 000001FBE8B1C818
C 380
R
P 000001FBE8B1C818
P 000001FBE9A16118
C 296
R
P 000001FBE8B1C818
C 380
R
P 000001FBE8B1C818
P 000001FBE9A16118
C 295
R
P 000001FBE8B1C818
C 380
R
P 000001FBE8B1C818
P 000001FBE9A16118
C 294
R
P 000001FBE8B1C818
C 380
R
P 000001FBE8B1C818
P 000001FBE9A16118
C 9
R
P 000001FBE8B1C818
C 380
R
P 000001FBE8B1C818
P 000001FBE9A08AB8
U 0
p 0
C 50
= 000001FBE9A16138
R
P 000001FBE8B1C818
C 380
R
P 000001FBE8B1C818
P 000001FBE9A16138
C 293
R
P 000001FBE8B1C818
C 380
R
P 000001FBE8B1C818
P 000001FBE9A16138
C 290
= 000001FBE9A160B8
R
P 000001FBE8B1C818
C 380
R
P 000001FBE8B1C818
P 000001FBE9A160B8
C 244
R
P 000001FBE8B1C818
C 380
R
P 000001FBE8B1C818
P 000001FBE9A16138
C 296
R
P 000001FBE8B1C818
C 380
R
P 000001FBE8B1C818
P 000001FBE9A16138
C 295
R
P 000001FBE8B1C818
C 380
R
P 000001FBE8B1C818
P 000001FBE9A16138
C 294
R
P 000001FBE8B1C818
C 380
R
P 000001FBE8B1C818
P 000001FBE9A16138
C 9
R
P 000001FBE8B1C818
C 380
R
P 000001FBE8B1C818
P 000001FBE9A160B8
C 253
R
P 000001FBE8B1C818
C 380
R
P 000001FBE8B1C818
P 000001FBE9A160B8
U 0
C 254
= 000001FBE9A08A58
R
P 000001FBE8B1C818
C 380
R
P 000001FBE8B1C818
P 000001FBE9A08A58
C 293
R
P 000001FBE8B1C818
C 380
R
P 000001FBE8B1C818
P 000001FBE9A08A58
C 9
R
P 000001FBE8B1C818
C 380
R
P 000001FBE8B1C818
P 000001FBE9A160B8
U 1
C 254
= 000001FBE9A08A88
R
P 000001FBE8B1C818
C 380
R
P 000001FBE8B1C818
P 000001FBE9A08A88
C 293
R
P 000001FBE8B1C818
C 380
R
P 000001FBE8B1C818
P 000001FBE9A08A88
C 9
R
P 000001FBE8B1C818
C 380
R
P 000001FBE8B1C818
P 000001FBE9A160B8
U 2
C 254
= 000001FBE9A08AB8
R
P 000001FBE8B1C818
C 380
R
P 000001FBE8B1C818
P 000001FBE9A08AB8
C 293
R
P 000001FBE8B1C818
C 380
R
P 000001FBE8B1C818
P 000001FBE9A08AB8
C 9
R
P 000001FBE8B1C818
C 380
R
P 000001FBE8B1C818
P 000001FBE9A08A58
U 0
p 0
C 50
= 000001FBE9A160F8
R
P 000001FBE8B1C818
C 380
R
P 000001FBE8B1C818
P 000001FBE9A160F8
C 293
R
P 000001FBE8B1C818
C 380
R
P 000001FBE8B1C818
P 000001FBE9A160F8
C 290
= 000001FBE9A160B8
R
P 000001FBE8B1C818
C 380
R
P 000001FBE8B1C818
P 000001FBE9A160B8
C 244
R
P 000001FBE8B1C818
C 380
R
P 000001FBE8B1C818
P 000001FBE9A160F8
C 296
R
P 000001FBE8B1C818
C 380
R
P 000001FBE8B1C818
P 000001FBE9A160F8
C 295
R
P 000001FBE8B1C818
C 380
R
P 000001FBE8B1C818
P 000001FBE9A160F8
C 294
R
P 000001FBE8B1C818
C 380
R
P 000001FBE8B1C818
P 000001FBE9A160F8
C 9
R
P 000001FBE8B1C818
C 380
R
P 000001FBE8B1C818
P 000001FBE9A08A88
U 0
p 0
C 50
= 000001FBE9A16118
R
P 000001FBE8B1C818
C 380
R
P 000001FBE8B1C818
P 000001FBE9A16118
C 293
R
P 000001FBE8B1C818
C 380
R
P 000001FBE8B1C818
P 000001FBE9A16118
C 290
= 000001FBE9A160B8
R
P 000001FBE8B1C818
C 380
R
P 000001FBE8B1C818
P 000001FBE9A160B8
C 244
R
P 000001FBE8B1C818
C 380
R
P 000001FBE8B1C818
P 000001FBE9A16118
C 296
R
P 000001FBE8B1C818
C 380
R
P 000001FBE8B1C818
P 000001FBE9A16118
C 295
R
P 000001FBE8B1C818
C 380
R
P 000001FBE8B1C818
P 000001FBE9A16118
C 294
R
P 000001FBE8B1C818
C 380
R
P 000001FBE8B1C818
P 000001FBE9A16118
C 9
R
P 000001FBE8B1C818
C 380
R
P 000001FBE8B1C818
P 000001FBE9A08AB8
U 0
p 0
C 50
= 000001FBE9A16138
R
P 000001FBE8B1C818
C 380
R
P 000001FBE8B1C818
P 000001FBE9A16138
C 293
R
P 000001FBE8B1C818
C 380
R
P 000001FBE8B1C818
P 000001FBE9A16138
C 290
= 000001FBE9A160B8
R
P 000001FBE8B1C818
C 380
R
P 000001FBE8B1C818
P 000001FBE9A160B8
C 244
R
P 000001FBE8B1C818
C 380
R
P 000001FBE8B1C818
P 000001FBE9A16138
C 296
R
P 000001FBE8B1C818
C 380
R
P 000001FBE8B1C818
P 000001FBE9A16138
C 295
R
P 000001FBE8B1C818
C 380
R
P 000001FBE8B1C818
P 000001FBE9A16138
C 294
R
P 000001FBE8B1C818
C 380
R
P 000001FBE8B1C818
P 000001FBE9A16138
C 9
R
P 000001FBE8B1C818
C 380
R
P 000001FBE8B1C818
P 000001FBE9A160B8
C 253
R
P 000001FBE8B1C818
C 380
R
P 000001FBE8B1C818
P 000001FBE9A160B8
U 0
C 254
= 000001FBE9A08A58
R
P 000001FBE8B1C818
C 380
R
P 000001FBE8B1C818
P 000001FBE9A08A58
C 293
R
P 000001FBE8B1C818
C 380
R
P 000001FBE8B1C818
P 000001FBE9A08A58
C 9
R
P 000001FBE8B1C818
C 380
R
P 000001FBE8B1C818
P 000001FBE9A160B8
U 1
C 254
= 000001FBE9A08A88
R
P 000001FBE8B1C818
C 380
R
P 000001FBE8B1C818
P 000001FBE9A08A88
C 293
R
P 000001FBE8B1C818
C 380
R
P 000001FBE8B1C818
P 000001FBE9A08A88
C 9
R
P 000001FBE8B1C818
C 380
R
P 000001FBE8B1C818
P 000001FBE9A160B8
U 2
C 254
= 000001FBE9A08AB8
R
P 000001FBE8B1C818
C 380
R
P 000001FBE8B1C818
P 000001FBE9A08AB8
C 293
R
P 000001FBE8B1C818
C 380
R
P 000001FBE8B1C818
P 000001FBE9A08AB8
C 9
R
P 000001FBE8B1C818
C 380
R
P 000001FBE8B1C818
P 000001FBE9A08A58
U 0
p 0
C 50
= 000001FBE9A160F8
R
P 000001FBE8B1C818
C 380
R
P 000001FBE8B1C818
P 000001FBE9A160F8
C 293
R
P 000001FBE8B1C818
C 380
R
P 000001FBE8B1C818
P 000001FBE9A160F8
C 290
= 000001FBE9A160B8
R
P 000001FBE8B1C818
C 380
R
P 000001FBE8B1C818
P 000001FBE9A160B8
C 244
R
P 000001FBE8B1C818
C 380
R
P 000001FBE8B1C818
P 000001FBE9A160F8
C 296
R
P 000001FBE8B1C818
C 380
R
P 000001FBE8B1C818
P 000001FBE9A160F8
C 295
R
P 000001FBE8B1C818
C 380
R
P 000001FBE8B1C818
P 000001FBE9A160F8
C 294
R
P 000001FBE8B1C818
C 380
R
P 000001FBE8B1C818
P 000001FBE9A160F8
C 9
R
P 000001FBE8B1C818
C 380
R
P 000001FBE8B1C818
P 000001FBE9A08A88
U 0
p 0
C 50
= 000001FBE9A16118
R
P 000001FBE8B1C818
C 380
R
P 000001FBE8B1C818
P 000001FBE9A16118
C 293
R
P 000001FBE8B1C818
C 380
R
P 000001FBE8B1C818
P 000001FBE9A16118
C 290
= 000001FBE9A160B8
R
P 000001FBE8B1C818
C 380
R
P 000001FBE8B1C818
P 000001FBE9A160B8
C 244
R
P 000001FBE8B1C818
C 380
R
P 000001FBE8B1C818
P 000001FBE9A16118
C 296
R
P 000001FBE8B1C818
C 380
R
P 000001FBE8B1C818
P 000001FBE9A16118
C 295
R
P 000001FBE8B1C818
C 380
R
P 000001FBE8B1C818
P 000001FBE9A16118
C 294
R
P 000001FBE8B1C818
C 380
R
P 000001FBE8B1C818
P 000001FBE9A16118
C 9
R
P 000001FBE8B1C818
C 380
R
P 000001FBE8B1C818
P 000001FBE9A08AB8
U 0
p 0
C 50
= 000001FBE9A16138
R
P 000001FBE8B1C818
C 380
R
P 000001FBE8B1C818
P 000001FBE9A16138
C 293
R
P 000001FBE8B1C818
C 380
R
P 000001FBE8B1C818
P 000001FBE9A16138
C 290
= 000001FBE9A160B8
R
P 000001FBE8B1C818
C 380
R
P 000001FBE8B1C818
P 000001FBE9A160B8
C 244
R
P 000001FBE8B1C818
C 380
R
P 000001FBE8B1C818
P 000001FBE9A16138
C 296
R
P 000001FBE8B1C818
C 380
R
P 000001FBE8B1C818
P 000001FBE9A16138
C 295
R
P 000001FBE8B1C818
C 380
R
P 000001FBE8B1C818
P 000001FBE9A16138
C 294
R
P 000001FBE8B1C818
C 380
R
P 000001FBE8B1C818
P 000001FBE9A16138
C 9
R
P 000001FBE8B1C818
C 380
R
P 000001FBE8B1C818
P 000001FBE9A160F8
P 000001FBE9A16138
C 58
= 000001FBEADC3078
R
P 000001FBE8B1C818
C 380
R
P 000001FBE8B1C818
P 000001FBEADC3078
C 294
R
P 000001FBE8B1C818
C 380
R
P 000001FBE8B1C818
P 000001FBEADC3078
C 9
R
P 000001FBE8B1C818
C 380
R
P 000001FBE8B1C818
P 000001FBEADC3078
C 60
= 000001FBE9A08AE8
R
P 000001FBE8B1C818
C 380
R
P 000001FBE8B1C818
P 000001FBE9A08AE8
C 294
R
P 000001FBE8B1C818
C 380
R
P 000001FBE8B1C818
P 000001FBE9A08AE8
C 9
R
P 000001FBE8B1C818
C 380
R
P 000001FBE8B1C818
P 000001FBE9A08AE8
C 371
R
P 000001FBE8B1C818
C 380
R
P 000001FBE8B1C818
C 450
= 000001FBEB0EA498
R
P 000001FBE8B1C818
C 380
R
P 000001FBE8B1C818
P 000001FBEB0EA498
C 459
R
P 000001FBE8B1C818
C 380
R
P 000001FBE8B1C818
C 13
= 000001FBEB642338
R
P 000001FBE8B1C818
C 380
R
P 000001FBE8B1C818
P 000001FBEB642338
C 14
R
P 000001FBE8B1C818
C 380
R
P 000001FBE8B1C818
S "mbqi"
C 30
R
P 000001FBE8B1C818
C 380
R
P 000001FBE8B1C818
$ |mbqi|
C 237
R
P 000001FBE8B1C818
C 380
R
P 000001FBE8B1C818
P 000001FBEB642338
$ |mbqi|
I 0
C 16
R
P 000001FBE8B1C818
C 380
R
P 000001FBE8B1C818
P 000001FBEB0EA498
P 000001FBEB642338
C 458
R
P 000001FBE8B1C818
C 380
R
P 000001FBE8B1C818
P 000001FBE9A08AE8
C 60
= 000001FBE9A08B18
R
P 000001FBE8B1C818
C 380
R
P 000001FBE8B1C818
P 000001FBE9A08B18
C 294
R
P 000001FBE8B1C818
C 380
R
P 000001FBE8B1C818
P 000001FBE9A08B18
C 9
R
P 000001FBE8B1C818
C 380
R
P 000001FBE8B1C818
P 000001FBEB0EA498
P 000001FBE9A08B18
C 466
R
P 000001FBE8B1C818
C 380
R
P 000001FBE8B1C818
P 000001FBEB0EA498
C 479
R
P 000001FBE8B1C818
C 380
R
P 000001FBE8B1C818
P 000001FBEB0EA498
C 485
= 000001FBE9A26738
R
P 000001FBE8B1C818
C 380
R
P 000001FBE8B1C818
P 000001FBE9A26738
C 293
R
P 000001FBE8B1C818
C 380
R
P 000001FBE8B1C818
P 000001FBE9A26738
C 290
= 000001FBE9A15198
R
P 000001FBE8B1C818
C 380
R
P 000001FBE8B1C818
P 000001FBE9A15198
C 244
R
P 000001FBE8B1C818
C 380
R
P 000001FBE8B1C818
P 000001FBE9A26738
C 296
R
P 000001FBE8B1C818
C 380
R
P 000001FBE8B1C818
P 000001FBE9A26738
C 295
R
P 000001FBE8B1C818
C 380
R
P 000001FBE8B1C818
P 000001FBE9A26738
C 294
R
P 000001FBE8B1C818
C 380
R
P 000001FBE8B1C818
P 000001FBE9A26738
C 9
R
P 000001FBE8B1C818
C 380
R
P 000001FBE8B1C818
P 000001FBE9A26738
C 371
R
P 000001FBE8B1C818
C 380
R
P 000001FBE8B1C818
P 000001FBE9A160B8
C 253
R
P 000001FBE8B1C818
C 380
R
P 000001FBE8B1C818
P 000001FBE9A160B8
U 0
C 255
= 000001FBEADC3040
R
P 000001FBE8B1C818
C 380
R
P 000001FBE8B1C818
P 000001FBEADC3040
C 293
R
P 000001FBE8B1C818
C 380
R
P 000001FBE8B1C818
P 000001FBEADC3040
C 9
R
P 000001FBE8B1C818
C 380
R
P 000001FBE8B1C818
P 000001FBE9A160B8
U 1
C 255
= 000001FBEADC3008
R
P 000001FBE8B1C818
C 380
R
P 000001FBE8B1C818
P 000001FBEADC3008
C 293
R
P 000001FBE8B1C818
C 380
R
P 000001FBE8B1C818
P 000001FBEADC3008
C 9
R
P 000001FBE8B1C818
C 380
R
P 000001FBE8B1C818
P 000001FBE9A160B8
U 2
C 255
= 000001FBEADC2FD0
R
P 000001FBE8B1C818
C 380
R
P 000001FBE8B1C818
P 000001FBEADC2FD0
C 293
R
P 000001FBE8B1C818
C 380
R
P 000001FBE8B1C818
P 000001FBEADC2FD0
C 9
R
P 000001FBE8B1C818
C 380
R
P 000001FBE8B1C818
P 000001FBEADC3040
U 1
P 000001FBE9A160F8
p 1
C 50
= 000001FBE9A08C08
R
P 000001FBE8B1C818
C 380
R
P 000001FBE8B1C818
P 000001FBE9A08C08
C 293
R
P 000001FBE8B1C818
C 380
R
P 000001FBE8B1C818
P 000001FBE9A08C08
C 290
= 000001FBE9A15178
R
P 000001FBE8B1C818
C 380
R
P 000001FBE8B1C818
P 000001FBE9A15178
C 244
R
P 000001FBE8B1C818
C 380
R
P 000001FBE8B1C818
P 000001FBE9A08C08
C 296
R
P 000001FBE8B1C818
C 380
R
P 000001FBE8B1C818
P 000001FBE9A08C08
C 295
R
P 000001FBE8B1C818
C 380
R
P 000001FBE8B1C818
P 000001FBE9A08C08
C 294
R
P 000001FBE8B1C818
C 380
R
P 000001FBE8B1C818
P 000001FBE9A08C08
C 9
R
P 000001FBE8B1C818
C 380
R
P 000001FBE8B1C818
P 000001FBE9A08C08
C 371
R
P 000001FBE8B1C818
C 380
R
P 000001FBE8B1C818
C 450
= 000001FBEB0EB1A8
R
P 000001FBE8B1C818
C 380
R
P 000001FBE8B1C818
P 000001FBEB0EB1A8
C 459
R
P 000001FBE8B1C818
C 380
R
P 000001FBE8B1C818
C 13
= 000001FBEB8A31F8
R
P 000001FBE8B1C818
C 380
R
P 000001FBE8B1C818
P 000001FBEB8A31F8
C 14
R
P 000001FBE8B1C818
C 380
R
P 000001FBE8B1C818
S "mbqi"
C 30
R
P 000001FBE8B1C818
C 380
R
P 000001FBE8B1C818
$ |mbqi|
C 237
R
P 000001FBE8B1C818
C 380
R
P 000001FBE8B1C818
P 000001FBEB8A31F8
$ |mbqi|
I 0
C 16
R
P 000001FBE8B1C818
C 380
R
P 000001FBE8B1C818
P 000001FBEB0EB1A8
P 000001FBEB8A31F8
C 458
R
P 000001FBE8B1C818
C 380
R
P 000001FBE8B1C818
P 000001FBE9A08C08
C 60
= 000001FBE9A08C38
R
P 000001FBE8B1C818
C 380
R
P 000001FBE8B1C818
P 000001FBE9A08C38
C 294
R
P 000001FBE8B1C818
C 380
R
P 000001FBE8B1C818
P 000001FBE9A08C38
C 9
R
P 000001FBE8B1C818
C 380
R
P 000001FBE8B1C818
P 000001FBEB0EB1A8
P 000001FBE9A08C38
C 466
R
P 000001FBE8B1C818
C 380
R
P 000001FBE8B1C818
P 000001FBEB0EB1A8
C 479
R
P 000001FBE8B1C818
C 380
R
P 000001FBE8B1C818
P 000001FBEB0EB1A8
C 485
= 000001FBE9A267B8
R
P 000001FBE8B1C818
C 380
R
P 000001FBE8B1C818
P 000001FBE9A267B8
C 293
R
P 000001FBE8B1C818
C 380
R
P 000001FBE8B1C818
P 000001FBE9A267B8
C 290
= 000001FBE9A15198
R
P 000001FBE8B1C818
C 380
R
P 000001FBE8B1C818
P 000001FBE9A15198
C 244
R
P 000001FBE8B1C818
C 380
R
P 000001FBE8B1C818
P 000001FBE9A267B8
C 296
R
P 000001FBE8B1C818
C 380
R
P 000001FBE8B1C818
P 000001FBE9A267B8
C 295
R
P 000001FBE8B1C818
C 380
R
P 000001FBE8B1C818
P 000001FBE9A267B8
C 294
R
P 000001FBE8B1C818
C 380
R
P 000001FBE8B1C818
P 000001FBE9A267B8
C 9
R
P 000001FBE8B1C818
C 380
R
P 000001FBE8B1C818
P 000001FBE9A267B8
C 371
R
P 000001FBE8B1C818
C 380
R
P 000001FBE8B1C818
P 000001FBE9A160B8
C 253
R
P 000001FBE8B1C818
C 380
R
P 000001FBE8B1C818
P 000001FBE9A160B8
U 0
C 255
= 000001FBEADC3040
R
P 000001FBE8B1C818
C 380
R
P 000001FBE8B1C818
P 000001FBEADC3040
C 293
R
P 000001FBE8B1C818
C 380
R
P 000001FBE8B1C818
P 000001FBEADC3040
C 9
R
P 000001FBE8B1C818
C 380
R
P 000001FBE8B1C818
P 000001FBE9A160B8
U 1
C 255
= 000001FBEADC3008
R
P 000001FBE8B1C818
C 380
R
P 000001FBE8B1C818
P 000001FBEADC3008
C 293
R
P 000001FBE8B1C818
C 380
R
P 000001FBE8B1C818
P 000001FBEADC3008
C 9
R
P 000001FBE8B1C818
C 380
R
P 000001FBE8B1C818
P 000001FBE9A160B8
U 2
C 255
= 000001FBEADC2FD0
R
P 000001FBE8B1C818
C 380
R
P 000001FBE8B1C818
P 000001FBEADC2FD0
C 293
R
P 000001FBE8B1C818
C 380
R
P 000001FBE8B1C818
P 000001FBEADC2FD0
C 9
R
P 000001FBE8B1C818
C 380
R
P 000001FBE8B1C818
P 000001FBEADC3040
U 1
P 000001FBE9A16138
p 1
C 50
= 000001FBE9A08CC8
R
P 000001FBE8B1C818
C 380
R
P 000001FBE8B1C818
P 000001FBE9A08CC8
C 293
R
P 000001FBE8B1C818
C 380
R
P 000001FBE8B1C818
P 000001FBE9A08CC8
C 290
= 000001FBE9A15178
R
P 000001FBE8B1C818
C 380
R
P 000001FBE8B1C818
P 000001FBE9A15178
C 244
R
P 000001FBE8B1C818
C 380
R
P 000001FBE8B1C818
P 000001FBE9A08CC8
C 296
R
P 000001FBE8B1C818
C 380
R
P 000001FBE8B1C818
P 000001FBE9A08CC8
C 295
R
P 000001FBE8B1C818
C 380
R
P 000001FBE8B1C818
P 000001FBE9A08CC8
C 294
R
P 000001FBE8B1C818
C 380
R
P 000001FBE8B1C818
P 000001FBE9A08CC8
C 9
R
P 000001FBE8B1C818
C 380
R
P 000001FBE8B1C818
P 000001FBE9A08CC8
C 371
R
P 000001FBE8B1C818
C 380
R
P 000001FBE8B1C818
C 450
= 000001FBEB0EC018
R
P 000001FBE8B1C818
C 380
R
P 000001FBE8B1C818
P 000001FBEB0EC018
C 459
R
P 000001FBE8B1C818
C 380
R
P 000001FBE8B1C818
C 13
= 000001FBEBAA56B8
R
P 000001FBE8B1C818
C 380
R
P 000001FBE8B1C818
P 000001FBEBAA56B8
C 14
R
P 000001FBE8B1C818
C 380
R
P 000001FBE8B1C818
S "mbqi"
C 30
R
P 000001FBE8B1C818
C 380
R
P 000001FBE8B1C818
$ |mbqi|
C 237
R
P 000001FBE8B1C818
C 380
R
P 000001FBE8B1C818
P 000001FBEBAA56B8
$ |mbqi|
I 0
C 16
R
P 000001FBE8B1C818
C 380
R
P 000001FBE8B1C818
P 000001FBEB0EC018
P 000001FBEBAA56B8
C 458
R
P 000001FBE8B1C818
C 380
R
P 000001FBE8B1C818
P 000001FBE9A08CC8
C 60
= 000001FBE9A08CF8
R
P 000001FBE8B1C818
C 380
R
P 000001FBE8B1C818
P 000001FBE9A08CF8
C 294
R
P 000001FBE8B1C818
C 380
R
P 000001FBE8B1C818
P 000001FBE9A08CF8
C 9
R
P 000001FBE8B1C818
C 380
R
P 000001FBE8B1C818
P 000001FBEB0EC018
P 000001FBE9A08CF8
C 466
R
P 000001FBE8B1C818
C 380
R
P 000001FBE8B1C818
P 000001FBEB0EC018
C 479
R
P 000001FBE8B1C818
C 380
R
P 000001FBE8B1C818
P 000001FBEB0EC018
C 484
= 000001FBEBBFE238
R
P 000001FBE8B1C818
C 380
R
P 000001FBE8B1C818
P 000001FBEBBFE238
C 338
R
P 000001FBE8B1C818
C 380
R
P 000001FBE8B1C818
P 000001FBEBBFE238
C 375
R
P 000001FBE8B1C818
C 380
R
P 000001FBE8B1C818
P 000001FBE9A160B8
C 253
R
P 000001FBE8B1C818
C 380
R
P 000001FBE8B1C818
P 000001FBE9A160B8
U 0
C 255
= 000001FBEADC3040
R
P 000001FBE8B1C818
C 380
R
P 000001FBE8B1C818
P 000001FBEADC3040
C 293
R
P 000001FBE8B1C818
C 380
R
P 000001FBE8B1C818
P 000001FBEADC3040
C 9
R
P 000001FBE8B1C818
C 380
R
P 000001FBE8B1C818
P 000001FBE9A160B8
U 1
C 255
= 000001FBEADC3008
R
P 000001FBE8B1C818
C 380
R
P 000001FBE8B1C818
P 000001FBEADC3008
C 293
R
P 000001FBE8B1C818
C 380
R
P 000001FBE8B1C818
P 000001FBEADC3008
C 9
R
P 000001FBE8B1C818
C 380
R
P 000001FBE8B1C818
P 000001FBE9A160B8
U 2
C 255
= 000001FBEADC2FD0
R
P 000001FBE8B1C818
C 380
R
P 000001FBE8B1C818
P 000001FBEADC2FD0
C 293
R
P 000001FBE8B1C818
C 380
R
P 000001FBE8B1C818
P 000001FBEADC2FD0
C 9
R
P 000001FBE8B1C818
C 380
R
P 000001FBE8B1C818
P 000001FBEADC3040
U 1
P 000001FBE9A16138
p 1
C 50
= 000001FBE9A08CC8
R
P 000001FBE8B1C818
C 380
R
P 000001FBE8B1C818
P 000001FBE9A08CC8
C 293
R
P 000001FBE8B1C818
C 380
R
P 000001FBE8B1C818
P 000001FBE9A08CC8
C 290
= 000001FBE9A15178
R
P 000001FBE8B1C818
C 380
R
P 000001FBE8B1C818
P 000001FBE9A15178
C 244
R
P 000001FBE8B1C818
C 380
R
P 000001FBE8B1C818
P 000001FBE9A08CC8
C 296
R
P 000001FBE8B1C818
C 380
R
P 000001FBE8B1C818
P 000001FBE9A08CC8
C 295
R
P 000001FBE8B1C818
C 380
R
P 000001FBE8B1C818
P 000001FBE9A08CC8
C 294
R
P 000001FBE8B1C818
C 380
R
P 000001FBE8B1C818
P 000001FBE9A08CC8
C 9
R
P 000001FBE8B1C818
C 380
R
P 000001FBE8B1C818
P 000001FBE9A08CC8
C 60
= 000001FBE9A08CF8
R
P 000001FBE8B1C818
C 380
R
P 000001FBE8B1C818
P 000001FBE9A08CF8
C 294
R
P 000001FBE8B1C818
C 380
R
P 000001FBE8B1C818
P 000001FBE9A08CF8
C 9
R
P 000001FBE8B1C818
C 380
R
P 000001FBE8B1C818
P 000001FBE9A08CF8
C 371
R
P 000001FBE8B1C818
C 380
R
P 000001FBE8B1C818
C 450
= 000001FBEB0ECC78
R
P 000001FBE8B1C818
C 380
R
P 000001FBE8B1C818
P 000001FBEB0ECC78
C 459
R
P 000001FBE8B1C818
C 380
R
P 000001FBE8B1C818
C 13
= 000001FBEBECAB68
R
P 000001FBE8B1C818
C 380
R
P 000001FBE8B1C818
P 000001FBEBECAB68
C 14
R
P 000001FBE8B1C818
C 380
R
P 000001FBE8B1C818
S "mbqi"
C 30
R
P 000001FBE8B1C818
C 380
R
P 000001FBE8B1C818
$ |mbqi|
C 237
R
P 000001FBE8B1C818
C 380
R
P 000001FBE8B1C818
P 000001FBEBECAB68
$ |mbqi|
I 0
C 16
R
P 000001FBE8B1C818
C 380
R
P 000001FBE8B1C818
P 000001FBEB0ECC78
P 000001FBEBECAB68
C 458
R
P 000001FBE8B1C818
C 380
R
P 000001FBE8B1C818
P 000001FBE9A08CF8
C 60
= 000001FBE9A08D28
R
P 000001FBE8B1C818
C 380
R
P 000001FBE8B1C818
P 000001FBE9A08D28
C 294
R
P 000001FBE8B1C818
C 380
R
P 000001FBE8B1C818
P 000001FBE9A08D28
C 9
R
P 000001FBE8B1C818
C 380
R
P 000001FBE8B1C818
P 000001FBEB0ECC78
P 000001FBE9A08D28
C 466
R
P 000001FBE8B1C818
C 380
R
P 000001FBE8B1C818
P 000001FBEB0ECC78
C 479
R
P 000001FBE8B1C818
C 380
R
P 000001FBE8B1C818
P 000001FBEB0ECC78
C 485
= 000001FBE9A26878
R
P 000001FBE8B1C818
C 380
R
P 000001FBE8B1C818
P 000001FBE9A26878
C 293
R
P 000001FBE8B1C818
C 380
R
P 000001FBE8B1C818
P 000001FBE9A26878
C 290
= 000001FBE9A15198
R
P 000001FBE8B1C818
C 380
R
P 000001FBE8B1C818
P 000001FBE9A15198
C 244
R
P 000001FBE8B1C818
C 380
R
P 000001FBE8B1C818
P 000001FBE9A26878
C 296
R
P 000001FBE8B1C818
C 380
R
P 000001FBE8B1C818
P 000001FBE9A26878
C 295
R
P 000001FBE8B1C818
C 380
R
P 000001FBE8B1C818
P 000001FBE9A26878
C 294
R
P 000001FBE8B1C818
C 380
R
P 000001FBE8B1C818
P 000001FBE9A26878
C 9
R
P 000001FBE8B1C818
C 380
R
P 000001FBE8B1C818
P 000001FBE9A26878
C 371
R
P 000001FBE8B1C818
C 380
R
P 000001FBE8B1C818
S "fruity"
C 30
R
P 000001FBE8B1C818
C 380
R
P 000001FBE8B1C818
$ |fruity|
C 237
R
P 000001FBE8B1C818
C 380
R
P 000001FBE8B1C818
$ |fruity|
P 000001FBE9A160B8
C 51
= 000001FBE9A16158
R
P 000001FBE8B1C818
C 380
R
P 000001FBE8B1C818
P 000001FBE9A16158
C 293
R
P 000001FBE8B1C818
C 380
R
P 000001FBE8B1C818
P 000001FBE9A16158
C 290
= 000001FBE9A160B8
R
P 000001FBE8B1C818
C 380
R
P 000001FBE8B1C818
P 000001FBE9A160B8
C 244
R
P 000001FBE8B1C818
C 380
R
P 000001FBE8B1C818
P 000001FBE9A16158
C 296
R
P 000001FBE8B1C818
C 380
R
P 000001FBE8B1C818
P 000001FBE9A16158
C 295
R
P 000001FBE8B1C818
C 380
R
P 000001FBE8B1C818
P 000001FBE9A16158
C 294
R
P 000001FBE8B1C818
C 380
R
P 000001FBE8B1C818
P 000001FBE9A16158
C 9
R
P 000001FBE8B1C818
C 380
R
P 000001FBE8B1C818
P 000001FBE9A16158
P 000001FBE9A160F8
C 58
= 000001FBEADC3820
R
P 000001FBE8B1C818
C 380
R
P 000001FBE8B1C818
P 000001FBEADC3820
C 294
R
P 000001FBE8B1C818
C 380
R
P 000001FBE8B1C818
P 000001FBEADC3820
C 9
R
P 000001FBE8B1C818
C 380
R
P 000001FBE8B1C818
P 000001FBE9A16158
P 000001FBE9A16118
C 58
= 000001FBEADC3858
R
P 000001FBE8B1C818
C 380
R
P 000001FBE8B1C818
P 000001FBEADC3858
C 294
R
P 000001FBE8B1C818
C 380
R
P 000001FBE8B1C818
P 000001FBEADC3858
C 9
R
P 000001FBE8B1C818
C 380
R
P 000001FBE8B1C818
P 000001FBE9A16158
P 000001FBE9A16138
C 58
= 000001FBEADC3890
R
P 000001FBE8B1C818
C 380
R
P 000001FBE8B1C818
P 000001FBEADC3890
C 294
R
P 000001FBE8B1C818
C 380
R
P 000001FBE8B1C818
P 000001FBEADC3890
C 9
R
P 000001FBE8B1C818
C 380
R
P 000001FBE8B1C818
U 3
P 000001FBEADC3820
P 000001FBEADC3858
P 000001FBEADC3890
p 3
C 66
= 000001FBE9A268B8
R
P 000001FBE8B1C818
C 380
R
P 000001FBE8B1C818
P 000001FBE9A268B8
C 294
R
P 000001FBE8B1C818
C 380
R
P 000001FBE8B1C818
P 000001FBE9A268B8
C 9
R
P 000001FBE8B1C818
C 380
R
P 000001FBE8B1C818
P 000001FBE9A268B8
C 371
R
P 000001FBE8B1C818
C 380
R
P 000001FBE8B1C818
C 450
= 000001FBEBC0AB28
R
P 000001FBE8B1C818
C 380
R
P 000001FBE8B1C818
P 000001FBEBC0AB28
C 459
R
P 000001FBE8B1C818
C 380
R
P 000001FBE8B1C818
C 13
= 000001FBEC1D3098
R
P 000001FBE8B1C818
C 380
R
P 000001FBE8B1C818
P 000001FBEC1D3098
C 14
R
P 000001FBE8B1C818
C 380
R
P 000001FBE8B1C818
S "mbqi"
C 30
R
P 000001FBE8B1C818
C 380
R
P 000001FBE8B1C818
$ |mbqi|
C 237
R
P 000001FBE8B1C818
C 380
R
P 000001FBE8B1C818
P 000001FBEC1D3098
$ |mbqi|
I 0
C 16
R
P 000001FBE8B1C818
C 380
R
P 000001FBE8B1C818
P 000001FBEBC0AB28
P 000001FBEC1D3098
C 458
R
P 000001FBE8B1C818
C 380
R
P 000001FBE8B1C818
P 000001FBE9A268B8
C 60
= 000001FBE9A08DE8
R
P 000001FBE8B1C818
C 380
R
P 000001FBE8B1C818
P 000001FBE9A08DE8
C 294
R
P 000001FBE8B1C818
C 380
R
P 000001FBE8B1C818
P 000001FBE9A08DE8
C 9
R
P 000001FBE8B1C818
C 380
R
P 000001FBE8B1C818
P 000001FBEBC0AB28
P 000001FBE9A08DE8
C 466
R
P 000001FBE8B1C818
C 380
R
P 000001FBE8B1C818
P 000001FBEBC0AB28
C 479
R
P 000001FBE8B1C818
C 380
R
P 000001FBE8B1C818
P 000001FBEBC0AB28
C 485
= 000001FBE9A26AB8
R
P 000001FBE8B1C818
C 380
R
P 000001FBE8B1C818
P 000001FBE9A26AB8
C 293
R
P 000001FBE8B1C818
C 380
R
P 000001FBE8B1C818
P 000001FBE9A26AB8
C 290
= 000001FBE9A15198
R
P 000001FBE8B1C818
C 380
R
P 000001FBE8B1C818
P 000001FBE9A15198
C 244
R
P 000001FBE8B1C818
C 380
R
P 000001FBE8B1C818
P 000001FBE9A26AB8
C 296
R
P 000001FBE8B1C818
C 380
R
P 000001FBE8B1C818
P 000001FBE9A26AB8
C 295
R
P 000001FBE8B1C818
C 380
R
P 000001FBE8B1C818
P 000001FBE9A26AB8
C 294
R
P 000001FBE8B1C818
C 380
R
P 000001FBE8B1C818
P 000001FBE9A26AB8
C 9
R
P 000001FBE8B1C818
C 380
R
P 000001FBE8B1C818
P 000001FBE9A26AB8
C 371
R
P 000001FBE8B1C818
C 380
M "ListExample"
R
P 000001FBE8B1C818
C 33
= 000001FBE9A15238
R
P 000001FBE8B1C818
C 380
R
P 000001FBE8B1C818
P 000001FBE9A15238
C 293
R
P 000001FBE8B1C818
C 380
R
P 000001FBE8B1C818
P 000001FBE9A15238
C 9
R
P 000001FBE8B1C818
C 380
R
P 000001FBE8B1C818
S "int_list"
C 30
R
P 000001FBE8B1C818
C 380
R
P 000001FBE8B1C818
$ |int_list|
C 237
R
P 000001FBE8B1C818
C 380
R
P 000001FBE8B1C818
$ |int_list|
P 000001FBE9A15238
P 0000000000000000
P 0000000000000000
P 0000000000000000
P 0000000000000000
P 0000000000000000
P 0000000000000000
C 41
= 000001FBE9A16198
* 000001FBEB6DE238 3
* 000001FBEADC3A18 4
* 000001FBE9A26AF8 5
* 000001FBEADC3A50 6
* 000001FBEADC3A88 7
* 000001FBEADC3AC0 8
R
P 000001FBE8B1C818
C 380
R
P 000001FBE8B1C818
P 000001FBE9A16198
C 293
R
P 000001FBE8B1C818
C 380
R
P 000001FBE8B1C818
P 000001FBE9A16198
C 9
R
P 000001FBE8B1C818
C 380
R
P 000001FBE8B1C818
P 000001FBE9A16198
U 0
C 254
= 000001FBEB6DE238
R
P 000001FBE8B1C818
C 380
R
P 000001FBE8B1C818
P 000001FBEB6DE238
C 293
R
P 000001FBE8B1C818
C 380
R
P 000001FBE8B1C818
P 000001FBEB6DE238
C 9
R
P 000001FBE8B1C818
C 380
R
P 000001FBE8B1C818
P 000001FBEB6DE238
U 0
p 0
C 50
= 000001FBE9A16178
R
P 000001FBE8B1C818
C 380
R
P 000001FBE8B1C818
P 000001FBE9A16178
C 293
R
P 000001FBE8B1C818
C 380
R
P 000001FBE8B1C818
P 000001FBE9A16178
C 290
= 000001FBE9A16198
R
P 000001FBE8B1C818
C 380
R
P 000001FBE8B1C818
P 000001FBE9A16198
C 244
R
P 000001FBE8B1C818
C 380
R
P 000001FBE8B1C818
P 000001FBE9A16178
C 296
R
P 000001FBE8B1C818
C 380
R
P 000001FBE8B1C818
P 000001FBE9A16178
C 295
R
P 000001FBE8B1C818
C 380
R
P 000001FBE8B1C818
P 000001FBE9A16178
C 294
R
P 000001FBE8B1C818
C 380
R
P 000001FBE8B1C818
P 000001FBE9A16178
C 9
R
P 000001FBE8B1C818
C 380
R
P 000001FBE8B1C818
P 000001FBE9A16198
U 1
C 254
= 000001FBE9A26AF8
R
P 000001FBE8B1C818
C 380
R
P 000001FBE8B1C818
P 000001FBE9A26AF8
C 293
R
P 000001FBE8B1C818
C 380
R
P 000001FBE8B1C818
P 000001FBE9A26AF8
C 9
R
P 000001FBE8B1C818
C 380
R
P 000001FBE8B1C818
I 1
P 000001FBE9A15238
C 154
= 000001FBE9A15EB8
R
P 000001FBE8B1C818
C 380
R
P 000001FBE8B1C818
P 000001FBE9A15EB8
C 294
R
P 000001FBE8B1C818
C 380
R
P 000001FBE8B1C818
P 000001FBE9A15EB8
C 9
R
P 000001FBE8B1C818
C 380
R
P 000001FBE8B1C818
P 000001FBE9A26AF8
U 2
P 000001FBE9A15EB8
P 000001FBE9A16178
p 2
C 50
= 000001FBEADC3A50
R
P 000001FBE8B1C818
C 380
R
P 000001FBE8B1C818
P 000001FBEADC3A50
C 293
R
P 000001FBE8B1C818
C 380
R
P 000001FBE8B1C818
P 000001FBEADC3A50
C 290
= 000001FBE9A16198
R
P 000001FBE8B1C818
C 380
R
P 000001FBE8B1C818
P 000001FBE9A16198
C 244
R
P 000001FBE8B1C818
C 380
R
P 000001FBE8B1C818
P 000001FBEADC3A50
C 296
R
P 000001FBE8B1C818
C 380
R
P 000001FBE8B1C818
P 000001FBEADC3A50
C 295
R
P 000001FBE8B1C818
C 380
R
P 000001FBE8B1C818
P 000001FBEADC3A50
C 294
R
P 000001FBE8B1C818
C 380
R
P 000001FBE8B1C818
P 000001FBEADC3A50
C 9
R
P 000001FBE8B1C818
C 380
R
P 000001FBE8B1C818
P 000001FBE9A16198
U 1
C 254
= 000001FBE9A26AF8
R
P 000001FBE8B1C818
C 380
R
P 000001FBE8B1C818
P 000001FBE9A26AF8
C 293
R
P 000001FBE8B1C818
C 380
R
P 000001FBE8B1C818
P 000001FBE9A26AF8
C 9
R
P 000001FBE8B1C818
C 380
R
P 000001FBE8B1C818
I 2
P 000001FBE9A15238
C 154
= 000001FBE9A15F38
R
P 000001FBE8B1C818
C 380
R
P 000001FBE8B1C818
P 000001FBE9A15F38
C 294
R
P 000001FBE8B1C818
C 380
R
P 000001FBE8B1C818
P 000001FBE9A15F38
C 9
R
P 000001FBE8B1C818
C 380
R
P 000001FBE8B1C818
P 000001FBE9A26AF8
U 2
P 000001FBE9A15F38
P 000001FBE9A16178
p 2
C 50
= 000001FBEADC3A18
R
P 000001FBE8B1C818
C 380
R
P 000001FBE8B1C818
P 000001FBEADC3A18
C 293
R
P 000001FBE8B1C818
C 380
R
P 000001FBE8B1C818
P 000001FBEADC3A18
C 290
= 000001FBE9A16198
R
P 000001FBE8B1C818
C 380
R
P 000001FBE8B1C818
P 000001FBE9A16198
C 244
R
P 000001FBE8B1C818
C 380
R
P 000001FBE8B1C818
P 000001FBEADC3A18
C 296
R
P 000001FBE8B1C818
C 380
R
P 000001FBE8B1C818
P 000001FBEADC3A18
C 295
R
P 000001FBE8B1C818
C 380
R
P 000001FBE8B1C818
P 000001FBEADC3A18
C 294
R
P 000001FBE8B1C818
C 380
R
P 000001FBE8B1C818
P 000001FBEADC3A18
C 9
R
P 000001FBE8B1C818
C 380
R
P 000001FBE8B1C818
P 000001FBE9A16178
P 000001FBEADC3A50
C 58
= 000001FBEADC3AF8
R
P 000001FBE8B1C818
C 380
R
P 000001FBE8B1C818
P 000001FBEADC3AF8
C 294
R
P 000001FBE8B1C818
C 380
R
P 000001FBE8B1C818
P 000001FBEADC3AF8
C 9
R
P 000001FBE8B1C818
C 380
R
P 000001FBE8B1C818
P 000001FBEADC3AF8
C 60
= 000001FBEB6DE268
R
P 000001FBE8B1C818
C 380
R
P 000001FBE8B1C818
P 000001FBEB6DE268
C 294
R
P 000001FBE8B1C818
C 380
R
P 000001FBE8B1C818
P 000001FBEB6DE268
C 9
R
P 000001FBE8B1C818
C 380
R
P 000001FBE8B1C818
P 000001FBEB6DE268
C 371
R
P 000001FBE8B1C818
C 380
R
P 000001FBE8B1C818
C 450
= 000001FBEBC09738
R
P 000001FBE8B1C818
C 380
R
P 000001FBE8B1C818
P 000001FBEBC09738
C 459
R
P 000001FBE8B1C818
C 380
R
P 000001FBE8B1C818
C 13
= 000001FBEC33E4E8
R
P 000001FBE8B1C818
C 380
R
P 000001FBE8B1C818
P 000001FBEC33E4E8
C 14
R
P 000001FBE8B1C818
C 380
R
P 000001FBE8B1C818
S "mbqi"
C 30
R
P 000001FBE8B1C818
C 380
R
P 000001FBE8B1C818
$ |mbqi|
C 237
R
P 000001FBE8B1C818
C 380
R
P 000001FBE8B1C818
P 000001FBEC33E4E8
$ |mbqi|
I 0
C 16
R
P 000001FBE8B1C818
C 380
R
P 000001FBE8B1C818
P 000001FBEBC09738
P 000001FBEC33E4E8
C 458
R
P 000001FBE8B1C818
C 380
R
P 000001FBE8B1C818
P 000001FBEB6DE268
C 60
= 000001FBEB6DE298
R
P 000001FBE8B1C818
C 380
R
P 000001FBE8B1C818
P 000001FBEB6DE298
C 294
R
P 000001FBE8B1C818
C 380
R
P 000001FBE8B1C818
P 000001FBEB6DE298
C 9
R
P 000001FBE8B1C818
C 380
R
P 000001FBE8B1C818
P 000001FBEBC09738
P 000001FBEB6DE298
C 466
R
P 000001FBE8B1C818
C 380
R
P 000001FBE8B1C818
P 000001FBEBC09738
C 479
R
P 000001FBE8B1C818
C 380
R
P 000001FBE8B1C818
P 000001FBEBC09738
C 485
= 000001FBE9A26BF8
R
P 000001FBE8B1C818
C 380
R
P 000001FBE8B1C818
P 000001FBE9A26BF8
C 293
R
P 000001FBE8B1C818
C 380
R
P 000001FBE8B1C818
P 000001FBE9A26BF8
C 290
= 000001FBE9A15198
R
P 000001FBE8B1C818
C 380
R
P 000001FBE8B1C818
P 000001FBE9A15198
C 244
R
P 000001FBE8B1C818
C 380
R
P 000001FBE8B1C818
P 000001FBE9A26BF8
C 296
R
P 000001FBE8B1C818
C 380
R
P 000001FBE8B1C818
P 000001FBE9A26BF8
C 295
R
P 000001FBE8B1C818
C 380
R
P 000001FBE8B1C818
P 000001FBE9A26BF8
C 294
R
P 000001FBE8B1C818
C 380
R
P 000001FBE8B1C818
P 000001FBE9A26BF8
C 9
R
P 000001FBE8B1C818
C 380
R
P 000001FBE8B1C818
P 000001FBE9A26BF8
C 371
R
P 000001FBE8B1C818
C 380
R
P 000001FBE8B1C818
P 000001FBEADC3A50
P 000001FBEADC3A18
C 58
= 000001FBEADC3FC8
R
P 000001FBE8B1C818
C 380
R
P 000001FBE8B1C818
P 000001FBEADC3FC8
C 294
R
P 000001FBE8B1C818
C 380
R
P 000001FBE8B1C818
P 000001FBEADC3FC8
C 9
R
P 000001FBE8B1C818
C 380
R
P 000001FBE8B1C818
P 000001FBEADC3FC8
C 60
= 000001FBEB6DE328
R
P 000001FBE8B1C818
C 380
R
P 000001FBE8B1C818
P 000001FBEB6DE328
C 294
R
P 000001FBE8B1C818
C 380
R
P 000001FBE8B1C818
P 000001FBEB6DE328
C 9
R
P 000001FBE8B1C818
C 380
R
P 000001FBE8B1C818
P 000001FBEB6DE328
C 371
R
P 000001FBE8B1C818
C 380
R
P 000001FBE8B1C818
C 450
= 000001FBEBC0A868
R
P 000001FBE8B1C818
C 380
R
P 000001FBE8B1C818
P 000001FBEBC0A868
C 459
R
P 000001FBE8B1C818
C 380
R
P 000001FBE8B1C818
C 13
= 000001FBEC514228
R
P 000001FBE8B1C818
C 380
R
P 000001FBE8B1C818
P 000001FBEC514228
C 14
R
P 000001FBE8B1C818
C 380
R
P 000001FBE8B1C818
S "mbqi"
C 30
R
P 000001FBE8B1C818
C 380
R
P 000001FBE8B1C818
$ |mbqi|
C 237
R
P 000001FBE8B1C818
C 380
R
P 000001FBE8B1C818
P 000001FBEC514228
$ |mbqi|
I 0
C 16
R
P 000001FBE8B1C818
C 380
R
P 000001FBE8B1C818
P 000001FBEBC0A868
P 000001FBEC514228
C 458
R
P 000001FBE8B1C818
C 380
R
P 000001FBE8B1C818
P 000001FBEB6DE328
C 60
= 000001FBEB6DE358
R
P 000001FBE8B1C818
C 380
R
P 000001FBE8B1C818
P 000001FBEB6DE358
C 294
R
P 000001FBE8B1C818
C 380
R
P 000001FBE8B1C818
P 000001FBEB6DE358
C 9
R
P 000001FBE8B1C818
C 380
R
P 000001FBE8B1C818
P 000001FBEBC0A868
P 000001FBEB6DE358
C 466
R
P 000001FBE8B1C818
C 380
R
P 000001FBE8B1C818
P 000001FBEBC0A868
C 479
R
P 000001FBE8B1C818
C 380
R
P 000001FBE8B1C818
P 000001FBEBC0A868
C 485
= 000001FBE9A26DB8
R
P 000001FBE8B1C818
C 380
R
P 000001FBE8B1C818
P 000001FBE9A26DB8
C 293
R
P 000001FBE8B1C818
C 380
R
P 000001FBE8B1C818
P 000001FBE9A26DB8
C 290
= 000001FBE9A15198
R
P 000001FBE8B1C818
C 380
R
P 000001FBE8B1C818
P 000001FBE9A15198
C 244
R
P 000001FBE8B1C818
C 380
R
P 000001FBE8B1C818
P 000001FBE9A26DB8
C 296
R
P 000001FBE8B1C818
C 380
R
P 000001FBE8B1C818
P 000001FBE9A26DB8
C 295
R
P 000001FBE8B1C818
C 380
R
P 000001FBE8B1C818
P 000001FBE9A26DB8
C 294
R
P 000001FBE8B1C818
C 380
R
P 000001FBE8B1C818
P 000001FBE9A26DB8
C 9
R
P 000001FBE8B1C818
C 380
R
P 000001FBE8B1C818
P 000001FBE9A26DB8
C 371
R
P 000001FBE8B1C818
C 380
R
P 000001FBE8B1C818
S "x"
C 30
R
P 000001FBE8B1C818
C 380
R
P 000001FBE8B1C818
$ |x|
C 237
R
P 000001FBE8B1C818
C 380
R
P 000001FBE8B1C818
$ |x|
P 000001FBE9A15238
C 51
= 000001FBE9A15DF8
R
P 000001FBE8B1C818
C 380
R
P 000001FBE8B1C818
P 000001FBE9A15DF8
C 293
R
P 000001FBE8B1C818
C 380
R
P 000001FBE8B1C818
P 000001FBE9A15DF8
C 290
= 000001FBE9A15238
R
P 000001FBE8B1C818
C 380
R
P 000001FBE8B1C818
P 000001FBE9A15238
C 244
R
P 000001FBE8B1C818
C 380
R
P 000001FBE8B1C818
P 000001FBE9A15DF8
C 296
R
P 000001FBE8B1C818
C 380
R
P 000001FBE8B1C818
P 000001FBE9A15DF8
C 295
R
P 000001FBE8B1C818
C 380
R
P 000001FBE8B1C818
P 000001FBE9A15DF8
C 294
R
P 000001FBE8B1C818
C 380
R
P 000001FBE8B1C818
P 000001FBE9A15DF8
C 9
R
P 000001FBE8B1C818
C 380
R
P 000001FBE8B1C818
S "y"
C 30
R
P 000001FBE8B1C818
C 380
R
P 000001FBE8B1C818
$ |y|
C 237
R
P 000001FBE8B1C818
C 380
R
P 000001FBE8B1C818
$ |y|
P 000001FBE9A15238
C 51
= 000001FBE9A15E18
R
P 000001FBE8B1C818
C 380
R
P 000001FBE8B1C818
P 000001FBE9A15E18
C 293
R
P 000001FBE8B1C818
C 380
R
P 000001FBE8B1C818
P 000001FBE9A15E18
C 290
= 000001FBE9A15238
R
P 000001FBE8B1C818
C 380
R
P 000001FBE8B1C818
P 000001FBE9A15238
C 244
R
P 000001FBE8B1C818
C 380
R
P 000001FBE8B1C818
P 000001FBE9A15E18
C 296
R
P 000001FBE8B1C818
C 380
R
P 000001FBE8B1C818
P 000001FBE9A15E18
C 295
R
P 000001FBE8B1C818
C 380
R
P 000001FBE8B1C818
P 000001FBE9A15E18
C 294
R
P 000001FBE8B1C818
C 380
R
P 000001FBE8B1C818
P 000001FBE9A15E18
C 9
R
P 000001FBE8B1C818
C 380
R
P 000001FBE8B1C818
P 000001FBE9A16198
U 1
C 254
= 000001FBE9A26AF8
R
P 000001FBE8B1C818
C 380
R
P 000001FBE8B1C818
P 000001FBE9A26AF8
C 293
R
P 000001FBE8B1C818
C 380
R
P 000001FBE8B1C818
P 000001FBE9A26AF8
C 9
R
P 000001FBE8B1C818
C 380
R
P 000001FBE8B1C818
P 000001FBE9A26AF8
U 2
P 000001FBE9A15DF8
P 000001FBE9A16178
p 2
C 50
= 000001FBEADC4428
R
P 000001FBE8B1C818
C 380
R
P 000001FBE8B1C818
P 000001FBEADC4428
C 293
R
P 000001FBE8B1C818
C 380
R
P 000001FBE8B1C818
P 000001FBEADC4428
C 290
= 000001FBE9A16198
R
P 000001FBE8B1C818
C 380
R
P 000001FBE8B1C818
P 000001FBE9A16198
C 244
R
P 000001FBE8B1C818
C 380
R
P 000001FBE8B1C818
P 000001FBEADC4428
C 296
R
P 000001FBE8B1C818
C 380
R
P 000001FBE8B1C818
P 000001FBEADC4428
C 295
R
P 000001FBE8B1C818
C 380
R
P 000001FBE8B1C818
P 000001FBEADC4428
C 294
R
P 000001FBE8B1C818
C 380
R
P 000001FBE8B1C818
P 000001FBEADC4428
C 9
R
P 000001FBE8B1C818
C 380
R
P 000001FBE8B1C818
P 000001FBE9A16198
U 1
C 254
= 000001FBE9A26AF8
R
P 000001FBE8B1C818
C 380
R
P 000001FBE8B1C818
P 000001FBE9A26AF8
C 293
R
P 000001FBE8B1C818
C 380
R
P 000001FBE8B1C818
P 000001FBE9A26AF8
C 9
R
P 000001FBE8B1C818
C 380
R
P 000001FBE8B1C818
P 000001FBE9A26AF8
U 2
P 000001FBE9A15E18
P 000001FBE9A16178
p 2
C 50
= 000001FBEADC4460
R
P 000001FBE8B1C818
C 380
R
P 000001FBE8B1C818
P 000001FBEADC4460
C 293
R
P 000001FBE8B1C818
C 380
R
P 000001FBE8B1C818
P 000001FBEADC4460
C 290
= 000001FBE9A16198
R
P 000001FBE8B1C818
C 380
R
P 000001FBE8B1C818
P 000001FBE9A16198
C 244
R
P 000001FBE8B1C818
C 380
R
P 000001FBE8B1C818
P 000001FBEADC4460
C 296
R
P 000001FBE8B1C818
C 380
R
P 000001FBE8B1C818
P 000001FBEADC4460
C 295
R
P 000001FBE8B1C818
C 380
R
P 000001FBE8B1C818
P 000001FBEADC4460
C 294
R
P 000001FBE8B1C818
C 380
R
P 000001FBE8B1C818
P 000001FBEADC4460
C 9
R
P 000001FBE8B1C818
C 380
R
P 000001FBE8B1C818
P 000001FBEADC4428
P 000001FBEADC4460
C 58
= 000001FBEADC4498
R
P 000001FBE8B1C818
C 380
R
P 000001FBE8B1C818
P 000001FBEADC4498
C 294
R
P 000001FBE8B1C818
C 380
R
P 000001FBE8B1C818
P 000001FBEADC4498
C 9
R
P 000001FBE8B1C818
C 380
R
P 000001FBE8B1C818
P 000001FBE9A15DF8
P 000001FBE9A15E18
C 58
= 000001FBEADC44D0
R
P 000001FBE8B1C818
C 380
R
P 000001FBE8B1C818
P 000001FBEADC44D0
C 294
R
P 000001FBE8B1C818
C 380
R
P 000001FBE8B1C818
P 000001FBEADC44D0
C 9
R
P 000001FBE8B1C818
C 380
R
P 000001FBE8B1C818
P 000001FBEADC4498
P 000001FBEADC44D0
C 63
= 000001FBEADC4508
R
P 000001FBE8B1C818
C 380
R
P 000001FBE8B1C818
P 000001FBEADC4508
C 294
R
P 000001FBE8B1C818
C 380
R
P 000001FBE8B1C818
P 000001FBEADC4508
C 9
R
P 000001FBE8B1C818
C 380
R
P 000001FBE8B1C818
P 000001FBEADC4508
C 371
R
P 000001FBE8B1C818
C 380
R
P 000001FBE8B1C818
C 450
= 000001FBEBC09CB8
R
P 000001FBE8B1C818
C 380
R
P 000001FBE8B1C818
P 000001FBEBC09CB8
C 459
R
P 000001FBE8B1C818
C 380
R
P 000001FBE8B1C818
C 13
= 000001FBEC936078
R
P 000001FBE8B1C818
C 380
R
P 000001FBE8B1C818
P 000001FBEC936078
C 14
R
P 000001FBE8B1C818
C 380
R
P 000001FBE8B1C818
S "mbqi"
C 30
R
P 000001FBE8B1C818
C 380
R
P 000001FBE8B1C818
$ |mbqi|
C 237
R
P 000001FBE8B1C818
C 380
R
P 000001FBE8B1C818
P 000001FBEC936078
$ |mbqi|
I 0
C 16
R
P 000001FBE8B1C818
C 380
R
P 000001FBE8B1C818
P 000001FBEBC09CB8
P 000001FBEC936078
C 458
R
P 000001FBE8B1C818
C 380
R
P 000001FBE8B1C818
P 000001FBEADC4508
C 60
= 000001FBEB6DE4A8
R
P 000001FBE8B1C818
C 380
R
P 000001FBE8B1C818
P 000001FBEB6DE4A8
C 294
R
P 000001FBE8B1C818
C 380
R
P 000001FBE8B1C818
P 000001FBEB6DE4A8
C 9
R
P 000001FBE8B1C818
C 380
R
P 000001FBE8B1C818
P 000001FBEBC09CB8
P 000001FBEB6DE4A8
C 466
R
P 000001FBE8B1C818
C 380
R
P 000001FBE8B1C818
P 000001FBEBC09CB8
C 479
R
P 000001FBE8B1C818
C 380
R
P 000001FBE8B1C818
P 000001FBEBC09CB8
C 485
= 000001FBE9A26EF8
R
P 000001FBE8B1C818
C 380
R
P 000001FBE8B1C818
P 000001FBE9A26EF8
C 293
R
P 000001FBE8B1C818
C 380
R
P 000001FBE8B1C818
P 000001FBE9A26EF8
C 290
= 000001FBE9A15198
R
P 000001FBE8B1C818
C 380
R
P 000001FBE8B1C818
P 000001FBE9A15198
C 244
R
P 000001FBE8B1C818
C 380
R
P 000001FBE8B1C818
P 000001FBE9A26EF8
C 296
R
P 000001FBE8B1C818
C 380
R
P 000001FBE8B1C818
P 000001FBE9A26EF8
C 295
R
P 000001FBE8B1C818
C 380
R
P 000001FBE8B1C818
P 000001FBE9A26EF8
C 294
R
P 000001FBE8B1C818
C 380
R
P 000001FBE8B1C818
P 000001FBE9A26EF8
C 9
R
P 000001FBE8B1C818
C 380
R
P 000001FBE8B1C818
P 000001FBE9A26EF8
C 371
R
P 000001FBE8B1C818
C 380
R
P 000001FBE8B1C818
S "u"
C 30
R
P 000001FBE8B1C818
C 380
R
P 000001FBE8B1C818
$ |u|
C 237
R
P 000001FBE8B1C818
C 380
R
P 000001FBE8B1C818
$ |u|
P 000001FBE9A16198
C 51
= 000001FBE9A161D8
R
P 000001FBE8B1C818
C 380
R
P 000001FBE8B1C818
P 000001FBE9A161D8
C 293
R
P 000001FBE8B1C818
C 380
R
P 000001FBE8B1C818
P 000001FBE9A161D8
C 290
= 000001FBE9A16198
R
P 000001FBE8B1C818
C 380
R
P 000001FBE8B1C818
P 000001FBE9A16198
C 244
R
P 000001FBE8B1C818
C 380
R
P 000001FBE8B1C818
P 000001FBE9A161D8
C 296
R
P 000001FBE8B1C818
C 380
R
P 000001FBE8B1C818
P 000001FBE9A161D8
C 295
R
P 000001FBE8B1C818
C 380
R
P 000001FBE8B1C818
P 000001FBE9A161D8
C 294
R
P 000001FBE8B1C818
C 380
R
P 000001FBE8B1C818
P 000001FBE9A161D8
C 9
R
P 000001FBE8B1C818
C 380
R
P 000001FBE8B1C818
S "v"
C 30
R
P 000001FBE8B1C818
C 380
R
P 000001FBE8B1C818
$ |v|
C 237
R
P 000001FBE8B1C818
C 380
R
P 000001FBE8B1C818
$ |v|
P 000001FBE9A16198
C 51
= 000001FBE9A161F8
R
P 000001FBE8B1C818
C 380
R
P 000001FBE8B1C818
P 000001FBE9A161F8
C 293
R
P 000001FBE8B1C818
C 380
R
P 000001FBE8B1C818
P 000001FBE9A161F8
C 290
= 000001FBE9A16198
R
P 000001FBE8B1C818
C 380
R
P 000001FBE8B1C818
P 000001FBE9A16198
C 244
R
P 000001FBE8B1C818
C 380
R
P 000001FBE8B1C818
P 000001FBE9A161F8
C 296
R
P 000001FBE8B1C818
C 380
R
P 000001FBE8B1C818
P 000001FBE9A161F8
C 295
R
P 000001FBE8B1C818
C 380
R
P 000001FBE8B1C818
P 000001FBE9A161F8
C 294
R
P 000001FBE8B1C818
C 380
R
P 000001FBE8B1C818
P 000001FBE9A161F8
C 9
R
P 000001FBE8B1C818
C 380
R
P 000001FBE8B1C818
P 000001FBE9A16198
U 1
C 254
= 000001FBE9A26AF8
R
P 000001FBE8B1C818
C 380
R
P 000001FBE8B1C818
P 000001FBE9A26AF8
C 293
R
P 000001FBE8B1C818
C 380
R
P 000001FBE8B1C818
P 000001FBE9A26AF8
C 9
R
P 000001FBE8B1C818
C 380
R
P 000001FBE8B1C818
P 000001FBE9A26AF8
U 2
P 000001FBE9A15DF8
P 000001FBE9A161D8
p 2
C 50
= 000001FBEADC48C0
R
P 000001FBE8B1C818
C 380
R
P 000001FBE8B1C818
P 000001FBEADC48C0
C 293
R
P 000001FBE8B1C818
C 380
R
P 000001FBE8B1C818
P 000001FBEADC48C0
C 290
= 000001FBE9A16198
R
P 000001FBE8B1C818
C 380
R
P 000001FBE8B1C818
P 000001FBE9A16198
C 244
R
P 000001FBE8B1C818
C 380
R
P 000001FBE8B1C818
P 000001FBEADC48C0
C 296
R
P 000001FBE8B1C818
C 380
R
P 000001FBE8B1C818
P 000001FBEADC48C0
C 295
R
P 000001FBE8B1C818
C 380
R
P 000001FBE8B1C818
P 000001FBEADC48C0
C 294
R
P 000001FBE8B1C818
C 380
R
P 000001FBE8B1C818
P 000001FBEADC48C0
C 9
R
P 000001FBE8B1C818
C 380
R
P 000001FBE8B1C818
P 000001FBE9A16198
U 1
C 254
= 000001FBE9A26AF8
R
P 000001FBE8B1C818
C 380
R
P 000001FBE8B1C818
P 000001FBE9A26AF8
C 293
R
P 000001FBE8B1C818
C 380
R
P 000001FBE8B1C818
P 000001FBE9A26AF8
C 9
R
P 000001FBE8B1C818
C 380
R
P 000001FBE8B1C818
P 000001FBE9A26AF8
U 2
P 000001FBE9A15E18
P 000001FBE9A161F8
p 2
C 50
= 000001FBEADC48F8
R
P 000001FBE8B1C818
C 380
R
P 000001FBE8B1C818
P 000001FBEADC48F8
C 293
R
P 000001FBE8B1C818
C 380
R
P 000001FBE8B1C818
P 000001FBEADC48F8
C 290
= 000001FBE9A16198
R
P 000001FBE8B1C818
C 380
R
P 000001FBE8B1C818
P 000001FBE9A16198
C 244
R
P 000001FBE8B1C818
C 380
R
P 000001FBE8B1C818
P 000001FBEADC48F8
C 296
R
P 000001FBE8B1C818
C 380
R
P 000001FBE8B1C818
P 000001FBEADC48F8
C 295
R
P 000001FBE8B1C818
C 380
R
P 000001FBE8B1C818
P 000001FBEADC48F8
C 294
R
P 000001FBE8B1C818
C 380
R
P 000001FBE8B1C818
P 000001FBEADC48F8
C 9
R
P 000001FBE8B1C818
C 380
R
P 000001FBE8B1C818
P 000001FBEADC48C0
P 000001FBEADC48F8
C 58
= 000001FBEADC4930
R
P 000001FBE8B1C818
C 380
R
P 000001FBE8B1C818
P 000001FBEADC4930
C 294
R
P 000001FBE8B1C818
C 380
R
P 000001FBE8B1C818
P 000001FBEADC4930
C 9
R
P 000001FBE8B1C818
C 380
R
P 000001FBE8B1C818
P 000001FBE9A161D8
P 000001FBE9A161F8
C 58
= 000001FBEADC4968
R
P 000001FBE8B1C818
C 380
R
P 000001FBE8B1C818
P 000001FBEADC4968
C 294
R
P 000001FBE8B1C818
C 380
R
P 000001FBE8B1C818
P 000001FBEADC4968
C 9
R
P 000001FBE8B1C818
C 380
R
P 000001FBE8B1C818
P 000001FBEADC4930
P 000001FBEADC4968
C 63
= 000001FBEADC49A0
R
P 000001FBE8B1C818
C 380
R
P 000001FBE8B1C818
P 000001FBEADC49A0
C 294
R
P 000001FBE8B1C818
C 380
R
P 000001FBE8B1C818
P 000001FBEADC49A0
C 9
R
P 000001FBE8B1C818
C 380
R
P 000001FBE8B1C818
P 000001FBEADC49A0
C 371
R
P 000001FBE8B1C818
C 380
R
P 000001FBE8B1C818
C 450
= 000001FBEBC0AE98
R
P 000001FBE8B1C818
C 380
R
P 000001FBE8B1C818
P 000001FBEBC0AE98
C 459
R
P 000001FBE8B1C818
C 380
R
P 000001FBE8B1C818
C 13
= 000001FBECB57E48
R
P 000001FBE8B1C818
C 380
R
P 000001FBE8B1C818
P 000001FBECB57E48
C 14
R
P 000001FBE8B1C818
C 380
R
P 000001FBE8B1C818
S "mbqi"
C 30
R
P 000001FBE8B1C818
C 380
R
P 000001FBE8B1C818
$ |mbqi|
C 237
R
P 000001FBE8B1C818
C 380
R
P 000001FBE8B1C818
P 000001FBECB57E48
$ |mbqi|
I 0
C 16
R
P 000001FBE8B1C818
C 380
R
P 000001FBE8B1C818
P 000001FBEBC0AE98
P 000001FBECB57E48
C 458
R
P 000001FBE8B1C818
C 380
R
P 000001FBE8B1C818
P 000001FBEADC49A0
C 60
= 000001FBEB6DE5F8
R
P 000001FBE8B1C818
C 380
R
P 000001FBE8B1C818
P 000001FBEB6DE5F8
C 294
R
P 000001FBE8B1C818
C 380
R
P 000001FBE8B1C818
P 000001FBEB6DE5F8
C 9
R
P 000001FBE8B1C818
C 380
R
P 000001FBE8B1C818
P 000001FBEBC0AE98
P 000001FBEB6DE5F8
C 466
R
P 000001FBE8B1C818
C 380
R
P 000001FBE8B1C818
P 000001FBEBC0AE98
C 479
R
P 000001FBE8B1C818
C 380
R
P 000001FBE8B1C818
P 000001FBEBC0AE98
C 485
= 000001FBE9A26FF8
R
P 000001FBE8B1C818
C 380
R
P 000001FBE8B1C818
P 000001FBE9A26FF8
C 293
R
P 000001FBE8B1C818
C 380
R
P 000001FBE8B1C818
P 000001FBE9A26FF8
C 290
= 000001FBE9A15198
R
P 000001FBE8B1C818
C 380
R
P 000001FBE8B1C818
P 000001FBE9A15198
C 244
R
P 000001FBE8B1C818
C 380
R
P 000001FBE8B1C818
P 000001FBE9A26FF8
C 296
R
P 000001FBE8B1C818
C 380
R
P 000001FBE8B1C818
P 000001FBE9A26FF8
C 295
R
P 000001FBE8B1C818
C 380
R
P 000001FBE8B1C818
P 000001FBE9A26FF8
C 294
R
P 000001FBE8B1C818
C 380
R
P 000001FBE8B1C818
P 000001FBE9A26FF8
C 9
R
P 000001FBE8B1C818
C 380
R
P 000001FBE8B1C818
P 000001FBE9A26FF8
C 371
R
P 000001FBE8B1C818
C 380
R
P 000001FBE8B1C818
P 000001FBEADC48C0
P 000001FBEADC48F8
C 58
= 000001FBEADC4930
R
P 000001FBE8B1C818
C 380
R
P 000001FBE8B1C818
P 000001FBEADC4930
C 294
R
P 000001FBE8B1C818
C 380
R
P 000001FBE8B1C818
P 000001FBEADC4930
C 9
R
P 000001FBE8B1C818
C 380
R
P 000001FBE8B1C818
P 000001FBE9A15DF8
P 000001FBE9A15E18
C 58
= 000001FBEADC44D0
R
P 000001FBE8B1C818
C 380
R
P 000001FBE8B1C818
P 000001FBEADC44D0
C 294
R
P 000001FBE8B1C818
C 380
R
P 000001FBE8B1C818
P 000001FBEADC44D0
C 9
R
P 000001FBE8B1C818
C 380
R
P 000001FBE8B1C818
P 000001FBEADC4930
P 000001FBEADC44D0
C 63
= 000001FBECF20238
R
P 000001FBE8B1C818
C 380
R
P 000001FBE8B1C818
P 000001FBECF20238
C 294
R
P 000001FBE8B1C818
C 380
R
P 000001FBE8B1C818
P 000001FBECF20238
C 9
R
P 000001FBE8B1C818
C 380
R
P 000001FBE8B1C818
P 000001FBECF20238
C 371
R
P 000001FBE8B1C818
C 380
R
P 000001FBE8B1C818
C 450
= 000001FBECEFC238
R
P 000001FBE8B1C818
C 380
R
P 000001FBE8B1C818
P 000001FBECEFC238
C 459
R
P 000001FBE8B1C818
C 380
R
P 000001FBE8B1C818
C 13
= 000001FBECF55FB8
R
P 000001FBE8B1C818
C 380
R
P 000001FBE8B1C818
P 000001FBECF55FB8
C 14
R
P 000001FBE8B1C818
C 380
R
P 000001FBE8B1C818
S "mbqi"
C 30
R
P 000001FBE8B1C818
C 380
R
P 000001FBE8B1C818
$ |mbqi|
C 237
R
P 000001FBE8B1C818
C 380
R
P 000001FBE8B1C818
P 000001FBECF55FB8
$ |mbqi|
I 0
C 16
R
P 000001FBE8B1C818
C 380
R
P 000001FBE8B1C818
P 000001FBECEFC238
P 000001FBECF55FB8
C 458
R
P 000001FBE8B1C818
C 380
R
P 000001FBE8B1C818
P 000001FBECF20238
C 60
= 000001FBEB6DE778
R
P 000001FBE8B1C818
C 380
R
P 000001FBE8B1C818
P 000001FBEB6DE778
C 294
R
P 000001FBE8B1C818
C 380
R
P 000001FBE8B1C818
P 000001FBEB6DE778
C 9
R
P 000001FBE8B1C818
C 380
R
P 000001FBE8B1C818
P 000001FBECEFC238
P 000001FBEB6DE778
C 466
R
P 000001FBE8B1C818
C 380
R
P 000001FBE8B1C818
P 000001FBECEFC238
C 479
R
P 000001FBE8B1C818
C 380
R
P 000001FBE8B1C818
P 000001FBECEFC238
C 485
= 000001FBE9A270B8
R
P 000001FBE8B1C818
C 380
R
P 000001FBE8B1C818
P 000001FBE9A270B8
C 293
R
P 000001FBE8B1C818
C 380
R
P 000001FBE8B1C818
P 000001FBE9A270B8
C 290
= 000001FBE9A15198
R
P 000001FBE8B1C818
C 380
R
P 000001FBE8B1C818
P 000001FBE9A15198
C 244
R
P 000001FBE8B1C818
C 380
R
P 000001FBE8B1C818
P 000001FBE9A270B8
C 296
R
P 000001FBE8B1C818
C 380
R
P 000001FBE8B1C818
P 000001FBE9A270B8
C 295
R
P 000001FBE8B1C818
C 380
R
P 000001FBE8B1C818
P 000001FBE9A270B8
C 294
R
P 000001FBE8B1C818
C 380
R
P 000001FBE8B1C818
P 000001FBE9A270B8
C 9
R
P 000001FBE8B1C818
C 380
R
P 000001FBE8B1C818
P 000001FBE9A270B8
C 371
R
P 000001FBE8B1C818
C 380
R
P 000001FBE8B1C818
P 000001FBE9A16198
U 0
C 255
= 000001FBECF204D8
R
P 000001FBE8B1C818
C 380
R
P 000001FBE8B1C818
P 000001FBECF204D8
C 293
R
P 000001FBE8B1C818
C 380
R
P 000001FBE8B1C818
P 000001FBECF204D8
C 9
R
P 000001FBE8B1C818
C 380
R
P 000001FBE8B1C818
P 000001FBECF204D8
U 1
P 000001FBE9A161D8
p 1
C 50
= 000001FBEB6DE898
R
P 000001FBE8B1C818
C 380
R
P 000001FBE8B1C818
P 000001FBEB6DE898
C 293
R
P 000001FBE8B1C818
C 380
R
P 000001FBE8B1C818
P 000001FBEB6DE898
C 290
= 000001FBE9A15178
R
P 000001FBE8B1C818
C 380
R
P 000001FBE8B1C818
P 000001FBE9A15178
C 244
R
P 000001FBE8B1C818
C 380
R
P 000001FBE8B1C818
P 000001FBEB6DE898
C 296
R
P 000001FBE8B1C818
C 380
R
P 000001FBE8B1C818
P 000001FBEB6DE898
C 295
R
P 000001FBE8B1C818
C 380
R
P 000001FBE8B1C818
P 000001FBEB6DE898
C 294
R
P 000001FBE8B1C818
C 380
R
P 000001FBE8B1C818
P 000001FBEB6DE898
C 9
R
P 000001FBE8B1C818
C 380
R
P 000001FBE8B1C818
P 000001FBE9A16198
U 1
C 255
= 000001FBECF20510
R
P 000001FBE8B1C818
C 380
R
P 000001FBE8B1C818
P 000001FBECF20510
C 293
R
P 000001FBE8B1C818
C 380
R
P 000001FBE8B1C818
P 000001FBECF20510
C 9
R
P 000001FBE8B1C818
C 380
R
P 000001FBE8B1C818
P 000001FBECF20510
U 1
P 000001FBE9A161D8
p 1
C 50
= 000001FBEB6DE8C8
R
P 000001FBE8B1C818
C 380
R
P 000001FBE8B1C818
P 000001FBEB6DE8C8
C 293
R
P 000001FBE8B1C818
C 380
R
P 000001FBE8B1C818
P 000001FBEB6DE8C8
C 290
= 000001FBE9A15178
R
P 000001FBE8B1C818
C 380
R
P 000001FBE8B1C818
P 000001FBE9A15178
C 244
R
P 000001FBE8B1C818
C 380
R
P 000001FBE8B1C818
P 000001FBEB6DE8C8
C 296
R
P 000001FBE8B1C818
C 380
R
P 000001FBE8B1C818
P 000001FBEB6DE8C8
C 295
R
P 000001FBE8B1C818
C 380
R
P 000001FBE8B1C818
P 000001FBEB6DE8C8
C 294
R
P 000001FBE8B1C818
C 380
R
P 000001FBE8B1C818
P 000001FBEB6DE8C8
C 9
R
P 000001FBE8B1C818
C 380
R
P 000001FBE8B1C818
U 2
P 000001FBEB6DE898
P 000001FBEB6DE8C8
p 2
C 66
= 000001FBECF20548
R
P 000001FBE8B1C818
C 380
R
P 000001FBE8B1C818
P 000001FBECF20548
C 294
R
P 000001FBE8B1C818
C 380
R
P 000001FBE8B1C818
P 000001FBECF20548
C 9
R
P 000001FBE8B1C818
C 380
R
P 000001FBE8B1C818
P 000001FBECF20548
C 371
R
P 000001FBE8B1C818
C 380
R
P 000001FBE8B1C818
C 450
= 000001FBECEFB318
R
P 000001FBE8B1C818
C 380
R
P 000001FBE8B1C818
P 000001FBECEFB318
C 459
R
P 000001FBE8B1C818
C 380
R
P 000001FBE8B1C818
C 13
= 000001FBED283A18
R
P 000001FBE8B1C818
C 380
R
P 000001FBE8B1C818
P 000001FBED283A18
C 14
R
P 000001FBE8B1C818
C 380
R
P 000001FBE8B1C818
S "mbqi"
C 30
R
P 000001FBE8B1C818
C 380
R
P 000001FBE8B1C818
$ |mbqi|
C 237
R
P 000001FBE8B1C818
C 380
R
P 000001FBE8B1C818
P 000001FBED283A18
$ |mbqi|
I 0
C 16
R
P 000001FBE8B1C818
C 380
R
P 000001FBE8B1C818
P 000001FBECEFB318
P 000001FBED283A18
C 458
R
P 000001FBE8B1C818
C 380
R
P 000001FBE8B1C818
P 000001FBECF20548
C 60
= 000001FBEB6DE8F8
R
P 000001FBE8B1C818
C 380
R
P 000001FBE8B1C818
P 000001FBEB6DE8F8
C 294
R
P 000001FBE8B1C818
C 380
R
P 000001FBE8B1C818
P 000001FBEB6DE8F8
C 9
R
P 000001FBE8B1C818
C 380
R
P 000001FBE8B1C818
P 000001FBECEFB318
P 000001FBEB6DE8F8
C 466
R
P 000001FBE8B1C818
C 380
R
P 000001FBE8B1C818
P 000001FBECEFB318
C 479
R
P 000001FBE8B1C818
C 380
R
P 000001FBE8B1C818
P 000001FBECEFB318
C 485
= 000001FBED6A27D8
R
P 000001FBE8B1C818
C 380
R
P 000001FBE8B1C818
P 000001FBED6A27D8
C 293
R
P 000001FBE8B1C818
C 380
R
P 000001FBE8B1C818
P 000001FBED6A27D8
C 290
= 000001FBE9A15198
R
P 000001FBE8B1C818
C 380
R
P 000001FBE8B1C818
P 000001FBE9A15198
C 244
R
P 000001FBE8B1C818
C 380
R
P 000001FBE8B1C818
P 000001FBED6A27D8
C 296
R
P 000001FBE8B1C818
C 380
R
P 000001FBE8B1C818
P 000001FBED6A27D8
C 295
R
P 000001FBE8B1C818
C 380
R
P 000001FBE8B1C818
P 000001FBED6A27D8
C 294
R
P 000001FBE8B1C818
C 380
R
P 000001FBE8B1C818
P 000001FBED6A27D8
C 9
R
P 000001FBE8B1C818
C 380
R
P 000001FBE8B1C818
P 000001FBED6A27D8
C 371
R
P 000001FBE8B1C818
C 380
R
P 000001FBE8B1C818
P 000001FBE9A161D8
P 000001FBEADC48C0
C 58
= 000001FBECF20708
R
P 000001FBE8B1C818
C 380
R
P 000001FBE8B1C818
P 000001FBECF20708
C 294
R
P 000001FBE8B1C818
C 380
R
P 000001FBE8B1C818
P 000001FBECF20708
C 9
R
P 000001FBE8B1C818
C 380
R
P 000001FBE8B1C818
P 000001FBECF20708
C 60
= 000001FBEB6DEA48
R
P 000001FBE8B1C818
C 380
R
P 000001FBE8B1C818
P 000001FBEB6DEA48
C 294
R
P 000001FBE8B1C818
C 380
R
P 000001FBE8B1C818
P 000001FBEB6DEA48
C 9
R
P 000001FBE8B1C818
C 380
R
P 000001FBE8B1C818
P 000001FBEB6DEA48
C 371
R
P 000001FBE8B1C818
C 380
R
P 000001FBE8B1C818
C 450
= 000001FBECEFBC08
R
P 000001FBE8B1C818
C 380
R
P 000001FBE8B1C818
P 000001FBECEFBC08
C 459
R
P 000001FBE8B1C818
C 380
R
P 000001FBE8B1C818
C 13
= 000001FBED6EBAE8
R
P 000001FBE8B1C818
C 380
R
P 000001FBE8B1C818
P 000001FBED6EBAE8
C 14
R
P 000001FBE8B1C818
C 380
R
P 000001FBE8B1C818
S "mbqi"
C 30
R
P 000001FBE8B1C818
C 380
R
P 000001FBE8B1C818
$ |mbqi|
C 237
R
P 000001FBE8B1C818
C 380
R
P 000001FBE8B1C818
P 000001FBED6EBAE8
$ |mbqi|
I 0
C 16
R
P 000001FBE8B1C818
C 380
R
P 000001FBE8B1C818
P 000001FBECEFBC08
P 000001FBED6EBAE8
C 458
R
P 000001FBE8B1C818
C 380
R
P 000001FBE8B1C818
P 000001FBEB6DEA48
C 60
= 000001FBEB6DEA78
R
P 000001FBE8B1C818
C 380
R
P 000001FBE8B1C818
P 000001FBEB6DEA78
C 294
R
P 000001FBE8B1C818
C 380
R
P 000001FBE8B1C818
P 000001FBEB6DEA78
C 9
R
P 000001FBE8B1C818
C 380
R
P 000001FBE8B1C818
P 000001FBECEFBC08
P 000001FBEB6DEA78
C 466
R
P 000001FBE8B1C818
C 380
R
P 000001FBE8B1C818
P 000001FBECEFBC08
C 479
R
P 000001FBE8B1C818
C 380
R
P 000001FBE8B1C818
P 000001FBECEFBC08
C 485
= 000001FBECF20858
R
P 000001FBE8B1C818
C 380
R
P 000001FBE8B1C818
P 000001FBECF20858
C 293
R
P 000001FBE8B1C818
C 380
R
P 000001FBE8B1C818
P 000001FBECF20858
C 290
= 000001FBE9A15198
R
P 000001FBE8B1C818
C 380
R
P 000001FBE8B1C818
P 000001FBE9A15198
C 244
R
P 000001FBE8B1C818
C 380
R
P 000001FBE8B1C818
P 000001FBECF20858
C 296
R
P 000001FBE8B1C818
C 380
R
P 000001FBE8B1C818
P 000001FBECF20858
C 295
R
P 000001FBE8B1C818
C 380
R
P 000001FBE8B1C818
P 000001FBECF20858
C 294
R
P 000001FBE8B1C818
C 380
R
P 000001FBE8B1C818
P 000001FBECF20858
C 9
R
P 000001FBE8B1C818
C 380
R
P 000001FBE8B1C818
P 000001FBECF20858
C 371
R
P 000001FBE8B1C818
C 380
R
P 000001FBE8B1C818
P 000001FBE9A16198
U 1
C 254
= 000001FBE9A26AF8
R
P 000001FBE8B1C818
C 380
R
P 000001FBE8B1C818
P 000001FBE9A26AF8
C 293
R
P 000001FBE8B1C818
C 380
R
P 000001FBE8B1C818
P 000001FBE9A26AF8
C 9
R
P 000001FBE8B1C818
C 380
R
P 000001FBE8B1C818
P 000001FBE9A16198
U 1
U 0
C 256
= 000001FBEADC3A88
R
P 000001FBE8B1C818
C 380
R
P 000001FBE8B1C818
P 000001FBEADC3A88
C 293
R
P 000001FBE8B1C818
C 380
R
P 000001FBE8B1C818
P 000001FBEADC3A88
C 9
R
P 000001FBE8B1C818
C 380
R
P 000001FBE8B1C818
P 000001FBEADC3A88
U 1
P 000001FBE9A161D8
p 1
C 50
= 000001FBEB6DEB38
R
P 000001FBE8B1C818
C 380
R
P 000001FBE8B1C818
P 000001FBEB6DEB38
C 293
R
P 000001FBE8B1C818
C 380
R
P 000001FBE8B1C818
P 000001FBEB6DEB38
C 290
= 000001FBE9A15238
R
P 000001FBE8B1C818
C 380
R
P 000001FBE8B1C818
P 000001FBE9A15238
C 244
R
P 000001FBE8B1C818
C 380
R
P 000001FBE8B1C818
P 000001FBEB6DEB38
C 296
R
P 000001FBE8B1C818
C 380
R
P 000001FBE8B1C818
P 000001FBEB6DEB38
C 295
R
P 000001FBE8B1C818
C 380
R
P 000001FBE8B1C818
P 000001FBEB6DEB38
C 294
R
P 000001FBE8B1C818
C 380
R
P 000001FBE8B1C818
P 000001FBEB6DEB38
C 9
R
P 000001FBE8B1C818
C 380
R
P 000001FBE8B1C818
P 000001FBE9A16198
U 1
U 1
C 256
= 000001FBEADC3AC0
R
P 000001FBE8B1C818
C 380
R
P 000001FBE8B1C818
P 000001FBEADC3AC0
C 293
R
P 000001FBE8B1C818
C 380
R
P 000001FBE8B1C818
P 000001FBEADC3AC0
C 9
R
P 000001FBE8B1C818
C 380
R
P 000001FBE8B1C818
P 000001FBEADC3AC0
U 1
P 000001FBE9A161D8
p 1
C 50
= 000001FBEB6DEB68
R
P 000001FBE8B1C818
C 380
R
P 000001FBE8B1C818
P 000001FBEB6DEB68
C 293
R
P 000001FBE8B1C818
C 380
R
P 000001FBE8B1C818
P 000001FBEB6DEB68
C 290
= 000001FBE9A16198
R
P 000001FBE8B1C818
C 380
R
P 000001FBE8B1C818
P 000001FBE9A16198
C 244
R
P 000001FBE8B1C818
C 380
R
P 000001FBE8B1C818
P 000001FBEB6DEB68
C 296
R
P 000001FBE8B1C818
C 380
R
P 000001FBE8B1C818
P 000001FBEB6DEB68
C 295
R
P 000001FBE8B1C818
C 380
R
P 000001FBE8B1C818
P 000001FBEB6DEB68
C 294
R
P 000001FBE8B1C818
C 380
R
P 000001FBE8B1C818
P 000001FBEB6DEB68
C 9
R
P 000001FBE8B1C818
C 380
R
P 000001FBE8B1C818
P 000001FBE9A26AF8
U 2
P 000001FBEB6DEB38
P 000001FBEB6DEB68
p 2
C 50
= 000001FBECF206D0
R
P 000001FBE8B1C818
C 380
R
P 000001FBE8B1C818
P 000001FBECF206D0
C 293
R
P 000001FBE8B1C818
C 380
R
P 000001FBE8B1C818
P 000001FBECF206D0
C 290
= 000001FBE9A16198
R
P 000001FBE8B1C818
C 380
R
P 000001FBE8B1C818
P 000001FBE9A16198
C 244
R
P 000001FBE8B1C818
C 380
R
P 000001FBE8B1C818
P 000001FBECF206D0
C 296
R
P 000001FBE8B1C818
C 380
R
P 000001FBE8B1C818
P 000001FBECF206D0
C 295
R
P 000001FBE8B1C818
C 380
R
P 000001FBE8B1C818
P 000001FBECF206D0
C 294
R
P 000001FBE8B1C818
C 380
R
P 000001FBE8B1C818
P 000001FBECF206D0
C 9
R
P 000001FBE8B1C818
C 380
R
P 000001FBE8B1C818
P 000001FBE9A161D8
P 000001FBECF206D0
C 58
= 000001FBECF207B0
R
P 000001FBE8B1C818
C 380
R
P 000001FBE8B1C818
P 000001FBECF207B0
C 294
R
P 000001FBE8B1C818
C 380
R
P 000001FBE8B1C818
P 000001FBECF207B0
C 9
R
P 000001FBE8B1C818
C 380
R
P 000001FBE8B1C818
P 000001FBE9A16198
U 1
C 255
= 000001FBECF20510
R
P 000001FBE8B1C818
C 380
R
P 000001FBE8B1C818
P 000001FBECF20510
C 293
R
P 000001FBE8B1C818
C 380
R
P 000001FBE8B1C818
P 000001FBECF20510
C 9
R
P 000001FBE8B1C818
C 380
R
P 000001FBE8B1C818
P 000001FBECF20510
U 1
P 000001FBE9A161D8
p 1
C 50
= 000001FBEB6DE8C8
R
P 000001FBE8B1C818
C 380
R
P 000001FBE8B1C818
P 000001FBEB6DE8C8
C 293
R
P 000001FBE8B1C818
C 380
R
P 000001FBE8B1C818
P 000001FBEB6DE8C8
C 290
= 000001FBE9A15178
R
P 000001FBE8B1C818
C 380
R
P 000001FBE8B1C818
P 000001FBE9A15178
C 244
R
P 000001FBE8B1C818
C 380
R
P 000001FBE8B1C818
P 000001FBEB6DE8C8
C 296
R
P 000001FBE8B1C818
C 380
R
P 000001FBE8B1C818
P 000001FBEB6DE8C8
C 295
R
P 000001FBE8B1C818
C 380
R
P 000001FBE8B1C818
P 000001FBEB6DE8C8
C 294
R
P 000001FBE8B1C818
C 380
R
P 000001FBE8B1C818
P 000001FBEB6DE8C8
C 9
R
P 000001FBE8B1C818
C 380
R
P 000001FBE8B1C818
P 000001FBEB6DE8C8
P 000001FBECF207B0
C 63
= 000001FBECF20890
R
P 000001FBE8B1C818
C 380
R
P 000001FBE8B1C818
P 000001FBECF20890
C 294
R
P 000001FBE8B1C818
C 380
R
P 000001FBE8B1C818
P 000001FBECF20890
C 9
R
P 000001FBE8B1C818
C 380
R
P 000001FBE8B1C818
P 000001FBECF20890
C 371
R
P 000001FBE8B1C818
C 380
R
P 000001FBE8B1C818
P 000001FBECF20890
C 371
R
P 000001FBE8B1C818
C 380
R
P 000001FBE8B1C818
C 450
= 000001FBECEFE6A8
R
P 000001FBE8B1C818
C 380
R
P 000001FBE8B1C818
P 000001FBECEFE6A8
C 459
R
P 000001FBE8B1C818
C 380
R
P 000001FBE8B1C818
C 13
= 000001FBED869548
R
P 000001FBE8B1C818
C 380
R
P 000001FBE8B1C818
P 000001FBED869548
C 14
R
P 000001FBE8B1C818
C 380
R
P 000001FBE8B1C818
S "mbqi"
C 30
R
P 000001FBE8B1C818
C 380
R
P 000001FBE8B1C818
$ |mbqi|
C 237
R
P 000001FBE8B1C818
C 380
R
P 000001FBE8B1C818
P 000001FBED869548
$ |mbqi|
I 0
C 16
R
P 000001FBE8B1C818
C 380
R
P 000001FBE8B1C818
P 000001FBECEFE6A8
P 000001FBED869548
C 458
R
P 000001FBE8B1C818
C 380
R
P 000001FBE8B1C818
P 000001FBECF20890
C 60
= 000001FBEB6DEB98
R
P 000001FBE8B1C818
C 380
R
P 000001FBE8B1C818
P 000001FBEB6DEB98
C 294
R
P 000001FBE8B1C818
C 380
R
P 000001FBE8B1C818
P 000001FBEB6DEB98
C 9
R
P 000001FBE8B1C818
C 380
R
P 000001FBE8B1C818
P 000001FBECEFE6A8
P 000001FBEB6DEB98
C 466
R
P 000001FBE8B1C818
C 380
R
P 000001FBE8B1C818
P 000001FBECEFE6A8
C 479
R
P 000001FBE8B1C818
C 380
R
P 000001FBE8B1C818
P 000001FBECEFE6A8
C 485
= 000001FBE9A19618
R
P 000001FBE8B1C818
C 380
R
P 000001FBE8B1C818
P 000001FBE9A19618
C 293
R
P 000001FBE8B1C818
C 380
R
P 000001FBE8B1C818
P 000001FBE9A19618
C 290
= 000001FBE9A15198
R
P 000001FBE8B1C818
C 380
R
P 000001FBE8B1C818
P 000001FBE9A15198
C 244
R
P 000001FBE8B1C818
C 380
R
P 000001FBE8B1C818
P 000001FBE9A19618
C 296
R
P 000001FBE8B1C818
C 380
R
P 000001FBE8B1C818
P 000001FBE9A19618
C 295
R
P 000001FBE8B1C818
C 380
R
P 000001FBE8B1C818
P 000001FBE9A19618
C 294
R
P 000001FBE8B1C818
C 380
R
P 000001FBE8B1C818
P 000001FBE9A19618
C 9
R
P 000001FBE8B1C818
C 380
R
P 000001FBE8B1C818
P 000001FBE9A19618
C 371
R
P 000001FBE8B1C818
C 380
R
P 000001FBE8B1C818
P 000001FBECF207B0
C 371
R
P 000001FBE8B1C818
C 380
R
P 000001FBE8B1C818
C 450
= 000001FBECEFE498
R
P 000001FBE8B1C818
C 380
R
P 000001FBE8B1C818
P 000001FBECEFE498
C 459
R
P 000001FBE8B1C818
C 380
R
P 000001FBE8B1C818
C 13
= 000001FBED9C0258
R
P 000001FBE8B1C818
C 380
R
P 000001FBE8B1C818
P 000001FBED9C0258
C 14
R
P 000001FBE8B1C818
C 380
R
P 000001FBE8B1C818
S "mbqi"
C 30
R
P 000001FBE8B1C818
C 380
R
P 000001FBE8B1C818
$ |mbqi|
C 237
R
P 000001FBE8B1C818
C 380
R
P 000001FBE8B1C818
P 000001FBED9C0258
$ |mbqi|
I 0
C 16
R
P 000001FBE8B1C818
C 380
R
P 000001FBE8B1C818
P 000001FBECEFE498
P 000001FBED9C0258
C 458
R
P 000001FBE8B1C818
C 380
R
P 000001FBE8B1C818
P 000001FBECF207B0
C 60
= 000001FBEB6DEC88
R
P 000001FBE8B1C818
C 380
R
P 000001FBE8B1C818
P 000001FBEB6DEC88
C 294
R
P 000001FBE8B1C818
C 380
R
P 000001FBE8B1C818
P 000001FBEB6DEC88
C 9
R
P 000001FBE8B1C818
C 380
R
P 000001FBE8B1C818
P 000001FBECEFE498
P 000001FBEB6DEC88
C 466
R
P 000001FBE8B1C818
C 380
R
P 000001FBE8B1C818
P 000001FBECEFE498
C 479
R
P 000001FBE8B1C818
C 380
R
P 000001FBE8B1C818
P 000001FBECEFE498
C 484
= 000001FBEDE73598
R
P 000001FBE8B1C818
C 380
R
P 000001FBE8B1C818
P 000001FBEDE73598
C 338
R
P 000001FBE8B1C818
C 380
R
P 000001FBE8B1C818
P 000001FBEDE73598
C 375
R
P 000001FBE8B1C818
C 380
M "TreeExample"
R
P 000001FBE8B1C818
S "nil"
C 30
R
P 000001FBE8B1C818
C 380
R
P 000001FBE8B1C818
$ |nil|
C 237
R
P 000001FBE8B1C818
C 380
R
P 000001FBE8B1C818
S "is_nil"
C 30
R
P 000001FBE8B1C818
C 380
R
P 000001FBE8B1C818
$ |is_nil|
C 237
R
P 000001FBE8B1C818
C 380
R
P 000001FBE8B1C818
$ |nil|
$ |is_nil|
U 0
s 0
p 0
u 0
C 42
= 000001FBEDB3FAE8
R
P 000001FBE8B1C818
C 380
R
P 000001FBE8B1C818
S "cons"
C 30
R
P 000001FBE8B1C818
C 380
R
P 000001FBE8B1C818
$ |cons|
C 237
R
P 000001FBE8B1C818
C 380
R
P 000001FBE8B1C818
S "is_cons"
C 30
R
P 000001FBE8B1C818
C 380
R
P 000001FBE8B1C818
$ |is_cons|
C 237
R
P 000001FBE8B1C818
C 380
R
P 000001FBE8B1C818
S "car"
C 30
R
P 000001FBE8B1C818
C 380
R
P 000001FBE8B1C818
$ |car|
C 237
R
P 000001FBE8B1C818
C 380
R
P 000001FBE8B1C818
S "cdr"
C 30
R
P 000001FBE8B1C818
C 380
R
P 000001FBE8B1C818
$ |cdr|
C 237
R
P 000001FBE8B1C818
C 380
R
P 000001FBE8B1C818
$ |cons|
$ |is_cons|
U 2
$ |car|
$ |cdr|
s 2
P 0000000000000000
P 0000000000000000
p 2
U 0
U 0
u 2
C 42
= 000001FBEDB3FF48
R
P 000001FBE8B1C818
C 380
R
P 000001FBE8B1C818
S "cell"
C 30
R
P 000001FBE8B1C818
C 380
R
P 000001FBE8B1C818
$ |cell|
C 237
R
P 000001FBE8B1C818
C 380
R
P 000001FBE8B1C818
$ |cell|
U 2
P 000001FBEDB3FAE8
P 000001FBEDB3FF48
p 2
C 44
= 000001FBE9A16218
@ 000001FBEDB3FAE8 3 0
@ 000001FBEDB3FF48 3 1
R
P 000001FBE8B1C818
C 380
R
P 000001FBE8B1C818
P 000001FBE9A16218
C 293
R
P 000001FBE8B1C818
C 380
R
P 000001FBE8B1C818
P 000001FBE9A16218
C 9
R
P 000001FBE8B1C818
C 380
R
P 000001FBE8B1C818
P 000001FBEDB3FAE8
U 0
P 0000000000000000
P 0000000000000000
p 0
C 48
* 000001FBEB6DED48 3
* 000001FBECF20AC0 4
R
P 000001FBE8B1C818
C 380
R
P 000001FBE8B1C818
P 000001FBEB6DED48
C 293
R
P 000001FBE8B1C818
C 380
R
P 000001FBE8B1C818
P 000001FBEB6DED48
C 9
R
P 000001FBE8B1C818
C 380
R
P 000001FBE8B1C818
P 000001FBEDB3FAE8
U 0
P 0000000000000000
P 0000000000000000
p 0
C 48
* 000001FBEB6DED48 3
* 000001FBECF20AC0 4
R
P 000001FBE8B1C818
C 380
R
P 000001FBE8B1C818
P 000001FBECF20AC0
C 293
R
P 000001FBE8B1C818
C 380
R
P 000001FBE8B1C818
P 000001FBECF20AC0
C 9
R
P 000001FBE8B1C818
C 380
R
P 000001FBE8B1C818
P 000001FBEDB3FF48
U 2
P 0000000000000000
P 0000000000000000
P 0000000000000000
P 0000000000000000
p 2
C 48
* 000001FBED6A2958 3
* 000001FBECF20AF8 4
@ 000001FBECF20B30 5 0
@ 000001FBECF20B68 5 1
R
P 000001FBE8B1C818
C 380
R
P 000001FBE8B1C818
P 000001FBED6A2958
C 293
R
P 000001FBE8B1C818
C 380
R
P 000001FBE8B1C818
P 000001FBED6A2958
C 9
R
P 000001FBE8B1C818
C 380
R
P 000001FBE8B1C818
P 000001FBEDB3FF48
U 2
P 0000000000000000
P 0000000000000000
P 0000000000000000
P 0000000000000000
p 2
C 48
* 000001FBED6A2958 3
* 000001FBECF20B68 4
@ 000001FBECF20B30 5 0
@ 000001FBECF20AF8 5 1
R
P 000001FBE8B1C818
C 380
R
P 000001FBE8B1C818
P 000001FBECF20B68
C 293
R
P 000001FBE8B1C818
C 380
R
P 000001FBE8B1C818
P 000001FBECF20B68
C 9
R
P 000001FBE8B1C818
C 380
R
P 000001FBE8B1C818
P 000001FBEDB3FF48
U 2
P 0000000000000000
P 0000000000000000
P 0000000000000000
P 0000000000000000
p 2
C 48
* 000001FBED6A2958 3
* 000001FBECF20B68 4
@ 000001FBECF20AF8 5 0
@ 000001FBECF20B30 5 1
R
P 000001FBE8B1C818
C 380
R
P 000001FBE8B1C818
P 000001FBECF20AF8
C 293
R
P 000001FBE8B1C818
C 380
R
P 000001FBE8B1C818
P 000001FBECF20AF8
C 9
R
P 000001FBE8B1C818
C 380
R
P 000001FBE8B1C818
P 000001FBECF20B30
C 293
R
P 000001FBE8B1C818
C 380
R
P 000001FBE8B1C818
P 000001FBECF20B30
C 9
R
P 000001FBE8B1C818
C 380
R
P 000001FBE8B1C818
P 000001FBEB6DED48
U 0
p 0
C 50
= 000001FBE9A16238
R
P 000001FBE8B1C818
C 380
R
P 000001FBE8B1C818
P 000001FBE9A16238
C 293
R
P 000001FBE8B1C818
C 380
R
P 000001FBE8B1C818
P 000001FBE9A16238
C 290
= 000001FBE9A16218
R
P 000001FBE8B1C818
C 380
R
P 000001FBE8B1C818
P 000001FBE9A16218
C 244
R
P 000001FBE8B1C818
C 380
R
P 000001FBE8B1C818
P 000001FBE9A16238
C 296
R
P 000001FBE8B1C818
C 380
R
P 000001FBE8B1C818
P 000001FBE9A16238
C 295
R
P 000001FBE8B1C818
C 380
R
P 000001FBE8B1C818
P 000001FBE9A16238
C 294
R
P 000001FBE8B1C818
C 380
R
P 000001FBE8B1C818
P 000001FBE9A16238
C 9
R
P 000001FBE8B1C818
C 380
R
P 000001FBE8B1C818
P 000001FBED6A2958
U 2
P 000001FBE9A16238
P 000001FBE9A16238
p 2
C 50
= 000001FBECF20A50
R
P 000001FBE8B1C818
C 380
R
P 000001FBE8B1C818
P 000001FBECF20A50
C 293
R
P 000001FBE8B1C818
C 380
R
P 000001FBE8B1C818
P 000001FBECF20A50
C 290
= 000001FBE9A16218
R
P 000001FBE8B1C818
C 380
R
P 000001FBE8B1C818
P 000001FBE9A16218
C 244
R
P 000001FBE8B1C818
C 380
R
P 000001FBE8B1C818
P 000001FBECF20A50
C 296
R
P 000001FBE8B1C818
C 380
R
P 000001FBE8B1C818
P 000001FBECF20A50
C 295
R
P 000001FBE8B1C818
C 380
R
P 000001FBE8B1C818
P 000001FBECF20A50
C 294
R
P 000001FBE8B1C818
C 380
R
P 000001FBE8B1C818
P 000001FBECF20A50
C 9
R
P 000001FBE8B1C818
C 380
R
P 000001FBE8B1C818
P 000001FBED6A2958
U 2
P 000001FBECF20A50
P 000001FBE9A16238
p 2
C 50
= 000001FBECF20A88
R
P 000001FBE8B1C818
C 380
R
P 000001FBE8B1C818
P 000001FBECF20A88
C 293
R
P 000001FBE8B1C818
C 380
R
P 000001FBE8B1C818
P 000001FBECF20A88
C 290
= 000001FBE9A16218
R
P 000001FBE8B1C818
C 380
R
P 000001FBE8B1C818
P 000001FBE9A16218
C 244
R
P 000001FBE8B1C818
C 380
R
P 000001FBE8B1C818
P 000001FBECF20A88
C 296
R
P 000001FBE8B1C818
C 380
R
P 000001FBE8B1C818
P 000001FBECF20A88
C 295
R
P 000001FBE8B1C818
C 380
R
P 000001FBE8B1C818
P 000001FBECF20A88
C 294
R
P 000001FBE8B1C818
C 380
R
P 000001FBE8B1C818
P 000001FBECF20A88
C 9
R
P 000001FBE8B1C818
C 380
R
P 000001FBE8B1C818
P 000001FBE9A16238
P 000001FBECF20A50
C 58
= 000001FBECF20BD8
R
P 000001FBE8B1C818
C 380
R
P 000001FBE8B1C818
P 000001FBECF20BD8
C 294
R
P 000001FBE8B1C818
C 380
R
P 000001FBE8B1C818
P 000001FBECF20BD8
C 9
R
P 000001FBE8B1C818
C 380
R
P 000001FBE8B1C818
P 000001FBECF20BD8
C 60
= 000001FBEB6DEDA8
R
P 000001FBE8B1C818
C 380
R
P 000001FBE8B1C818
P 000001FBEB6DEDA8
C 294
R
P 000001FBE8B1C818
C 380
R
P 000001FBE8B1C818
P 000001FBEB6DEDA8
C 9
R
P 000001FBE8B1C818
C 380
R
P 000001FBE8B1C818
P 000001FBEB6DEDA8
C 371
R
P 000001FBE8B1C818
C 380
R
P 000001FBE8B1C818
C 450
= 000001FBECEFE1D8
R
P 000001FBE8B1C818
C 380
R
P 000001FBE8B1C818
P 000001FBECEFE1D8
C 459
R
P 000001FBE8B1C818
C 380
R
P 000001FBE8B1C818
C 13
= 000001FBEDE73C28
R
P 000001FBE8B1C818
C 380
R
P 000001FBE8B1C818
P 000001FBEDE73C28
C 14
R
P 000001FBE8B1C818
C 380
R
P 000001FBE8B1C818
S "mbqi"
C 30
R
P 000001FBE8B1C818
C 380
R
P 000001FBE8B1C818
$ |mbqi|
C 237
R
P 000001FBE8B1C818
C 380
R
P 000001FBE8B1C818
P 000001FBEDE73C28
$ |mbqi|
I 0
C 16
R
P 000001FBE8B1C818
C 380
R
P 000001FBE8B1C818
P 000001FBECEFE1D8
P 000001FBEDE73C28
C 458
R
P 000001FBE8B1C818
C 380
R
P 000001FBE8B1C818
P 000001FBEB6DEDA8
C 60
= 000001FBEB6DEDD8
R
P 000001FBE8B1C818
C 380
R
P 000001FBE8B1C818
P 000001FBEB6DEDD8
C 294
R
P 000001FBE8B1C818
C 380
R
P 000001FBE8B1C818
P 000001FBEB6DEDD8
C 9
R
P 000001FBE8B1C818
C 380
R
P 000001FBE8B1C818
P 000001FBECEFE1D8
P 000001FBEB6DEDD8
C 466
R
P 000001FBE8B1C818
C 380
R
P 000001FBE8B1C818
P 000001FBECEFE1D8
C 479
R
P 000001FBE8B1C818
C 380
R
P 000001FBE8B1C818
P 000001FBECEFE1D8
C 485
= 000001FBED6A2A58
R
P 000001FBE8B1C818
C 380
R
P 000001FBE8B1C818
P 000001FBED6A2A58
C 293
R
P 000001FBE8B1C818
C 380
R
P 000001FBE8B1C818
P 000001FBED6A2A58
C 290
= 000001FBE9A15198
R
P 000001FBE8B1C818
C 380
R
P 000001FBE8B1C818
P 000001FBE9A15198
C 244
R
P 000001FBE8B1C818
C 380
R
P 000001FBE8B1C818
P 000001FBED6A2A58
C 296
R
P 000001FBE8B1C818
C 380
R
P 000001FBE8B1C818
P 000001FBED6A2A58
C 295
R
P 000001FBE8B1C818
C 380
R
P 000001FBE8B1C818
P 000001FBED6A2A58
C 294
R
P 000001FBE8B1C818
C 380
R
P 000001FBE8B1C818
P 000001FBED6A2A58
C 9
R
P 000001FBE8B1C818
C 380
R
P 000001FBE8B1C818
P 000001FBED6A2A58
C 371
R
P 000001FBE8B1C818
C 380
R
P 000001FBE8B1C818
S "u"
C 30
R
P 000001FBE8B1C818
C 380
R
P 000001FBE8B1C818
$ |u|
C 237
R
P 000001FBE8B1C818
C 380
R
P 000001FBE8B1C818
$ |u|
P 000001FBE9A16218
C 51
= 000001FBE9A16258
R
P 000001FBE8B1C818
C 380
R
P 000001FBE8B1C818
P 000001FBE9A16258
C 293
R
P 000001FBE8B1C818
C 380
R
P 000001FBE8B1C818
P 000001FBE9A16258
C 290
= 000001FBE9A16218
R
P 000001FBE8B1C818
C 380
R
P 000001FBE8B1C818
P 000001FBE9A16218
C 244
R
P 000001FBE8B1C818
C 380
R
P 000001FBE8B1C818
P 000001FBE9A16258
C 296
R
P 000001FBE8B1C818
C 380
R
P 000001FBE8B1C818
P 000001FBE9A16258
C 295
R
P 000001FBE8B1C818
C 380
R
P 000001FBE8B1C818
P 000001FBE9A16258
C 294
R
P 000001FBE8B1C818
C 380
R
P 000001FBE8B1C818
P 000001FBE9A16258
C 9
R
P 000001FBE8B1C818
C 380
R
P 000001FBE8B1C818
S "v"
C 30
R
P 000001FBE8B1C818
C 380
R
P 000001FBE8B1C818
$ |v|
C 237
R
P 000001FBE8B1C818
C 380
R
P 000001FBE8B1C818
$ |v|
P 000001FBE9A16218
C 51
= 000001FBE9A16278
R
P 000001FBE8B1C818
C 380
R
P 000001FBE8B1C818
P 000001FBE9A16278
C 293
R
P 000001FBE8B1C818
C 380
R
P 000001FBE8B1C818
P 000001FBE9A16278
C 290
= 000001FBE9A16218
R
P 000001FBE8B1C818
C 380
R
P 000001FBE8B1C818
P 000001FBE9A16218
C 244
R
P 000001FBE8B1C818
C 380
R
P 000001FBE8B1C818
P 000001FBE9A16278
C 296
R
P 000001FBE8B1C818
C 380
R
P 000001FBE8B1C818
P 000001FBE9A16278
C 295
R
P 000001FBE8B1C818
C 380
R
P 000001FBE8B1C818
P 000001FBE9A16278
C 294
R
P 000001FBE8B1C818
C 380
R
P 000001FBE8B1C818
P 000001FBE9A16278
C 9
R
P 000001FBE8B1C818
C 380
R
P 000001FBE8B1C818
S "x"
C 30
R
P 000001FBE8B1C818
C 380
R
P 000001FBE8B1C818
$ |x|
C 237
R
P 000001FBE8B1C818
C 380
R
P 000001FBE8B1C818
$ |x|
P 000001FBE9A16218
C 51
= 000001FBE9A16298
R
P 000001FBE8B1C818
C 380
R
P 000001FBE8B1C818
P 000001FBE9A16298
C 293
R
P 000001FBE8B1C818
C 380
R
P 000001FBE8B1C818
P 000001FBE9A16298
C 290
= 000001FBE9A16218
R
P 000001FBE8B1C818
C 380
R
P 000001FBE8B1C818
P 000001FBE9A16218
C 244
R
P 000001FBE8B1C818
C 380
R
P 000001FBE8B1C818
P 000001FBE9A16298
C 296
R
P 000001FBE8B1C818
C 380
R
P 000001FBE8B1C818
P 000001FBE9A16298
C 295
R
P 000001FBE8B1C818
C 380
R
P 000001FBE8B1C818
P 000001FBE9A16298
C 294
R
P 000001FBE8B1C818
C 380
R
P 000001FBE8B1C818
P 000001FBE9A16298
C 9
R
P 000001FBE8B1C818
C 380
R
P 000001FBE8B1C818
S "y"
C 30
R
P 000001FBE8B1C818
C 380
R
P 000001FBE8B1C818
$ |y|
C 237
R
P 000001FBE8B1C818
C 380
R
P 000001FBE8B1C818
$ |y|
P 000001FBE9A16218
C 51
= 000001FBE9A162B8
R
P 000001FBE8B1C818
C 380
R
P 000001FBE8B1C818
P 000001FBE9A162B8
C 293
R
P 000001FBE8B1C818
C 380
R
P 000001FBE8B1C818
P 000001FBE9A162B8
C 290
= 000001FBE9A16218
R
P 000001FBE8B1C818
C 380
R
P 000001FBE8B1C818
P 000001FBE9A16218
C 244
R
P 000001FBE8B1C818
C 380
R
P 000001FBE8B1C818
P 000001FBE9A162B8
C 296
R
P 000001FBE8B1C818
C 380
R
P 000001FBE8B1C818
P 000001FBE9A162B8
C 295
R
P 000001FBE8B1C818
C 380
R
P 000001FBE8B1C818
P 000001FBE9A162B8
C 294
R
P 000001FBE8B1C818
C 380
R
P 000001FBE8B1C818
P 000001FBE9A162B8
C 9
R
P 000001FBE8B1C818
C 380
R
P 000001FBE8B1C818
P 000001FBED6A2958
U 2
P 000001FBE9A16298
P 000001FBE9A16258
p 2
C 50
= 000001FBECF20D98
R
P 000001FBE8B1C818
C 380
R
P 000001FBE8B1C818
P 000001FBECF20D98
C 293
R
P 000001FBE8B1C818
C 380
R
P 000001FBE8B1C818
P 000001FBECF20D98
C 290
= 000001FBE9A16218
R
P 000001FBE8B1C818
C 380
R
P 000001FBE8B1C818
P 000001FBE9A16218
C 244
R
P 000001FBE8B1C818
C 380
R
P 000001FBE8B1C818
P 000001FBECF20D98
C 296
R
P 000001FBE8B1C818
C 380
R
P 000001FBE8B1C818
P 000001FBECF20D98
C 295
R
P 000001FBE8B1C818
C 380
R
P 000001FBE8B1C818
P 000001FBECF20D98
C 294
R
P 000001FBE8B1C818
C 380
R
P 000001FBE8B1C818
P 000001FBECF20D98
C 9
R
P 000001FBE8B1C818
C 380
R
P 000001FBE8B1C818
P 000001FBED6A2958
U 2
P 000001FBE9A162B8
P 000001FBE9A16278
p 2
C 50
= 000001FBECF20DD0
R
P 000001FBE8B1C818
C 380
R
P 000001FBE8B1C818
P 000001FBECF20DD0
C 293
R
P 000001FBE8B1C818
C 380
R
P 000001FBE8B1C818
P 000001FBECF20DD0
C 290
= 000001FBE9A16218
R
P 000001FBE8B1C818
C 380
R
P 000001FBE8B1C818
P 000001FBE9A16218
C 244
R
P 000001FBE8B1C818
C 380
R
P 000001FBE8B1C818
P 000001FBECF20DD0
C 296
R
P 000001FBE8B1C818
C 380
R
P 000001FBE8B1C818
P 000001FBECF20DD0
C 295
R
P 000001FBE8B1C818
C 380
R
P 000001FBE8B1C818
P 000001FBECF20DD0
C 294
R
P 000001FBE8B1C818
C 380
R
P 000001FBE8B1C818
P 000001FBECF20DD0
C 9
R
P 000001FBE8B1C818
C 380
R
P 000001FBE8B1C818
P 000001FBECF20D98
P 000001FBECF20DD0
C 58
= 000001FBECF20E08
R
P 000001FBE8B1C818
C 380
R
P 000001FBE8B1C818
P 000001FBECF20E08
C 294
R
P 000001FBE8B1C818
C 380
R
P 000001FBE8B1C818
P 000001FBECF20E08
C 9
R
P 000001FBE8B1C818
C 380
R
P 000001FBE8B1C818
P 000001FBE9A16258
P 000001FBE9A16278
C 58
= 000001FBECF20E40
R
P 000001FBE8B1C818
C 380
R
P 000001FBE8B1C818
P 000001FBECF20E40
C 294
R
P 000001FBE8B1C818
C 380
R
P 000001FBE8B1C818
P 000001FBECF20E40
C 9
R
P 000001FBE8B1C818
C 380
R
P 000001FBE8B1C818
P 000001FBECF20E08
P 000001FBECF20E40
C 63
= 000001FBECF20E78
R
P 000001FBE8B1C818
C 380
R
P 000001FBE8B1C818
P 000001FBECF20E78
C 294
R
P 000001FBE8B1C818
C 380
R
P 000001FBE8B1C818
P 000001FBECF20E78
C 9
R
P 000001FBE8B1C818
C 380
R
P 000001FBE8B1C818
P 000001FBECF20E78
C 371
R
P 000001FBE8B1C818
C 380
R
P 000001FBE8B1C818
C 450
= 000001FBECF014B8
R
P 000001FBE8B1C818
C 380
R
P 000001FBE8B1C818
P 000001FBECF014B8
C 459
R
P 000001FBE8B1C818
C 380
R
P 000001FBE8B1C818
C 13
= 000001FBEE0E9208
R
P 000001FBE8B1C818
C 380
R
P 000001FBE8B1C818
P 000001FBEE0E9208
C 14
R
P 000001FBE8B1C818
C 380
R
P 000001FBE8B1C818
S "mbqi"
C 30
R
P 000001FBE8B1C818
C 380
R
P 000001FBE8B1C818
$ |mbqi|
C 237
R
P 000001FBE8B1C818
C 380
R
P 000001FBE8B1C818
P 000001FBEE0E9208
$ |mbqi|
I 0
C 16
R
P 000001FBE8B1C818
C 380
R
P 000001FBE8B1C818
P 000001FBECF014B8
P 000001FBEE0E9208
C 458
R
P 000001FBE8B1C818
C 380
R
P 000001FBE8B1C818
P 000001FBECF20E78
C 60
= 000001FBEB6DEF28
R
P 000001FBE8B1C818
C 380
R
P 000001FBE8B1C818
P 000001FBEB6DEF28
C 294
R
P 000001FBE8B1C818
C 380
R
P 000001FBE8B1C818
P 000001FBEB6DEF28
C 9
R
P 000001FBE8B1C818
C 380
R
P 000001FBE8B1C818
P 000001FBECF014B8
P 000001FBEB6DEF28
C 466
R
P 000001FBE8B1C818
C 380
R
P 000001FBE8B1C818
P 000001FBECF014B8
C 479
R
P 000001FBE8B1C818
C 380
R
P 000001FBE8B1C818
P 000001FBECF014B8
C 485
= 000001FBED6A2B18
R
P 000001FBE8B1C818
C 380
R
P 000001FBE8B1C818
P 000001FBED6A2B18
C 293
R
P 000001FBE8B1C818
C 380
R
P 000001FBE8B1C818
P 000001FBED6A2B18
C 290
= 000001FBE9A15198
R
P 000001FBE8B1C818
C 380
R
P 000001FBE8B1C818
P 000001FBE9A15198
C 244
R
P 000001FBE8B1C818
C 380
R
P 000001FBE8B1C818
P 000001FBED6A2B18
C 296
R
P 000001FBE8B1C818
C 380
R
P 000001FBE8B1C818
P 000001FBED6A2B18
C 295
R
P 000001FBE8B1C818
C 380
R
P 000001FBE8B1C818
P 000001FBED6A2B18
C 294
R
P 000001FBE8B1C818
C 380
R
P 000001FBE8B1C818
P 000001FBED6A2B18
C 9
R
P 000001FBE8B1C818
C 380
R
P 000001FBE8B1C818
P 000001FBED6A2B18
C 371
R
P 000001FBE8B1C818
C 380
R
P 000001FBE8B1C818
P 000001FBECF20D98
P 000001FBECF20DD0
C 58
= 000001FBECF20E08
R
P 000001FBE8B1C818
C 380
R
P 000001FBE8B1C818
P 000001FBECF20E08
C 294
R
P 000001FBE8B1C818
C 380
R
P 000001FBE8B1C818
P 000001FBECF20E08
C 9
R
P 000001FBE8B1C818
C 380
R
P 000001FBE8B1C818
P 000001FBE9A16298
P 000001FBE9A162B8
C 58
= 000001FBECF20EB0
R
P 000001FBE8B1C818
C 380
R
P 000001FBE8B1C818
P 000001FBECF20EB0
C 294
R
P 000001FBE8B1C818
C 380
R
P 000001FBE8B1C818
P 000001FBECF20EB0
C 9
R
P 000001FBE8B1C818
C 380
R
P 000001FBE8B1C818
P 000001FBECF20E08
P 000001FBECF20EB0
C 63
= 000001FBECF211C0
R
P 000001FBE8B1C818
C 380
R
P 000001FBE8B1C818
P 000001FBECF211C0
C 294
R
P 000001FBE8B1C818
C 380
R
P 000001FBE8B1C818
P 000001FBECF211C0
C 9
R
P 000001FBE8B1C818
C 380
R
P 000001FBE8B1C818
P 000001FBECF211C0
C 371
R
P 000001FBE8B1C818
C 380
R
P 000001FBE8B1C818
C 450
= 000001FBECF00178
R
P 000001FBE8B1C818
C 380
R
P 000001FBE8B1C818
P 000001FBECF00178
C 459
R
P 000001FBE8B1C818
C 380
R
P 000001FBE8B1C818
C 13
= 000001FBEE3638D8
R
P 000001FBE8B1C818
C 380
R
P 000001FBE8B1C818
P 000001FBEE3638D8
C 14
R
P 000001FBE8B1C818
C 380
R
P 000001FBE8B1C818
S "mbqi"
C 30
R
P 000001FBE8B1C818
C 380
R
P 000001FBE8B1C818
$ |mbqi|
C 237
R
P 000001FBE8B1C818
C 380
R
P 000001FBE8B1C818
P 000001FBEE3638D8
$ |mbqi|
I 0
C 16
R
P 000001FBE8B1C818
C 380
R
P 000001FBE8B1C818
P 000001FBECF00178
P 000001FBEE3638D8
C 458
R
P 000001FBE8B1C818
C 380
R
P 000001FBE8B1C818
P 000001FBECF211C0
C 60
= 000001FBEB6DF0A8
R
P 000001FBE8B1C818
C 380
R
P 000001FBE8B1C818
P 000001FBEB6DF0A8
C 294
R
P 000001FBE8B1C818
C 380
R
P 000001FBE8B1C818
P 000001FBEB6DF0A8
C 9
R
P 000001FBE8B1C818
C 380
R
P 000001FBE8B1C818
P 000001FBECF00178
P 000001FBEB6DF0A8
C 466
R
P 000001FBE8B1C818
C 380
R
P 000001FBE8B1C818
P 000001FBECF00178
C 479
R
P 000001FBE8B1C818
C 380
R
P 000001FBE8B1C818
P 000001FBECF00178
C 485
= 000001FBED6A2BD8
R
P 000001FBE8B1C818
C 380
R
P 000001FBE8B1C818
P 000001FBED6A2BD8
C 293
R
P 000001FBE8B1C818
C 380
R
P 000001FBE8B1C818
P 000001FBED6A2BD8
C 290
= 000001FBE9A15198
R
P 000001FBE8B1C818
C 380
R
P 000001FBE8B1C818
P 000001FBE9A15198
C 244
R
P 000001FBE8B1C818
C 380
R
P 000001FBE8B1C818
P 000001FBED6A2BD8
C 296
R
P 000001FBE8B1C818
C 380
R
P 000001FBE8B1C818
P 000001FBED6A2BD8
C 295
R
P 000001FBE8B1C818
C 380
R
P 000001FBE8B1C818
P 000001FBED6A2BD8
C 294
R
P 000001FBE8B1C818
C 380
R
P 000001FBE8B1C818
P 000001FBED6A2BD8
C 9
R
P 000001FBE8B1C818
C 380
R
P 000001FBE8B1C818
P 000001FBED6A2BD8
C 371
R
P 000001FBE8B1C818
C 380
R
P 000001FBE8B1C818
P 000001FBECF20AC0
U 1
P 000001FBE9A16258
p 1
C 50
= 000001FBEB6DF1C8
R
P 000001FBE8B1C818
C 380
R
P 000001FBE8B1C818
P 000001FBEB6DF1C8
C 293
R
P 000001FBE8B1C818
C 380
R
P 000001FBE8B1C818
P 000001FBEB6DF1C8
C 290
= 000001FBE9A15178
R
P 000001FBE8B1C818
C 380
R
P 000001FBE8B1C818
P 000001FBE9A15178
C 244
R
P 000001FBE8B1C818
C 380
R
P 000001FBE8B1C818
P 000001FBEB6DF1C8
C 296
R
P 000001FBE8B1C818
C 380
R
P 000001FBE8B1C818
P 000001FBEB6DF1C8
C 295
R
P 000001FBE8B1C818
C 380
R
P 000001FBE8B1C818
P 000001FBEB6DF1C8
C 294
R
P 000001FBE8B1C818
C 380
R
P 000001FBE8B1C818
P 000001FBEB6DF1C8
C 9
R
P 000001FBE8B1C818
C 380
R
P 000001FBE8B1C818
P 000001FBECF20B68
U 1
P 000001FBE9A16258
p 1
C 50
= 000001FBEB6DF1F8
R
P 000001FBE8B1C818
C 380
R
P 000001FBE8B1C818
P 000001FBEB6DF1F8
C 293
R
P 000001FBE8B1C818
C 380
R
P 000001FBE8B1C818
P 000001FBEB6DF1F8
C 290
= 000001FBE9A15178
R
P 000001FBE8B1C818
C 380
R
P 000001FBE8B1C818
P 000001FBE9A15178
C 244
R
P 000001FBE8B1C818
C 380
R
P 000001FBE8B1C818
P 000001FBEB6DF1F8
C 296
R
P 000001FBE8B1C818
C 380
R
P 000001FBE8B1C818
P 000001FBEB6DF1F8
C 295
R
P 000001FBE8B1C818
C 380
R
P 000001FBE8B1C818
P 000001FBEB6DF1F8
C 294
R
P 000001FBE8B1C818
C 380
R
P 000001FBE8B1C818
P 000001FBEB6DF1F8
C 9
R
P 000001FBE8B1C818
C 380
R
P 000001FBE8B1C818
U 2
P 000001FBEB6DF1C8
P 000001FBEB6DF1F8
p 2
C 66
= 000001FBECF21460
R
P 000001FBE8B1C818
C 380
R
P 000001FBE8B1C818
P 000001FBECF21460
C 294
R
P 000001FBE8B1C818
C 380
R
P 000001FBE8B1C818
P 000001FBECF21460
C 9
R
P 000001FBE8B1C818
C 380
R
P 000001FBE8B1C818
P 000001FBECF21460
C 371
R
P 000001FBE8B1C818
C 380
R
P 000001FBE8B1C818
C 450
= 000001FBEE76AD78
R
P 000001FBE8B1C818
C 380
R
P 000001FBE8B1C818
P 000001FBEE76AD78
C 459
R
P 000001FBE8B1C818
C 380
R
P 000001FBE8B1C818
C 13
= 000001FBEE275FE8
R
P 000001FBE8B1C818
C 380
R
P 000001FBE8B1C818
P 000001FBEE275FE8
C 14
R
P 000001FBE8B1C818
C 380
R
P 000001FBE8B1C818
S "mbqi"
C 30
R
P 000001FBE8B1C818
C 380
R
P 000001FBE8B1C818
$ |mbqi|
C 237
R
P 000001FBE8B1C818
C 380
R
P 000001FBE8B1C818
P 000001FBEE275FE8
$ |mbqi|
I 0
C 16
R
P 000001FBE8B1C818
C 380
R
P 000001FBE8B1C818
P 000001FBEE76AD78
P 000001FBEE275FE8
C 458
R
P 000001FBE8B1C818
C 380
R
P 000001FBE8B1C818
P 000001FBECF21460
C 60
= 000001FBEB6DF228
R
P 000001FBE8B1C818
C 380
R
P 000001FBE8B1C818
P 000001FBEB6DF228
C 294
R
P 000001FBE8B1C818
C 380
R
P 000001FBE8B1C818
P 000001FBEB6DF228
C 9
R
P 000001FBE8B1C818
C 380
R
P 000001FBE8B1C818
P 000001FBEE76AD78
P 000001FBEB6DF228
C 466
R
P 000001FBE8B1C818
C 380
R
P 000001FBE8B1C818
P 000001FBEE76AD78
C 479
R
P 000001FBE8B1C818
C 380
R
P 000001FBE8B1C818
P 000001FBEE76AD78
C 485
= 000001FBED6A2C98
R
P 000001FBE8B1C818
C 380
R
P 000001FBE8B1C818
P 000001FBED6A2C98
C 293
R
P 000001FBE8B1C818
C 380
R
P 000001FBE8B1C818
P 000001FBED6A2C98
C 290
= 000001FBE9A15198
R
P 000001FBE8B1C818
C 380
R
P 000001FBE8B1C818
P 000001FBE9A15198
C 244
R
P 000001FBE8B1C818
C 380
R
P 000001FBE8B1C818
P 000001FBED6A2C98
C 296
R
P 000001FBE8B1C818
C 380
R
P 000001FBE8B1C818
P 000001FBED6A2C98
C 295
R
P 000001FBE8B1C818
C 380
R
P 000001FBE8B1C818
P 000001FBED6A2C98
C 294
R
P 000001FBE8B1C818
C 380
R
P 000001FBE8B1C818
P 000001FBED6A2C98
C 9
R
P 000001FBE8B1C818
C 380
R
P 000001FBE8B1C818
P 000001FBED6A2C98
C 371
R
P 000001FBE8B1C818
C 380
R
P 000001FBE8B1C818
P 000001FBE9A16258
P 000001FBECF20D98
C 58
= 000001FBECF21620
R
P 000001FBE8B1C818
C 380
R
P 000001FBE8B1C818
P 000001FBECF21620
C 294
R
P 000001FBE8B1C818
C 380
R
P 000001FBE8B1C818
P 000001FBECF21620
C 9
R
P 000001FBE8B1C818
C 380
R
P 000001FBE8B1C818
P 000001FBECF21620
C 60
= 000001FBEB6DF378
R
P 000001FBE8B1C818
C 380
R
P 000001FBE8B1C818
P 000001FBEB6DF378
C 294
R
P 000001FBE8B1C818
C 380
R
P 000001FBE8B1C818
P 000001FBEB6DF378
C 9
R
P 000001FBE8B1C818
C 380
R
P 000001FBE8B1C818
P 000001FBEB6DF378
C 371
R
P 000001FBE8B1C818
C 380
R
P 000001FBE8B1C818
C 450
= 000001FBEE769098
R
P 000001FBE8B1C818
C 380
R
P 000001FBE8B1C818
P 000001FBEE769098
C 459
R
P 000001FBE8B1C818
C 380
R
P 000001FBE8B1C818
C 13
= 000001FBEE8530E8
R
P 000001FBE8B1C818
C 380
R
P 000001FBE8B1C818
P 000001FBEE8530E8
C 14
R
P 000001FBE8B1C818
C 380
R
P 000001FBE8B1C818
S "mbqi"
C 30
R
P 000001FBE8B1C818
C 380
R
P 000001FBE8B1C818
$ |mbqi|
C 237
R
P 000001FBE8B1C818
C 380
R
P 000001FBE8B1C818
P 000001FBEE8530E8
$ |mbqi|
I 0
C 16
R
P 000001FBE8B1C818
C 380
R
P 000001FBE8B1C818
P 000001FBEE769098
P 000001FBEE8530E8
C 458
R
P 000001FBE8B1C818
C 380
R
P 000001FBE8B1C818
P 000001FBEB6DF378
C 60
= 000001FBEB6DF3A8
R
P 000001FBE8B1C818
C 380
R
P 000001FBE8B1C818
P 000001FBEB6DF3A8
C 294
R
P 000001FBE8B1C818
C 380
R
P 000001FBE8B1C818
P 000001FBEB6DF3A8
C 9
R
P 000001FBE8B1C818
C 380
R
P 000001FBE8B1C818
P 000001FBEE769098
P 000001FBEB6DF3A8
C 466
R
P 000001FBE8B1C818
C 380
R
P 000001FBE8B1C818
P 000001FBEE769098
C 479
R
P 000001FBE8B1C818
C 380
R
P 000001FBE8B1C818
P 000001FBEE769098
C 485
= 000001FBECF21770
R
P 000001FBE8B1C818
C 380
R
P 000001FBE8B1C818
P 000001FBECF21770
C 293
R
P 000001FBE8B1C818
C 380
R
P 000001FBE8B1C818
P 000001FBECF21770
C 290
= 000001FBE9A15198
R
P 000001FBE8B1C818
C 380
R
P 000001FBE8B1C818
P 000001FBE9A15198
C 244
R
P 000001FBE8B1C818
C 380
R
P 000001FBE8B1C818
P 000001FBECF21770
C 296
R
P 000001FBE8B1C818
C 380
R
P 000001FBE8B1C818
P 000001FBECF21770
C 295
R
P 000001FBE8B1C818
C 380
R
P 000001FBE8B1C818
P 000001FBECF21770
C 294
R
P 000001FBE8B1C818
C 380
R
P 000001FBE8B1C818
P 000001FBECF21770
C 9
R
P 000001FBE8B1C818
C 380
R
P 000001FBE8B1C818
P 000001FBECF21770
C 371
R
P 000001FBE8B1C818
C 380
R
P 000001FBE8B1C818
P 000001FBECF20AF8
U 1
P 000001FBE9A16258
p 1
C 50
= 000001FBEB6DF468
R
P 000001FBE8B1C818
C 380
R
P 000001FBE8B1C818
P 000001FBEB6DF468
C 293
R
P 000001FBE8B1C818
C 380
R
P 000001FBE8B1C818
P 000001FBEB6DF468
C 290
= 000001FBE9A16218
R
P 000001FBE8B1C818
C 380
R
P 000001FBE8B1C818
P 000001FBE9A16218
C 244
R
P 000001FBE8B1C818
C 380
R
P 000001FBE8B1C818
P 000001FBEB6DF468
C 296
R
P 000001FBE8B1C818
C 380
R
P 000001FBE8B1C818
P 000001FBEB6DF468
C 295
R
P 000001FBE8B1C818
C 380
R
P 000001FBE8B1C818
P 000001FBEB6DF468
C 294
R
P 000001FBE8B1C818
C 380
R
P 000001FBE8B1C818
P 000001FBEB6DF468
C 9
R
P 000001FBE8B1C818
C 380
R
P 000001FBE8B1C818
P 000001FBECF20B30
U 1
P 000001FBE9A16258
p 1
C 50
= 000001FBEB6DF498
R
P 000001FBE8B1C818
C 380
R
P 000001FBE8B1C818
P 000001FBEB6DF498
C 293
R
P 000001FBE8B1C818
C 380
R
P 000001FBE8B1C818
P 000001FBEB6DF498
C 290
= 000001FBE9A16218
R
P 000001FBE8B1C818
C 380
R
P 000001FBE8B1C818
P 000001FBE9A16218
C 244
R
P 000001FBE8B1C818
C 380
R
P 000001FBE8B1C818
P 000001FBEB6DF498
C 296
R
P 000001FBE8B1C818
C 380
R
P 000001FBE8B1C818
P 000001FBEB6DF498
C 295
R
P 000001FBE8B1C818
C 380
R
P 000001FBE8B1C818
P 000001FBEB6DF498
C 294
R
P 000001FBE8B1C818
C 380
R
P 000001FBE8B1C818
P 000001FBEB6DF498
C 9
R
P 000001FBE8B1C818
C 380
R
P 000001FBE8B1C818
P 000001FBED6A2958
U 2
P 000001FBEB6DF468
P 000001FBEB6DF498
p 2
C 50
= 000001FBECF215E8
R
P 000001FBE8B1C818
C 380
R
P 000001FBE8B1C818
P 000001FBECF215E8
C 293
R
P 000001FBE8B1C818
C 380
R
P 000001FBE8B1C818
P 000001FBECF215E8
C 290
= 000001FBE9A16218
R
P 000001FBE8B1C818
C 380
R
P 000001FBE8B1C818
P 000001FBE9A16218
C 244
R
P 000001FBE8B1C818
C 380
R
P 000001FBE8B1C818
P 000001FBECF215E8
C 296
R
P 000001FBE8B1C818
C 380
R
P 000001FBE8B1C818
P 000001FBECF215E8
C 295
R
P 000001FBE8B1C818
C 380
R
P 000001FBE8B1C818
P 000001FBECF215E8
C 294
R
P 000001FBE8B1C818
C 380
R
P 000001FBE8B1C818
P 000001FBECF215E8
C 9
R
P 000001FBE8B1C818
C 380
R
P 000001FBE8B1C818
P 000001FBE9A16258
P 000001FBECF215E8
C 58
= 000001FBECF216C8
R
P 000001FBE8B1C818
C 380
R
P 000001FBE8B1C818
P 000001FBECF216C8
C 294
R
P 000001FBE8B1C818
C 380
R
P 000001FBE8B1C818
P 000001FBECF216C8
C 9
R
P 000001FBE8B1C818
C 380
R
P 000001FBE8B1C818
P 000001FBECF20B68
U 1
P 000001FBE9A16258
p 1
C 50
= 000001FBEB6DF1F8
R
P 000001FBE8B1C818
C 380
R
P 000001FBE8B1C818
P 000001FBEB6DF1F8
C 293
R
P 000001FBE8B1C818
C 380
R
P 000001FBE8B1C818
P 000001FBEB6DF1F8
C 290
= 000001FBE9A15178
R
P 000001FBE8B1C818
C 380
R
P 000001FBE8B1C818
P 000001FBE9A15178
C 244
R
P 000001FBE8B1C818
C 380
R
P 000001FBE8B1C818
P 000001FBEB6DF1F8
C 296
R
P 000001FBE8B1C818
C 380
R
P 000001FBE8B1C818
P 000001FBEB6DF1F8
C 295
R
P 000001FBE8B1C818
C 380
R
P 000001FBE8B1C818
P 000001FBEB6DF1F8
C 294
R
P 000001FBE8B1C818
C 380
R
P 000001FBE8B1C818
P 000001FBEB6DF1F8
C 9
R
P 000001FBE8B1C818
C 380
R
P 000001FBE8B1C818
P 000001FBEB6DF1F8
P 000001FBECF216C8
C 63
= 000001FBECF217A8
R
P 000001FBE8B1C818
C 380
R
P 000001FBE8B1C818
P 000001FBECF217A8
C 294
R
P 000001FBE8B1C818
C 380
R
P 000001FBE8B1C818
P 000001FBECF217A8
C 9
R
P 000001FBE8B1C818
C 380
R
P 000001FBE8B1C818
P 000001FBECF217A8
C 371
R
P 000001FBE8B1C818
C 380
R
P 000001FBE8B1C818
P 000001FBECF217A8
C 371
R
P 000001FBE8B1C818
C 380
R
P 000001FBE8B1C818
C 450
= 000001FBEE768DD8
R
P 000001FBE8B1C818
C 380
R
P 000001FBE8B1C818
P 000001FBEE768DD8
C 459
R
P 000001FBE8B1C818
C 380
R
P 000001FBE8B1C818
C 13
= 000001FBEEA6A9A8
R
P 000001FBE8B1C818
C 380
R
P 000001FBE8B1C818
P 000001FBEEA6A9A8
C 14
R
P 000001FBE8B1C818
C 380
R
P 000001FBE8B1C818
S "mbqi"
C 30
R
P 000001FBE8B1C818
C 380
R
P 000001FBE8B1C818
$ |mbqi|
C 237
R
P 000001FBE8B1C818
C 380
R
P 000001FBE8B1C818
P 000001FBEEA6A9A8
$ |mbqi|
I 0
C 16
R
P 000001FBE8B1C818
C 380
R
P 000001FBE8B1C818
P 000001FBEE768DD8
P 000001FBEEA6A9A8
C 458
R
P 000001FBE8B1C818
C 380
R
P 000001FBE8B1C818
P 000001FBECF217A8
C 60
= 000001FBEB6DF4C8
R
P 000001FBE8B1C818
C 380
R
P 000001FBE8B1C818
P 000001FBEB6DF4C8
C 294
R
P 000001FBE8B1C818
C 380
R
P 000001FBE8B1C818
P 000001FBEB6DF4C8
C 9
R
P 000001FBE8B1C818
C 380
R
P 000001FBE8B1C818
P 000001FBEE768DD8
P 000001FBEB6DF4C8
C 466
R
P 000001FBE8B1C818
C 380
R
P 000001FBE8B1C818
P 000001FBEE768DD8
C 479
R
P 000001FBE8B1C818
C 380
R
P 000001FBE8B1C818
P 000001FBEE768DD8
C 485
= 000001FBE9A19660
R
P 000001FBE8B1C818
C 380
R
P 000001FBE8B1C818
P 000001FBE9A19660
C 293
R
P 000001FBE8B1C818
C 380
R
P 000001FBE8B1C818
P 000001FBE9A19660
C 290
= 000001FBE9A15198
R
P 000001FBE8B1C818
C 380
R
P 000001FBE8B1C818
P 000001FBE9A15198
C 244
R
P 000001FBE8B1C818
C 380
R
P 000001FBE8B1C818
P 000001FBE9A19660
C 296
R
P 000001FBE8B1C818
C 380
R
P 000001FBE8B1C818
P 000001FBE9A19660
C 295
R
P 000001FBE8B1C818
C 380
R
P 000001FBE8B1C818
P 000001FBE9A19660
C 294
R
P 000001FBE8B1C818
C 380
R
P 000001FBE8B1C818
P 000001FBE9A19660
C 9
R
P 000001FBE8B1C818
C 380
R
P 000001FBE8B1C818
P 000001FBE9A19660
C 371
R
P 000001FBE8B1C818
C 380
R
P 000001FBE8B1C818
P 000001FBECF216C8
C 371
R
P 000001FBE8B1C818
C 380
R
P 000001FBE8B1C818
C 450
= 000001FBEE76A488
R
P 000001FBE8B1C818
C 380
R
P 000001FBE8B1C818
P 000001FBEE76A488
C 459
R
P 000001FBE8B1C818
C 380
R
P 000001FBE8B1C818
C 13
= 000001FBEED83138
R
P 000001FBE8B1C818
C 380
R
P 000001FBE8B1C818
P 000001FBEED83138
C 14
R
P 000001FBE8B1C818
C 380
R
P 000001FBE8B1C818
S "mbqi"
C 30
R
P 000001FBE8B1C818
C 380
R
P 000001FBE8B1C818
$ |mbqi|
C 237
R
P 000001FBE8B1C818
C 380
R
P 000001FBE8B1C818
P 000001FBEED83138
$ |mbqi|
I 0
C 16
R
P 000001FBE8B1C818
C 380
R
P 000001FBE8B1C818
P 000001FBEE76A488
P 000001FBEED83138
C 458
R
P 000001FBE8B1C818
C 380
R
P 000001FBE8B1C818
P 000001FBECF216C8
C 60
= 000001FBEB6DF5B8
R
P 000001FBE8B1C818
C 380
R
P 000001FBE8B1C818
P 000001FBEB6DF5B8
C 294
R
P 000001FBE8B1C818
C 380
R
P 000001FBE8B1C818
P 000001FBEB6DF5B8
C 9
R
P 000001FBE8B1C818
C 380
R
P 000001FBE8B1C818
P 000001FBEE76A488
P 000001FBEB6DF5B8
C 466
R
P 000001FBE8B1C818
C 380
R
P 000001FBE8B1C818
P 000001FBEE76A488
C 479
R
P 000001FBE8B1C818
C 380
R
P 000001FBE8B1C818
P 000001FBEE76A488
C 484
= 000001FBEF1078C8
R
P 000001FBE8B1C818
C 380
R
P 000001FBE8B1C818
P 000001FBEF1078C8
C 338
R
P 000001FBE8B1C818
C 380
R
P 000001FBE8B1C818
P 000001FBEF1078C8
C 375
R
P 000001FBE8B1C818
C 380
M "ForestExample"
R
P 000001FBE8B1C818
S "head"
C 30
R
P 000001FBE8B1C818
C 380
R
P 000001FBE8B1C818
$ |head|
C 237
R
P 000001FBE8B1C818
C 380
R
P 000001FBE8B1C818
S "tail"
C 30
R
P 000001FBE8B1C818
C 380
R
P 000001FBE8B1C818
$ |tail|
C 237
R
P 000001FBE8B1C818
C 380
R
P 000001FBE8B1C818
S "car"
C 30
R
P 000001FBE8B1C818
C 380
R
P 000001FBE8B1C818
$ |car|
C 237
R
P 000001FBE8B1C818
C 380
R
P 000001FBE8B1C818
S "cdr"
C 30
R
P 000001FBE8B1C818
C 380
R
P 000001FBE8B1C818
$ |cdr|
C 237
R
P 000001FBE8B1C818
C 380
R
P 000001FBE8B1C818
S "forest"
C 30
R
P 000001FBE8B1C818
C 380
R
P 000001FBE8B1C818
$ |forest|
C 237
R
P 000001FBE8B1C818
C 380
R
P 000001FBE8B1C818
S "tree"
C 30
R
P 000001FBE8B1C818
C 380
R
P 000001FBE8B1C818
$ |tree|
C 237
R
P 000001FBE8B1C818
C 380
R
P 000001FBE8B1C818
S "nil"
C 30
R
P 000001FBE8B1C818
C 380
R
P 000001FBE8B1C818
$ |nil|
C 237
R
P 000001FBE8B1C818
C 380
R
P 000001FBE8B1C818
S "is_nil"
C 30
R
P 000001FBE8B1C818
C 380
R
P 000001FBE8B1C818
$ |is_nil|
C 237
R
P 000001FBE8B1C818
C 380
R
P 000001FBE8B1C818
$ |nil|
$ |is_nil|
U 0
s 0
p 0
u 0
C 42
= 000001FBEEFC7B18
R
P 000001FBE8B1C818
C 380
R
P 000001FBE8B1C818
S "cons1"
C 30
R
P 000001FBE8B1C818
C 380
R
P 000001FBE8B1C818
$ |cons1|
C 237
R
P 000001FBE8B1C818
C 380
R
P 000001FBE8B1C818
S "is_cons1"
C 30
R
P 000001FBE8B1C818
C 380
R
P 000001FBE8B1C818
$ |is_cons1|
C 237
R
P 000001FBE8B1C818
C 380
R
P 000001FBE8B1C818
$ |cons1|
$ |is_cons1|
U 2
$ |head|
$ |tail|
s 2
P 0000000000000000
P 0000000000000000
p 2
U 1
U 0
u 2
C 42
= 000001FBEEFC7938
R
P 000001FBE8B1C818
C 380
R
P 000001FBE8B1C818
S "nil2"
C 30
R
P 000001FBE8B1C818
C 380
R
P 000001FBE8B1C818
$ |nil2|
C 237
R
P 000001FBE8B1C818
C 380
R
P 000001FBE8B1C818
S "is_nil2"
C 30
R
P 000001FBE8B1C818
C 380
R
P 000001FBE8B1C818
$ |is_nil2|
C 237
R
P 000001FBE8B1C818
C 380
R
P 000001FBE8B1C818
$ |nil2|
$ |is_nil2|
U 0
s 0
p 0
u 0
C 42
= 000001FBEEFC8BF8
R
P 000001FBE8B1C818
C 380
R
P 000001FBE8B1C818
S "cons2"
C 30
R
P 000001FBE8B1C818
C 380
R
P 000001FBE8B1C818
$ |cons2|
C 237
R
P 000001FBE8B1C818
C 380
R
P 000001FBE8B1C818
S "is_cons2"
C 30
R
P 000001FBE8B1C818
C 380
R
P 000001FBE8B1C818
$ |is_cons2|
C 237
R
P 000001FBE8B1C818
C 380
R
P 000001FBE8B1C818
$ |cons2|
$ |is_cons2|
U 2
$ |car|
$ |cdr|
s 2
P 0000000000000000
P 0000000000000000
p 2
U 0
U 0
u 2
C 42
= 000001FBEEFC8018
R
P 000001FBE8B1C818
C 380
R
P 000001FBE8B1C818
U 2
P 000001FBEEFC7B18
P 000001FBEEFC7938
p 2
C 45
= 000001FBEEFE2048
R
P 000001FBE8B1C818
C 380
R
P 000001FBE8B1C818
U 2
P 000001FBEEFC8BF8
P 000001FBEEFC8018
p 2
C 45
= 000001FBEEFE2268
R
P 000001FBE8B1C818
C 380
R
P 000001FBE8B1C818
U 2
$ |forest|
$ |tree|
s 2
P 0000000000000000
P 0000000000000000
p 2
P 000001FBEEFE2048
P 000001FBEEFE2268
p 2
C 47
@ 000001FBE9A162D8 3 0
@ 000001FBE9A162F8 3 1
@ 000001FBEEFE2048 4 0
@ 000001FBEEFE2268 4 1
R
P 000001FBE8B1C818
C 380
R
P 000001FBE8B1C818
P 000001FBE9A162D8
C 293
R
P 000001FBE8B1C818
C 380
R
P 000001FBE8B1C818
P 000001FBE9A162D8
C 9
R
P 000001FBE8B1C818
C 380
R
P 000001FBE8B1C818
P 000001FBE9A162F8
C 293
R
P 000001FBE8B1C818
C 380
R
P 000001FBE8B1C818
P 000001FBE9A162F8
C 9
R
P 000001FBE8B1C818
C 380
R
P 000001FBE8B1C818
P 000001FBEEFC7B18
U 0
P 0000000000000000
P 0000000000000000
p 0
C 48
* 000001FBEB6DF678 3
* 000001FBECF219D8 4
R
P 000001FBE8B1C818
C 380
R
P 000001FBE8B1C818
P 000001FBEB6DF678
C 293
R
P 000001FBE8B1C818
C 380
R
P 000001FBE8B1C818
P 000001FBEB6DF678
C 9
R
P 000001FBE8B1C818
C 380
R
P 000001FBE8B1C818
P 000001FBEEFC7B18
U 0
P 0000000000000000
P 0000000000000000
p 0
C 48
* 000001FBEB6DF678 3
* 000001FBECF219D8 4
R
P 000001FBE8B1C818
C 380
R
P 000001FBE8B1C818
P 000001FBECF219D8
C 293
R
P 000001FBE8B1C818
C 380
R
P 000001FBE8B1C818
P 000001FBECF219D8
C 9
R
P 000001FBE8B1C818
C 380
R
P 000001FBE8B1C818
P 000001FBEEFC7938
U 2
P 0000000000000000
P 0000000000000000
P 0000000000000000
P 0000000000000000
p 2
C 48
* 000001FBED6A2E18 3
* 000001FBECF21A10 4
@ 000001FBECF21A48 5 0
@ 000001FBECF21A80 5 1
R
P 000001FBE8B1C818
C 380
R
P 000001FBE8B1C818
P 000001FBED6A2E18
C 293
R
P 000001FBE8B1C818
C 380
R
P 000001FBE8B1C818
P 000001FBED6A2E18
C 9
R
P 000001FBE8B1C818
C 380
R
P 000001FBE8B1C818
P 000001FBEEFC7938
U 2
P 0000000000000000
P 0000000000000000
P 0000000000000000
P 0000000000000000
p 2
C 48
* 000001FBED6A2E18 3
* 000001FBECF21A80 4
@ 000001FBECF21A48 5 0
@ 000001FBECF21A10 5 1
R
P 000001FBE8B1C818
C 380
R
P 000001FBE8B1C818
P 000001FBECF21A80
C 293
R
P 000001FBE8B1C818
C 380
R
P 000001FBE8B1C818
P 000001FBECF21A80
C 9
R
P 000001FBE8B1C818
C 380
R
P 000001FBE8B1C818
P 000001FBEEFC7938
U 2
P 0000000000000000
P 0000000000000000
P 0000000000000000
P 0000000000000000
p 2
C 48
* 000001FBED6A2E18 3
* 000001FBECF21A80 4
@ 000001FBECF21A10 5 0
@ 000001FBECF21A48 5 1
R
P 000001FBE8B1C818
C 380
R
P 000001FBE8B1C818
P 000001FBECF21A10
C 293
R
P 000001FBE8B1C818
C 380
R
P 000001FBE8B1C818
P 000001FBECF21A10
C 9
R
P 000001FBE8B1C818
C 380
R
P 000001FBE8B1C818
P 000001FBECF21A48
C 293
R
P 000001FBE8B1C818
C 380
R
P 000001FBE8B1C818
P 000001FBECF21A48
C 9
R
P 000001FBE8B1C818
C 380
R
P 000001FBE8B1C818
P 000001FBEEFC8BF8
U 0
P 0000000000000000
P 0000000000000000
p 0
C 48
* 000001FBEB6DF6D8 3
* 000001FBECF21968 4
R
P 000001FBE8B1C818
C 380
R
P 000001FBE8B1C818
P 000001FBEB6DF6D8
C 293
R
P 000001FBE8B1C818
C 380
R
P 000001FBE8B1C818
P 000001FBEB6DF6D8
C 9
R
P 000001FBE8B1C818
C 380
R
P 000001FBE8B1C818
P 000001FBEEFC8BF8
U 0
P 0000000000000000
P 0000000000000000
p 0
C 48
* 000001FBEB6DF6D8 3
* 000001FBECF21968 4
R
P 000001FBE8B1C818
C 380
R
P 000001FBE8B1C818
P 000001FBECF21968
C 293
R
P 000001FBE8B1C818
C 380
R
P 000001FBE8B1C818
P 000001FBECF21968
C 9
R
P 000001FBE8B1C818
C 380
R
P 000001FBE8B1C818
P 000001FBEEFC8018
U 2
P 0000000000000000
P 0000000000000000
P 0000000000000000
P 0000000000000000
p 2
C 48
* 000001FBED6A2E58 3
* 000001FBECF219A0 4
@ 000001FBECF21AF0 5 0
@ 000001FBECF21B28 5 1
R
P 000001FBE8B1C818
C 380
R
P 000001FBE8B1C818
P 000001FBED6A2E58
C 293
R
P 000001FBE8B1C818
C 380
R
P 000001FBE8B1C818
P 000001FBED6A2E58
C 9
R
P 000001FBE8B1C818
C 380
R
P 000001FBE8B1C818
P 000001FBEEFC8018
U 2
P 0000000000000000
P 0000000000000000
P 0000000000000000
P 0000000000000000
p 2
C 48
* 000001FBED6A2E58 3
* 000001FBECF21B28 4
@ 000001FBECF21AF0 5 0
@ 000001FBECF219A0 5 1
R
P 000001FBE8B1C818
C 380
R
P 000001FBE8B1C818
P 000001FBECF21B28
C 293
R
P 000001FBE8B1C818
C 380
R
P 000001FBE8B1C818
P 000001FBECF21B28
C 9
R
P 000001FBE8B1C818
C 380
R
P 000001FBE8B1C818
P 000001FBEEFC8018
U 2
P 0000000000000000
P 0000000000000000
P 0000000000000000
P 0000000000000000
p 2
C 48
* 000001FBED6A2E58 3
* 000001FBECF21B28 4
@ 000001FBECF219A0 5 0
@ 000001FBECF21AF0 5 1
R
P 000001FBE8B1C818
C 380
R
P 000001FBE8B1C818
P 000001FBECF219A0
C 293
R
P 000001FBE8B1C818
C 380
R
P 000001FBE8B1C818
P 000001FBECF219A0
C 9
R
P 000001FBE8B1C818
C 380
R
P 000001FBE8B1C818
P 000001FBECF21AF0
C 293
R
P 000001FBE8B1C818
C 380
R
P 000001FBE8B1C818
P 000001FBECF21AF0
C 9
R
P 000001FBE8B1C818
C 380
R
P 000001FBE8B1C818
P 000001FBEB6DF678
U 0
p 0
C 50
= 000001FBE9A16318
R
P 000001FBE8B1C818
C 380
R
P 000001FBE8B1C818
P 000001FBE9A16318
C 293
R
P 000001FBE8B1C818
C 380
R
P 000001FBE8B1C818
P 000001FBE9A16318
C 290
= 000001FBE9A162D8
R
P 000001FBE8B1C818
C 380
R
P 000001FBE8B1C818
P 000001FBE9A162D8
C 244
R
P 000001FBE8B1C818
C 380
R
P 000001FBE8B1C818
P 000001FBE9A16318
C 296
R
P 000001FBE8B1C818
C 380
R
P 000001FBE8B1C818
P 000001FBE9A16318
C 295
R
P 000001FBE8B1C818
C 380
R
P 000001FBE8B1C818
P 000001FBE9A16318
C 294
R
P 000001FBE8B1C818
C 380
R
P 000001FBE8B1C818
P 000001FBE9A16318
C 9
R
P 000001FBE8B1C818
C 380
R
P 000001FBE8B1C818
P 000001FBEB6DF6D8
U 0
p 0
C 50
= 000001FBE9A16338
R
P 000001FBE8B1C818
C 380
R
P 000001FBE8B1C818
P 000001FBE9A16338
C 293
R
P 000001FBE8B1C818
C 380
R
P 000001FBE8B1C818
P 000001FBE9A16338
C 290
= 000001FBE9A162F8
R
P 000001FBE8B1C818
C 380
R
P 000001FBE8B1C818
P 000001FBE9A162F8
C 244
R
P 000001FBE8B1C818
C 380
R
P 000001FBE8B1C818
P 000001FBE9A16338
C 296
R
P 000001FBE8B1C818
C 380
R
P 000001FBE8B1C818
P 000001FBE9A16338
C 295
R
P 000001FBE8B1C818
C 380
R
P 000001FBE8B1C818
P 000001FBE9A16338
C 294
R
P 000001FBE8B1C818
C 380
R
P 000001FBE8B1C818
P 000001FBE9A16338
C 9
R
P 000001FBE8B1C818
C 380
R
P 000001FBE8B1C818
P 000001FBED6A2E18
U 2
P 000001FBE9A16338
P 000001FBE9A16318
p 2
C 50
= 000001FBECF21B60
R
P 000001FBE8B1C818
C 380
R
P 000001FBE8B1C818
P 000001FBECF21B60
C 293
R
P 000001FBE8B1C818
C 380
R
P 000001FBE8B1C818
P 000001FBECF21B60
C 290
= 000001FBE9A162D8
R
P 000001FBE8B1C818
C 380
R
P 000001FBE8B1C818
P 000001FBE9A162D8
C 244
R
P 000001FBE8B1C818
C 380
R
P 000001FBE8B1C818
P 000001FBECF21B60
C 296
R
P 000001FBE8B1C818
C 380
R
P 000001FBE8B1C818
P 000001FBECF21B60
C 295
R
P 000001FBE8B1C818
C 380
R
P 000001FBE8B1C818
P 000001FBECF21B60
C 294
R
P 000001FBE8B1C818
C 380
R
P 000001FBE8B1C818
P 000001FBECF21B60
C 9
R
P 000001FBE8B1C818
C 380
R
P 000001FBE8B1C818
P 000001FBED6A2E58
U 2
P 000001FBE9A16318
P 000001FBE9A16318
p 2
C 50
= 000001FBECF21B98
R
P 000001FBE8B1C818
C 380
R
P 000001FBE8B1C818
P 000001FBECF21B98
C 293
R
P 000001FBE8B1C818
C 380
R
P 000001FBE8B1C818
P 000001FBECF21B98
C 290
= 000001FBE9A162F8
R
P 000001FBE8B1C818
C 380
R
P 000001FBE8B1C818
P 000001FBE9A162F8
C 244
R
P 000001FBE8B1C818
C 380
R
P 000001FBE8B1C818
P 000001FBECF21B98
C 296
R
P 000001FBE8B1C818
C 380
R
P 000001FBE8B1C818
P 000001FBECF21B98
C 295
R
P 000001FBE8B1C818
C 380
R
P 000001FBE8B1C818
P 000001FBECF21B98
C 294
R
P 000001FBE8B1C818
C 380
R
P 000001FBE8B1C818
P 000001FBECF21B98
C 9
R
P 000001FBE8B1C818
C 380
R
P 000001FBE8B1C818
P 000001FBED6A2E58
U 2
P 000001FBECF21B60
P 000001FBE9A16318
p 2
C 50
= 000001FBECF21BD0
R
P 000001FBE8B1C818
C 380
R
P 000001FBE8B1C818
P 000001FBECF21BD0
C 293
R
P 000001FBE8B1C818
C 380
R
P 000001FBE8B1C818
P 000001FBECF21BD0
C 290
= 000001FBE9A162F8
R
P 000001FBE8B1C818
C 380
R
P 000001FBE8B1C818
P 000001FBE9A162F8
C 244
R
P 000001FBE8B1C818
C 380
R
P 000001FBE8B1C818
P 000001FBECF21BD0
C 296
R
P 000001FBE8B1C818
C 380
R
P 000001FBE8B1C818
P 000001FBECF21BD0
C 295
R
P 000001FBE8B1C818
C 380
R
P 000001FBE8B1C818
P 000001FBECF21BD0
C 294
R
P 000001FBE8B1C818
C 380
R
P 000001FBE8B1C818
P 000001FBECF21BD0
C 9
R
P 000001FBE8B1C818
C 380
R
P 000001FBE8B1C818
P 000001FBED6A2E58
U 2
P 000001FBECF21B60
P 000001FBECF21B60
p 2
C 50
= 000001FBECF21C08
R
P 000001FBE8B1C818
C 380
R
P 000001FBE8B1C818
P 000001FBECF21C08
C 293
R
P 000001FBE8B1C818
C 380
R
P 000001FBE8B1C818
P 000001FBECF21C08
C 290
= 000001FBE9A162F8
R
P 000001FBE8B1C818
C 380
R
P 000001FBE8B1C818
P 000001FBE9A162F8
C 244
R
P 000001FBE8B1C818
C 380
R
P 000001FBE8B1C818
P 000001FBECF21C08
C 296
R
P 000001FBE8B1C818
C 380
R
P 000001FBE8B1C818
P 000001FBECF21C08
C 295
R
P 000001FBE8B1C818
C 380
R
P 000001FBE8B1C818
P 000001FBECF21C08
C 294
R
P 000001FBE8B1C818
C 380
R
P 000001FBE8B1C818
P 000001FBECF21C08
C 9
R
P 000001FBE8B1C818
C 380
R
P 000001FBE8B1C818
P 000001FBED6A2E58
U 2
P 000001FBE9A16318
P 000001FBECF21B60
p 2
C 50
= 000001FBECF21C40
R
P 000001FBE8B1C818
C 380
R
P 000001FBE8B1C818
P 000001FBECF21C40
C 293
R
P 000001FBE8B1C818
C 380
R
P 000001FBE8B1C818
P 000001FBECF21C40
C 290
= 000001FBE9A162F8
R
P 000001FBE8B1C818
C 380
R
P 000001FBE8B1C818
P 000001FBE9A162F8
C 244
R
P 000001FBE8B1C818
C 380
R
P 000001FBE8B1C818
P 000001FBECF21C40
C 296
R
P 000001FBE8B1C818
C 380
R
P 000001FBE8B1C818
P 000001FBECF21C40
C 295
R
P 000001FBE8B1C818
C 380
R
P 000001FBE8B1C818
P 000001FBECF21C40
C 294
R
P 000001FBE8B1C818
C 380
R
P 000001FBE8B1C818
P 000001FBECF21C40
C 9
R
P 000001FBE8B1C818
C 380
R
P 000001FBE8B1C818
P 000001FBED6A2E18
U 2
P 000001FBECF21B98
P 000001FBE9A16318
p 2
C 50
= 000001FBECF21C78
R
P 000001FBE8B1C818
C 380
R
P 000001FBE8B1C818
P 000001FBECF21C78
C 293
R
P 000001FBE8B1C818
C 380
R
P 000001FBE8B1C818
P 000001FBECF21C78
C 290
= 000001FBE9A162D8
R
P 000001FBE8B1C818
C 380
R
P 000001FBE8B1C818
P 000001FBE9A162D8
C 244
R
P 000001FBE8B1C818
C 380
R
P 000001FBE8B1C818
P 000001FBECF21C78
C 296
R
P 000001FBE8B1C818
C 380
R
P 000001FBE8B1C818
P 000001FBECF21C78
C 295
R
P 000001FBE8B1C818
C 380
R
P 000001FBE8B1C818
P 000001FBECF21C78
C 294
R
P 000001FBE8B1C818
C 380
R
P 000001FBE8B1C818
P 000001FBECF21C78
C 9
R
P 000001FBE8B1C818
C 380
R
P 000001FBE8B1C818
P 000001FBED6A2E18
U 2
P 000001FBECF21B98
P 000001FBECF21B60
p 2
C 50
= 000001FBECF21CB0
R
P 000001FBE8B1C818
C 380
R
P 000001FBE8B1C818
P 000001FBECF21CB0
C 293
R
P 000001FBE8B1C818
C 380
R
P 000001FBE8B1C818
P 000001FBECF21CB0
C 290
= 000001FBE9A162D8
R
P 000001FBE8B1C818
C 380
R
P 000001FBE8B1C818
P 000001FBE9A162D8
C 244
R
P 000001FBE8B1C818
C 380
R
P 000001FBE8B1C818
P 000001FBECF21CB0
C 296
R
P 000001FBE8B1C818
C 380
R
P 000001FBE8B1C818
P 000001FBECF21CB0
C 295
R
P 000001FBE8B1C818
C 380
R
P 000001FBE8B1C818
P 000001FBECF21CB0
C 294
R
P 000001FBE8B1C818
C 380
R
P 000001FBE8B1C818
P 000001FBECF21CB0
C 9
R
P 000001FBE8B1C818
C 380
R
P 000001FBE8B1C818
P 000001FBE9A16318
P 000001FBECF21B60
C 58
= 000001FBECF21CE8
R
P 000001FBE8B1C818
C 380
R
P 000001FBE8B1C818
P 000001FBECF21CE8
C 294
R
P 000001FBE8B1C818
C 380
R
P 000001FBE8B1C818
P 000001FBECF21CE8
C 9
R
P 000001FBE8B1C818
C 380
R
P 000001FBE8B1C818
P 000001FBECF21CE8
C 60
= 000001FBEB6DF708
R
P 000001FBE8B1C818
C 380
R
P 000001FBE8B1C818
P 000001FBEB6DF708
C 294
R
P 000001FBE8B1C818
C 380
R
P 000001FBE8B1C818
P 000001FBEB6DF708
C 9
R
P 000001FBE8B1C818
C 380
R
P 000001FBE8B1C818
P 000001FBEB6DF708
C 371
R
P 000001FBE8B1C818
C 380
R
P 000001FBE8B1C818
C 450
= 000001FBEE76BEA8
R
P 000001FBE8B1C818
C 380
R
P 000001FBE8B1C818
P 000001FBEE76BEA8
C 459
R
P 000001FBE8B1C818
C 380
R
P 000001FBE8B1C818
C 13
= 000001FBEF107448
R
P 000001FBE8B1C818
C 380
R
P 000001FBE8B1C818
P 000001FBEF107448
C 14
R
P 000001FBE8B1C818
C 380
R
P 000001FBE8B1C818
S "mbqi"
C 30
R
P 000001FBE8B1C818
C 380
R
P 000001FBE8B1C818
$ |mbqi|
C 237
R
P 000001FBE8B1C818
C 380
R
P 000001FBE8B1C818
P 000001FBEF107448
$ |mbqi|
I 0
C 16
R
P 000001FBE8B1C818
C 380
R
P 000001FBE8B1C818
P 000001FBEE76BEA8
P 000001FBEF107448
C 458
R
P 000001FBE8B1C818
C 380
R
P 000001FBE8B1C818
P 000001FBEB6DF708
C 60
= 000001FBEB6DF738
R
P 000001FBE8B1C818
C 380
R
P 000001FBE8B1C818
P 000001FBEB6DF738
C 294
R
P 000001FBE8B1C818
C 380
R
P 000001FBE8B1C818
P 000001FBEB6DF738
C 9
R
P 000001FBE8B1C818
C 380
R
P 000001FBE8B1C818
P 000001FBEE76BEA8
P 000001FBEB6DF738
C 466
R
P 000001FBE8B1C818
C 380
R
P 000001FBE8B1C818
P 000001FBEE76BEA8
C 479
R
P 000001FBE8B1C818
C 380
R
P 000001FBE8B1C818
P 000001FBEE76BEA8
C 485
= 000001FBED6A2F58
R
P 000001FBE8B1C818
C 380
R
P 000001FBE8B1C818
P 000001FBED6A2F58
C 293
R
P 000001FBE8B1C818
C 380
R
P 000001FBE8B1C818
P 000001FBED6A2F58
C 290
= 000001FBE9A15198
R
P 000001FBE8B1C818
C 380
R
P 000001FBE8B1C818
P 000001FBE9A15198
C 244
R
P 000001FBE8B1C818
C 380
R
P 000001FBE8B1C818
P 000001FBED6A2F58
C 296
R
P 000001FBE8B1C818
C 380
R
P 000001FBE8B1C818
P 000001FBED6A2F58
C 295
R
P 000001FBE8B1C818
C 380
R
P 000001FBE8B1C818
P 000001FBED6A2F58
C 294
R
P 000001FBE8B1C818
C 380
R
P 000001FBE8B1C818
P 000001FBED6A2F58
C 9
R
P 000001FBE8B1C818
C 380
R
P 000001FBE8B1C818
P 000001FBED6A2F58
C 371
R
P 000001FBE8B1C818
C 380
R
P 000001FBE8B1C818
P 000001FBE9A16338
P 000001FBECF21B98
C 58
= 000001FBECF21EA8
R
P 000001FBE8B1C818
C 380
R
P 000001FBE8B1C818
P 000001FBECF21EA8
C 294
R
P 000001FBE8B1C818
C 380
R
P 000001FBE8B1C818
P 000001FBECF21EA8
C 9
R
P 000001FBE8B1C818
C 380
R
P 000001FBE8B1C818
P 000001FBECF21EA8
C 60
= 000001FBEB6DF7C8
R
P 000001FBE8B1C818
C 380
R
P 000001FBE8B1C818
P 000001FBEB6DF7C8
C 294
R
P 000001FBE8B1C818
C 380
R
P 000001FBE8B1C818
P 000001FBEB6DF7C8
C 9
R
P 000001FBE8B1C818
C 380
R
P 000001FBE8B1C818
P 000001FBEB6DF7C8
C 371
R
P 000001FBE8B1C818
C 380
R
P 000001FBE8B1C818
C 450
= 000001FBEE76C378
R
P 000001FBE8B1C818
C 380
R
P 000001FBE8B1C818
P 000001FBEE76C378
C 459
R
P 000001FBE8B1C818
C 380
R
P 000001FBE8B1C818
C 13
= 000001FBEF443518
R
P 000001FBE8B1C818
C 380
R
P 000001FBE8B1C818
P 000001FBEF443518
C 14
R
P 000001FBE8B1C818
C 380
R
P 000001FBE8B1C818
S "mbqi"
C 30
R
P 000001FBE8B1C818
C 380
R
P 000001FBE8B1C818
$ |mbqi|
C 237
R
P 000001FBE8B1C818
C 380
R
P 000001FBE8B1C818
P 000001FBEF443518
$ |mbqi|
I 0
C 16
R
P 000001FBE8B1C818
C 380
R
P 000001FBE8B1C818
P 000001FBEE76C378
P 000001FBEF443518
C 458
R
P 000001FBE8B1C818
C 380
R
P 000001FBE8B1C818
P 000001FBEB6DF7C8
C 60
= 000001FBEB6DF7F8
R
P 000001FBE8B1C818
C 380
R
P 000001FBE8B1C818
P 000001FBEB6DF7F8
C 294
R
P 000001FBE8B1C818
C 380
R
P 000001FBE8B1C818
P 000001FBEB6DF7F8
C 9
R
P 000001FBE8B1C818
C 380
R
P 000001FBE8B1C818
P 000001FBEE76C378
P 000001FBEB6DF7F8
C 466
R
P 000001FBE8B1C818
C 380
R
P 000001FBE8B1C818
P 000001FBEE76C378
C 479
R
P 000001FBE8B1C818
C 380
R
P 000001FBE8B1C818
P 000001FBEE76C378
C 485
= 000001FBED6A3058
R
P 000001FBE8B1C818
C 380
R
P 000001FBE8B1C818
P 000001FBED6A3058
C 293
R
P 000001FBE8B1C818
C 380
R
P 000001FBE8B1C818
P 000001FBED6A3058
C 290
= 000001FBE9A15198
R
P 000001FBE8B1C818
C 380
R
P 000001FBE8B1C818
P 000001FBE9A15198
C 244
R
P 000001FBE8B1C818
C 380
R
P 000001FBE8B1C818
P 000001FBED6A3058
C 296
R
P 000001FBE8B1C818
C 380
R
P 000001FBE8B1C818
P 000001FBED6A3058
C 295
R
P 000001FBE8B1C818
C 380
R
P 000001FBE8B1C818
P 000001FBED6A3058
C 294
R
P 000001FBE8B1C818
C 380
R
P 000001FBE8B1C818
P 000001FBED6A3058
C 9
R
P 000001FBE8B1C818
C 380
R
P 000001FBE8B1C818
P 000001FBED6A3058
C 371
R
P 000001FBE8B1C818
C 380
R
P 000001FBE8B1C818
S "u"
C 30
R
P 000001FBE8B1C818
C 380
R
P 000001FBE8B1C818
$ |u|
C 237
R
P 000001FBE8B1C818
C 380
R
P 000001FBE8B1C818
$ |u|
P 000001FBE9A162D8
C 51
= 000001FBE9A16358
R
P 000001FBE8B1C818
C 380
R
P 000001FBE8B1C818
P 000001FBE9A16358
C 293
R
P 000001FBE8B1C818
C 380
R
P 000001FBE8B1C818
P 000001FBE9A16358
C 290
= 000001FBE9A162D8
R
P 000001FBE8B1C818
C 380
R
P 000001FBE8B1C818
P 000001FBE9A162D8
C 244
R
P 000001FBE8B1C818
C 380
R
P 000001FBE8B1C818
P 000001FBE9A16358
C 296
R
P 000001FBE8B1C818
C 380
R
P 000001FBE8B1C818
P 000001FBE9A16358
C 295
R
P 000001FBE8B1C818
C 380
R
P 000001FBE8B1C818
P 000001FBE9A16358
C 294
R
P 000001FBE8B1C818
C 380
R
P 000001FBE8B1C818
P 000001FBE9A16358
C 9
R
P 000001FBE8B1C818
C 380
R
P 000001FBE8B1C818
S "v"
C 30
R
P 000001FBE8B1C818
C 380
R
P 000001FBE8B1C818
$ |v|
C 237
R
P 000001FBE8B1C818
C 380
R
P 000001FBE8B1C818
$ |v|
P 000001FBE9A162D8
C 51
= 000001FBE9A16378
R
P 000001FBE8B1C818
C 380
R
P 000001FBE8B1C818
P 000001FBE9A16378
C 293
R
P 000001FBE8B1C818
C 380
R
P 000001FBE8B1C818
P 000001FBE9A16378
C 290
= 000001FBE9A162D8
R
P 000001FBE8B1C818
C 380
R
P 000001FBE8B1C818
P 000001FBE9A162D8
C 244
R
P 000001FBE8B1C818
C 380
R
P 000001FBE8B1C818
P 000001FBE9A16378
C 296
R
P 000001FBE8B1C818
C 380
R
P 000001FBE8B1C818
P 000001FBE9A16378
C 295
R
P 000001FBE8B1C818
C 380
R
P 000001FBE8B1C818
P 000001FBE9A16378
C 294
R
P 000001FBE8B1C818
C 380
R
P 000001FBE8B1C818
P 000001FBE9A16378
C 9
R
P 000001FBE8B1C818
C 380
R
P 000001FBE8B1C818
S "x"
C 30
R
P 000001FBE8B1C818
C 380
R
P 000001FBE8B1C818
$ |x|
C 237
R
P 000001FBE8B1C818
C 380
R
P 000001FBE8B1C818
$ |x|
P 000001FBE9A162F8
C 51
= 000001FBE9A16398
R
P 000001FBE8B1C818
C 380
R
P 000001FBE8B1C818
P 000001FBE9A16398
C 293
R
P 000001FBE8B1C818
C 380
R
P 000001FBE8B1C818
P 000001FBE9A16398
C 290
= 000001FBE9A162F8
R
P 000001FBE8B1C818
C 380
R
P 000001FBE8B1C818
P 000001FBE9A162F8
C 244
R
P 000001FBE8B1C818
C 380
R
P 000001FBE8B1C818
P 000001FBE9A16398
C 296
R
P 000001FBE8B1C818
C 380
R
P 000001FBE8B1C818
P 000001FBE9A16398
C 295
R
P 000001FBE8B1C818
C 380
R
P 000001FBE8B1C818
P 000001FBE9A16398
C 294
R
P 000001FBE8B1C818
C 380
R
P 000001FBE8B1C818
P 000001FBE9A16398
C 9
R
P 000001FBE8B1C818
C 380
R
P 000001FBE8B1C818
S "y"
C 30
R
P 000001FBE8B1C818
C 380
R
P 000001FBE8B1C818
$ |y|
C 237
R
P 000001FBE8B1C818
C 380
R
P 000001FBE8B1C818
$ |y|
P 000001FBE9A162F8
C 51
= 000001FBE9A163B8
R
P 000001FBE8B1C818
C 380
R
P 000001FBE8B1C818
P 000001FBE9A163B8
C 293
R
P 000001FBE8B1C818
C 380
R
P 000001FBE8B1C818
P 000001FBE9A163B8
C 290
= 000001FBE9A162F8
R
P 000001FBE8B1C818
C 380
R
P 000001FBE8B1C818
P 000001FBE9A162F8
C 244
R
P 000001FBE8B1C818
C 380
R
P 000001FBE8B1C818
P 000001FBE9A163B8
C 296
R
P 000001FBE8B1C818
C 380
R
P 000001FBE8B1C818
P 000001FBE9A163B8
C 295
R
P 000001FBE8B1C818
C 380
R
P 000001FBE8B1C818
P 000001FBE9A163B8
C 294
R
P 000001FBE8B1C818
C 380
R
P 000001FBE8B1C818
P 000001FBE9A163B8
C 9
R
P 000001FBE8B1C818
C 380
R
P 000001FBE8B1C818
P 000001FBED6A2E18
U 2
P 000001FBE9A16398
P 000001FBE9A16358
p 2
C 50
= 000001FBECF22068
R
P 000001FBE8B1C818
C 380
R
P 000001FBE8B1C818
P 000001FBECF22068
C 293
R
P 000001FBE8B1C818
C 380
R
P 000001FBE8B1C818
P 000001FBECF22068
C 290
= 000001FBE9A162D8
R
P 000001FBE8B1C818
C 380
R
P 000001FBE8B1C818
P 000001FBE9A162D8
C 244
R
P 000001FBE8B1C818
C 380
R
P 000001FBE8B1C818
P 000001FBECF22068
C 296
R
P 000001FBE8B1C818
C 380
R
P 000001FBE8B1C818
P 000001FBECF22068
C 295
R
P 000001FBE8B1C818
C 380
R
P 000001FBE8B1C818
P 000001FBECF22068
C 294
R
P 000001FBE8B1C818
C 380
R
P 000001FBE8B1C818
P 000001FBECF22068
C 9
R
P 000001FBE8B1C818
C 380
R
P 000001FBE8B1C818
P 000001FBED6A2E18
U 2
P 000001FBE9A163B8
P 000001FBE9A16378
p 2
C 50
= 000001FBECF220A0
R
P 000001FBE8B1C818
C 380
R
P 000001FBE8B1C818
P 000001FBECF220A0
C 293
R
P 000001FBE8B1C818
C 380
R
P 000001FBE8B1C818
P 000001FBECF220A0
C 290
= 000001FBE9A162D8
R
P 000001FBE8B1C818
C 380
R
P 000001FBE8B1C818
P 000001FBE9A162D8
C 244
R
P 000001FBE8B1C818
C 380
R
P 000001FBE8B1C818
P 000001FBECF220A0
C 296
R
P 000001FBE8B1C818
C 380
R
P 000001FBE8B1C818
P 000001FBECF220A0
C 295
R
P 000001FBE8B1C818
C 380
R
P 000001FBE8B1C818
P 000001FBECF220A0
C 294
R
P 000001FBE8B1C818
C 380
R
P 000001FBE8B1C818
P 000001FBECF220A0
C 9
R
P 000001FBE8B1C818
C 380
R
P 000001FBE8B1C818
P 000001FBECF22068
P 000001FBECF220A0
C 58
= 000001FBECF220D8
R
P 000001FBE8B1C818
C 380
R
P 000001FBE8B1C818
P 000001FBECF220D8
C 294
R
P 000001FBE8B1C818
C 380
R
P 000001FBE8B1C818
P 000001FBECF220D8
C 9
R
P 000001FBE8B1C818
C 380
R
P 000001FBE8B1C818
P 000001FBE9A16358
P 000001FBE9A16378
C 58
= 000001FBEF7E2768
R
P 000001FBE8B1C818
C 380
R
P 000001FBE8B1C818
P 000001FBEF7E2768
C 294
R
P 000001FBE8B1C818
C 380
R
P 000001FBE8B1C818
P 000001FBEF7E2768
C 9
R
P 000001FBE8B1C818
C 380
R
P 000001FBE8B1C818
P 000001FBECF220D8
P 000001FBEF7E2768
C 63
= 000001FBEF7E27A0
R
P 000001FBE8B1C818
C 380
R
P 000001FBE8B1C818
P 000001FBEF7E27A0
C 294
R
P 000001FBE8B1C818
C 380
R
P 000001FBE8B1C818
P 000001FBEF7E27A0
C 9
R
P 000001FBE8B1C818
C 380
R
P 000001FBE8B1C818
P 000001FBEF7E27A0
C 371
R
P 000001FBE8B1C818
C 380
R
P 000001FBE8B1C818
C 450
= 000001FBEE766CD8
R
P 000001FBE8B1C818
C 380
R
P 000001FBE8B1C818
P 000001FBEE766CD8
C 459
R
P 000001FBE8B1C818
C 380
R
P 000001FBE8B1C818
C 13
= 000001FBEF68A5E8
R
P 000001FBE8B1C818
C 380
R
P 000001FBE8B1C818
P 000001FBEF68A5E8
C 14
R
P 000001FBE8B1C818
C 380
R
P 000001FBE8B1C818
S "mbqi"
C 30
R
P 000001FBE8B1C818
C 380
R
P 000001FBE8B1C818
$ |mbqi|
C 237
R
P 000001FBE8B1C818
C 380
R
P 000001FBE8B1C818
P 000001FBEF68A5E8
$ |mbqi|
I 0
C 16
R
P 000001FBE8B1C818
C 380
R
P 000001FBE8B1C818
P 000001FBEE766CD8
P 000001FBEF68A5E8
C 458
R
P 000001FBE8B1C818
C 380
R
P 000001FBE8B1C818
P 000001FBEF7E27A0
C 60
= 000001FBEB6DF948
R
P 000001FBE8B1C818
C 380
R
P 000001FBE8B1C818
P 000001FBEB6DF948
C 294
R
P 000001FBE8B1C818
C 380
R
P 000001FBE8B1C818
P 000001FBEB6DF948
C 9
R
P 000001FBE8B1C818
C 380
R
P 000001FBE8B1C818
P 000001FBEE766CD8
P 000001FBEB6DF948
C 466
R
P 000001FBE8B1C818
C 380
R
P 000001FBE8B1C818
P 000001FBEE766CD8
C 479
R
P 000001FBE8B1C818
C 380
R
P 000001FBE8B1C818
P 000001FBEE766CD8
C 485
= 000001FBED6A3118
R
P 000001FBE8B1C818
C 380
R
P 000001FBE8B1C818
P 000001FBED6A3118
C 293
R
P 000001FBE8B1C818
C 380
R
P 000001FBE8B1C818
P 000001FBED6A3118
C 290
= 000001FBE9A15198
R
P 000001FBE8B1C818
C 380
R
P 000001FBE8B1C818
P 000001FBE9A15198
C 244
R
P 000001FBE8B1C818
C 380
R
P 000001FBE8B1C818
P 000001FBED6A3118
C 296
R
P 000001FBE8B1C818
C 380
R
P 000001FBE8B1C818
P 000001FBED6A3118
C 295
R
P 000001FBE8B1C818
C 380
R
P 000001FBE8B1C818
P 000001FBED6A3118
C 294
R
P 000001FBE8B1C818
C 380
R
P 000001FBE8B1C818
P 000001FBED6A3118
C 9
R
P 000001FBE8B1C818
C 380
R
P 000001FBE8B1C818
P 000001FBED6A3118
C 371
R
P 000001FBE8B1C818
C 380
R
P 000001FBE8B1C818
P 000001FBECF22068
P 000001FBECF220A0
C 58
= 000001FBECF220D8
R
P 000001FBE8B1C818
C 380
R
P 000001FBE8B1C818
P 000001FBECF220D8
C 294
R
P 000001FBE8B1C818
C 380
R
P 000001FBE8B1C818
P 000001FBECF220D8
C 9
R
P 000001FBE8B1C818
C 380
R
P 000001FBE8B1C818
P 000001FBE9A16398
P 000001FBE9A163B8
C 58
= 000001FBEF7E27D8
R
P 000001FBE8B1C818
C 380
R
P 000001FBE8B1C818
P 000001FBEF7E27D8
C 294
R
P 000001FBE8B1C818
C 380
R
P 000001FBE8B1C818
P 000001FBEF7E27D8
C 9
R
P 000001FBE8B1C818
C 380
R
P 000001FBE8B1C818
P 000001FBECF220D8
P 000001FBEF7E27D8
C 63
= 000001FBEF7E2AE8
R
P 000001FBE8B1C818
C 380
R
P 000001FBE8B1C818
P 000001FBEF7E2AE8
C 294
R
P 000001FBE8B1C818
C 380
R
P 000001FBE8B1C818
P 000001FBEF7E2AE8
C 9
R
P 000001FBE8B1C818
C 380
R
P 000001FBE8B1C818
P 000001FBEF7E2AE8
C 371
R
P 000001FBE8B1C818
C 380
R
P 000001FBE8B1C818
C 450
= 000001FBEE7680C8
R
P 000001FBE8B1C818
C 380
R
P 000001FBE8B1C818
P 000001FBEE7680C8
C 459
R
P 000001FBE8B1C818
C 380
R
P 000001FBE8B1C818
C 13
= 000001FBEED82F28
R
P 000001FBE8B1C818
C 380
R
P 000001FBE8B1C818
P 000001FBEED82F28
C 14
R
P 000001FBE8B1C818
C 380
R
P 000001FBE8B1C818
S "mbqi"
C 30
R
P 000001FBE8B1C818
C 380
R
P 000001FBE8B1C818
$ |mbqi|
C 237
R
P 000001FBE8B1C818
C 380
R
P 000001FBE8B1C818
P 000001FBEED82F28
$ |mbqi|
I 0
C 16
R
P 000001FBE8B1C818
C 380
R
P 000001FBE8B1C818
P 000001FBEE7680C8
P 000001FBEED82F28
C 458
R
P 000001FBE8B1C818
C 380
R
P 000001FBE8B1C818
P 000001FBEF7E2AE8
C 60
= 000001FBEB6DFAC8
R
P 000001FBE8B1C818
C 380
R
P 000001FBE8B1C818
P 000001FBEB6DFAC8
C 294
R
P 000001FBE8B1C818
C 380
R
P 000001FBE8B1C818
P 000001FBEB6DFAC8
C 9
R
P 000001FBE8B1C818
C 380
R
P 000001FBE8B1C818
P 000001FBEE7680C8
P 000001FBEB6DFAC8
C 466
R
P 000001FBE8B1C818
C 380
R
P 000001FBE8B1C818
P 000001FBEE7680C8
C 479
R
P 000001FBE8B1C818
C 380
R
P 000001FBE8B1C818
P 000001FBEE7680C8
C 485
= 000001FBED6A31D8
R
P 000001FBE8B1C818
C 380
R
P 000001FBE8B1C818
P 000001FBED6A31D8
C 293
R
P 000001FBE8B1C818
C 380
R
P 000001FBE8B1C818
P 000001FBED6A31D8
C 290
= 000001FBE9A15198
R
P 000001FBE8B1C818
C 380
R
P 000001FBE8B1C818
P 000001FBE9A15198
C 244
R
P 000001FBE8B1C818
C 380
R
P 000001FBE8B1C818
P 000001FBED6A31D8
C 296
R
P 000001FBE8B1C818
C 380
R
P 000001FBE8B1C818
P 000001FBED6A31D8
C 295
R
P 000001FBE8B1C818
C 380
R
P 000001FBE8B1C818
P 000001FBED6A31D8
C 294
R
P 000001FBE8B1C818
C 380
R
P 000001FBE8B1C818
P 000001FBED6A31D8
C 9
R
P 000001FBE8B1C818
C 380
R
P 000001FBE8B1C818
P 000001FBED6A31D8
C 371
R
P 000001FBE8B1C818
C 380
R
P 000001FBE8B1C818
P 000001FBECF219D8
U 1
P 000001FBE9A16358
p 1
C 50
= 000001FBEB6DFBE8
R
P 000001FBE8B1C818
C 380
R
P 000001FBE8B1C818
P 000001FBEB6DFBE8
C 293
R
P 000001FBE8B1C818
C 380
R
P 000001FBE8B1C818
P 000001FBEB6DFBE8
C 290
= 000001FBE9A15178
R
P 000001FBE8B1C818
C 380
R
P 000001FBE8B1C818
P 000001FBE9A15178
C 244
R
P 000001FBE8B1C818
C 380
R
P 000001FBE8B1C818
P 000001FBEB6DFBE8
C 296
R
P 000001FBE8B1C818
C 380
R
P 000001FBE8B1C818
P 000001FBEB6DFBE8
C 295
R
P 000001FBE8B1C818
C 380
R
P 000001FBE8B1C818
P 000001FBEB6DFBE8
C 294
R
P 000001FBE8B1C818
C 380
R
P 000001FBE8B1C818
P 000001FBEB6DFBE8
C 9
R
P 000001FBE8B1C818
C 380
R
P 000001FBE8B1C818
P 000001FBECF21A80
U 1
P 000001FBE9A16358
p 1
C 50
= 000001FBEB6DFC18
R
P 000001FBE8B1C818
C 380
R
P 000001FBE8B1C818
P 000001FBEB6DFC18
C 293
R
P 000001FBE8B1C818
C 380
R
P 000001FBE8B1C818
P 000001FBEB6DFC18
C 290
= 000001FBE9A15178
R
P 000001FBE8B1C818
C 380
R
P 000001FBE8B1C818
P 000001FBE9A15178
C 244
R
P 000001FBE8B1C818
C 380
R
P 000001FBE8B1C818
P 000001FBEB6DFC18
C 296
R
P 000001FBE8B1C818
C 380
R
P 000001FBE8B1C818
P 000001FBEB6DFC18
C 295
R
P 000001FBE8B1C818
C 380
R
P 000001FBE8B1C818
P 000001FBEB6DFC18
C 294
R
P 000001FBE8B1C818
C 380
R
P 000001FBE8B1C818
P 000001FBEB6DFC18
C 9
R
P 000001FBE8B1C818
C 380
R
P 000001FBE8B1C818
U 2
P 000001FBEB6DFBE8
P 000001FBEB6DFC18
p 2
C 66
= 000001FBEF7E2D88
R
P 000001FBE8B1C818
C 380
R
P 000001FBE8B1C818
P 000001FBEF7E2D88
C 294
R
P 000001FBE8B1C818
C 380
R
P 000001FBE8B1C818
P 000001FBEF7E2D88
C 9
R
P 000001FBE8B1C818
C 380
R
P 000001FBE8B1C818
P 000001FBEF7E2D88
C 371
R
P 000001FBE8B1C818
C 380
R
P 000001FBE8B1C818
C 450
= 000001FBEE7665F8
R
P 000001FBE8B1C818
C 380
R
P 000001FBE8B1C818
P 000001FBEE7665F8
C 459
R
P 000001FBE8B1C818
C 380
R
P 000001FBE8B1C818
C 13
= 000001FBEFC240F8
R
P 000001FBE8B1C818
C 380
R
P 000001FBE8B1C818
P 000001FBEFC240F8
C 14
R
P 000001FBE8B1C818
C 380
R
P 000001FBE8B1C818
S "mbqi"
C 30
R
P 000001FBE8B1C818
C 380
R
P 000001FBE8B1C818
$ |mbqi|
C 237
R
P 000001FBE8B1C818
C 380
R
P 000001FBE8B1C818
P 000001FBEFC240F8
$ |mbqi|
I 0
C 16
R
P 000001FBE8B1C818
C 380
R
P 000001FBE8B1C818
P 000001FBEE7665F8
P 000001FBEFC240F8
C 458
R
P 000001FBE8B1C818
C 380
R
P 000001FBE8B1C818
P 000001FBEF7E2D88
C 60
= 000001FBEB6DFC48
R
P 000001FBE8B1C818
C 380
R
P 000001FBE8B1C818
P 000001FBEB6DFC48
C 294
R
P 000001FBE8B1C818
C 380
R
P 000001FBE8B1C818
P 000001FBEB6DFC48
C 9
R
P 000001FBE8B1C818
C 380
R
P 000001FBE8B1C818
P 000001FBEE7665F8
P 000001FBEB6DFC48
C 466
R
P 000001FBE8B1C818
C 380
R
P 000001FBE8B1C818
P 000001FBEE7665F8
C 479
R
P 000001FBE8B1C818
C 380
R
P 000001FBE8B1C818
P 000001FBEE7665F8
C 485
= 000001FBED6A3298
R
P 000001FBE8B1C818
C 380
R
P 000001FBE8B1C818
P 000001FBED6A3298
C 293
R
P 000001FBE8B1C818
C 380
R
P 000001FBE8B1C818
P 000001FBED6A3298
C 290
= 000001FBE9A15198
R
P 000001FBE8B1C818
C 380
R
P 000001FBE8B1C818
P 000001FBE9A15198
C 244
R
P 000001FBE8B1C818
C 380
R
P 000001FBE8B1C818
P 000001FBED6A3298
C 296
R
P 000001FBE8B1C818
C 380
R
P 000001FBE8B1C818
P 000001FBED6A3298
C 295
R
P 000001FBE8B1C818
C 380
R
P 000001FBE8B1C818
P 000001FBED6A3298
C 294
R
P 000001FBE8B1C818
C 380
R
P 000001FBE8B1C818
P 000001FBED6A3298
C 9
R
P 000001FBE8B1C818
C 380
R
P 000001FBE8B1C818
P 000001FBED6A3298
C 371
R
P 000001FBE8B1C818
C 380
R
P 000001FBE8B1C818
P 000001FBE9A16358
P 000001FBECF22068
C 58
= 000001FBEF7E2F48
R
P 000001FBE8B1C818
C 380
R
P 000001FBE8B1C818
P 000001FBEF7E2F48
C 294
R
P 000001FBE8B1C818
C 380
R
P 000001FBE8B1C818
P 000001FBEF7E2F48
C 9
R
P 000001FBE8B1C818
C 380
R
P 000001FBE8B1C818
P 000001FBEF7E2F48
C 60
= 000001FBEB6DFD98
R
P 000001FBE8B1C818
C 380
R
P 000001FBE8B1C818
P 000001FBEB6DFD98
C 294
R
P 000001FBE8B1C818
C 380
R
P 000001FBE8B1C818
P 000001FBEB6DFD98
C 9
R
P 000001FBE8B1C818
C 380
R
P 000001FBE8B1C818
P 000001FBEB6DFD98
C 371
R
P 000001FBE8B1C818
C 380
R
P 000001FBE8B1C818
C 450
= 000001FBF00011A8
R
P 000001FBE8B1C818
C 380
R
P 000001FBE8B1C818
P 000001FBF00011A8
C 459
R
P 000001FBE8B1C818
C 380
R
P 000001FBE8B1C818
C 13
= 000001FBEF806FE8
R
P 000001FBE8B1C818
C 380
R
P 000001FBE8B1C818
P 000001FBEF806FE8
C 14
R
P 000001FBE8B1C818
C 380
R
P 000001FBE8B1C818
S "mbqi"
C 30
R
P 000001FBE8B1C818
C 380
R
P 000001FBE8B1C818
$ |mbqi|
C 237
R
P 000001FBE8B1C818
C 380
R
P 000001FBE8B1C818
P 000001FBEF806FE8
$ |mbqi|
I 0
C 16
R
P 000001FBE8B1C818
C 380
R
P 000001FBE8B1C818
P 000001FBF00011A8
P 000001FBEF806FE8
C 458
R
P 000001FBE8B1C818
C 380
R
P 000001FBE8B1C818
P 000001FBEB6DFD98
C 60
= 000001FBEB6DFDC8
R
P 000001FBE8B1C818
C 380
R
P 000001FBE8B1C818
P 000001FBEB6DFDC8
C 294
R
P 000001FBE8B1C818
C 380
R
P 000001FBE8B1C818
P 000001FBEB6DFDC8
C 9
R
P 000001FBE8B1C818
C 380
R
P 000001FBE8B1C818
P 000001FBF00011A8
P 000001FBEB6DFDC8
C 466
R
P 000001FBE8B1C818
C 380
R
P 000001FBE8B1C818
P 000001FBF00011A8
C 479
R
P 000001FBE8B1C818
C 380
R
P 000001FBE8B1C818
P 000001FBF00011A8
C 485
= 000001FBEF7E3098
R
P 000001FBE8B1C818
C 380
R
P 000001FBE8B1C818
P 000001FBEF7E3098
C 293
R
P 000001FBE8B1C818
C 380
R
P 000001FBE8B1C818
P 000001FBEF7E3098
C 290
= 000001FBE9A15198
R
P 000001FBE8B1C818
C 380
R
P 000001FBE8B1C818
P 000001FBE9A15198
C 244
R
P 000001FBE8B1C818
C 380
R
P 000001FBE8B1C818
P 000001FBEF7E3098
C 296
R
P 000001FBE8B1C818
C 380
R
P 000001FBE8B1C818
P 000001FBEF7E3098
C 295
R
P 000001FBE8B1C818
C 380
R
P 000001FBE8B1C818
P 000001FBEF7E3098
C 294
R
P 000001FBE8B1C818
C 380
R
P 000001FBE8B1C818
P 000001FBEF7E3098
C 9
R
P 000001FBE8B1C818
C 380
R
P 000001FBE8B1C818
P 000001FBEF7E3098
C 371
R
P 000001FBE8B1C818
C 380
M "UnsatCoreAndProofExample"
R
P 000001FBE8B1C818
C 450
= 000001FBF00017D8
R
P 000001FBE8B1C818
C 380
R
P 000001FBE8B1C818
P 000001FBF00017D8
C 459
R
P 000001FBE8B1C818
C 380
R
P 000001FBE8B1C818
S "PredA"
C 30
R
P 000001FBE8B1C818
C 380
R
P 000001FBE8B1C818
$ |PredA|
C 237
R
P 000001FBE8B1C818
C 380
R
P 000001FBE8B1C818
C 32
= 000001FBE9A15178
R
P 000001FBE8B1C818
C 380
R
P 000001FBE8B1C818
P 000001FBE9A15178
C 293
R
P 000001FBE8B1C818
C 380
R
P 000001FBE8B1C818
P 000001FBE9A15178
C 9
R
P 000001FBE8B1C818
C 380
R
P 000001FBE8B1C818
$ |PredA|
P 000001FBE9A15178
C 51
= 000001FBE9A163D8
R
P 000001FBE8B1C818
C 380
R
P 000001FBE8B1C818
P 000001FBE9A163D8
C 293
R
P 000001FBE8B1C818
C 380
R
P 000001FBE8B1C818
P 000001FBE9A163D8
C 290
= 000001FBE9A15178
R
P 000001FBE8B1C818
C 380
R
P 000001FBE8B1C818
P 000001FBE9A15178
C 244
R
P 000001FBE8B1C818
C 380
R
P 000001FBE8B1C818
P 000001FBE9A163D8
C 296
R
P 000001FBE8B1C818
C 380
R
P 000001FBE8B1C818
P 000001FBE9A163D8
C 295
R
P 000001FBE8B1C818
C 380
R
P 000001FBE8B1C818
P 000001FBE9A163D8
C 294
R
P 000001FBE8B1C818
C 380
R
P 000001FBE8B1C818
P 000001FBE9A163D8
C 9
R
P 000001FBE8B1C818
C 380
R
P 000001FBE8B1C818
S "PredB"
C 30
R
P 000001FBE8B1C818
C 380
R
P 000001FBE8B1C818
$ |PredB|
C 237
R
P 000001FBE8B1C818
C 380
R
P 000001FBE8B1C818
$ |PredB|
P 000001FBE9A15178
C 51
= 000001FBE9A163F8
R
P 000001FBE8B1C818
C 380
R
P 000001FBE8B1C818
P 000001FBE9A163F8
C 293
R
P 000001FBE8B1C818
C 380
R
P 000001FBE8B1C818
P 000001FBE9A163F8
C 290
= 000001FBE9A15178
R
P 000001FBE8B1C818
C 380
R
P 000001FBE8B1C818
P 000001FBE9A15178
C 244
R
P 000001FBE8B1C818
C 380
R
P 000001FBE8B1C818
P 000001FBE9A163F8
C 296
R
P 000001FBE8B1C818
C 380
R
P 000001FBE8B1C818
P 000001FBE9A163F8
C 295
R
P 000001FBE8B1C818
C 380
R
P 000001FBE8B1C818
P 000001FBE9A163F8
C 294
R
P 000001FBE8B1C818
C 380
R
P 000001FBE8B1C818
P 000001FBE9A163F8
C 9
R
P 000001FBE8B1C818
C 380
R
P 000001FBE8B1C818
S "PredC"
C 30
R
P 000001FBE8B1C818
C 380
R
P 000001FBE8B1C818
$ |PredC|
C 237
R
P 000001FBE8B1C818
C 380
R
P 000001FBE8B1C818
$ |PredC|
P 000001FBE9A15178
C 51
= 000001FBE9A16418
R
P 000001FBE8B1C818
C 380
R
P 000001FBE8B1C818
P 000001FBE9A16418
C 293
R
P 000001FBE8B1C818
C 380
R
P 000001FBE8B1C818
P 000001FBE9A16418
C 290
= 000001FBE9A15178
R
P 000001FBE8B1C818
C 380
R
P 000001FBE8B1C818
P 000001FBE9A15178
C 244
R
P 000001FBE8B1C818
C 380
R
P 000001FBE8B1C818
P 000001FBE9A16418
C 296
R
P 000001FBE8B1C818
C 380
R
P 000001FBE8B1C818
P 000001FBE9A16418
C 295
R
P 000001FBE8B1C818
C 380
R
P 000001FBE8B1C818
P 000001FBE9A16418
C 294
R
P 000001FBE8B1C818
C 380
R
P 000001FBE8B1C818
P 000001FBE9A16418
C 9
R
P 000001FBE8B1C818
C 380
R
P 000001FBE8B1C818
S "PredD"
C 30
R
P 000001FBE8B1C818
C 380
R
P 000001FBE8B1C818
$ |PredD|
C 237
R
P 000001FBE8B1C818
C 380
R
P 000001FBE8B1C818
$ |PredD|
P 000001FBE9A15178
C 51
= 000001FBE9A16438
R
P 000001FBE8B1C818
C 380
R
P 000001FBE8B1C818
P 000001FBE9A16438
C 293
R
P 000001FBE8B1C818
C 380
R
P 000001FBE8B1C818
P 000001FBE9A16438
C 290
= 000001FBE9A15178
R
P 000001FBE8B1C818
C 380
R
P 000001FBE8B1C818
P 000001FBE9A15178
C 244
R
P 000001FBE8B1C818
C 380
R
P 000001FBE8B1C818
P 000001FBE9A16438
C 296
R
P 000001FBE8B1C818
C 380
R
P 000001FBE8B1C818
P 000001FBE9A16438
C 295
R
P 000001FBE8B1C818
C 380
R
P 000001FBE8B1C818
P 000001FBE9A16438
C 294
R
P 000001FBE8B1C818
C 380
R
P 000001FBE8B1C818
P 000001FBE9A16438
C 9
R
P 000001FBE8B1C818
C 380
R
P 000001FBE8B1C818
S "P1"
C 30
R
P 000001FBE8B1C818
C 380
R
P 000001FBE8B1C818
$ |P1|
C 237
R
P 000001FBE8B1C818
C 380
R
P 000001FBE8B1C818
$ |P1|
P 000001FBE9A15178
C 51
= 000001FBE9A16458
R
P 000001FBE8B1C818
C 380
R
P 000001FBE8B1C818
P 000001FBE9A16458
C 293
R
P 000001FBE8B1C818
C 380
R
P 000001FBE8B1C818
P 000001FBE9A16458
C 290
= 000001FBE9A15178
R
P 000001FBE8B1C818
C 380
R
P 000001FBE8B1C818
P 000001FBE9A15178
C 244
R
P 000001FBE8B1C818
C 380
R
P 000001FBE8B1C818
P 000001FBE9A16458
C 296
R
P 000001FBE8B1C818
C 380
R
P 000001FBE8B1C818
P 000001FBE9A16458
C 295
R
P 000001FBE8B1C818
C 380
R
P 000001FBE8B1C818
P 000001FBE9A16458
C 294
R
P 000001FBE8B1C818
C 380
R
P 000001FBE8B1C818
P 000001FBE9A16458
C 9
R
P 000001FBE8B1C818
C 380
R
P 000001FBE8B1C818
S "P2"
C 30
R
P 000001FBE8B1C818
C 380
R
P 000001FBE8B1C818
$ |P2|
C 237
R
P 000001FBE8B1C818
C 380
R
P 000001FBE8B1C818
$ |P2|
P 000001FBE9A15178
C 51
= 000001FBE9A16478
R
P 000001FBE8B1C818
C 380
R
P 000001FBE8B1C818
P 000001FBE9A16478
C 293
R
P 000001FBE8B1C818
C 380
R
P 000001FBE8B1C818
P 000001FBE9A16478
C 290
= 000001FBE9A15178
R
P 000001FBE8B1C818
C 380
R
P 000001FBE8B1C818
P 000001FBE9A15178
C 244
R
P 000001FBE8B1C818
C 380
R
P 000001FBE8B1C818
P 000001FBE9A16478
C 296
R
P 000001FBE8B1C818
C 380
R
P 000001FBE8B1C818
P 000001FBE9A16478
C 295
R
P 000001FBE8B1C818
C 380
R
P 000001FBE8B1C818
P 000001FBE9A16478
C 294
R
P 000001FBE8B1C818
C 380
R
P 000001FBE8B1C818
P 000001FBE9A16478
C 9
R
P 000001FBE8B1C818
C 380
R
P 000001FBE8B1C818
S "P3"
C 30
R
P 000001FBE8B1C818
C 380
R
P 000001FBE8B1C818
$ |P3|
C 237
R
P 000001FBE8B1C818
C 380
R
P 000001FBE8B1C818
$ |P3|
P 000001FBE9A15178
C 51
= 000001FBE9A16498
R
P 000001FBE8B1C818
C 380
R
P 000001FBE8B1C818
P 000001FBE9A16498
C 293
R
P 000001FBE8B1C818
C 380
R
P 000001FBE8B1C818
P 000001FBE9A16498
C 290
= 000001FBE9A15178
R
P 000001FBE8B1C818
C 380
R
P 000001FBE8B1C818
P 000001FBE9A15178
C 244
R
P 000001FBE8B1C818
C 380
R
P 000001FBE8B1C818
P 000001FBE9A16498
C 296
R
P 000001FBE8B1C818
C 380
R
P 000001FBE8B1C818
P 000001FBE9A16498
C 295
R
P 000001FBE8B1C818
C 380
R
P 000001FBE8B1C818
P 000001FBE9A16498
C 294
R
P 000001FBE8B1C818
C 380
R
P 000001FBE8B1C818
P 000001FBE9A16498
C 9
R
P 000001FBE8B1C818
C 380
R
P 000001FBE8B1C818
S "P4"
C 30
R
P 000001FBE8B1C818
C 380
R
P 000001FBE8B1C818
$ |P4|
C 237
R
P 000001FBE8B1C818
C 380
R
P 000001FBE8B1C818
$ |P4|
P 000001FBE9A15178
C 51
= 000001FBE9A164B8
R
P 000001FBE8B1C818
C 380
R
P 000001FBE8B1C818
P 000001FBE9A164B8
C 293
R
P 000001FBE8B1C818
C 380
R
P 000001FBE8B1C818
P 000001FBE9A164B8
C 290
= 000001FBE9A15178
R
P 000001FBE8B1C818
C 380
R
P 000001FBE8B1C818
P 000001FBE9A15178
C 244
R
P 000001FBE8B1C818
C 380
R
P 000001FBE8B1C818
P 000001FBE9A164B8
C 296
R
P 000001FBE8B1C818
C 380
R
P 000001FBE8B1C818
P 000001FBE9A164B8
C 295
R
P 000001FBE8B1C818
C 380
R
P 000001FBE8B1C818
P 000001FBE9A164B8
C 294
R
P 000001FBE8B1C818
C 380
R
P 000001FBE8B1C818
P 000001FBE9A164B8
C 9
R
P 000001FBE8B1C818
C 380
R
P 000001FBE8B1C818
P 000001FBE9A16458
C 60
= 000001FBEB6E0008
R
P 000001FBE8B1C818
C 380
R
P 000001FBE8B1C818
P 000001FBEB6E0008
C 294
R
P 000001FBE8B1C818
C 380
R
P 000001FBE8B1C818
P 000001FBEB6E0008
C 9
R
P 000001FBE8B1C818
C 380
R
P 000001FBE8B1C818
P 000001FBE9A16478
C 60
= 000001FBEB6E0038
R
P 000001FBE8B1C818
C 380
R
P 000001FBE8B1C818
P 000001FBEB6E0038
C 294
R
P 000001FBE8B1C818
C 380
R
P 000001FBE8B1C818
P 000001FBEB6E0038
C 9
R
P 000001FBE8B1C818
C 380
R
P 000001FBE8B1C818
P 000001FBE9A16498
C 60
= 000001FBEB6E0068
R
P 000001FBE8B1C818
C 380
R
P 000001FBE8B1C818
P 000001FBEB6E0068
C 294
R
P 000001FBE8B1C818
C 380
R
P 000001FBE8B1C818
P 000001FBEB6E0068
C 9
R
P 000001FBE8B1C818
C 380
R
P 000001FBE8B1C818
P 000001FBE9A164B8
C 60
= 000001FBEB6E0098
R
P 000001FBE8B1C818
C 380
R
P 000001FBE8B1C818
P 000001FBEB6E0098
C 294
R
P 000001FBE8B1C818
C 380
R
P 000001FBE8B1C818
P 000001FBEB6E0098
C 9
R
P 000001FBE8B1C818
C 380
R
P 000001FBE8B1C818
U 3
P 000001FBE9A163D8
P 000001FBE9A163F8
P 000001FBE9A16418
p 3
C 65
= 000001FBED6A3358
R
P 000001FBE8B1C818
C 380
R
P 000001FBE8B1C818
P 000001FBED6A3358
C 294
R
P 000001FBE8B1C818
C 380
R
P 000001FBE8B1C818
P 000001FBED6A3358
C 9
R
P 000001FBE8B1C818
C 380
R
P 000001FBE8B1C818
P 000001FBE9A163F8
C 60
= 000001FBF0396088
R
P 000001FBE8B1C818
C 380
R
P 000001FBE8B1C818
P 000001FBF0396088
C 294
R
P 000001FBE8B1C818
C 380
R
P 000001FBE8B1C818
P 000001FBF0396088
C 9
R
P 000001FBE8B1C818
C 380
R
P 000001FBE8B1C818
U 3
P 000001FBE9A163D8
P 000001FBF0396088
P 000001FBE9A16418
p 3
C 65
= 000001FBED6A3398
R
P 000001FBE8B1C818
C 380
R
P 000001FBE8B1C818
P 000001FBED6A3398
C 294
R
P 000001FBE8B1C818
C 380
R
P 000001FBE8B1C818
P 000001FBED6A3398
C 9
R
P 000001FBE8B1C818
C 380
R
P 000001FBE8B1C818
P 000001FBE9A163D8
C 60
= 000001FBF03960B8
R
P 000001FBE8B1C818
C 380
R
P 000001FBE8B1C818
P 000001FBF03960B8
C 294
R
P 000001FBE8B1C818
C 380
R
P 000001FBE8B1C818
P 000001FBF03960B8
C 9
R
P 000001FBE8B1C818
C 380
R
P 000001FBE8B1C818
P 000001FBE9A16418
C 60
= 000001FBF03960E8
R
P 000001FBE8B1C818
C 380
R
P 000001FBE8B1C818
P 000001FBF03960E8
C 294
R
P 000001FBE8B1C818
C 380
R
P 000001FBE8B1C818
P 000001FBF03960E8
C 9
R
P 000001FBE8B1C818
C 380
R
P 000001FBE8B1C818
U 2
P 000001FBF03960B8
P 000001FBF03960E8
p 2
C 66
= 000001FBEF7E2F10
R
P 000001FBE8B1C818
C 380
R
P 000001FBE8B1C818
P 000001FBEF7E2F10
C 294
R
P 000001FBE8B1C818
C 380
R
P 000001FBE8B1C818
P 000001FBEF7E2F10
C 9
R
P 000001FBE8B1C818
C 380
R
P 000001FBE8B1C818
U 2
P 000001FBED6A3358
P 000001FBE9A16458
p 2
C 66
= 000001FBEF7E2FF0
R
P 000001FBE8B1C818
C 380
R
P 000001FBE8B1C818
P 000001FBEF7E2FF0
C 294
R
P 000001FBE8B1C818
C 380
R
P 000001FBE8B1C818
P 000001FBEF7E2FF0
C 9
R
P 000001FBE8B1C818
C 380
R
P 000001FBE8B1C818
P 000001FBF00017D8
P 000001FBEF7E2FF0
C 466
R
P 000001FBE8B1C818
C 380
R
P 000001FBE8B1C818
U 2
P 000001FBED6A3398
P 000001FBE9A16478
p 2
C 66
= 000001FBEF7E3140
R
P 000001FBE8B1C818
C 380
R
P 000001FBE8B1C818
P 000001FBEF7E3140
C 294
R
P 000001FBE8B1C818
C 380
R
P 000001FBE8B1C818
P 000001FBEF7E3140
C 9
R
P 000001FBE8B1C818
C 380
R
P 000001FBE8B1C818
P 000001FBF00017D8
P 000001FBEF7E3140
C 466
R
P 000001FBE8B1C818
C 380
R
P 000001FBE8B1C818
U 2
P 000001FBEF7E2F10
P 000001FBE9A16498
p 2
C 66
= 000001FBEF7E31E8
R
P 000001FBE8B1C818
C 380
R
P 000001FBE8B1C818
P 000001FBEF7E31E8
C 294
R
P 000001FBE8B1C818
C 380
R
P 000001FBE8B1C818
P 000001FBEF7E31E8
C 9
R
P 000001FBE8B1C818
C 380
R
P 000001FBE8B1C818
P 000001FBF00017D8
P 000001FBEF7E31E8
C 466
R
P 000001FBE8B1C818
C 380
R
P 000001FBE8B1C818
U 2
P 000001FBE9A16438
P 000001FBE9A164B8
p 2
C 66
= 000001FBEF7E3258
R
P 000001FBE8B1C818
C 380
R
P 000001FBE8B1C818
P 000001FBEF7E3258
C 294
R
P 000001FBE8B1C818
C 380
R
P 000001FBE8B1C818
P 000001FBEF7E3258
C 9
R
P 000001FBE8B1C818
C 380
R
P 000001FBE8B1C818
P 000001FBF00017D8
P 000001FBEF7E3258
C 466
R
P 000001FBE8B1C818
C 380
R
P 000001FBE8B1C818
P 000001FBF00017D8
U 4
P 000001FBEB6E0008
P 000001FBEB6E0038
P 000001FBEB6E0068
P 000001FBEB6E0098
p 4
C 480
R
P 000001FBE8B1C818
C 380
R
P 000001FBE8B1C818
P 000001FBF00017D8
C 485
= 000001FBE9A19738
R
P 000001FBE8B1C818
C 380
R
P 000001FBE8B1C818
P 000001FBE9A19738
C 293
R
P 000001FBE8B1C818
C 380
R
P 000001FBE8B1C818
P 000001FBE9A19738
C 290
= 000001FBE9A15198
R
P 000001FBE8B1C818
C 380
R
P 000001FBE8B1C818
P 000001FBE9A15198
C 244
R
P 000001FBE8B1C818
C 380
R
P 000001FBE8B1C818
P 000001FBE9A19738
C 296
R
P 000001FBE8B1C818
C 380
R
P 000001FBE8B1C818
P 000001FBE9A19738
C 295
R
P 000001FBE8B1C818
C 380
R
P 000001FBE8B1C818
P 000001FBE9A19738
C 294
R
P 000001FBE8B1C818
C 380
R
P 000001FBE8B1C818
P 000001FBE9A19738
C 9
R
P 000001FBE8B1C818
C 380
R
P 000001FBE8B1C818
P 000001FBE9A19738
C 371
R
P 000001FBE8B1C818
C 380
R
P 000001FBE8B1C818
P 000001FBF00017D8
C 486
= 000001FBEE3D5488
R
P 000001FBE8B1C818
C 380
R
P 000001FBE8B1C818
P 000001FBEE3D5488
C 502
R
P 000001FBE8B1C818
C 380
R
P 000001FBE8B1C818
P 000001FBEE3D5488
C 504
R
P 000001FBE8B1C818
C 380
R
P 000001FBE8B1C818
P 000001FBEE3D5488
U 0
C 505
= 000001FBEB6E0008
R
P 000001FBE8B1C818
C 380
R
P 000001FBE8B1C818
P 000001FBEB6E0008
C 9
R
P 000001FBE8B1C818
C 380
R
P 000001FBE8B1C818
P 000001FBEB6E0008
C 293
R
P 000001FBE8B1C818
C 380
R
P 000001FBE8B1C818
P 000001FBEB6E0008
C 290
= 000001FBE9A15178
R
P 000001FBE8B1C818
C 380
R
P 000001FBE8B1C818
P 000001FBE9A15178
C 244
R
P 000001FBE8B1C818
C 380
R
P 000001FBE8B1C818
P 000001FBEB6E0008
C 296
R
P 000001FBE8B1C818
C 380
R
P 000001FBE8B1C818
P 000001FBEB6E0008
C 295
R
P 000001FBE8B1C818
C 380
R
P 000001FBE8B1C818
P 000001FBEB6E0008
C 294
R
P 000001FBE8B1C818
C 380
R
P 000001FBE8B1C818
P 000001FBEB6E0008
C 9
R
P 000001FBE8B1C818
C 380
R
P 000001FBE8B1C818
P 000001FBEE3D5488
U 1
C 505
= 000001FBEB6E0038
R
P 000001FBE8B1C818
C 380
R
P 000001FBE8B1C818
P 000001FBEB6E0038
C 9
R
P 000001FBE8B1C818
C 380
R
P 000001FBE8B1C818
P 000001FBEB6E0038
C 293
R
P 000001FBE8B1C818
C 380
R
P 000001FBE8B1C818
P 000001FBEB6E0038
C 290
= 000001FBE9A15178
R
P 000001FBE8B1C818
C 380
R
P 000001FBE8B1C818
P 000001FBE9A15178
C 244
R
P 000001FBE8B1C818
C 380
R
P 000001FBE8B1C818
P 000001FBEB6E0038
C 296
R
P 000001FBE8B1C818
C 380
R
P 000001FBE8B1C818
P 000001FBEB6E0038
C 295
R
P 000001FBE8B1C818
C 380
R
P 000001FBE8B1C818
P 000001FBEB6E0038
C 294
R
P 000001FBE8B1C818
C 380
R
P 000001FBE8B1C818
P 000001FBEB6E0038
C 9
R
P 000001FBE8B1C818
C 380
R
P 000001FBE8B1C818
P 000001FBEB6E0008
C 371
R
P 000001FBE8B1C818
C 380
R
P 000001FBE8B1C818
P 000001FBEB6E0038
C 371
R
P 000001FBE8B1C818
C 380
M "UnsatCoreAndProofExample2"
R
P 000001FBE8B1C818
C 450
= 000001FBEFFFF6D8
R
P 000001FBE8B1C818
C 380
R
P 000001FBE8B1C818
P 000001FBEFFFF6D8
C 459
R
P 000001FBE8B1C818
C 380
R
P 000001FBE8B1C818
S "PredA"
C 30
R
P 000001FBE8B1C818
C 380
R
P 000001FBE8B1C818
$ |PredA|
C 237
R
P 000001FBE8B1C818
C 380
R
P 000001FBE8B1C818
$ |PredA|
P 000001FBE9A15178
C 51
= 000001FBE9A163D8
R
P 000001FBE8B1C818
C 380
R
P 000001FBE8B1C818
P 000001FBE9A163D8
C 293
R
P 000001FBE8B1C818
C 380
R
P 000001FBE8B1C818
P 000001FBE9A163D8
C 290
= 000001FBE9A15178
R
P 000001FBE8B1C818
C 380
R
P 000001FBE8B1C818
P 000001FBE9A15178
C 244
R
P 000001FBE8B1C818
C 380
R
P 000001FBE8B1C818
P 000001FBE9A163D8
C 296
R
P 000001FBE8B1C818
C 380
R
P 000001FBE8B1C818
P 000001FBE9A163D8
C 295
R
P 000001FBE8B1C818
C 380
R
P 000001FBE8B1C818
P 000001FBE9A163D8
C 294
R
P 000001FBE8B1C818
C 380
R
P 000001FBE8B1C818
P 000001FBE9A163D8
C 9
R
P 000001FBE8B1C818
C 380
R
P 000001FBE8B1C818
S "PredB"
C 30
R
P 000001FBE8B1C818
C 380
R
P 000001FBE8B1C818
$ |PredB|
C 237
R
P 000001FBE8B1C818
C 380
R
P 000001FBE8B1C818
$ |PredB|
P 000001FBE9A15178
C 51
= 000001FBE9A163F8
R
P 000001FBE8B1C818
C 380
R
P 000001FBE8B1C818
P 000001FBE9A163F8
C 293
R
P 000001FBE8B1C818
C 380
R
P 000001FBE8B1C818
P 000001FBE9A163F8
C 290
= 000001FBE9A15178
R
P 000001FBE8B1C818
C 380
R
P 000001FBE8B1C818
P 000001FBE9A15178
C 244
R
P 000001FBE8B1C818
C 380
R
P 000001FBE8B1C818
P 000001FBE9A163F8
C 296
R
P 000001FBE8B1C818
C 380
R
P 000001FBE8B1C818
P 000001FBE9A163F8
C 295
R
P 000001FBE8B1C818
C 380
R
P 000001FBE8B1C818
P 000001FBE9A163F8
C 294
R
P 000001FBE8B1C818
C 380
R
P 000001FBE8B1C818
P 000001FBE9A163F8
C 9
R
P 000001FBE8B1C818
C 380
R
P 000001FBE8B1C818
S "PredC"
C 30
R
P 000001FBE8B1C818
C 380
R
P 000001FBE8B1C818
$ |PredC|
C 237
R
P 000001FBE8B1C818
C 380
R
P 000001FBE8B1C818
$ |PredC|
P 000001FBE9A15178
C 51
= 000001FBE9A16418
R
P 000001FBE8B1C818
C 380
R
P 000001FBE8B1C818
P 000001FBE9A16418
C 293
R
P 000001FBE8B1C818
C 380
R
P 000001FBE8B1C818
P 000001FBE9A16418
C 290
= 000001FBE9A15178
R
P 000001FBE8B1C818
C 380
R
P 000001FBE8B1C818
P 000001FBE9A15178
C 244
R
P 000001FBE8B1C818
C 380
R
P 000001FBE8B1C818
P 000001FBE9A16418
C 296
R
P 000001FBE8B1C818
C 380
R
P 000001FBE8B1C818
P 000001FBE9A16418
C 295
R
P 000001FBE8B1C818
C 380
R
P 000001FBE8B1C818
P 000001FBE9A16418
C 294
R
P 000001FBE8B1C818
C 380
R
P 000001FBE8B1C818
P 000001FBE9A16418
C 9
R
P 000001FBE8B1C818
C 380
R
P 000001FBE8B1C818
S "PredD"
C 30
R
P 000001FBE8B1C818
C 380
R
P 000001FBE8B1C818
$ |PredD|
C 237
R
P 000001FBE8B1C818
C 380
R
P 000001FBE8B1C818
$ |PredD|
P 000001FBE9A15178
C 51
= 000001FBE9A16438
R
P 000001FBE8B1C818
C 380
R
P 000001FBE8B1C818
P 000001FBE9A16438
C 293
R
P 000001FBE8B1C818
C 380
R
P 000001FBE8B1C818
P 000001FBE9A16438
C 290
= 000001FBE9A15178
R
P 000001FBE8B1C818
C 380
R
P 000001FBE8B1C818
P 000001FBE9A15178
C 244
R
P 000001FBE8B1C818
C 380
R
P 000001FBE8B1C818
P 000001FBE9A16438
C 296
R
P 000001FBE8B1C818
C 380
R
P 000001FBE8B1C818
P 000001FBE9A16438
C 295
R
P 000001FBE8B1C818
C 380
R
P 000001FBE8B1C818
P 000001FBE9A16438
C 294
R
P 000001FBE8B1C818
C 380
R
P 000001FBE8B1C818
P 000001FBE9A16438
C 9
R
P 000001FBE8B1C818
C 380
R
P 000001FBE8B1C818
U 3
P 000001FBE9A163D8
P 000001FBE9A163F8
P 000001FBE9A16418
p 3
C 65
= 000001FBED6A3358
R
P 000001FBE8B1C818
C 380
R
P 000001FBE8B1C818
P 000001FBED6A3358
C 294
R
P 000001FBE8B1C818
C 380
R
P 000001FBE8B1C818
P 000001FBED6A3358
C 9
R
P 000001FBE8B1C818
C 380
R
P 000001FBE8B1C818
P 000001FBE9A163F8
C 60
= 000001FBF0396088
R
P 000001FBE8B1C818
C 380
R
P 000001FBE8B1C818
P 000001FBF0396088
C 294
R
P 000001FBE8B1C818
C 380
R
P 000001FBE8B1C818
P 000001FBF0396088
C 9
R
P 000001FBE8B1C818
C 380
R
P 000001FBE8B1C818
U 3
P 000001FBE9A163D8
P 000001FBF0396088
P 000001FBE9A16418
p 3
C 65
= 000001FBED6A3398
R
P 000001FBE8B1C818
C 380
R
P 000001FBE8B1C818
P 000001FBED6A3398
C 294
R
P 000001FBE8B1C818
C 380
R
P 000001FBE8B1C818
P 000001FBED6A3398
C 9
R
P 000001FBE8B1C818
C 380
R
P 000001FBE8B1C818
P 000001FBE9A163D8
C 60
= 000001FBF03960B8
R
P 000001FBE8B1C818
C 380
R
P 000001FBE8B1C818
P 000001FBF03960B8
C 294
R
P 000001FBE8B1C818
C 380
R
P 000001FBE8B1C818
P 000001FBF03960B8
C 9
R
P 000001FBE8B1C818
C 380
R
P 000001FBE8B1C818
P 000001FBE9A16418
C 60
= 000001FBF03960E8
R
P 000001FBE8B1C818
C 380
R
P 000001FBE8B1C818
P 000001FBF03960E8
C 294
R
P 000001FBE8B1C818
C 380
R
P 000001FBE8B1C818
P 000001FBF03960E8
C 9
R
P 000001FBE8B1C818
C 380
R
P 000001FBE8B1C818
U 2
P 000001FBF03960B8
P 000001FBF03960E8
p 2
C 66
= 000001FBEF7E2F10
R
P 000001FBE8B1C818
C 380
R
P 000001FBE8B1C818
P 000001FBEF7E2F10
C 294
R
P 000001FBE8B1C818
C 380
R
P 000001FBE8B1C818
P 000001FBEF7E2F10
C 9
R
P 000001FBE8B1C818
C 380
R
P 000001FBE8B1C818
S "P1"
C 30
R
P 000001FBE8B1C818
C 380
R
P 000001FBE8B1C818
$ |P1|
C 237
R
P 000001FBE8B1C818
C 380
R
P 000001FBE8B1C818
$ |P1|
P 000001FBE9A15178
C 51
= 000001FBE9A16458
R
P 000001FBE8B1C818
C 380
R
P 000001FBE8B1C818
P 000001FBE9A16458
C 293
R
P 000001FBE8B1C818
C 380
R
P 000001FBE8B1C818
P 000001FBE9A16458
C 290
= 000001FBE9A15178
R
P 000001FBE8B1C818
C 380
R
P 000001FBE8B1C818
P 000001FBE9A15178
C 244
R
P 000001FBE8B1C818
C 380
R
P 000001FBE8B1C818
P 000001FBE9A16458
C 296
R
P 000001FBE8B1C818
C 380
R
P 000001FBE8B1C818
P 000001FBE9A16458
C 295
R
P 000001FBE8B1C818
C 380
R
P 000001FBE8B1C818
P 000001FBE9A16458
C 294
R
P 000001FBE8B1C818
C 380
R
P 000001FBE8B1C818
P 000001FBE9A16458
C 9
R
P 000001FBE8B1C818
C 380
R
P 000001FBE8B1C818
S "P2"
C 30
R
P 000001FBE8B1C818
C 380
R
P 000001FBE8B1C818
$ |P2|
C 237
R
P 000001FBE8B1C818
C 380
R
P 000001FBE8B1C818
$ |P2|
P 000001FBE9A15178
C 51
= 000001FBE9A16478
R
P 000001FBE8B1C818
C 380
R
P 000001FBE8B1C818
P 000001FBE9A16478
C 293
R
P 000001FBE8B1C818
C 380
R
P 000001FBE8B1C818
P 000001FBE9A16478
C 290
= 000001FBE9A15178
R
P 000001FBE8B1C818
C 380
R
P 000001FBE8B1C818
P 000001FBE9A15178
C 244
R
P 000001FBE8B1C818
C 380
R
P 000001FBE8B1C818
P 000001FBE9A16478
C 296
R
P 000001FBE8B1C818
C 380
R
P 000001FBE8B1C818
P 000001FBE9A16478
C 295
R
P 000001FBE8B1C818
C 380
R
P 000001FBE8B1C818
P 000001FBE9A16478
C 294
R
P 000001FBE8B1C818
C 380
R
P 000001FBE8B1C818
P 000001FBE9A16478
C 9
R
P 000001FBE8B1C818
C 380
R
P 000001FBE8B1C818
S "P3"
C 30
R
P 000001FBE8B1C818
C 380
R
P 000001FBE8B1C818
$ |P3|
C 237
R
P 000001FBE8B1C818
C 380
R
P 000001FBE8B1C818
$ |P3|
P 000001FBE9A15178
C 51
= 000001FBE9A16498
R
P 000001FBE8B1C818
C 380
R
P 000001FBE8B1C818
P 000001FBE9A16498
C 293
R
P 000001FBE8B1C818
C 380
R
P 000001FBE8B1C818
P 000001FBE9A16498
C 290
= 000001FBE9A15178
R
P 000001FBE8B1C818
C 380
R
P 000001FBE8B1C818
P 000001FBE9A15178
C 244
R
P 000001FBE8B1C818
C 380
R
P 000001FBE8B1C818
P 000001FBE9A16498
C 296
R
P 000001FBE8B1C818
C 380
R
P 000001FBE8B1C818
P 000001FBE9A16498
C 295
R
P 000001FBE8B1C818
C 380
R
P 000001FBE8B1C818
P 000001FBE9A16498
C 294
R
P 000001FBE8B1C818
C 380
R
P 000001FBE8B1C818
P 000001FBE9A16498
C 9
R
P 000001FBE8B1C818
C 380
R
P 000001FBE8B1C818
S "P4"
C 30
R
P 000001FBE8B1C818
C 380
R
P 000001FBE8B1C818
$ |P4|
C 237
R
P 000001FBE8B1C818
C 380
R
P 000001FBE8B1C818
$ |P4|
P 000001FBE9A15178
C 51
= 000001FBE9A164B8
R
P 000001FBE8B1C818
C 380
R
P 000001FBE8B1C818
P 000001FBE9A164B8
C 293
R
P 000001FBE8B1C818
C 380
R
P 000001FBE8B1C818
P 000001FBE9A164B8
C 290
= 000001FBE9A15178
R
P 000001FBE8B1C818
C 380
R
P 000001FBE8B1C818
P 000001FBE9A15178
C 244
R
P 000001FBE8B1C818
C 380
R
P 000001FBE8B1C818
P 000001FBE9A164B8
C 296
R
P 000001FBE8B1C818
C 380
R
P 000001FBE8B1C818
P 000001FBE9A164B8
C 295
R
P 000001FBE8B1C818
C 380
R
P 000001FBE8B1C818
P 000001FBE9A164B8
C 294
R
P 000001FBE8B1C818
C 380
R
P 000001FBE8B1C818
P 000001FBE9A164B8
C 9
R
P 000001FBE8B1C818
C 380
R
P 000001FBE8B1C818
P 000001FBEFFFF6D8
P 000001FBED6A3358
P 000001FBE9A16458
C 467
R
P 000001FBE8B1C818
C 380
R
P 000001FBE8B1C818
P 000001FBEFFFF6D8
P 000001FBED6A3398
P 000001FBE9A16478
C 467
R
P 000001FBE8B1C818
C 380
R
P 000001FBE8B1C818
P 000001FBEFFFF6D8
P 000001FBEF7E2F10
P 000001FBE9A16498
C 467
R
P 000001FBE8B1C818
C 380
R
P 000001FBE8B1C818
P 000001FBEFFFF6D8
P 000001FBE9A16438
P 000001FBE9A164B8
C 467
R
P 000001FBE8B1C818
C 380
R
P 000001FBE8B1C818
P 000001FBEFFFF6D8
C 479
R
P 000001FBE8B1C818
C 380
R
P 000001FBE8B1C818
P 000001FBEFFFF6D8
C 486
= 000001FBEE3D7708
R
P 000001FBE8B1C818
C 380
R
P 000001FBE8B1C818
P 000001FBEE3D7708
C 502
R
P 000001FBE8B1C818
C 380
R
P 000001FBE8B1C818
P 000001FBEE3D7708
C 504
R
P 000001FBE8B1C818
C 380
R
P 000001FBE8B1C818
P 000001FBEE3D7708
U 0
C 505
= 000001FBE9A16458
R
P 000001FBE8B1C818
C 380
R
P 000001FBE8B1C818
P 000001FBE9A16458
C 9
R
P 000001FBE8B1C818
C 380
R
P 000001FBE8B1C818
P 000001FBE9A16458
C 293
R
P 000001FBE8B1C818
C 380
R
P 000001FBE8B1C818
P 000001FBE9A16458
C 290
= 000001FBE9A15178
R
P 000001FBE8B1C818
C 380
R
P 000001FBE8B1C818
P 000001FBE9A15178
C 244
R
P 000001FBE8B1C818
C 380
R
P 000001FBE8B1C818
P 000001FBE9A16458
C 296
R
P 000001FBE8B1C818
C 380
R
P 000001FBE8B1C818
P 000001FBE9A16458
C 295
R
P 000001FBE8B1C818
C 380
R
P 000001FBE8B1C818
P 000001FBE9A16458
C 294
R
P 000001FBE8B1C818
C 380
R
P 000001FBE8B1C818
P 000001FBE9A16458
C 9
R
P 000001FBE8B1C818
C 380
R
P 000001FBE8B1C818
P 000001FBEE3D7708
U 1
C 505
= 000001FBE9A16478
R
P 000001FBE8B1C818
C 380
R
P 000001FBE8B1C818
P 000001FBE9A16478
C 9
R
P 000001FBE8B1C818
C 380
R
P 000001FBE8B1C818
P 000001FBE9A16478
C 293
R
P 000001FBE8B1C818
C 380
R
P 000001FBE8B1C818
P 000001FBE9A16478
C 290
= 000001FBE9A15178
R
P 000001FBE8B1C818
C 380
R
P 000001FBE8B1C818
P 000001FBE9A15178
C 244
R
P 000001FBE8B1C818
C 380
R
P 000001FBE8B1C818
P 000001FBE9A16478
C 296
R
P 000001FBE8B1C818
C 380
R
P 000001FBE8B1C818
P 000001FBE9A16478
C 295
R
P 000001FBE8B1C818
C 380
R
P 000001FBE8B1C818
P 000001FBE9A16478
C 294
R
P 000001FBE8B1C818
C 380
R
P 000001FBE8B1C818
P 000001FBE9A16478
C 9
R
P 000001FBE8B1C818
C 380
R
P 000001FBE8B1C818
P 000001FBE9A16458
C 371
R
P 000001FBE8B1C818
C 380
R
P 000001FBE8B1C818
P 000001FBE9A16478
C 371
R
P 000001FBE8B1C818
C 380
R
C 3
= 000001FBF0787B18
R
P 000001FBF0787B18
S "auto-config"
S "false"
C 5
R
P 000001FBF0787B18
S "proof"
S "true"
C 5
R
P 000001FBF0787B18
C 7
= 000001FBF0910828
R
P 000001FBF0787B18
C 4
R
P 000001FBF0910828
U 2
C 370
R
P 000001FBF0910828
C 380
M "QuantifierExample3"
R
P 000001FBF0910828
C 33
= 000001FBF0878268
R
P 000001FBF0910828
C 380
R
P 000001FBF0910828
P 000001FBF0878268
C 293
R
P 000001FBF0910828
C 380
R
P 000001FBF0910828
P 000001FBF0878268
C 9
R
P 000001FBF0910828
C 380
R
P 000001FBF0910828
S "f"
C 30
R
P 000001FBF0910828
C 380
R
P 000001FBF0910828
$ |f|
C 237
R
P 000001FBF0910828
C 380
R
P 000001FBF0910828
$ |f|
U 2
P 000001FBF0878268
P 000001FBF0878268
p 2
P 000001FBF0878268
C 49
= 000001FBF087E818
R
P 000001FBF0910828
C 380
R
P 000001FBF0910828
P 000001FBF087E818
C 293
R
P 000001FBF0910828
C 380
R
P 000001FBF0910828
P 000001FBF087E818
C 9
R
P 000001FBF0910828
C 380
R
P 000001FBF0910828
P 000001FBF087E818
C 270
R
P 000001FBF0910828
C 380
R
P 000001FBF0910828
P 000001FBF087E818
U 0
C 272
= 000001FBF0878268
R
P 000001FBF0910828
C 380
R
P 000001FBF0910828
P 000001FBF0878268
C 244
R
P 000001FBF0910828
C 380
R
P 000001FBF0910828
P 000001FBF0878268
C 293
R
P 000001FBF0910828
C 380
R
P 000001FBF0910828
P 000001FBF0878268
C 9
R
P 000001FBF0910828
C 380
R
P 000001FBF0910828
P 000001FBF087E818
U 1
C 272
= 000001FBF0878268
R
P 000001FBF0910828
C 380
R
P 000001FBF0910828
P 000001FBF0878268
C 244
R
P 000001FBF0910828
C 380
R
P 000001FBF0910828
P 000001FBF0878268
C 293
R
P 000001FBF0910828
C 380
R
P 000001FBF0910828
P 000001FBF0878268
C 9
R
P 000001FBF0910828
C 380
R
P 000001FBF0910828
P 000001FBF087E818
C 270
R
P 000001FBF0910828
C 380
R
P 000001FBF0910828
P 000001FBF087E818
C 273
= 000001FBF0878268
R
P 000001FBF0910828
C 380
R
P 000001FBF0910828
P 000001FBF0878268
C 244
R
P 000001FBF0910828
C 380
R
P 000001FBF0910828
P 000001FBF0878268
C 293
R
P 000001FBF0910828
C 380
R
P 000001FBF0910828
P 000001FBF0878268
C 9
R
P 000001FBF0910828
C 380
R
P 000001FBF0910828
S "f_fresh"
C 30
R
P 000001FBF0910828
C 380
R
P 000001FBF0910828
$ |f_fresh|
C 237
R
P 000001FBF0910828
C 380
R
P 000001FBF0910828
$ |f_fresh|
U 1
P 000001FBF0878268
p 1
P 000001FBF0878268
C 49
= 000001FBF08806B8
R
P 000001FBF0910828
C 380
R
P 000001FBF0910828
P 000001FBF08806B8
C 293
R
P 000001FBF0910828
C 380
R
P 000001FBF0910828
P 000001FBF08806B8
C 9
R
P 000001FBF0910828
C 380
R
P 000001FBF0910828
S "x_0"
C 30
R
P 000001FBF0910828
C 380
R
P 000001FBF0910828
$ |x_0|
C 237
R
P 000001FBF0910828
C 380
R
P 000001FBF0910828
U 0
P 000001FBF0878268
C 226
= 000001FBF0878B08
R
P 000001FBF0910828
C 380
R
P 000001FBF0910828
P 000001FBF0878B08
C 293
R
P 000001FBF0910828
C 380
R
P 000001FBF0910828
P 000001FBF0878B08
C 290
= 000001FBF0878268
R
P 000001FBF0910828
C 380
R
P 000001FBF0910828
P 000001FBF0878268
C 244
R
P 000001FBF0910828
C 380
R
P 000001FBF0910828
P 000001FBF0878B08
C 296
R
P 000001FBF0910828
C 380
R
P 000001FBF0910828
P 000001FBF0878B08
C 295
R
P 000001FBF0910828
C 380
R
P 000001FBF0910828
P 000001FBF0878B08
C 294
R
P 000001FBF0910828
C 380
R
P 000001FBF0910828
P 000001FBF0878B08
C 293
R
P 000001FBF0910828
C 380
R
P 000001FBF0910828
P 000001FBF0878B08
C 9
R
P 000001FBF0910828
C 380
R
P 000001FBF0910828
S "x_1"
C 30
R
P 000001FBF0910828
C 380
R
P 000001FBF0910828
$ |x_1|
C 237
R
P 000001FBF0910828
C 380
R
P 000001FBF0910828
U 1
P 000001FBF0878268
C 226
= 000001FBF0878B28
R
P 000001FBF0910828
C 380
R
P 000001FBF0910828
P 000001FBF0878B28
C 293
R
P 000001FBF0910828
C 380
R
P 000001FBF0910828
P 000001FBF0878B28
C 290
= 000001FBF0878268
R
P 000001FBF0910828
C 380
R
P 000001FBF0910828
P 000001FBF0878268
C 244
R
P 000001FBF0910828
C 380
R
P 000001FBF0910828
P 000001FBF0878B28
C 296
R
P 000001FBF0910828
C 380
R
P 000001FBF0910828
P 000001FBF0878B28
C 295
R
P 000001FBF0910828
C 380
R
P 000001FBF0910828
P 000001FBF0878B28
C 294
R
P 000001FBF0910828
C 380
R
P 000001FBF0910828
P 000001FBF0878B28
C 293
R
P 000001FBF0910828
C 380
R
P 000001FBF0910828
P 000001FBF0878B28
C 9
R
P 000001FBF0910828
C 380
R
P 000001FBF0910828
P 000001FBF087E818
U 2
P 000001FBF0878B08
P 000001FBF0878B28
p 2
C 50
= 000001FBF08806F0
R
P 000001FBF0910828
C 380
R
P 000001FBF0910828
P 000001FBF08806F0
C 293
R
P 000001FBF0910828
C 380
R
P 000001FBF0910828
P 000001FBF08806F0
C 290
= 000001FBF0878268
R
P 000001FBF0910828
C 380
R
P 000001FBF0910828
P 000001FBF0878268
C 244
R
P 000001FBF0910828
C 380
R
P 000001FBF0910828
P 000001FBF08806F0
C 296
R
P 000001FBF0910828
C 380
R
P 000001FBF0910828
P 000001FBF08806F0
C 295
R
P 000001FBF0910828
C 380
R
P 000001FBF0910828
P 000001FBF08806F0
C 294
R
P 000001FBF0910828
C 380
R
P 000001FBF0910828
P 000001FBF08806F0
C 9
R
P 000001FBF0910828
C 380
R
P 000001FBF0910828
P 000001FBF08806B8
U 1
P 000001FBF08806F0
p 1
C 50
= 000001FBF0886368
R
P 000001FBF0910828
C 380
R
P 000001FBF0910828
P 000001FBF0886368
C 293
R
P 000001FBF0910828
C 380
R
P 000001FBF0910828
P 000001FBF0886368
C 290
= 000001FBF0878268
R
P 000001FBF0910828
C 380
R
P 000001FBF0910828
P 000001FBF0878268
C 244
R
P 000001FBF0910828
C 380
R
P 000001FBF0910828
P 000001FBF0886368
C 296
R
P 000001FBF0910828
C 380
R
P 000001FBF0910828
P 000001FBF0886368
C 295
R
P 000001FBF0910828
C 380
R
P 000001FBF0910828
P 000001FBF0886368
C 294
R
P 000001FBF0910828
C 380
R
P 000001FBF0910828
P 000001FBF0886368
C 9
R
P 000001FBF0910828
C 380
R
P 000001FBF0910828
P 000001FBF0886368
P 000001FBF0878B28
C 58
= 000001FBF0880728
R
P 000001FBF0910828
C 380
R
P 000001FBF0910828
P 000001FBF0880728
C 294
R
P 000001FBF0910828
C 380
R
P 000001FBF0910828
P 000001FBF0880728
C 9
R
P 000001FBF0910828
C 380
R
P 000001FBF0910828
U 1
P 000001FBF08806F0
p 1
C 225
= 000001FBF0886398
R
P 000001FBF0910828
C 380
R
P 000001FBF0910828
P 000001FBF0886398
C 9
R
P 000001FBF0910828
C 380
R
P 000001FBF0910828
I 1
U 1
N
N
U 1
P 000001FBF0886398
p 1
U 0
p 0
U 2
P 000001FBF0878268
P 000001FBF0878268
p 2
$ |x_0|
$ |x_1|
s 2
P 000001FBF0880728
C 230
= 000001FBF088C248
R
P 000001FBF0910828
C 380
R
P 000001FBF0910828
P 000001FBF088C248
C 293
R
P 000001FBF0910828
C 380
R
P 000001FBF0910828
P 000001FBF088C248
C 294
R
P 000001FBF0910828
C 380
R
P 000001FBF0910828
P 000001FBF088C248
C 293
R
P 000001FBF0910828
C 380
R
P 000001FBF0910828
P 000001FBF088C248
C 293
R
P 000001FBF0910828
C 380
R
P 000001FBF0910828
P 000001FBF088C248
C 9
R
P 000001FBF0910828
C 380
R
P 000001FBF0910828
S "x"
C 30
R
P 000001FBF0910828
C 380
R
P 000001FBF0910828
$ |x|
C 237
R
P 000001FBF0910828
C 380
R
P 000001FBF0910828
$ |x|
P 000001FBF0878268
C 51
= 000001FBF0878B48
R
P 000001FBF0910828
C 380
R
P 000001FBF0910828
P 000001FBF0878B48
C 293
R
P 000001FBF0910828
C 380
R
P 000001FBF0910828
P 000001FBF0878B48
C 290
= 000001FBF0878268
R
P 000001FBF0910828
C 380
R
P 000001FBF0910828
P 000001FBF0878268
C 244
R
P 000001FBF0910828
C 380
R
P 000001FBF0910828
P 000001FBF0878B48
C 296
R
P 000001FBF0910828
C 380
R
P 000001FBF0910828
P 000001FBF0878B48
C 295
R
P 000001FBF0910828
C 380
R
P 000001FBF0910828
P 000001FBF0878B48
C 294
R
P 000001FBF0910828
C 380
R
P 000001FBF0910828
P 000001FBF0878B48
C 9
R
P 000001FBF0910828
C 380
R
P 000001FBF0910828
S "y"
C 30
R
P 000001FBF0910828
C 380
R
P 000001FBF0910828
$ |y|
C 237
R
P 000001FBF0910828
C 380
R
P 000001FBF0910828
$ |y|
P 000001FBF0878268
C 51
= 000001FBF0878B68
R
P 000001FBF0910828
C 380
R
P 000001FBF0910828
P 000001FBF0878B68
C 293
R
P 000001FBF0910828
C 380
R
P 000001FBF0910828
P 000001FBF0878B68
C 290
= 000001FBF0878268
R
P 000001FBF0910828
C 380
R
P 000001FBF0910828
P 000001FBF0878268
C 244
R
P 000001FBF0910828
C 380
R
P 000001FBF0910828
P 000001FBF0878B68
C 296
R
P 000001FBF0910828
C 380
R
P 000001FBF0910828
P 000001FBF0878B68
C 295
R
P 000001FBF0910828
C 380
R
P 000001FBF0910828
P 000001FBF0878B68
C 294
R
P 000001FBF0910828
C 380
R
P 000001FBF0910828
P 000001FBF0878B68
C 9
R
P 000001FBF0910828
C 380
R
P 000001FBF0910828
S "v"
C 30
R
P 000001FBF0910828
C 380
R
P 000001FBF0910828
$ |v|
C 237
R
P 000001FBF0910828
C 380
R
P 000001FBF0910828
$ |v|
P 000001FBF0878268
C 51
= 000001FBF0878B88
R
P 000001FBF0910828
C 380
R
P 000001FBF0910828
P 000001FBF0878B88
C 293
R
P 000001FBF0910828
C 380
R
P 000001FBF0910828
P 000001FBF0878B88
C 290
= 000001FBF0878268
R
P 000001FBF0910828
C 380
R
P 000001FBF0910828
P 000001FBF0878268
C 244
R
P 000001FBF0910828
C 380
R
P 000001FBF0910828
P 000001FBF0878B88
C 296
R
P 000001FBF0910828
C 380
R
P 000001FBF0910828
P 000001FBF0878B88
C 295
R
P 000001FBF0910828
C 380
R
P 000001FBF0910828
P 000001FBF0878B88
C 294
R
P 000001FBF0910828
C 380
R
P 000001FBF0910828
P 000001FBF0878B88
C 9
R
P 000001FBF0910828
C 380
R
P 000001FBF0910828
S "w"
C 30
R
P 000001FBF0910828
C 380
R
P 000001FBF0910828
$ |w|
C 237
R
P 000001FBF0910828
C 380
R
P 000001FBF0910828
$ |w|
P 000001FBF0878268
C 51
= 000001FBF0878BA8
R
P 000001FBF0910828
C 380
R
P 000001FBF0910828
P 000001FBF0878BA8
C 293
R
P 000001FBF0910828
C 380
R
P 000001FBF0910828
P 000001FBF0878BA8
C 290
= 000001FBF0878268
R
P 000001FBF0910828
C 380
R
P 000001FBF0910828
P 000001FBF0878268
C 244
R
P 000001FBF0910828
C 380
R
P 000001FBF0910828
P 000001FBF0878BA8
C 296
R
P 000001FBF0910828
C 380
R
P 000001FBF0910828
P 000001FBF0878BA8
C 295
R
P 000001FBF0910828
C 380
R
P 000001FBF0910828
P 000001FBF0878BA8
C 294
R
P 000001FBF0910828
C 380
R
P 000001FBF0910828
P 000001FBF0878BA8
C 9
R
P 000001FBF0910828
C 380
R
P 000001FBF0910828
P 000001FBF087E818
U 2
P 000001FBF0878B48
P 000001FBF0878B68
p 2
C 50
= 000001FBF0880798
R
P 000001FBF0910828
C 380
R
P 000001FBF0910828
P 000001FBF0880798
C 293
R
P 000001FBF0910828
C 380
R
P 000001FBF0910828
P 000001FBF0880798
C 290
= 000001FBF0878268
R
P 000001FBF0910828
C 380
R
P 000001FBF0910828
P 000001FBF0878268
C 244
R
P 000001FBF0910828
C 380
R
P 000001FBF0910828
P 000001FBF0880798
C 296
R
P 000001FBF0910828
C 380
R
P 000001FBF0910828
P 000001FBF0880798
C 295
R
P 000001FBF0910828
C 380
R
P 000001FBF0910828
P 000001FBF0880798
C 294
R
P 000001FBF0910828
C 380
R
P 000001FBF0910828
P 000001FBF0880798
C 9
R
P 000001FBF0910828
C 380
R
P 000001FBF0910828
P 000001FBF087E818
U 2
P 000001FBF0878BA8
P 000001FBF0878B88
p 2
C 50
= 000001FBF08807D0
R
P 000001FBF0910828
C 380
R
P 000001FBF0910828
P 000001FBF08807D0
C 293
R
P 000001FBF0910828
C 380
R
P 000001FBF0910828
P 000001FBF08807D0
C 290
= 000001FBF0878268
R
P 000001FBF0910828
C 380
R
P 000001FBF0910828
P 000001FBF0878268
C 244
R
P 000001FBF0910828
C 380
R
P 000001FBF0910828
P 000001FBF08807D0
C 296
R
P 000001FBF0910828
C 380
R
P 000001FBF0910828
P 000001FBF08807D0
C 295
R
P 000001FBF0910828
C 380
R
P 000001FBF0910828
P 000001FBF08807D0
C 294
R
P 000001FBF0910828
C 380
R
P 000001FBF0910828
P 000001FBF08807D0
C 9
R
P 000001FBF0910828
C 380
R
P 000001FBF0910828
P 000001FBF0880798
P 000001FBF08807D0
C 58
= 000001FBF0880808
R
P 000001FBF0910828
C 380
R
P 000001FBF0910828
P 000001FBF0880808
C 294
R
P 000001FBF0910828
C 380
R
P 000001FBF0910828
P 000001FBF0880808
C 9
R
P 000001FBF0910828
C 380
R
P 000001FBF0910828
P 000001FBF0878B68
P 000001FBF0878B88
C 58
= 000001FBF0880840
R
P 000001FBF0910828
C 380
R
P 000001FBF0910828
P 000001FBF0880840
C 294
R
P 000001FBF0910828
C 380
R
P 000001FBF0910828
P 000001FBF0880840
C 9
R
P 000001FBF0910828
C 380
R
P 000001FBF0910828
P 000001FBF0880840
C 371
R
P 000001FBF0910828
C 380
R
P 000001FBF0910828
C 450
= 000001FBF0003AE8
R
P 000001FBF0910828
C 380
R
P 000001FBF0910828
P 000001FBF0003AE8
C 459
R
P 000001FBF0910828
C 380
R
P 000001FBF0910828
C 13
= 000001FBF07CBE48
R
P 000001FBF0910828
C 380
R
P 000001FBF0910828
P 000001FBF07CBE48
C 14
R
P 000001FBF0910828
C 380
R
P 000001FBF0910828
S "mbqi"
C 30
R
P 000001FBF0910828
C 380
R
P 000001FBF0910828
$ |mbqi|
C 237
R
P 000001FBF0910828
C 380
R
P 000001FBF0910828
P 000001FBF07CBE48
$ |mbqi|
I 0
C 16
R
P 000001FBF0910828
C 380
R
P 000001FBF0910828
P 000001FBF0003AE8
P 000001FBF07CBE48
C 458
R
P 000001FBF0910828
C 380
R
P 000001FBF0910828
P 000001FBF0003AE8
P 000001FBF088C248
C 466
R
P 000001FBF0910828
C 380
R
P 000001FBF0910828
P 000001FBF0003AE8
P 000001FBF0880808
C 466
R
P 000001FBF0910828
C 380
R
P 000001FBF0910828
P 000001FBF0880840
C 60
= 000001FBF0886578
R
P 000001FBF0910828
C 380
R
P 000001FBF0910828
P 000001FBF0886578
C 294
R
P 000001FBF0910828
C 380
R
P 000001FBF0910828
P 000001FBF0886578
C 9
R
P 000001FBF0910828
C 380
R
P 000001FBF0910828
P 000001FBF0003AE8
P 000001FBF0886578
C 466
R
P 000001FBF0910828
C 380
R
P 000001FBF0910828
P 000001FBF0003AE8
C 479
R
P 000001FBF0910828
C 380
R
P 000001FBF0910828
P 000001FBF0003AE8
C 485
= 000001FBF087EBD8
R
P 000001FBF0910828
C 380
R
P 000001FBF0910828
P 000001FBF087EBD8
C 293
R
P 000001FBF0910828
C 380
R
P 000001FBF0910828
P 000001FBF087EBD8
C 290
= 000001FBF08781C8
R
P 000001FBF0910828
C 380
R
P 000001FBF0910828
P 000001FBF08781C8
C 244
R
P 000001FBF0910828
C 380
R
P 000001FBF0910828
P 000001FBF087EBD8
C 296
R
P 000001FBF0910828
C 380
R
P 000001FBF0910828
P 000001FBF087EBD8
C 295
R
P 000001FBF0910828
C 380
R
P 000001FBF0910828
P 000001FBF087EBD8
C 294
R
P 000001FBF0910828
C 380
R
P 000001FBF0910828
P 000001FBF087EBD8
C 9
R
P 000001FBF0910828
C 380
R
P 000001FBF0910828
P 000001FBF087EBD8
C 371
R
P 000001FBF0910828
C 380
R
P 000001FBF0910828
P 000001FBF0878B48
P 000001FBF0878BA8
C 58
= 000001FBF0880B18
R
P 000001FBF0910828
C 380
R
P 000001FBF0910828
P 000001FBF0880B18
C 294
R
P 000001FBF0910828
C 380
R
P 000001FBF0910828
P 000001FBF0880B18
C 9
R
P 000001FBF0910828
C 380
R
P 000001FBF0910828
P 000001FBF0880B18
C 371
R
P 000001FBF0910828
C 380
R
P 000001FBF0910828
C 450
= 000001FBF0003408
R
P 000001FBF0910828
C 380
R
P 000001FBF0910828
P 000001FBF0003408
C 459
R
P 000001FBF0910828
C 380
R
P 000001FBF0910828
C 13
= 000001FBF0A5BA38
R
P 000001FBF0910828
C 380
R
P 000001FBF0910828
P 000001FBF0A5BA38
C 14
R
P 000001FBF0910828
C 380
R
P 000001FBF0910828
S "mbqi"
C 30
R
P 000001FBF0910828
C 380
R
P 000001FBF0910828
$ |mbqi|
C 237
R
P 000001FBF0910828
C 380
R
P 000001FBF0910828
P 000001FBF0A5BA38
$ |mbqi|
I 0
C 16
R
P 000001FBF0910828
C 380
R
P 000001FBF0910828
P 000001FBF0003408
P 000001FBF0A5BA38
C 458
R
P 000001FBF0910828
C 380
R
P 000001FBF0910828
P 000001FBF0003408
P 000001FBF088C248
C 466
R
P 000001FBF0910828
C 380
R
P 000001FBF0910828
P 000001FBF0003408
P 000001FBF0880808
C 466
R
P 000001FBF0910828
C 380
R
P 000001FBF0910828
P 000001FBF0880B18
C 60
= 000001FBF0886848
R
P 000001FBF0910828
C 380
R
P 000001FBF0910828
P 000001FBF0886848
C 294
R
P 000001FBF0910828
C 380
R
P 000001FBF0910828
P 000001FBF0886848
C 9
R
P 000001FBF0910828
C 380
R
P 000001FBF0910828
P 000001FBF0003408
P 000001FBF0886848
C 466
R
P 000001FBF0910828
C 380
R
P 000001FBF0910828
P 000001FBF0003408
C 479
R
P 000001FBF0910828
C 380
R
P 000001FBF0910828
P 000001FBF0003408
C 487
R
P 000001FBF0910828
C 380
M "QuantifierExample4"
R
P 000001FBF0910828
S "f"
C 30
R
P 000001FBF0910828
C 380
R
P 000001FBF0910828
$ |f|
C 237
R
P 000001FBF0910828
C 380
R
P 000001FBF0910828
$ |f|
U 2
P 000001FBF0878268
P 000001FBF0878268
p 2
P 000001FBF0878268
C 49
= 000001FBF087E818
R
P 000001FBF0910828
C 380
R
P 000001FBF0910828
P 000001FBF087E818
C 293
R
P 000001FBF0910828
C 380
R
P 000001FBF0910828
P 000001FBF087E818
C 9
R
P 000001FBF0910828
C 380
R
P 000001FBF0910828
P 000001FBF087E818
C 270
R
P 000001FBF0910828
C 380
R
P 000001FBF0910828
P 000001FBF087E818
U 0
C 272
= 000001FBF0878268
R
P 000001FBF0910828
C 380
R
P 000001FBF0910828
P 000001FBF0878268
C 244
R
P 000001FBF0910828
C 380
R
P 000001FBF0910828
P 000001FBF0878268
C 293
R
P 000001FBF0910828
C 380
R
P 000001FBF0910828
P 000001FBF0878268
C 9
R
P 000001FBF0910828
C 380
R
P 000001FBF0910828
P 000001FBF087E818
U 1
C 272
= 000001FBF0878268
R
P 000001FBF0910828
C 380
R
P 000001FBF0910828
P 000001FBF0878268
C 244
R
P 000001FBF0910828
C 380
R
P 000001FBF0910828
P 000001FBF0878268
C 293
R
P 000001FBF0910828
C 380
R
P 000001FBF0910828
P 000001FBF0878268
C 9
R
P 000001FBF0910828
C 380
R
P 000001FBF0910828
P 000001FBF087E818
C 270
R
P 000001FBF0910828
C 380
R
P 000001FBF0910828
P 000001FBF087E818
C 273
= 000001FBF0878268
R
P 000001FBF0910828
C 380
R
P 000001FBF0910828
P 000001FBF0878268
C 244
R
P 000001FBF0910828
C 380
R
P 000001FBF0910828
P 000001FBF0878268
C 293
R
P 000001FBF0910828
C 380
R
P 000001FBF0910828
P 000001FBF0878268
C 9
R
P 000001FBF0910828
C 380
R
P 000001FBF0910828
S "f_fresh"
C 30
R
P 000001FBF0910828
C 380
R
P 000001FBF0910828
$ |f_fresh|
C 237
R
P 000001FBF0910828
C 380
R
P 000001FBF0910828
$ |f_fresh|
U 1
P 000001FBF0878268
p 1
P 000001FBF0878268
C 49
= 000001FBF08806B8
R
P 000001FBF0910828
C 380
R
P 000001FBF0910828
P 000001FBF08806B8
C 293
R
P 000001FBF0910828
C 380
R
P 000001FBF0910828
P 000001FBF08806B8
C 9
R
P 000001FBF0910828
C 380
R
P 000001FBF0910828
S "x_0"
C 30
R
P 000001FBF0910828
C 380
R
P 000001FBF0910828
$ |x_0|
C 237
R
P 000001FBF0910828
C 380
R
P 000001FBF0910828
$ |x_0|
P 000001FBF0878268
C 51
= 000001FBF0878DE8
R
P 000001FBF0910828
C 380
R
P 000001FBF0910828
P 000001FBF0878DE8
C 293
R
P 000001FBF0910828
C 380
R
P 000001FBF0910828
P 000001FBF0878DE8
C 290
= 000001FBF0878268
R
P 000001FBF0910828
C 380
R
P 000001FBF0910828
P 000001FBF0878268
C 244
R
P 000001FBF0910828
C 380
R
P 000001FBF0910828
P 000001FBF0878DE8
C 296
R
P 000001FBF0910828
C 380
R
P 000001FBF0910828
P 000001FBF0878DE8
C 295
R
P 000001FBF0910828
C 380
R
P 000001FBF0910828
P 000001FBF0878DE8
C 294
R
P 000001FBF0910828
C 380
R
P 000001FBF0910828
P 000001FBF0878DE8
C 9
R
P 000001FBF0910828
C 380
R
P 000001FBF0910828
S "x_1"
C 30
R
P 000001FBF0910828
C 380
R
P 000001FBF0910828
$ |x_1|
C 237
R
P 000001FBF0910828
C 380
R
P 000001FBF0910828
$ |x_1|
P 000001FBF0878268
C 51
= 000001FBF0878E08
R
P 000001FBF0910828
C 380
R
P 000001FBF0910828
P 000001FBF0878E08
C 293
R
P 000001FBF0910828
C 380
R
P 000001FBF0910828
P 000001FBF0878E08
C 290
= 000001FBF0878268
R
P 000001FBF0910828
C 380
R
P 000001FBF0910828
P 000001FBF0878268
C 244
R
P 000001FBF0910828
C 380
R
P 000001FBF0910828
P 000001FBF0878E08
C 296
R
P 000001FBF0910828
C 380
R
P 000001FBF0910828
P 000001FBF0878E08
C 295
R
P 000001FBF0910828
C 380
R
P 000001FBF0910828
P 000001FBF0878E08
C 294
R
P 000001FBF0910828
C 380
R
P 000001FBF0910828
P 000001FBF0878E08
C 9
R
P 000001FBF0910828
C 380
R
P 000001FBF0910828
P 000001FBF087E818
U 2
P 000001FBF0878DE8
P 000001FBF0878E08
p 2
C 50
= 000001FBF0880B50
R
P 000001FBF0910828
C 380
R
P 000001FBF0910828
P 000001FBF0880B50
C 293
R
P 000001FBF0910828
C 380
R
P 000001FBF0910828
P 000001FBF0880B50
C 290
= 000001FBF0878268
R
P 000001FBF0910828
C 380
R
P 000001FBF0910828
P 000001FBF0878268
C 244
R
P 000001FBF0910828
C 380
R
P 000001FBF0910828
P 000001FBF0880B50
C 296
R
P 000001FBF0910828
C 380
R
P 000001FBF0910828
P 000001FBF0880B50
C 295
R
P 000001FBF0910828
C 380
R
P 000001FBF0910828
P 000001FBF0880B50
C 294
R
P 000001FBF0910828
C 380
R
P 000001FBF0910828
P 000001FBF0880B50
C 9
R
P 000001FBF0910828
C 380
R
P 000001FBF0910828
P 000001FBF08806B8
U 1
P 000001FBF0880B50
p 1
C 50
= 000001FBF08869F8
R
P 000001FBF0910828
C 380
R
P 000001FBF0910828
P 000001FBF08869F8
C 293
R
P 000001FBF0910828
C 380
R
P 000001FBF0910828
P 000001FBF08869F8
C 290
= 000001FBF0878268
R
P 000001FBF0910828
C 380
R
P 000001FBF0910828
P 000001FBF0878268
C 244
R
P 000001FBF0910828
C 380
R
P 000001FBF0910828
P 000001FBF08869F8
C 296
R
P 000001FBF0910828
C 380
R
P 000001FBF0910828
P 000001FBF08869F8
C 295
R
P 000001FBF0910828
C 380
R
P 000001FBF0910828
P 000001FBF08869F8
C 294
R
P 000001FBF0910828
C 380
R
P 000001FBF0910828
P 000001FBF08869F8
C 9
R
P 000001FBF0910828
C 380
R
P 000001FBF0910828
P 000001FBF08869F8
P 000001FBF0878E08
C 58
= 000001FBF0880BF8
R
P 000001FBF0910828
C 380
R
P 000001FBF0910828
P 000001FBF0880BF8
C 294
R
P 000001FBF0910828
C 380
R
P 000001FBF0910828
P 000001FBF0880BF8
C 9
R
P 000001FBF0910828
C 380
R
P 000001FBF0910828
U 1
P 000001FBF0880B50
p 1
C 225
= 000001FBF0886A28
R
P 000001FBF0910828
C 380
R
P 000001FBF0910828
P 000001FBF0886A28
C 9
R
P 000001FBF0910828
C 380
R
P 000001FBF0910828
I 1
U 1
N
N
U 2
P 000001FBF0878DE8
P 000001FBF0878E08
p 2
U 1
P 000001FBF0886A28
p 1
U 0
p 0
P 000001FBF0880BF8
C 234
= 000001FBF088C2C0
R
P 000001FBF0910828
C 380
R
P 000001FBF0910828
P 000001FBF088C2C0
C 293
R
P 000001FBF0910828
C 380
R
P 000001FBF0910828
P 000001FBF088C2C0
C 294
R
P 000001FBF0910828
C 380
R
P 000001FBF0910828
P 000001FBF088C2C0
C 293
R
P 000001FBF0910828
C 380
R
P 000001FBF0910828
P 000001FBF088C2C0
C 293
R
P 000001FBF0910828
C 380
R
P 000001FBF0910828
P 000001FBF088C2C0
C 9
R
P 000001FBF0910828
C 380
R
P 000001FBF0910828
S "x"
C 30
R
P 000001FBF0910828
C 380
R
P 000001FBF0910828
$ |x|
C 237
R
P 000001FBF0910828
C 380
R
P 000001FBF0910828
$ |x|
P 000001FBF0878268
C 51
= 000001FBF0878B48
R
P 000001FBF0910828
C 380
R
P 000001FBF0910828
P 000001FBF0878B48
C 293
R
P 000001FBF0910828
C 380
R
P 000001FBF0910828
P 000001FBF0878B48
C 290
= 000001FBF0878268
R
P 000001FBF0910828
C 380
R
P 000001FBF0910828
P 000001FBF0878268
C 244
R
P 000001FBF0910828
C 380
R
P 000001FBF0910828
P 000001FBF0878B48
C 296
R
P 000001FBF0910828
C 380
R
P 000001FBF0910828
P 000001FBF0878B48
C 295
R
P 000001FBF0910828
C 380
R
P 000001FBF0910828
P 000001FBF0878B48
C 294
R
P 000001FBF0910828
C 380
R
P 000001FBF0910828
P 000001FBF0878B48
C 9
R
P 000001FBF0910828
C 380
R
P 000001FBF0910828
S "y"
C 30
R
P 000001FBF0910828
C 380
R
P 000001FBF0910828
$ |y|
C 237
R
P 000001FBF0910828
C 380
R
P 000001FBF0910828
$ |y|
P 000001FBF0878268
C 51
= 000001FBF0878B68
R
P 000001FBF0910828
C 380
R
P 000001FBF0910828
P 000001FBF0878B68
C 293
R
P 000001FBF0910828
C 380
R
P 000001FBF0910828
P 000001FBF0878B68
C 290
= 000001FBF0878268
R
P 000001FBF0910828
C 380
R
P 000001FBF0910828
P 000001FBF0878268
C 244
R
P 000001FBF0910828
C 380
R
P 000001FBF0910828
P 000001FBF0878B68
C 296
R
P 000001FBF0910828
C 380
R
P 000001FBF0910828
P 000001FBF0878B68
C 295
R
P 000001FBF0910828
C 380
R
P 000001FBF0910828
P 000001FBF0878B68
C 294
R
P 000001FBF0910828
C 380
R
P 000001FBF0910828
P 000001FBF0878B68
C 9
R
P 000001FBF0910828
C 380
R
P 000001FBF0910828
S "v"
C 30
R
P 000001FBF0910828
C 380
R
P 000001FBF0910828
$ |v|
C 237
R
P 000001FBF0910828
C 380
R
P 000001FBF0910828
$ |v|
P 000001FBF0878268
C 51
= 000001FBF0878B88
R
P 000001FBF0910828
C 380
R
P 000001FBF0910828
P 000001FBF0878B88
C 293
R
P 000001FBF0910828
C 380
R
P 000001FBF0910828
P 000001FBF0878B88
C 290
= 000001FBF0878268
R
P 000001FBF0910828
C 380
R
P 000001FBF0910828
P 000001FBF0878268
C 244
R
P 000001FBF0910828
C 380
R
P 000001FBF0910828
P 000001FBF0878B88
C 296
R
P 000001FBF0910828
C 380
R
P 000001FBF0910828
P 000001FBF0878B88
C 295
R
P 000001FBF0910828
C 380
R
P 000001FBF0910828
P 000001FBF0878B88
C 294
R
P 000001FBF0910828
C 380
R
P 000001FBF0910828
P 000001FBF0878B88
C 9
R
P 000001FBF0910828
C 380
R
P 000001FBF0910828
S "w"
C 30
R
P 000001FBF0910828
C 380
R
P 000001FBF0910828
$ |w|
C 237
R
P 000001FBF0910828
C 380
R
P 000001FBF0910828
$ |w|
P 000001FBF0878268
C 51
= 000001FBF0878BA8
R
P 000001FBF0910828
C 380
R
P 000001FBF0910828
P 000001FBF0878BA8
C 293
R
P 000001FBF0910828
C 380
R
P 000001FBF0910828
P 000001FBF0878BA8
C 290
= 000001FBF0878268
R
P 000001FBF0910828
C 380
R
P 000001FBF0910828
P 000001FBF0878268
C 244
R
P 000001FBF0910828
C 380
R
P 000001FBF0910828
P 000001FBF0878BA8
C 296
R
P 000001FBF0910828
C 380
R
P 000001FBF0910828
P 000001FBF0878BA8
C 295
R
P 000001FBF0910828
C 380
R
P 000001FBF0910828
P 000001FBF0878BA8
C 294
R
P 000001FBF0910828
C 380
R
P 000001FBF0910828
P 000001FBF0878BA8
C 9
R
P 000001FBF0910828
C 380
R
P 000001FBF0910828
P 000001FBF087E818
U 2
P 000001FBF0878B48
P 000001FBF0878B68
p 2
C 50
= 000001FBF0880798
R
P 000001FBF0910828
C 380
R
P 000001FBF0910828
P 000001FBF0880798
C 293
R
P 000001FBF0910828
C 380
R
P 000001FBF0910828
P 000001FBF0880798
C 290
= 000001FBF0878268
R
P 000001FBF0910828
C 380
R
P 000001FBF0910828
P 000001FBF0878268
C 244
R
P 000001FBF0910828
C 380
R
P 000001FBF0910828
P 000001FBF0880798
C 296
R
P 000001FBF0910828
C 380
R
P 000001FBF0910828
P 000001FBF0880798
C 295
R
P 000001FBF0910828
C 380
R
P 000001FBF0910828
P 000001FBF0880798
C 294
R
P 000001FBF0910828
C 380
R
P 000001FBF0910828
P 000001FBF0880798
C 9
R
P 000001FBF0910828
C 380
R
P 000001FBF0910828
P 000001FBF087E818
U 2
P 000001FBF0878BA8
P 000001FBF0878B88
p 2
C 50
= 000001FBF08807D0
R
P 000001FBF0910828
C 380
R
P 000001FBF0910828
P 000001FBF08807D0
C 293
R
P 000001FBF0910828
C 380
R
P 000001FBF0910828
P 000001FBF08807D0
C 290
= 000001FBF0878268
R
P 000001FBF0910828
C 380
R
P 000001FBF0910828
P 000001FBF0878268
C 244
R
P 000001FBF0910828
C 380
R
P 000001FBF0910828
P 000001FBF08807D0
C 296
R
P 000001FBF0910828
C 380
R
P 000001FBF0910828
P 000001FBF08807D0
C 295
R
P 000001FBF0910828
C 380
R
P 000001FBF0910828
P 000001FBF08807D0
C 294
R
P 000001FBF0910828
C 380
R
P 000001FBF0910828
P 000001FBF08807D0
C 9
R
P 000001FBF0910828
C 380
R
P 000001FBF0910828
P 000001FBF0880798
P 000001FBF08807D0
C 58
= 000001FBF0880808
R
P 000001FBF0910828
C 380
R
P 000001FBF0910828
P 000001FBF0880808
C 294
R
P 000001FBF0910828
C 380
R
P 000001FBF0910828
P 000001FBF0880808
C 9
R
P 000001FBF0910828
C 380
R
P 000001FBF0910828
P 000001FBF0878B68
P 000001FBF0878B88
C 58
= 000001FBF0880840
R
P 000001FBF0910828
C 380
R
P 000001FBF0910828
P 000001FBF0880840
C 294
R
P 000001FBF0910828
C 380
R
P 000001FBF0910828
P 000001FBF0880840
C 9
R
P 000001FBF0910828
C 380
R
P 000001FBF0910828
P 000001FBF0880840
C 371
R
P 000001FBF0910828
C 380
R
P 000001FBF0910828
C 450
= 000001FBF0001CA8
R
P 000001FBF0910828
C 380
R
P 000001FBF0910828
P 000001FBF0001CA8
C 459
R
P 000001FBF0910828
C 380
R
P 000001FBF0910828
C 13
= 000001FBF1FB6EE8
R
P 000001FBF0910828
C 380
R
P 000001FBF0910828
P 000001FBF1FB6EE8
C 14
R
P 000001FBF0910828
C 380
R
P 000001FBF0910828
S "mbqi"
C 30
R
P 000001FBF0910828
C 380
R
P 000001FBF0910828
$ |mbqi|
C 237
R
P 000001FBF0910828
C 380
R
P 000001FBF0910828
P 000001FBF1FB6EE8
$ |mbqi|
I 0
C 16
R
P 000001FBF0910828
C 380
R
P 000001FBF0910828
P 000001FBF0001CA8
P 000001FBF1FB6EE8
C 458
R
P 000001FBF0910828
C 380
R
P 000001FBF0910828
P 000001FBF0001CA8
P 000001FBF088C2C0
C 466
R
P 000001FBF0910828
C 380
R
P 000001FBF0910828
P 000001FBF0001CA8
P 000001FBF0880808
C 466
R
P 000001FBF0910828
C 380
R
P 000001FBF0910828
P 000001FBF0880840
C 60
= 000001FBF0886578
R
P 000001FBF0910828
C 380
R
P 000001FBF0910828
P 000001FBF0886578
C 294
R
P 000001FBF0910828
C 380
R
P 000001FBF0910828
P 000001FBF0886578
C 9
R
P 000001FBF0910828
C 380
R
P 000001FBF0910828
P 000001FBF0001CA8
P 000001FBF0886578
C 466
R
P 000001FBF0910828
C 380
R
P 000001FBF0910828
P 000001FBF0001CA8
C 479
R
P 000001FBF0910828
C 380
R
P 000001FBF0910828
P 000001FBF0001CA8
C 485
= 000001FBF087ED18
R
P 000001FBF0910828
C 380
R
P 000001FBF0910828
P 000001FBF087ED18
C 293
R
P 000001FBF0910828
C 380
R
P 000001FBF0910828
P 000001FBF087ED18
C 290
= 000001FBF08781C8
R
P 000001FBF0910828
C 380
R
P 000001FBF0910828
P 000001FBF08781C8
C 244
R
P 000001FBF0910828
C 380
R
P 000001FBF0910828
P 000001FBF087ED18
C 296
R
P 000001FBF0910828
C 380
R
P 000001FBF0910828
P 000001FBF087ED18
C 295
R
P 000001FBF0910828
C 380
R
P 000001FBF0910828
P 000001FBF087ED18
C 294
R
P 000001FBF0910828
C 380
R
P 000001FBF0910828
P 000001FBF087ED18
C 9
R
P 000001FBF0910828
C 380
R
P 000001FBF0910828
P 000001FBF087ED18
C 371
R
P 000001FBF0910828
C 380
R
P 000001FBF0910828
P 000001FBF0878B48
P 000001FBF0878BA8
C 58
= 000001FBF0880B18
R
P 000001FBF0910828
C 380
R
P 000001FBF0910828
P 000001FBF0880B18
C 294
R
P 000001FBF0910828
C 380
R
P 000001FBF0910828
P 000001FBF0880B18
C 9
R
P 000001FBF0910828
C 380
R
P 000001FBF0910828
P 000001FBF0880B18
C 371
R
P 000001FBF0910828
C 380
R
P 000001FBF0910828
C 450
= 000001FBEFFFC978
R
P 000001FBF0910828
C 380
R
P 000001FBF0910828
P 000001FBEFFFC978
C 459
R
P 000001FBF0910828
C 380
R
P 000001FBF0910828
C 13
= 000001FBF2216C58
R
P 000001FBF0910828
C 380
R
P 000001FBF0910828
P 000001FBF2216C58
C 14
R
P 000001FBF0910828
C 380
R
P 000001FBF0910828
S "mbqi"
C 30
R
P 000001FBF0910828
C 380
R
P 000001FBF0910828
$ |mbqi|
C 237
R
P 000001FBF0910828
C 380
R
P 000001FBF0910828
P 000001FBF2216C58
$ |mbqi|
I 0
C 16
R
P 000001FBF0910828
C 380
R
P 000001FBF0910828
P 000001FBEFFFC978
P 000001FBF2216C58
C 458
R
P 000001FBF0910828
C 380
R
P 000001FBF0910828
P 000001FBEFFFC978
P 000001FBF088C2C0
C 466
R
P 000001FBF0910828
C 380
R
P 000001FBF0910828
P 000001FBEFFFC978
P 000001FBF0880808
C 466
R
P 000001FBF0910828
C 380
R
P 000001FBF0910828
P 000001FBF0880B18
C 60
= 000001FBF0886848
R
P 000001FBF0910828
C 380
R
P 000001FBF0910828
P 000001FBF0886848
C 294
R
P 000001FBF0910828
C 380
R
P 000001FBF0910828
P 000001FBF0886848
C 9
R
P 000001FBF0910828
C 380
R
P 000001FBF0910828
P 000001FBEFFFC978
P 000001FBF0886848
C 466
R
P 000001FBF0910828
C 380
R
P 000001FBF0910828
P 000001FBEFFFC978
C 479
R
P 000001FBF0910828
C 380
R
P 000001FBF0910828
P 000001FBEFFFC978
C 487
R
P 000001FBF0910828
C 380
R
P 0000000000000000
C 7
= 000001FBF0B1DAE8
R
P 000001FBF0B1DAE8
U 2
C 370
R
P 000001FBF0B1DAE8
C 380
R
P 0000000000000000
C 7
= 000001FBF22C8028
R
P 000001FBF22C8028
U 2
C 370
R
P 000001FBF22C8028
C 380
R
P 000001FBF0B1DAE8
C 33
= 000001FBF25ECD98
R
P 000001FBF0B1DAE8
C 380
R
P 000001FBF0B1DAE8
P 000001FBF25ECD98
C 293
R
P 000001FBF0B1DAE8
C 380
R
P 000001FBF0B1DAE8
P 000001FBF25ECD98
C 9
R
P 000001FBF0B1DAE8
C 380
R
P 000001FBF22C8028
C 33
= 000001FBF23D21F8
R
P 000001FBF22C8028
C 380
R
P 000001FBF22C8028
P 000001FBF23D21F8
C 293
R
P 000001FBF22C8028
C 380
R
P 000001FBF22C8028
P 000001FBF23D21F8
C 9
R
P 000001FBF22C8028
C 380
R
P 000001FBF0B1DAE8
P 000001FBF25ECD98
P 000001FBF22C8028
C 336
= 000001FBF23D21F8
R
P 000001FBF0B1DAE8
C 380
R
P 000001FBF22C8028
P 000001FBF23D21F8
C 293
R
P 000001FBF22C8028
C 380
R
P 000001FBF22C8028
P 000001FBF23D21F8
C 244
R
P 000001FBF22C8028
C 380
R
P 000001FBF22C8028
P 000001FBF23D21F8
C 293
R
P 000001FBF22C8028
C 380
R
P 000001FBF22C8028
P 000001FBF23D21F8
C 9
R
P 000001FBF22C8028
C 380
R
P 000001FBF22C8028
C 380
R
P 000001FBF0B1DAE8
S "e1"
C 30
R
P 000001FBF0B1DAE8
C 380
R
P 000001FBF0B1DAE8
$ |e1|
C 237
R
P 000001FBF0B1DAE8
C 380
R
P 000001FBF0B1DAE8
$ |e1|
P 000001FBF25ECD98
C 51
= 000001FBF25ED638
R
P 000001FBF0B1DAE8
C 380
R
P 000001FBF0B1DAE8
P 000001FBF25ED638
C 293
R
P 000001FBF0B1DAE8
C 380
R
P 000001FBF0B1DAE8
P 000001FBF25ED638
C 290
= 000001FBF25ECD98
R
P 000001FBF0B1DAE8
C 380
R
P 000001FBF0B1DAE8
P 000001FBF25ECD98
C 244
R
P 000001FBF0B1DAE8
C 380
R
P 000001FBF0B1DAE8
P 000001FBF25ED638
C 296
R
P 000001FBF0B1DAE8
C 380
R
P 000001FBF0B1DAE8
P 000001FBF25ED638
C 295
R
P 000001FBF0B1DAE8
C 380
R
P 000001FBF0B1DAE8
P 000001FBF25ED638
C 294
R
P 000001FBF0B1DAE8
C 380
R
P 000001FBF0B1DAE8
P 000001FBF25ED638
C 9
R
P 000001FBF0B1DAE8
C 380
R
P 000001FBF22C8028
S "e1"
C 30
R
P 000001FBF22C8028
C 380
R
P 000001FBF22C8028
$ |e1|
C 237
R
P 000001FBF22C8028
C 380
R
P 000001FBF22C8028
$ |e1|
P 000001FBF23D21F8
C 51
= 000001FBF23D2A98
R
P 000001FBF22C8028
C 380
R
P 000001FBF22C8028
P 000001FBF23D2A98
C 293
R
P 000001FBF22C8028
C 380
R
P 000001FBF22C8028
P 000001FBF23D2A98
C 290
= 000001FBF23D21F8
R
P 000001FBF22C8028
C 380
R
P 000001FBF22C8028
P 000001FBF23D21F8
C 244
R
P 000001FBF22C8028
C 380
R
P 000001FBF22C8028
P 000001FBF23D2A98
C 296
R
P 000001FBF22C8028
C 380
R
P 000001FBF22C8028
P 000001FBF23D2A98
C 295
R
P 000001FBF22C8028
C 380
R
P 000001FBF22C8028
P 000001FBF23D2A98
C 294
R
P 000001FBF22C8028
C 380
R
P 000001FBF22C8028
P 000001FBF23D2A98
C 9
R
P 000001FBF22C8028
C 380
R
P 000001FBF0B1DAE8
P 000001FBF25ED638
P 000001FBF22C8028
C 336
= 000001FBF23D2A98
R
P 000001FBF0B1DAE8
C 380
R
P 000001FBF22C8028
P 000001FBF23D2A98
C 293
R
P 000001FBF22C8028
C 380
R
P 000001FBF22C8028
P 000001FBF23D2A98
C 293
R
P 000001FBF22C8028
C 380
R
P 000001FBF22C8028
P 000001FBF23D2A98
C 290
= 000001FBF23D21F8
R
P 000001FBF22C8028
C 380
R
P 000001FBF22C8028
P 000001FBF23D21F8
C 244
R
P 000001FBF22C8028
C 380
R
P 000001FBF22C8028
P 000001FBF23D2A98
C 296
R
P 000001FBF22C8028
C 380
R
P 000001FBF22C8028
P 000001FBF23D2A98
C 295
R
P 000001FBF22C8028
C 380
R
P 000001FBF22C8028
P 000001FBF23D2A98
C 294
R
P 000001FBF22C8028
C 380
R
P 000001FBF22C8028
P 000001FBF23D2A98
C 9
R
P 000001FBF22C8028
C 380
R
P 000001FBF22C8028
C 380
